2026-09-10 08:39:09 [INFO] Dataset: belgium_ar_new_2 | Số nhãn (classes): 62 | Tổng số ảnh: 99330
2026-09-10 08:39:09 [INFO] Dữ liệu đã chia -> Train (70%): 64564 | Val (15%): 17383 | Test (15%): 17383
2026-09-10 08:39:09 [INFO] 
🔍 Kiểm tra phân bố class trong batch:
2026-09-10 08:39:09 [INFO]   Batch 0: 29 classes (first 5: [1, 3, 7, 8, 12])
2026-09-10 08:39:09 [INFO]   Batch 1: 24 classes (first 5: [4, 7, 10, 13, 17])
2026-09-10 08:39:09 [INFO]   Batch 2: 26 classes (first 5: [0, 1, 12, 13, 17])
2026-09-10 08:39:09 [INFO]   Batch 3: 27 classes (first 5: [0, 7, 9, 17, 18])
2026-09-10 08:39:09 [INFO]   Batch 4: 34 classes (first 5: [1, 4, 7, 8, 14])
2026-09-10 08:39:09 [INFO] ✅ Shuffle tốt! Trung bình 28.0 classes/batch
2026-09-10 08:39:09 [INFO] ============================================================
2026-09-10 08:39:09 [INFO] Starting training: GHOSTNET
2026-09-10 08:39:09 [INFO] Dataset: belgium_ar_new_2 | Path: /home/biu-linux/DeepLearning_Projects/DoAnNganh/data/Belgium_ar_2
2026-09-10 08:39:09 [INFO] Device: cuda
2026-09-10 08:39:09 [INFO] GPU: NVIDIA GeForce RTX 3050 Laptop GPU
2026-09-10 08:39:09 [INFO] ============================================================
2026-09-10 08:39:36 [INFO] Epoch 000 | Train Loss: 2.1123 | Train Acc: 0.4339 | Val Loss: 1.0593 | Val Acc: 0.6752
2026-09-10 08:39:36 [INFO] ✓ Saved best model: Val Acc=0.6752 at epoch 0
2026-09-10 08:40:00 [INFO] Epoch 001 | Train Loss: 0.9783 | Train Acc: 0.7057 | Val Loss: 0.4765 | Val Acc: 0.8486
2026-09-10 08:40:00 [INFO] ✓ Saved best model: Val Acc=0.8486 at epoch 1
2026-09-10 08:40:25 [INFO] Epoch 002 | Train Loss: 0.6380 | Train Acc: 0.8060 | Val Loss: 0.3382 | Val Acc: 0.8908
2026-09-10 08:40:25 [INFO] ✓ Saved best model: Val Acc=0.8908 at epoch 2
2026-09-10 08:40:50 [INFO] Epoch 003 | Train Loss: 0.5154 | Train Acc: 0.8436 | Val Loss: 0.2935 | Val Acc: 0.9069
2026-09-10 08:40:50 [INFO] ✓ Saved best model: Val Acc=0.9069 at epoch 3
2026-09-10 08:41:14 [INFO] Epoch 004 | Train Loss: 0.4648 | Train Acc: 0.8597 | Val Loss: 0.2417 | Val Acc: 0.9245
2026-09-10 08:41:14 [INFO] ✓ Saved best model: Val Acc=0.9245 at epoch 4
2026-09-10 08:41:39 [INFO] Epoch 005 | Train Loss: 0.3986 | Train Acc: 0.8809 | Val Loss: 0.2310 | Val Acc: 0.9306
2026-09-10 08:41:39 [INFO] ✓ Saved best model: Val Acc=0.9306 at epoch 5
2026-09-10 08:42:03 [INFO] Epoch 006 | Train Loss: 0.3621 | Train Acc: 0.8919 | Val Loss: 0.2147 | Val Acc: 0.9360
2026-09-10 08:42:04 [INFO] ✓ Saved best model: Val Acc=0.9360 at epoch 6
2026-09-10 08:42:28 [INFO] Epoch 007 | Train Loss: 0.3288 | Train Acc: 0.9022 | Val Loss: 0.1933 | Val Acc: 0.9418
2026-09-10 08:42:28 [INFO] ✓ Saved best model: Val Acc=0.9418 at epoch 7
2026-09-10 08:42:53 [INFO] Epoch 008 | Train Loss: 0.3160 | Train Acc: 0.9057 | Val Loss: 0.1798 | Val Acc: 0.9464
2026-09-10 08:42:53 [INFO] ✓ Saved best model: Val Acc=0.9464 at epoch 8
2026-09-10 08:43:17 [INFO] Epoch 009 | Train Loss: 0.2962 | Train Acc: 0.9109 | Val Loss: 0.1716 | Val Acc: 0.9484
2026-09-10 08:43:17 [INFO] ✓ Saved best model: Val Acc=0.9484 at epoch 9
2026-09-10 08:43:42 [INFO] Epoch 010 | Train Loss: 0.2831 | Train Acc: 0.9159 | Val Loss: 0.1733 | Val Acc: 0.9482
2026-09-10 08:44:07 [INFO] Epoch 011 | Train Loss: 0.2705 | Train Acc: 0.9194 | Val Loss: 0.1577 | Val Acc: 0.9527
2026-09-10 08:44:07 [INFO] ✓ Saved best model: Val Acc=0.9527 at epoch 11
2026-09-10 08:44:32 [INFO] Epoch 012 | Train Loss: 0.2603 | Train Acc: 0.9229 | Val Loss: 0.1562 | Val Acc: 0.9523
2026-09-10 08:44:57 [INFO] Epoch 013 | Train Loss: 0.2513 | Train Acc: 0.9249 | Val Loss: 0.1447 | Val Acc: 0.9572
2026-09-10 08:44:57 [INFO] ✓ Saved best model: Val Acc=0.9572 at epoch 13
2026-09-10 08:45:21 [INFO] Epoch 014 | Train Loss: 0.2477 | Train Acc: 0.9264 | Val Loss: 0.1424 | Val Acc: 0.9567
2026-09-10 08:45:46 [INFO] Epoch 015 | Train Loss: 0.2378 | Train Acc: 0.9293 | Val Loss: 0.1298 | Val Acc: 0.9616
2026-09-10 08:45:46 [INFO] ✓ Saved best model: Val Acc=0.9616 at epoch 15
2026-09-10 08:46:11 [INFO] Epoch 016 | Train Loss: 0.2297 | Train Acc: 0.9307 | Val Loss: 0.1669 | Val Acc: 0.9532
2026-09-10 08:46:36 [INFO] Epoch 017 | Train Loss: 0.2235 | Train Acc: 0.9336 | Val Loss: 0.1317 | Val Acc: 0.9607
2026-09-10 08:47:00 [INFO] Epoch 018 | Train Loss: 0.2231 | Train Acc: 0.9341 | Val Loss: 0.1739 | Val Acc: 0.9555
2026-09-10 08:47:25 [INFO] Epoch 019 | Train Loss: 0.2287 | Train Acc: 0.9317 | Val Loss: 0.1415 | Val Acc: 0.9575
2026-09-10 08:47:50 [INFO] Epoch 020 | Train Loss: 0.1561 | Train Acc: 0.9519 | Val Loss: 0.0917 | Val Acc: 0.9719
2026-09-10 08:47:50 [INFO] ✓ Saved best model: Val Acc=0.9719 at epoch 20
2026-09-10 08:48:15 [INFO] Epoch 021 | Train Loss: 0.1373 | Train Acc: 0.9580 | Val Loss: 0.0864 | Val Acc: 0.9738
2026-09-10 08:48:15 [INFO] ✓ Saved best model: Val Acc=0.9738 at epoch 21
2026-09-10 08:48:39 [INFO] Epoch 022 | Train Loss: 0.1270 | Train Acc: 0.9602 | Val Loss: 0.0813 | Val Acc: 0.9749
2026-09-10 08:48:39 [INFO] ✓ Saved best model: Val Acc=0.9749 at epoch 22
2026-09-10 08:49:04 [INFO] Epoch 023 | Train Loss: 0.1222 | Train Acc: 0.9610 | Val Loss: 0.0792 | Val Acc: 0.9751
2026-09-10 08:49:04 [INFO] ✓ Saved best model: Val Acc=0.9751 at epoch 23
2026-09-10 08:49:29 [INFO] Epoch 024 | Train Loss: 0.1161 | Train Acc: 0.9640 | Val Loss: 0.0795 | Val Acc: 0.9753
2026-09-10 08:49:29 [INFO] ✓ Saved best model: Val Acc=0.9753 at epoch 24
2026-09-10 08:49:54 [INFO] Epoch 025 | Train Loss: 0.1107 | Train Acc: 0.9650 | Val Loss: 0.0785 | Val Acc: 0.9756
2026-09-10 08:49:54 [INFO] ✓ Saved best model: Val Acc=0.9756 at epoch 25
2026-09-10 08:50:18 [INFO] Epoch 026 | Train Loss: 0.1094 | Train Acc: 0.9652 | Val Loss: 0.0780 | Val Acc: 0.9764
2026-09-10 08:50:18 [INFO] ✓ Saved best model: Val Acc=0.9764 at epoch 26
2026-09-10 08:50:43 [INFO] Epoch 027 | Train Loss: 0.1033 | Train Acc: 0.9675 | Val Loss: 0.0765 | Val Acc: 0.9762
2026-09-10 08:51:08 [INFO] Epoch 028 | Train Loss: 0.1041 | Train Acc: 0.9668 | Val Loss: 0.0763 | Val Acc: 0.9765
2026-09-10 08:51:08 [INFO] ✓ Saved best model: Val Acc=0.9765 at epoch 28
2026-09-10 08:51:33 [INFO] Epoch 029 | Train Loss: 0.1038 | Train Acc: 0.9672 | Val Loss: 0.0764 | Val Acc: 0.9766
2026-09-10 08:51:33 [INFO] ✓ Saved best model: Val Acc=0.9766 at epoch 29
2026-09-10 08:52:18 [INFO] Epoch 030 | Train Loss: 0.0988 | Train Acc: 0.9689 | Val Loss: 0.0745 | Val Acc: 0.9772
2026-09-10 08:52:18 [INFO] ✓ Saved best model: Val Acc=0.9772 at epoch 30
2026-09-10 08:52:43 [INFO] Epoch 031 | Train Loss: 0.0994 | Train Acc: 0.9687 | Val Loss: 0.0744 | Val Acc: 0.9771
2026-09-10 08:53:08 [INFO] Epoch 032 | Train Loss: 0.0956 | Train Acc: 0.9700 | Val Loss: 0.0745 | Val Acc: 0.9770
2026-09-10 08:53:33 [INFO] Epoch 033 | Train Loss: 0.0968 | Train Acc: 0.9692 | Val Loss: 0.0733 | Val Acc: 0.9779
2026-09-10 08:53:35 [INFO] ✓ Saved best model: Val Acc=0.9779 at epoch 33
2026-09-10 08:53:59 [INFO] Epoch 034 | Train Loss: 0.0962 | Train Acc: 0.9698 | Val Loss: 0.0733 | Val Acc: 0.9776
2026-09-10 08:54:25 [INFO] Epoch 035 | Train Loss: 0.0920 | Train Acc: 0.9705 | Val Loss: 0.0735 | Val Acc: 0.9777
2026-09-10 08:54:49 [INFO] Epoch 036 | Train Loss: 0.0914 | Train Acc: 0.9711 | Val Loss: 0.0734 | Val Acc: 0.9777
2026-09-10 08:55:14 [INFO] Epoch 037 | Train Loss: 0.0942 | Train Acc: 0.9701 | Val Loss: 0.0737 | Val Acc: 0.9774
2026-09-10 08:55:39 [INFO] Epoch 038 | Train Loss: 0.0926 | Train Acc: 0.9705 | Val Loss: 0.0728 | Val Acc: 0.9782
2026-09-10 08:55:42 [INFO] ✓ Saved best model: Val Acc=0.9782 at epoch 38
2026-09-10 08:56:07 [INFO] Epoch 039 | Train Loss: 0.0909 | Train Acc: 0.9707 | Val Loss: 0.0734 | Val Acc: 0.9775
2026-09-10 08:56:07 [INFO] Evaluating Best Model on TEST Set...
2026-09-10 08:56:07 [INFO] 
[RESUME] Đang nạp checkpoint từ: /home/biu-linux/DeepLearning_Projects/DoAnNganh/HybricMamba/Ressult/TFJ/GHOSTNET/belgium_ar_new_2/GHOSTNET_best.pth
2026-09-10 08:56:09 [INFO] 🎯 [TEST RESULT] Test Acc: 0.9771 | F1-Macro: 0.9685 | F1-Weighted: 0.9771
