2026-09-07 23:20:25 [INFO] Dataset: Belgium_ar | Số nhãn (classes): 62 | Tổng số ảnh: 106425
2026-09-07 23:20:25 [INFO] Dữ liệu đã chia -> Train (70%): 69176 | Val (15%): 18624 | Test (15%): 18625
2026-09-07 23:20:25 [INFO] 
🔍 Kiểm tra phân bố class trong batch:
2026-09-07 23:20:25 [INFO]   Batch 0: 27 classes (first 5: [0, 7, 9, 12, 13])
2026-09-07 23:20:25 [INFO]   Batch 1: 30 classes (first 5: [1, 6, 7, 8, 14])
2026-09-07 23:20:25 [INFO]   Batch 2: 29 classes (first 5: [1, 2, 4, 7, 10])
2026-09-07 23:20:25 [INFO]   Batch 3: 24 classes (first 5: [7, 8, 16, 17, 18])
2026-09-07 23:20:25 [INFO]   Batch 4: 25 classes (first 5: [1, 7, 8, 13, 14])
2026-09-07 23:20:25 [INFO] ✅ Shuffle tốt! Trung bình 27.0 classes/batch
2026-09-07 23:20:25 [INFO] ============================================================
2026-09-07 23:20:25 [INFO] Starting training: HEAVY_HYBRIC_MAMBA
2026-09-07 23:20:25 [INFO] Dataset: Belgium_ar | Path: /home/biu-linux/DeepLearning_Projects/DoAnNganh/data/Belgium_ar
2026-09-07 23:20:25 [INFO] Device: cuda
2026-09-07 23:20:25 [INFO] GPU: NVIDIA GeForce RTX 3050 Laptop GPU
2026-09-07 23:20:25 [INFO] ============================================================
2026-09-07 23:20:57 [INFO] Dataset: Belgium_ar | Số nhãn (classes): 62 | Tổng số ảnh: 106425
2026-09-07 23:20:57 [INFO] Dữ liệu đã chia -> Train (70%): 69176 | Val (15%): 18624 | Test (15%): 18625
2026-09-07 23:20:57 [INFO] 
🔍 Kiểm tra phân bố class trong batch:
2026-09-07 23:20:59 [INFO]   Batch 0: 31 classes (first 5: [0, 4, 5, 7, 8])
2026-09-07 23:20:59 [INFO]   Batch 1: 30 classes (first 5: [1, 7, 13, 17, 18])
2026-09-07 23:20:59 [INFO]   Batch 2: 34 classes (first 5: [1, 7, 8, 9, 14])
2026-09-07 23:20:59 [INFO]   Batch 3: 25 classes (first 5: [0, 1, 6, 7, 15])
2026-09-07 23:20:59 [INFO]   Batch 4: 23 classes (first 5: [5, 7, 12, 13, 17])
2026-09-07 23:20:59 [INFO] ✅ Shuffle tốt! Trung bình 28.6 classes/batch
2026-09-07 23:20:59 [INFO] ============================================================
2026-09-07 23:20:59 [INFO] Starting training: HEAVY_HYBRIC_MAMBA
2026-09-07 23:20:59 [INFO] Dataset: Belgium_ar | Path: /home/biu-linux/DeepLearning_Projects/DoAnNganh/data/Belgium_ar
2026-09-07 23:20:59 [INFO] Device: cuda
2026-09-07 23:20:59 [INFO] GPU: NVIDIA GeForce RTX 3050 Laptop GPU
2026-09-07 23:20:59 [INFO] ============================================================
2026-09-07 23:21:58 [INFO] Epoch 000 | Train Loss: 1.7715 | Train Acc: 0.7503 | Val Loss: 0.3070 | Val Acc: 0.9120
2026-09-07 23:21:58 [INFO] ✓ Saved best model: Val Acc=0.9120 at epoch 0
2026-09-07 23:22:55 [INFO] Epoch 001 | Train Loss: 0.6809 | Train Acc: 0.8972 | Val Loss: 0.1398 | Val Acc: 0.9603
2026-09-07 23:22:55 [INFO] ✓ Saved best model: Val Acc=0.9603 at epoch 1
2026-09-07 23:23:53 [INFO] Epoch 002 | Train Loss: 0.5146 | Train Acc: 0.9208 | Val Loss: 0.1361 | Val Acc: 0.9594
2026-09-07 23:24:50 [INFO] Epoch 003 | Train Loss: 0.4428 | Train Acc: 0.9313 | Val Loss: 0.1361 | Val Acc: 0.9626
2026-09-07 23:24:50 [INFO] ✓ Saved best model: Val Acc=0.9626 at epoch 3
2026-09-07 23:25:47 [INFO] Epoch 004 | Train Loss: 0.3933 | Train Acc: 0.9393 | Val Loss: 0.1257 | Val Acc: 0.9626
2026-09-07 23:26:45 [INFO] Epoch 005 | Train Loss: 0.3417 | Train Acc: 0.9469 | Val Loss: 0.1039 | Val Acc: 0.9704
2026-09-07 23:26:45 [INFO] ✓ Saved best model: Val Acc=0.9704 at epoch 5
2026-09-07 23:27:42 [INFO] Epoch 006 | Train Loss: 0.3153 | Train Acc: 0.9502 | Val Loss: 0.0897 | Val Acc: 0.9737
2026-09-07 23:27:42 [INFO] ✓ Saved best model: Val Acc=0.9737 at epoch 6
2026-09-07 23:28:40 [INFO] Epoch 007 | Train Loss: 0.2927 | Train Acc: 0.9535 | Val Loss: 0.1185 | Val Acc: 0.9642
2026-09-07 23:29:37 [INFO] Epoch 008 | Train Loss: 0.2765 | Train Acc: 0.9559 | Val Loss: 0.0887 | Val Acc: 0.9742
2026-09-07 23:29:37 [INFO] ✓ Saved best model: Val Acc=0.9742 at epoch 8
2026-09-07 23:29:59 [INFO] Dataset: Belgium_ar | Số nhãn (classes): 62 | Tổng số ảnh: 106425
2026-09-07 23:30:00 [INFO] Dữ liệu đã chia -> Train (70%): 69176 | Val (15%): 18624 | Test (15%): 18625
2026-09-07 23:30:00 [INFO] 
🔍 Kiểm tra phân bố class trong batch:
2026-09-07 23:30:00 [INFO]   Batch 0: 28 classes (first 5: [2, 7, 8, 13, 15])
2026-09-07 23:30:00 [INFO]   Batch 1: 28 classes (first 5: [1, 13, 17, 18, 19])
2026-09-07 23:30:00 [INFO]   Batch 2: 34 classes (first 5: [1, 2, 9, 10, 13])
2026-09-07 23:30:00 [INFO]   Batch 3: 29 classes (first 5: [1, 2, 4, 7, 13])
2026-09-07 23:30:00 [INFO]   Batch 4: 26 classes (first 5: [1, 7, 8, 14, 17])
2026-09-07 23:30:00 [INFO] ✅ Shuffle tốt! Trung bình 29.0 classes/batch
2026-09-07 23:30:00 [INFO] ============================================================
2026-09-07 23:30:00 [INFO] Starting training: HEAVY_HYBRIC_MAMBA
2026-09-07 23:30:00 [INFO] Dataset: Belgium_ar | Path: /home/biu-linux/DeepLearning_Projects/DoAnNganh/data/Belgium_ar
2026-09-07 23:30:00 [INFO] Device: cuda
2026-09-07 23:30:00 [INFO] GPU: NVIDIA GeForce RTX 3050 Laptop GPU
2026-09-07 23:30:00 [INFO] ============================================================
2026-09-07 23:30:00 [INFO] 
[RESUME] Đang nạp checkpoint từ: /home/biu-linux/DeepLearning_Projects/DoAnNganh/HybricMamba/Ressult/TFJ/HEAVY_HYBRIC_MAMBA/Belgium_ar/HEAVY_HYBRIC_MAMBA_best.pth
2026-09-07 23:31:00 [INFO] Epoch 009 | Train Loss: 0.1616 | Train Acc: 0.9732 | Val Loss: 0.0355 | Val Acc: 0.9893
2026-09-07 23:31:00 [INFO] ✓ Saved best model: Val Acc=0.9893 at epoch 9
2026-09-07 23:31:57 [INFO] Epoch 010 | Train Loss: 0.1321 | Train Acc: 0.9780 | Val Loss: 0.0310 | Val Acc: 0.9911
2026-09-07 23:31:57 [INFO] ✓ Saved best model: Val Acc=0.9911 at epoch 10
2026-09-07 23:32:54 [INFO] Epoch 011 | Train Loss: 0.1200 | Train Acc: 0.9795 | Val Loss: 0.0301 | Val Acc: 0.9904
2026-09-07 23:33:51 [INFO] Epoch 012 | Train Loss: 0.1148 | Train Acc: 0.9811 | Val Loss: 0.0302 | Val Acc: 0.9913
2026-09-07 23:33:51 [INFO] ✓ Saved best model: Val Acc=0.9913 at epoch 12
2026-09-07 23:34:02 [INFO] Dataset: Belgium_ar | Số nhãn (classes): 62 | Tổng số ảnh: 106425
2026-09-07 23:34:02 [INFO] Dữ liệu đã chia -> Train (70%): 69176 | Val (15%): 18624 | Test (15%): 18625
2026-09-07 23:34:02 [INFO] 
🔍 Kiểm tra phân bố class trong batch:
2026-09-07 23:34:03 [INFO]   Batch 0: 29 classes (first 5: [7, 10, 13, 14, 17])
2026-09-07 23:34:03 [INFO]   Batch 1: 31 classes (first 5: [1, 4, 7, 12, 14])
2026-09-07 23:34:03 [INFO]   Batch 2: 30 classes (first 5: [1, 6, 7, 13, 17])
2026-09-07 23:34:03 [INFO]   Batch 3: 30 classes (first 5: [1, 3, 6, 7, 10])
2026-09-07 23:34:03 [INFO]   Batch 4: 29 classes (first 5: [1, 4, 8, 9, 10])
2026-09-07 23:34:03 [INFO] ✅ Shuffle tốt! Trung bình 29.8 classes/batch
2026-09-07 23:34:03 [INFO] ============================================================
2026-09-07 23:34:03 [INFO] Starting training: HEAVY_HYBRIC_MAMBA
2026-09-07 23:34:03 [INFO] Dataset: Belgium_ar | Path: /home/biu-linux/DeepLearning_Projects/DoAnNganh/data/Belgium_ar
2026-09-07 23:34:03 [INFO] Device: cuda
2026-09-07 23:34:03 [INFO] GPU: NVIDIA GeForce RTX 3050 Laptop GPU
2026-09-07 23:34:03 [INFO] ============================================================
2026-09-07 23:34:03 [INFO] 
[RESUME] Đang nạp checkpoint từ: /home/biu-linux/DeepLearning_Projects/DoAnNganh/HybricMamba/Ressult/TFJ/HEAVY_HYBRIC_MAMBA/Belgium_ar/HEAVY_HYBRIC_MAMBA_best.pth
2026-09-07 23:35:02 [INFO] Epoch 013 | Train Loss: 0.1056 | Train Acc: 0.9824 | Val Loss: 0.0259 | Val Acc: 0.9920
2026-09-07 23:35:02 [INFO] ✓ Saved best model: Val Acc=0.9920 at epoch 13
2026-09-07 23:35:19 [INFO] Dataset: Belgium_ar | Số nhãn (classes): 62 | Tổng số ảnh: 106425
2026-09-07 23:35:19 [INFO] Dữ liệu đã chia -> Train (70%): 69176 | Val (15%): 18624 | Test (15%): 18625
2026-09-07 23:35:19 [INFO] 
🔍 Kiểm tra phân bố class trong batch:
2026-09-07 23:35:22 [INFO]   Batch 0: 27 classes (first 5: [1, 7, 13, 17, 18])
2026-09-07 23:35:22 [INFO]   Batch 1: 26 classes (first 5: [0, 7, 14, 17, 18])
2026-09-07 23:35:22 [INFO]   Batch 2: 30 classes (first 5: [0, 1, 5, 8, 12])
2026-09-07 23:35:22 [INFO]   Batch 3: 31 classes (first 5: [1, 4, 12, 13, 17])
2026-09-07 23:35:22 [INFO]   Batch 4: 32 classes (first 5: [3, 6, 7, 8, 14])
2026-09-07 23:35:22 [INFO] ✅ Shuffle tốt! Trung bình 29.2 classes/batch
2026-09-07 23:35:22 [INFO] ============================================================
2026-09-07 23:35:22 [INFO] Starting training: HEAVY_HYBRIC_MAMBA
2026-09-07 23:35:22 [INFO] Dataset: Belgium_ar | Path: /home/biu-linux/DeepLearning_Projects/DoAnNganh/data/Belgium_ar
2026-09-07 23:35:22 [INFO] Device: cuda
2026-09-07 23:35:22 [INFO] GPU: NVIDIA GeForce RTX 3050 Laptop GPU
2026-09-07 23:35:22 [INFO] ============================================================
2026-09-07 23:35:22 [INFO] 
[RESUME] Đang nạp checkpoint từ: /home/biu-linux/DeepLearning_Projects/DoAnNganh/HybricMamba/Ressult/TFJ/HEAVY_HYBRIC_MAMBA/Belgium_ar/HEAVY_HYBRIC_MAMBA_best.pth
2026-09-07 23:36:21 [INFO] Epoch 014 | Train Loss: 0.0991 | Train Acc: 0.9832 | Val Loss: 0.0213 | Val Acc: 0.9937
2026-09-07 23:36:21 [INFO] ✓ Saved best model: Val Acc=0.9937 at epoch 14
2026-09-07 23:36:35 [INFO] Dataset: Belgium_ar | Số nhãn (classes): 62 | Tổng số ảnh: 106425
2026-09-07 23:36:35 [INFO] Dữ liệu đã chia -> Train (70%): 69176 | Val (15%): 18624 | Test (15%): 18625
2026-09-07 23:36:35 [INFO] 
🔍 Kiểm tra phân bố class trong batch:
2026-09-07 23:36:36 [INFO]   Batch 0: 31 classes (first 5: [1, 4, 7, 9, 10])
2026-09-07 23:36:36 [INFO]   Batch 1: 30 classes (first 5: [1, 2, 7, 13, 18])
2026-09-07 23:36:36 [INFO]   Batch 2: 28 classes (first 5: [1, 6, 7, 8, 17])
2026-09-07 23:36:36 [INFO]   Batch 3: 27 classes (first 5: [1, 2, 3, 8, 9])
2026-09-07 23:36:36 [INFO]   Batch 4: 28 classes (first 5: [1, 3, 12, 13, 14])
2026-09-07 23:36:36 [INFO] ✅ Shuffle tốt! Trung bình 28.8 classes/batch
2026-09-07 23:36:36 [INFO] ============================================================
2026-09-07 23:36:36 [INFO] Starting training: HEAVY_HYBRIC_MAMBA
2026-09-07 23:36:36 [INFO] Dataset: Belgium_ar | Path: /home/biu-linux/DeepLearning_Projects/DoAnNganh/data/Belgium_ar
2026-09-07 23:36:36 [INFO] Device: cuda
2026-09-07 23:36:36 [INFO] GPU: NVIDIA GeForce RTX 3050 Laptop GPU
2026-09-07 23:36:36 [INFO] ============================================================
2026-09-07 23:36:36 [INFO] 
[RESUME] Đang nạp checkpoint từ: /home/biu-linux/DeepLearning_Projects/DoAnNganh/HybricMamba/Ressult/TFJ/HEAVY_HYBRIC_MAMBA/Belgium_ar/HEAVY_HYBRIC_MAMBA_best.pth
2026-09-07 23:37:35 [INFO] Epoch 015 | Train Loss: 0.0991 | Train Acc: 0.9835 | Val Loss: 0.0231 | Val Acc: 0.9934
2026-09-07 23:38:28 [INFO] Dataset: Belgium_ar | Số nhãn (classes): 62 | Tổng số ảnh: 106425
2026-09-07 23:38:28 [INFO] Dữ liệu đã chia -> Train (70%): 69176 | Val (15%): 18624 | Test (15%): 18625
2026-09-07 23:38:28 [INFO] 
🔍 Kiểm tra phân bố class trong batch:
2026-09-07 23:38:30 [INFO]   Batch 0: 27 classes (first 5: [1, 7, 17, 19, 20])
2026-09-07 23:38:30 [INFO]   Batch 1: 29 classes (first 5: [1, 7, 10, 13, 14])
2026-09-07 23:38:30 [INFO]   Batch 2: 26 classes (first 5: [1, 10, 13, 14, 17])
2026-09-07 23:38:30 [INFO]   Batch 3: 31 classes (first 5: [1, 4, 5, 7, 8])
2026-09-07 23:38:30 [INFO]   Batch 4: 27 classes (first 5: [1, 6, 7, 14, 17])
2026-09-07 23:38:30 [INFO] ✅ Shuffle tốt! Trung bình 28.0 classes/batch
2026-09-07 23:38:30 [INFO] ============================================================
2026-09-07 23:38:30 [INFO] Starting training: HEAVY_HYBRIC_MAMBA
2026-09-07 23:38:30 [INFO] Dataset: Belgium_ar | Path: /home/biu-linux/DeepLearning_Projects/DoAnNganh/data/Belgium_ar
2026-09-07 23:38:30 [INFO] Device: cuda
2026-09-07 23:38:30 [INFO] GPU: NVIDIA GeForce RTX 3050 Laptop GPU
2026-09-07 23:38:30 [INFO] ============================================================
2026-09-07 23:38:30 [INFO] 
[RESUME] Đang nạp checkpoint từ: /home/biu-linux/DeepLearning_Projects/DoAnNganh/HybricMamba/Ressult/TFJ/HEAVY_HYBRIC_MAMBA/Belgium_ar/HEAVY_HYBRIC_MAMBA_best.pth
2026-09-07 23:38:30 [INFO] Evaluating Best Model on TEST Set...
2026-09-07 23:38:30 [INFO] 
[RESUME] Đang nạp checkpoint từ: /home/biu-linux/DeepLearning_Projects/DoAnNganh/HybricMamba/Ressult/TFJ/HEAVY_HYBRIC_MAMBA/Belgium_ar/HEAVY_HYBRIC_MAMBA_best.pth
2026-09-07 23:38:35 [INFO] 🎯 [TEST RESULT] Test Acc: 0.9933 | F1-Macro: 0.9912 | F1-Weighted: 0.9933
