2026-09-10 05:18:29 [INFO] Dataset: belgium_ar_new_3 | Số nhãn (classes): 62 | Tổng số ảnh: 99330
2026-09-10 05:18:29 [INFO] Dữ liệu đã chia -> Train (70%): 64564 | Val (15%): 17383 | Test (15%): 17383
2026-09-10 05:18:29 [INFO] 
🔍 Kiểm tra phân bố class trong batch:
2026-09-10 05:18:29 [INFO]   Batch 0: 29 classes (first 5: [1, 7, 10, 13, 17])
2026-09-10 05:18:29 [INFO]   Batch 1: 31 classes (first 5: [0, 3, 4, 6, 7])
2026-09-10 05:18:29 [INFO]   Batch 2: 30 classes (first 5: [1, 6, 7, 13, 14])
2026-09-10 05:18:29 [INFO]   Batch 3: 30 classes (first 5: [1, 3, 10, 13, 14])
2026-09-10 05:18:29 [INFO]   Batch 4: 24 classes (first 5: [1, 7, 9, 14, 17])
2026-09-10 05:18:29 [INFO] ✅ Shuffle tốt! Trung bình 28.8 classes/batch
2026-09-10 05:18:29 [INFO] ============================================================
2026-09-10 05:18:29 [INFO] Starting training: SUPER_MAMBA_DEPT_3
2026-09-10 05:18:29 [INFO] Dataset: belgium_ar_new_3 | Path: /home/biu-linux/DeepLearning_Projects/DoAnNganh/data/Belgium_ar_3
2026-09-10 05:18:29 [INFO] Device: cuda
2026-09-10 05:18:29 [INFO] GPU: NVIDIA GeForce RTX 3050 Laptop GPU
2026-09-10 05:18:29 [INFO] ============================================================
2026-09-10 05:19:02 [INFO] Epoch 000 | Train Loss: 3.2874 | Train Acc: 0.1831 | Val Loss: 2.7600 | Val Acc: 0.2640
2026-09-10 05:19:02 [INFO] ✓ Saved best model: Val Acc=0.2640 at epoch 0
2026-09-10 05:19:34 [INFO] Epoch 001 | Train Loss: 2.2733 | Train Acc: 0.3773 | Val Loss: 1.9069 | Val Acc: 0.4384
2026-09-10 05:19:34 [INFO] ✓ Saved best model: Val Acc=0.4384 at epoch 1
2026-09-10 05:20:05 [INFO] Epoch 002 | Train Loss: 1.7388 | Train Acc: 0.4889 | Val Loss: 1.4225 | Val Acc: 0.5584
2026-09-10 05:20:05 [INFO] ✓ Saved best model: Val Acc=0.5584 at epoch 2
2026-09-10 05:20:37 [INFO] Epoch 003 | Train Loss: 1.3928 | Train Acc: 0.5926 | Val Loss: 1.3218 | Val Acc: 0.6273
2026-09-10 05:20:37 [INFO] ✓ Saved best model: Val Acc=0.6273 at epoch 3
2026-09-10 05:21:08 [INFO] Epoch 004 | Train Loss: 1.1047 | Train Acc: 0.6839 | Val Loss: 0.9366 | Val Acc: 0.7410
2026-09-10 05:21:08 [INFO] ✓ Saved best model: Val Acc=0.7410 at epoch 4
2026-09-10 05:21:40 [INFO] Epoch 005 | Train Loss: 0.8731 | Train Acc: 0.7476 | Val Loss: 1.0229 | Val Acc: 0.7513
2026-09-10 05:21:40 [INFO] ✓ Saved best model: Val Acc=0.7513 at epoch 5
2026-09-10 05:22:11 [INFO] Epoch 006 | Train Loss: 0.7273 | Train Acc: 0.7887 | Val Loss: 0.7139 | Val Acc: 0.8034
2026-09-10 05:22:11 [INFO] ✓ Saved best model: Val Acc=0.8034 at epoch 6
2026-09-10 05:22:42 [INFO] Epoch 007 | Train Loss: 0.6404 | Train Acc: 0.8122 | Val Loss: 0.7248 | Val Acc: 0.8120
2026-09-10 05:22:42 [INFO] ✓ Saved best model: Val Acc=0.8120 at epoch 7
2026-09-10 05:23:14 [INFO] Epoch 008 | Train Loss: 0.5905 | Train Acc: 0.8271 | Val Loss: 0.6205 | Val Acc: 0.8250
2026-09-10 05:23:14 [INFO] ✓ Saved best model: Val Acc=0.8250 at epoch 8
2026-09-10 05:23:45 [INFO] Epoch 009 | Train Loss: 0.5409 | Train Acc: 0.8430 | Val Loss: 0.5507 | Val Acc: 0.8564
2026-09-10 05:23:45 [INFO] ✓ Saved best model: Val Acc=0.8564 at epoch 9
2026-09-10 05:24:16 [INFO] Epoch 010 | Train Loss: 0.5080 | Train Acc: 0.8511 | Val Loss: 0.3658 | Val Acc: 0.8997
2026-09-10 05:24:16 [INFO] ✓ Saved best model: Val Acc=0.8997 at epoch 10
2026-09-10 05:24:47 [INFO] Epoch 011 | Train Loss: 0.4837 | Train Acc: 0.8596 | Val Loss: 0.3563 | Val Acc: 0.8974
2026-09-10 05:25:19 [INFO] Epoch 012 | Train Loss: 0.4600 | Train Acc: 0.8659 | Val Loss: 0.3184 | Val Acc: 0.9047
2026-09-10 05:25:19 [INFO] ✓ Saved best model: Val Acc=0.9047 at epoch 12
2026-09-10 05:25:50 [INFO] Epoch 013 | Train Loss: 0.4433 | Train Acc: 0.8709 | Val Loss: 0.4161 | Val Acc: 0.8801
2026-09-10 05:26:22 [INFO] Epoch 014 | Train Loss: 0.4326 | Train Acc: 0.8738 | Val Loss: 0.3784 | Val Acc: 0.8856
2026-09-10 05:26:53 [INFO] Epoch 015 | Train Loss: 0.4178 | Train Acc: 0.8778 | Val Loss: 0.3456 | Val Acc: 0.8995
2026-09-10 05:27:25 [INFO] Epoch 016 | Train Loss: 0.4046 | Train Acc: 0.8828 | Val Loss: 0.2983 | Val Acc: 0.9147
2026-09-10 05:27:25 [INFO] ✓ Saved best model: Val Acc=0.9147 at epoch 16
2026-09-10 05:27:56 [INFO] Epoch 017 | Train Loss: 0.3901 | Train Acc: 0.8857 | Val Loss: 0.3084 | Val Acc: 0.9161
2026-09-10 05:27:56 [INFO] ✓ Saved best model: Val Acc=0.9161 at epoch 17
2026-09-10 05:28:28 [INFO] Epoch 018 | Train Loss: 0.3828 | Train Acc: 0.8881 | Val Loss: 0.4978 | Val Acc: 0.8903
2026-09-10 05:28:59 [INFO] Epoch 019 | Train Loss: 0.3778 | Train Acc: 0.8901 | Val Loss: 0.3799 | Val Acc: 0.9068
2026-09-10 05:29:31 [INFO] Epoch 020 | Train Loss: 0.2994 | Train Acc: 0.9137 | Val Loss: 0.1961 | Val Acc: 0.9453
2026-09-10 05:29:31 [INFO] ✓ Saved best model: Val Acc=0.9453 at epoch 20
2026-09-10 05:30:03 [INFO] Epoch 021 | Train Loss: 0.2873 | Train Acc: 0.9174 | Val Loss: 0.1949 | Val Acc: 0.9448
2026-09-10 05:30:34 [INFO] Epoch 022 | Train Loss: 0.2791 | Train Acc: 0.9201 | Val Loss: 0.1944 | Val Acc: 0.9454
2026-09-10 05:30:34 [INFO] ✓ Saved best model: Val Acc=0.9454 at epoch 22
2026-09-10 05:31:05 [INFO] Epoch 023 | Train Loss: 0.2723 | Train Acc: 0.9206 | Val Loss: 0.1852 | Val Acc: 0.9477
2026-09-10 05:31:06 [INFO] ✓ Saved best model: Val Acc=0.9477 at epoch 23
2026-09-10 05:31:37 [INFO] Epoch 024 | Train Loss: 0.2694 | Train Acc: 0.9223 | Val Loss: 0.1808 | Val Acc: 0.9484
2026-09-10 05:31:37 [INFO] ✓ Saved best model: Val Acc=0.9484 at epoch 24
2026-09-10 05:32:08 [INFO] Epoch 025 | Train Loss: 0.2651 | Train Acc: 0.9232 | Val Loss: 0.1857 | Val Acc: 0.9477
2026-09-10 05:32:40 [INFO] Epoch 026 | Train Loss: 0.2640 | Train Acc: 0.9234 | Val Loss: 0.1793 | Val Acc: 0.9492
2026-09-10 05:32:40 [INFO] ✓ Saved best model: Val Acc=0.9492 at epoch 26
2026-09-10 05:33:11 [INFO] Epoch 027 | Train Loss: 0.2586 | Train Acc: 0.9252 | Val Loss: 0.1799 | Val Acc: 0.9495
2026-09-10 05:33:11 [INFO] ✓ Saved best model: Val Acc=0.9495 at epoch 27
2026-09-10 05:33:42 [INFO] Epoch 028 | Train Loss: 0.2582 | Train Acc: 0.9253 | Val Loss: 0.1817 | Val Acc: 0.9492
2026-09-10 05:34:13 [INFO] Epoch 029 | Train Loss: 0.2571 | Train Acc: 0.9257 | Val Loss: 0.1808 | Val Acc: 0.9491
2026-09-10 05:34:45 [INFO] Epoch 030 | Train Loss: 0.2494 | Train Acc: 0.9273 | Val Loss: 0.1727 | Val Acc: 0.9510
2026-09-10 05:34:45 [INFO] ✓ Saved best model: Val Acc=0.9510 at epoch 30
2026-09-10 05:35:16 [INFO] Epoch 031 | Train Loss: 0.2483 | Train Acc: 0.9287 | Val Loss: 0.1716 | Val Acc: 0.9512
2026-09-10 05:35:16 [INFO] ✓ Saved best model: Val Acc=0.9512 at epoch 31
2026-09-10 05:35:47 [INFO] Epoch 032 | Train Loss: 0.2470 | Train Acc: 0.9284 | Val Loss: 0.1701 | Val Acc: 0.9521
2026-09-10 05:35:48 [INFO] ✓ Saved best model: Val Acc=0.9521 at epoch 32
2026-09-10 05:36:19 [INFO] Epoch 033 | Train Loss: 0.2469 | Train Acc: 0.9289 | Val Loss: 0.1697 | Val Acc: 0.9525
2026-09-10 05:36:19 [INFO] ✓ Saved best model: Val Acc=0.9525 at epoch 33
2026-09-10 05:36:50 [INFO] Epoch 034 | Train Loss: 0.2449 | Train Acc: 0.9299 | Val Loss: 0.1704 | Val Acc: 0.9518
2026-09-10 05:37:22 [INFO] Epoch 035 | Train Loss: 0.2438 | Train Acc: 0.9301 | Val Loss: 0.1694 | Val Acc: 0.9523
2026-09-10 05:37:54 [INFO] Epoch 036 | Train Loss: 0.2442 | Train Acc: 0.9294 | Val Loss: 0.1712 | Val Acc: 0.9511
2026-09-10 05:38:25 [INFO] Epoch 037 | Train Loss: 0.2435 | Train Acc: 0.9293 | Val Loss: 0.1690 | Val Acc: 0.9520
2026-09-10 05:38:56 [INFO] Epoch 038 | Train Loss: 0.2424 | Train Acc: 0.9305 | Val Loss: 0.1693 | Val Acc: 0.9526
2026-09-10 05:38:56 [INFO] ✓ Saved best model: Val Acc=0.9526 at epoch 38
2026-09-10 05:39:28 [INFO] Epoch 039 | Train Loss: 0.2452 | Train Acc: 0.9296 | Val Loss: 0.1699 | Val Acc: 0.9520
2026-09-10 05:39:59 [INFO] Epoch 040 | Train Loss: 0.2444 | Train Acc: 0.9301 | Val Loss: 0.1697 | Val Acc: 0.9520
2026-09-10 05:40:30 [INFO] Epoch 041 | Train Loss: 0.2435 | Train Acc: 0.9297 | Val Loss: 0.1684 | Val Acc: 0.9521
2026-09-10 05:41:02 [INFO] Epoch 042 | Train Loss: 0.2431 | Train Acc: 0.9296 | Val Loss: 0.1685 | Val Acc: 0.9520
2026-09-10 05:41:34 [INFO] Epoch 043 | Train Loss: 0.2429 | Train Acc: 0.9301 | Val Loss: 0.1681 | Val Acc: 0.9525
2026-09-10 05:42:05 [INFO] Epoch 044 | Train Loss: 0.2430 | Train Acc: 0.9296 | Val Loss: 0.1692 | Val Acc: 0.9516
2026-09-10 05:42:36 [INFO] Epoch 045 | Train Loss: 0.2446 | Train Acc: 0.9285 | Val Loss: 0.1686 | Val Acc: 0.9524
2026-09-10 05:43:08 [INFO] Epoch 046 | Train Loss: 0.2429 | Train Acc: 0.9293 | Val Loss: 0.1684 | Val Acc: 0.9523
2026-09-10 05:43:39 [INFO] Epoch 047 | Train Loss: 0.2449 | Train Acc: 0.9290 | Val Loss: 0.1688 | Val Acc: 0.9521
2026-09-10 05:44:11 [INFO] Epoch 048 | Train Loss: 0.2407 | Train Acc: 0.9310 | Val Loss: 0.1678 | Val Acc: 0.9530
2026-09-10 05:44:11 [INFO] ✓ Saved best model: Val Acc=0.9530 at epoch 48
2026-09-10 05:44:43 [INFO] Epoch 049 | Train Loss: 0.2424 | Train Acc: 0.9303 | Val Loss: 0.1688 | Val Acc: 0.9516
2026-09-10 05:44:43 [INFO] Evaluating Best Model on TEST Set...
2026-09-10 05:44:43 [INFO] 
[RESUME] Đang nạp checkpoint từ: /home/biu-linux/DeepLearning_Projects/DoAnNganh/HybricMamba/Ressult/TFJ/SUPER_MAMBA_DEPT_3/belgium_ar_new_3/SUPER_MAMBA_DEPT_3_best.pth
2026-09-10 05:44:47 [INFO] 🎯 [TEST RESULT] Test Acc: 0.9508 | F1-Macro: 0.9353 | F1-Weighted: 0.9508
