2026-08-22 07:32:43 [INFO] ============================================================
2026-08-22 07:32:43 [INFO] Starting training: Super_Mamba_dim_4
2026-08-22 07:32:43 [INFO] Dataset: German
2026-08-22 07:32:43 [INFO] Dataset path: /home/biu-linux/DeepLearning_Projects/DoAnNganh/dataset_reOrgan
2026-08-22 07:32:43 [INFO] Device: cuda
2026-08-22 07:32:43 [INFO] GPU: NVIDIA GeForce RTX 3050 Laptop GPU
2026-08-22 07:32:43 [INFO] Batch size: 64
2026-08-22 07:32:43 [INFO] Num epochs: 110
2026-08-22 07:32:43 [INFO] Learning rate: 0.001
2026-08-22 07:32:43 [INFO] Weight decay: 0.02
2026-08-22 07:32:43 [INFO] Clip grad: 5.0
2026-08-22 07:32:43 [INFO] Label smoothing: 0.0
2026-08-22 07:32:43 [INFO] ============================================================
2026-08-22 07:32:44 [INFO] Số nhãn (classes): 43
2026-08-22 07:32:44 [INFO] Tổng số ảnh: 557487
2026-08-22 07:32:45 [INFO] Train: 445989 | Test: 111498
2026-08-22 07:32:45 [INFO] 
🔍 Kiểm tra phân bố class trong batch:
2026-08-22 07:32:45 [INFO]   Batch 0: 25 classes (first 5: [1, 2, 3, 4, 5])
2026-08-22 07:32:45 [INFO]   Batch 1: 32 classes (first 5: [0, 1, 2, 3, 4])
2026-08-22 07:32:45 [INFO]   Batch 2: 27 classes (first 5: [1, 2, 3, 4, 5])
2026-08-22 07:32:45 [INFO]   Batch 3: 31 classes (first 5: [1, 2, 3, 4, 5])
2026-08-22 07:32:45 [INFO]   Batch 4: 30 classes (first 5: [1, 2, 3, 4, 5])
2026-08-22 07:32:45 [INFO] ✅ Shuffle tốt! Trung bình 29.0 classes/batch
2026-08-22 07:36:42 [INFO] Epoch 0 | Acc: 0.9299 | Loss: 0.8842 | Eval Loss: 0.2425 | LR: 0.001000
2026-08-22 07:36:43 [INFO] ✓ Saved best model: Acc=0.9299 at epoch 0
2026-08-22 07:40:33 [INFO] Epoch 1 | Acc: 0.9418 | Loss: 0.3334 | Eval Loss: 0.2008 | LR: 0.001000
2026-08-22 07:40:33 [INFO] ✓ Saved best model: Acc=0.9418 at epoch 1
2026-08-22 07:44:25 [INFO] Epoch 2 | Acc: 0.9453 | Loss: 0.2725 | Eval Loss: 0.1867 | LR: 0.001000
2026-08-22 07:44:25 [INFO] ✓ Saved best model: Acc=0.9453 at epoch 2
2026-08-22 07:48:18 [INFO] Epoch 3 | Acc: 0.9220 | Loss: 0.2440 | Eval Loss: 0.2877 | LR: 0.001000
2026-08-22 07:52:10 [INFO] Epoch 4 | Acc: 0.9498 | Loss: 0.2272 | Eval Loss: 0.1733 | LR: 0.001000
2026-08-22 07:52:10 [INFO] ✓ Saved best model: Acc=0.9498 at epoch 4
2026-08-22 07:58:26 [INFO] Epoch 5 | Acc: 0.9637 | Loss: 0.2153 | Eval Loss: 0.1238 | LR: 0.001000
2026-08-22 07:58:26 [INFO] ✓ Saved best model: Acc=0.9637 at epoch 5
2026-08-22 08:02:19 [INFO] Epoch 6 | Acc: 0.9643 | Loss: 0.2057 | Eval Loss: 0.1241 | LR: 0.001000
2026-08-22 08:02:19 [INFO] ✓ Saved best model: Acc=0.9643 at epoch 6
2026-08-22 08:06:12 [INFO] Epoch 7 | Acc: 0.9626 | Loss: 0.2011 | Eval Loss: 0.1255 | LR: 0.001000
2026-08-22 08:10:07 [INFO] Epoch 8 | Acc: 0.9628 | Loss: 0.1963 | Eval Loss: 0.1280 | LR: 0.001000
2026-08-22 08:46:38 [INFO] ============================================================
2026-08-22 08:46:38 [INFO] Starting training: Super_Mamba_dim_4
2026-08-22 08:46:38 [INFO] Dataset: German
2026-08-22 08:46:38 [INFO] Dataset path: /home/biu-linux/DeepLearning_Projects/DoAnNganh/dataset_reOrgan
2026-08-22 08:46:38 [INFO] Device: cuda
2026-08-22 08:46:38 [INFO] GPU: NVIDIA GeForce RTX 3050 Laptop GPU
2026-08-22 08:46:38 [INFO] Batch size: 64
2026-08-22 08:46:38 [INFO] Num epochs: 110
2026-08-22 08:46:38 [INFO] Learning rate: 0.001
2026-08-22 08:46:38 [INFO] Weight decay: 0.02
2026-08-22 08:46:38 [INFO] Clip grad: 5.0
2026-08-22 08:46:38 [INFO] Label smoothing: 0.0
2026-08-22 08:46:38 [INFO] ============================================================
2026-08-22 08:46:39 [INFO] Số nhãn (classes): 43
2026-08-22 08:46:39 [INFO] Tổng số ảnh: 557487
2026-08-22 08:46:39 [INFO] Train: 445989 | Test: 111498
2026-08-22 08:46:39 [INFO] 
🔍 Kiểm tra phân bố class trong batch:
2026-08-22 08:46:40 [INFO]   Batch 0: 25 classes (first 5: [1, 2, 3, 4, 5])
2026-08-22 08:46:40 [INFO]   Batch 1: 32 classes (first 5: [0, 1, 2, 3, 4])
2026-08-22 08:46:40 [INFO]   Batch 2: 27 classes (first 5: [1, 2, 3, 4, 5])
2026-08-22 08:46:40 [INFO]   Batch 3: 31 classes (first 5: [1, 2, 3, 4, 5])
2026-08-22 08:46:40 [INFO]   Batch 4: 30 classes (first 5: [1, 2, 3, 4, 5])
2026-08-22 08:46:40 [INFO] ✅ Shuffle tốt! Trung bình 29.0 classes/batch
2026-08-22 08:46:40 [INFO] 
[RESUME] Đang nạp checkpoint từ: /home/biu-linux/DeepLearning_Projects/DoAnNganh/HybricMamba/Ressult/TFJ/Super_Mamba_dim_4/German/Super_Mamba_dim_4_best.pth
2026-08-22 08:46:40 [INFO] --> Tìm thấy weights trong Key: 'model_state_dict'
2026-08-22 08:46:40 [INFO] --> Epoch tiếp theo: 18
2026-08-22 08:46:40 [INFO] --> Best Accuracy: 0.9840
2026-08-22 08:46:40 [INFO] 
[SANITY CHECK] Mẫu thử ngay sau khi nạp Weights:
2026-08-22 08:46:40 [INFO] --> Batch Loss: 0.0587 | Batch Accuracy: 98.44%
2026-08-22 08:46:40 [INFO] ✅ CHECKPOINT HỢP LỆ! Bắt đầu Fine-tune...
2026-08-22 08:50:30 [INFO] Epoch 18 | Acc: 0.9843 | Loss: 0.1054 | Eval Loss: 0.0538 | LR: 0.000001
2026-08-22 08:50:30 [INFO] ✓ Saved best model: Acc=0.9843 at epoch 18
2026-08-22 08:54:26 [INFO] Epoch 19 | Acc: 0.9841 | Loss: 0.1042 | Eval Loss: 0.0540 | LR: 0.000001
2026-08-22 08:58:23 [INFO] Epoch 20 | Acc: 0.9840 | Loss: 0.1038 | Eval Loss: 0.0542 | LR: 0.000001
2026-08-22 09:02:20 [INFO] Epoch 21 | Acc: 0.9841 | Loss: 0.1020 | Eval Loss: 0.0541 | LR: 0.000001
2026-08-22 09:06:18 [INFO] Epoch 22 | Acc: 0.9843 | Loss: 0.0981 | Eval Loss: 0.0540 | LR: 0.000001
2026-08-22 09:10:14 [INFO] Epoch 23 | Acc: 0.9842 | Loss: 0.1067 | Eval Loss: 0.0540 | LR: 0.0000001
