
2026-08-24 23:41:43 [INFO] Dataset: Belgium | Số nhãn (classes): 62 | Tổng số ảnh: 7095
2026-08-24 23:41:43 [INFO] Dữ liệu đã chia -> Train (70%): 4966 | Val (15%): 1064 | Test (15%): 1065
2026-08-24 23:41:43 [INFO] 
🔍 Kiểm tra phân bố class trong batch:
2026-08-24 23:41:43 [INFO]   Batch 0: 32 classes (first 5: [4, 6, 7, 13, 14])
2026-08-24 23:41:43 [INFO]   Batch 1: 27 classes (first 5: [0, 1, 5, 7, 13])
2026-08-24 23:41:43 [INFO]   Batch 2: 29 classes (first 5: [7, 8, 9, 11, 14])
2026-08-24 23:41:43 [INFO]   Batch 3: 26 classes (first 5: [0, 7, 12, 14, 17])
2026-08-24 23:41:43 [INFO]   Batch 4: 29 classes (first 5: [1, 4, 7, 8, 13])
2026-08-24 23:41:43 [INFO] ✅ Shuffle tốt! Trung bình 28.6 classes/batch
2026-08-24 23:41:43 [WARNING] No pretrained weights exist for this model. Using random initialization.
2026-08-24 23:41:43 [INFO] ============================================================
2026-08-24 23:41:43 [INFO] Starting training: MOBILENETV3_SMALL
2026-08-24 23:41:43 [INFO] Dataset: Belgium | Path: /home/biu-linux/DeepLearning_Projects/DoAnNganh/data/Belgium_TFS
2026-08-24 23:41:43 [INFO] Device: cuda
2026-08-24 23:41:43 [INFO] GPU: NVIDIA GeForce RTX 3050 Laptop GPU
2026-08-24 23:41:43 [INFO] ============================================================
2026-08-24 23:41:46 [INFO] Epoch 000 | Train Loss: 3.7518 | Train Acc: 0.1289 | Val Loss: 3.1262 | Val Acc: 0.2068
2026-08-24 23:41:46 [INFO] ✓ Saved best model: Val Acc=0.2068 at epoch 0
2026-08-24 23:41:47 [INFO] Epoch 001 | Train Loss: 2.9919 | Train Acc: 0.2396 | Val Loss: 2.4947 | Val Acc: 0.3797
2026-08-24 23:41:48 [INFO] ✓ Saved best model: Val Acc=0.3797 at epoch 1
2026-08-24 23:41:49 [INFO] Epoch 002 | Train Loss: 2.4068 | Train Acc: 0.3451 | Val Loss: 1.9221 | Val Acc: 0.4455
2026-08-24 23:41:49 [INFO] ✓ Saved best model: Val Acc=0.4455 at epoch 2
2026-08-24 23:41:51 [INFO] Epoch 003 | Train Loss: 1.9704 | Train Acc: 0.4414 | Val Loss: 1.5738 | Val Acc: 0.5536
2026-08-24 23:41:51 [INFO] ✓ Saved best model: Val Acc=0.5536 at epoch 3
2026-08-24 23:41:53 [INFO] Epoch 004 | Train Loss: 1.7069 | Train Acc: 0.5016 | Val Loss: 1.2980 | Val Acc: 0.6128
2026-08-24 23:41:53 [INFO] ✓ Saved best model: Val Acc=0.6128 at epoch 4
2026-08-24 23:41:54 [INFO] Epoch 005 | Train Loss: 1.4796 | Train Acc: 0.5598 | Val Loss: 1.1411 | Val Acc: 0.6654
2026-08-24 23:41:54 [INFO] ✓ Saved best model: Val Acc=0.6654 at epoch 5
2026-08-24 23:41:56 [INFO] Epoch 006 | Train Loss: 1.3254 | Train Acc: 0.6075 | Val Loss: 1.0182 | Val Acc: 0.6898
2026-08-24 23:41:56 [INFO] ✓ Saved best model: Val Acc=0.6898 at epoch 6
2026-08-24 23:41:58 [INFO] Epoch 007 | Train Loss: 1.2176 | Train Acc: 0.6393 | Val Loss: 0.9163 | Val Acc: 0.7359
2026-08-24 23:41:58 [INFO] ✓ Saved best model: Val Acc=0.7359 at epoch 7
2026-08-24 23:42:00 [INFO] Epoch 008 | Train Loss: 1.1328 | Train Acc: 0.6615 | Val Loss: 0.8456 | Val Acc: 0.7387
2026-08-24 23:42:00 [INFO] ✓ Saved best model: Val Acc=0.7387 at epoch 8
2026-08-24 23:42:01 [INFO] Epoch 009 | Train Loss: 1.0252 | Train Acc: 0.6841 | Val Loss: 0.7169 | Val Acc: 0.7632
2026-08-24 23:42:01 [INFO] ✓ Saved best model: Val Acc=0.7632 at epoch 9
2026-08-24 23:42:03 [INFO] Epoch 010 | Train Loss: 0.9483 | Train Acc: 0.7169 | Val Loss: 0.6623 | Val Acc: 0.8017
2026-08-24 23:42:03 [INFO] ✓ Saved best model: Val Acc=0.8017 at epoch 10
2026-08-24 23:42:05 [INFO] Epoch 011 | Train Loss: 0.9048 | Train Acc: 0.7273 | Val Loss: 0.6190 | Val Acc: 0.8036
2026-08-24 23:42:05 [INFO] ✓ Saved best model: Val Acc=0.8036 at epoch 11
2026-08-24 23:42:06 [INFO] Epoch 012 | Train Loss: 0.8897 | Train Acc: 0.7249 | Val Loss: 0.5885 | Val Acc: 0.8233
2026-08-24 23:42:06 [INFO] ✓ Saved best model: Val Acc=0.8233 at epoch 12
2026-08-24 23:42:08 [INFO] Epoch 013 | Train Loss: 0.8098 | Train Acc: 0.7499 | Val Loss: 0.5822 | Val Acc: 0.8055
2026-08-24 23:42:09 [INFO] Epoch 014 | Train Loss: 0.7738 | Train Acc: 0.7549 | Val Loss: 0.7170 | Val Acc: 0.8280
2026-08-24 23:42:09 [INFO] ✓ Saved best model: Val Acc=0.8280 at epoch 14
2026-08-24 23:42:11 [INFO] Epoch 015 | Train Loss: 0.7234 | Train Acc: 0.7783 | Val Loss: 0.4592 | Val Acc: 0.8618
2026-08-24 23:42:11 [INFO] ✓ Saved best model: Val Acc=0.8618 at epoch 15
2026-08-24 23:42:13 [INFO] Epoch 016 | Train Loss: 0.7115 | Train Acc: 0.7839 | Val Loss: 0.4888 | Val Acc: 0.8487
2026-08-24 23:42:14 [INFO] Epoch 017 | Train Loss: 0.6612 | Train Acc: 0.7938 | Val Loss: 0.3831 | Val Acc: 0.8797
2026-08-24 23:42:14 [INFO] ✓ Saved best model: Val Acc=0.8797 at epoch 17
2026-08-24 23:42:16 [INFO] Epoch 018 | Train Loss: 0.6399 | Train Acc: 0.7958 | Val Loss: 0.4063 | Val Acc: 0.8712
2026-08-24 23:42:18 [INFO] Epoch 019 | Train Loss: 0.6133 | Train Acc: 0.8119 | Val Loss: 0.4343 | Val Acc: 0.8647
2026-08-24 23:42:19 [INFO] Epoch 020 | Train Loss: 0.5989 | Train Acc: 0.8145 | Val Loss: 0.4100 | Val Acc: 0.8703
2026-08-24 23:42:21 [INFO] Epoch 021 | Train Loss: 0.5546 | Train Acc: 0.8315 | Val Loss: 0.3353 | Val Acc: 0.8900
2026-08-24 23:42:21 [INFO] ✓ Saved best model: Val Acc=0.8900 at epoch 21
2026-08-24 23:42:22 [INFO] Epoch 022 | Train Loss: 0.5053 | Train Acc: 0.8365 | Val Loss: 0.3712 | Val Acc: 0.8816
2026-08-24 23:42:24 [INFO] Epoch 023 | Train Loss: 0.4995 | Train Acc: 0.8361 | Val Loss: 0.3165 | Val Acc: 0.9032
2026-08-24 23:42:24 [INFO] ✓ Saved best model: Val Acc=0.9032 at epoch 23
2026-08-24 23:42:26 [INFO] Epoch 024 | Train Loss: 0.5133 | Train Acc: 0.8345 | Val Loss: 0.3284 | Val Acc: 0.8929
2026-08-24 23:42:27 [INFO] Epoch 025 | Train Loss: 0.5033 | Train Acc: 0.8389 | Val Loss: 0.3452 | Val Acc: 0.8844
2026-08-24 23:42:29 [INFO] Epoch 026 | Train Loss: 0.4755 | Train Acc: 0.8451 | Val Loss: 0.3045 | Val Acc: 0.9107
2026-08-24 23:42:29 [INFO] ✓ Saved best model: Val Acc=0.9107 at epoch 26
2026-08-24 23:42:30 [INFO] Epoch 027 | Train Loss: 0.4441 | Train Acc: 0.8580 | Val Loss: 0.2936 | Val Acc: 0.9145
2026-08-24 23:42:30 [INFO] ✓ Saved best model: Val Acc=0.9145 at epoch 27
2026-08-24 23:42:32 [INFO] Epoch 028 | Train Loss: 0.4534 | Train Acc: 0.8600 | Val Loss: 0.2940 | Val Acc: 0.9117
2026-08-24 23:42:34 [INFO] Epoch 029 | Train Loss: 0.4395 | Train Acc: 0.8578 | Val Loss: 0.2682 | Val Acc: 0.9117
2026-08-24 23:42:36 [INFO] Epoch 030 | Train Loss: 0.4257 | Train Acc: 0.8623 | Val Loss: 0.2931 | Val Acc: 0.9117
2026-08-24 23:42:38 [INFO] Epoch 031 | Train Loss: 0.3894 | Train Acc: 0.8774 | Val Loss: 0.2418 | Val Acc: 0.9201
2026-08-24 23:42:38 [INFO] ✓ Saved best model: Val Acc=0.9201 at epoch 31
2026-08-24 23:42:40 [INFO] Epoch 032 | Train Loss: 0.4176 | Train Acc: 0.8681 | Val Loss: 0.2700 | Val Acc: 0.9126
2026-08-24 23:42:41 [INFO] Epoch 033 | Train Loss: 0.3909 | Train Acc: 0.8778 | Val Loss: 0.2190 | Val Acc: 0.9342
2026-08-24 23:42:41 [INFO] ✓ Saved best model: Val Acc=0.9342 at epoch 33
2026-08-24 23:42:43 [INFO] Epoch 034 | Train Loss: 0.3397 | Train Acc: 0.8907 | Val Loss: 0.2379 | Val Acc: 0.9182
2026-08-24 23:42:45 [INFO] Epoch 035 | Train Loss: 0.3696 | Train Acc: 0.8830 | Val Loss: 0.2575 | Val Acc: 0.9239
2026-08-24 23:42:47 [INFO] Epoch 036 | Train Loss: 0.3568 | Train Acc: 0.8890 | Val Loss: 0.2632 | Val Acc: 0.9164
2026-08-24 23:42:48 [INFO] Epoch 037 | Train Loss: 0.3479 | Train Acc: 0.8907 | Val Loss: 0.2372 | Val Acc: 0.9267
2026-08-24 23:42:50 [INFO] Epoch 038 | Train Loss: 0.3212 | Train Acc: 0.8943 | Val Loss: 0.2232 | Val Acc: 0.9295
2026-08-24 23:42:51 [INFO] Epoch 039 | Train Loss: 0.3436 | Train Acc: 0.8866 | Val Loss: 0.2287 | Val Acc: 0.9323
2026-08-24 23:42:53 [INFO] Epoch 040 | Train Loss: 0.2854 | Train Acc: 0.9112 | Val Loss: 0.1883 | Val Acc: 0.9408
2026-08-24 23:42:53 [INFO] ✓ Saved best model: Val Acc=0.9408 at epoch 40
2026-08-24 23:42:55 [INFO] Epoch 041 | Train Loss: 0.2506 | Train Acc: 0.9227 | Val Loss: 0.1733 | Val Acc: 0.9445
2026-08-24 23:42:55 [INFO] ✓ Saved best model: Val Acc=0.9445 at epoch 41
2026-08-24 23:42:56 [INFO] Epoch 042 | Train Loss: 0.2446 | Train Acc: 0.9205 | Val Loss: 0.1696 | Val Acc: 0.9474
2026-08-24 23:42:57 [INFO] ✓ Saved best model: Val Acc=0.9474 at epoch 42
2026-08-24 23:42:58 [INFO] Epoch 043 | Train Loss: 0.2383 | Train Acc: 0.9241 | Val Loss: 0.1704 | Val Acc: 0.9436
2026-08-24 23:43:00 [INFO] Epoch 044 | Train Loss: 0.2100 | Train Acc: 0.9337 | Val Loss: 0.1671 | Val Acc: 0.9464
2026-08-24 23:43:02 [INFO] Epoch 045 | Train Loss: 0.2157 | Train Acc: 0.9293 | Val Loss: 0.1615 | Val Acc: 0.9483
2026-08-24 23:43:02 [INFO] ✓ Saved best model: Val Acc=0.9483 at epoch 45
2026-08-24 23:43:03 [INFO] Epoch 046 | Train Loss: 0.2120 | Train Acc: 0.9283 | Val Loss: 0.1567 | Val Acc: 0.9445
2026-08-24 23:43:05 [INFO] Epoch 047 | Train Loss: 0.2050 | Train Acc: 0.9348 | Val Loss: 0.1561 | Val Acc: 0.9539
2026-08-24 23:43:05 [INFO] ✓ Saved best model: Val Acc=0.9539 at epoch 47
2026-08-24 23:43:06 [INFO] Epoch 048 | Train Loss: 0.2122 | Train Acc: 0.9301 | Val Loss: 0.1494 | Val Acc: 0.9521
2026-08-24 23:43:08 [INFO] Epoch 049 | Train Loss: 0.2127 | Train Acc: 0.9297 | Val Loss: 0.1523 | Val Acc: 0.9539
2026-08-24 23:43:09 [INFO] Epoch 050 | Train Loss: 0.1908 | Train Acc: 0.9380 | Val Loss: 0.1475 | Val Acc: 0.9539
2026-08-24 23:43:11 [INFO] Epoch 051 | Train Loss: 0.2072 | Train Acc: 0.9319 | Val Loss: 0.1466 | Val Acc: 0.9558
2026-08-24 23:43:11 [INFO] ✓ Saved best model: Val Acc=0.9558 at epoch 51
2026-08-24 23:43:12 [INFO] Epoch 052 | Train Loss: 0.1894 | Train Acc: 0.9348 | Val Loss: 0.1440 | Val Acc: 0.9558
2026-08-24 23:43:14 [INFO] Epoch 053 | Train Loss: 0.1798 | Train Acc: 0.9446 | Val Loss: 0.1466 | Val Acc: 0.9539
2026-08-24 23:43:16 [INFO] Epoch 054 | Train Loss: 0.1940 | Train Acc: 0.9404 | Val Loss: 0.1493 | Val Acc: 0.9511
2026-08-24 23:43:17 [INFO] Epoch 055 | Train Loss: 0.2006 | Train Acc: 0.9354 | Val Loss: 0.1477 | Val Acc: 0.9568
2026-08-24 23:43:17 [INFO] ✓ Saved best model: Val Acc=0.9568 at epoch 55
2026-08-24 23:43:19 [INFO] Epoch 056 | Train Loss: 0.1940 | Train Acc: 0.9331 | Val Loss: 0.1463 | Val Acc: 0.9586
2026-08-24 23:43:19 [INFO] ✓ Saved best model: Val Acc=0.9586 at epoch 56
2026-08-24 23:43:21 [INFO] Epoch 057 | Train Loss: 0.1805 | Train Acc: 0.9400 | Val Loss: 0.1433 | Val Acc: 0.9568
2026-08-24 23:43:22 [INFO] Epoch 058 | Train Loss: 0.1784 | Train Acc: 0.9426 | Val Loss: 0.1389 | Val Acc: 0.9643
2026-08-24 23:43:22 [INFO] ✓ Saved best model: Val Acc=0.9643 at epoch 58
2026-08-24 23:43:24 [INFO] Epoch 059 | Train Loss: 0.1800 | Train Acc: 0.9398 | Val Loss: 0.1425 | Val Acc: 0.9549
2026-08-24 23:43:26 [INFO] Epoch 060 | Train Loss: 0.1648 | Train Acc: 0.9444 | Val Loss: 0.1444 | Val Acc: 0.9530
2026-08-24 23:43:27 [INFO] Epoch 061 | Train Loss: 0.1679 | Train Acc: 0.9420 | Val Loss: 0.1346 | Val Acc: 0.9596
2026-08-24 23:43:29 [INFO] Epoch 062 | Train Loss: 0.1717 | Train Acc: 0.9470 | Val Loss: 0.1393 | Val Acc: 0.9530
2026-08-24 23:43:31 [INFO] Epoch 063 | Train Loss: 0.1949 | Train Acc: 0.9352 | Val Loss: 0.1364 | Val Acc: 0.9568
2026-08-24 23:43:32 [INFO] Epoch 064 | Train Loss: 0.1841 | Train Acc: 0.9380 | Val Loss: 0.1416 | Val Acc: 0.9586
2026-08-24 23:43:34 [INFO] Epoch 065 | Train Loss: 0.1692 | Train Acc: 0.9450 | Val Loss: 0.1406 | Val Acc: 0.9549
2026-08-24 23:43:35 [INFO] Epoch 066 | Train Loss: 0.1807 | Train Acc: 0.9438 | Val Loss: 0.1391 | Val Acc: 0.9549
2026-08-24 23:43:37 [INFO] Epoch 067 | Train Loss: 0.1683 | Train Acc: 0.9404 | Val Loss: 0.1315 | Val Acc: 0.9605
2026-08-24 23:43:39 [INFO] Epoch 068 | Train Loss: 0.1670 | Train Acc: 0.9442 | Val Loss: 0.1283 | Val Acc: 0.9586
2026-08-24 23:43:40 [INFO] Epoch 069 | Train Loss: 0.1741 | Train Acc: 0.9420 | Val Loss: 0.1382 | Val Acc: 0.9539
2026-08-24 23:43:42 [INFO] Epoch 070 | Train Loss: 0.1652 | Train Acc: 0.9476 | Val Loss: 0.1368 | Val Acc: 0.9586
2026-08-24 23:43:44 [INFO] Epoch 071 | Train Loss: 0.1545 | Train Acc: 0.9478 | Val Loss: 0.1345 | Val Acc: 0.9596
2026-08-24 23:43:45 [INFO] Epoch 072 | Train Loss: 0.1741 | Train Acc: 0.9452 | Val Loss: 0.1330 | Val Acc: 0.9586
2026-08-24 23:43:47 [INFO] Epoch 073 | Train Loss: 0.1648 | Train Acc: 0.9448 | Val Loss: 0.1302 | Val Acc: 0.9586
2026-08-24 23:43:49 [INFO] Epoch 074 | Train Loss: 0.1873 | Train Acc: 0.9402 | Val Loss: 0.1302 | Val Acc: 0.9605
2026-08-24 23:43:50 [INFO] Epoch 075 | Train Loss: 0.1555 | Train Acc: 0.9503 | Val Loss: 0.1283 | Val Acc: 0.9596
2026-08-24 23:43:52 [INFO] Epoch 076 | Train Loss: 0.1652 | Train Acc: 0.9519 | Val Loss: 0.1243 | Val Acc: 0.9652
2026-08-24 23:43:52 [INFO] ✓ Saved best model: Val Acc=0.9652 at epoch 76
2026-08-24 23:43:53 [INFO] Epoch 077 | Train Loss: 0.1546 | Train Acc: 0.9487 | Val Loss: 0.1282 | Val Acc: 0.9615
2026-08-24 23:43:55 [INFO] Epoch 078 | Train Loss: 0.1523 | Train Acc: 0.9523 | Val Loss: 0.1311 | Val Acc: 0.9624
2026-08-24 23:43:57 [INFO] Epoch 079 | Train Loss: 0.1479 | Train Acc: 0.9537 | Val Loss: 0.1270 | Val Acc: 0.9615
2026-08-24 23:43:58 [INFO] Epoch 080 | Train Loss: 0.1528 | Train Acc: 0.9462 | Val Loss: 0.1287 | Val Acc: 0.9643
2026-08-24 23:44:00 [INFO] Epoch 081 | Train Loss: 0.1608 | Train Acc: 0.9487 | Val Loss: 0.1269 | Val Acc: 0.9633
2026-08-24 23:44:02 [INFO] Epoch 082 | Train Loss: 0.1571 | Train Acc: 0.9482 | Val Loss: 0.1292 | Val Acc: 0.9652
2026-08-24 23:44:03 [INFO] Epoch 083 | Train Loss: 0.1520 | Train Acc: 0.9539 | Val Loss: 0.1274 | Val Acc: 0.9643
2026-08-24 23:44:05 [INFO] Epoch 084 | Train Loss: 0.1602 | Train Acc: 0.9487 | Val Loss: 0.1282 | Val Acc: 0.9596
2026-08-24 23:44:07 [INFO] Epoch 085 | Train Loss: 0.1473 | Train Acc: 0.9519 | Val Loss: 0.1303 | Val Acc: 0.9586
2026-08-24 23:44:08 [INFO] Epoch 086 | Train Loss: 0.1622 | Train Acc: 0.9470 | Val Loss: 0.1272 | Val Acc: 0.9643
2026-08-24 23:44:10 [INFO] Epoch 087 | Train Loss: 0.1650 | Train Acc: 0.9452 | Val Loss: 0.1256 | Val Acc: 0.9624
2026-08-24 23:44:11 [INFO] Epoch 088 | Train Loss: 0.1616 | Train Acc: 0.9462 | Val Loss: 0.1281 | Val Acc: 0.9633
2026-08-24 23:44:13 [INFO] Epoch 089 | Train Loss: 0.1494 | Train Acc: 0.9527 | Val Loss: 0.1255 | Val Acc: 0.9605
2026-08-24 23:44:15 [INFO] Epoch 090 | Train Loss: 0.1595 | Train Acc: 0.9501 | Val Loss: 0.1257 | Val Acc: 0.9624
2026-08-24 23:44:16 [INFO] Epoch 091 | Train Loss: 0.1537 | Train Acc: 0.9511 | Val Loss: 0.1267 | Val Acc: 0.9662
2026-08-24 23:44:16 [INFO] ✓ Saved best model: Val Acc=0.9662 at epoch 91
2026-08-24 23:44:18 [INFO] Epoch 092 | Train Loss: 0.1587 | Train Acc: 0.9468 | Val Loss: 0.1251 | Val Acc: 0.9624
2026-08-24 23:44:20 [INFO] Epoch 093 | Train Loss: 0.1523 | Train Acc: 0.9509 | Val Loss: 0.1266 | Val Acc: 0.9615
2026-08-24 23:44:21 [INFO] Epoch 094 | Train Loss: 0.1490 | Train Acc: 0.9519 | Val Loss: 0.1254 | Val Acc: 0.9662
2026-08-24 23:44:23 [INFO] Epoch 095 | Train Loss: 0.1485 | Train Acc: 0.9517 | Val Loss: 0.1237 | Val Acc: 0.9662
2026-08-24 23:44:24 [INFO] Epoch 096 | Train Loss: 0.1649 | Train Acc: 0.9476 | Val Loss: 0.1244 | Val Acc: 0.9643
2026-08-24 23:44:26 [INFO] Epoch 097 | Train Loss: 0.1564 | Train Acc: 0.9507 | Val Loss: 0.1216 | Val Acc: 0.9652
2026-08-24 23:44:28 [INFO] Epoch 098 | Train Loss: 0.1570 | Train Acc: 0.9495 | Val Loss: 0.1196 | Val Acc: 0.9624
2026-08-24 23:44:30 [INFO] Epoch 099 | Train Loss: 0.1471 | Train Acc: 0.9513 | Val Loss: 0.1235 | Val Acc: 0.9633
2026-08-24 23:44:30 [INFO] Evaluating Best Model on TEST Set...
2026-08-24 23:44:30 [INFO] 
[RESUME] Đang nạp checkpoint từ: /home/biu-linux/DeepLearning_Projects/DoAnNganh/HybricMamba/Ressult/TFJ/MOBILENETV3_SMALL/Belgium/MOBILENETV3_SMALL_best.pth
2026-08-24 23:44:30 [INFO] 🎯 [TEST RESULT] Test Acc: 0.9681 | F1-Macro: 0.9378 | F1-Weighted: 0.9673
