2026-09-09 20:37:44 [INFO] Dataset: Belgium_ar_new_3 | Số nhãn (classes): 62 | Tổng số ảnh: 99330
2026-09-09 20:37:44 [INFO] Dữ liệu đã chia -> Train (70%): 64564 | Val (15%): 17383 | Test (15%): 17383
2026-09-09 20:37:44 [INFO] 
🔍 Kiểm tra phân bố class trong batch:
2026-09-09 20:37:45 [INFO]   Batch 0: 30 classes (first 5: [1, 3, 7, 9, 13])
2026-09-09 20:37:45 [INFO]   Batch 1: 29 classes (first 5: [0, 1, 5, 7, 9])
2026-09-09 20:37:45 [INFO]   Batch 2: 28 classes (first 5: [1, 3, 6, 7, 13])
2026-09-09 20:37:45 [INFO]   Batch 3: 31 classes (first 5: [1, 2, 4, 7, 9])
2026-09-09 20:37:45 [INFO]   Batch 4: 30 classes (first 5: [3, 5, 6, 7, 13])
2026-09-09 20:37:45 [INFO] ✅ Shuffle tốt! Trung bình 29.6 classes/batch
2026-09-09 20:37:45 [INFO] ============================================================
2026-09-09 20:37:45 [INFO] Starting training: MOBILENETV3_SMALL
2026-09-09 20:37:45 [INFO] Dataset: Belgium_ar_new_3 | Path: /home/biu-linux/DeepLearning_Projects/DoAnNganh/data/Belgium_ar_3
2026-09-09 20:37:45 [INFO] Device: cuda
2026-09-09 20:37:45 [INFO] GPU: NVIDIA GeForce RTX 3050 Laptop GPU
2026-09-09 20:37:45 [INFO] ============================================================
2026-09-09 20:38:04 [INFO] Epoch 000 | Train Loss: 3.4440 | Train Acc: 0.1405 | Val Loss: 2.8877 | Val Acc: 0.2577
2026-09-09 20:38:04 [INFO] ✓ Saved best model: Val Acc=0.2577 at epoch 0
2026-09-09 20:38:21 [INFO] Epoch 001 | Train Loss: 2.4011 | Train Acc: 0.3360 | Val Loss: 1.5946 | Val Acc: 0.5210
2026-09-09 20:38:22 [INFO] ✓ Saved best model: Val Acc=0.5210 at epoch 1
2026-09-09 20:38:39 [INFO] Epoch 002 | Train Loss: 1.6078 | Train Acc: 0.5237 | Val Loss: 1.0220 | Val Acc: 0.6921
2026-09-09 20:38:39 [INFO] ✓ Saved best model: Val Acc=0.6921 at epoch 2
2026-09-09 20:38:56 [INFO] Epoch 003 | Train Loss: 1.2201 | Train Acc: 0.6316 | Val Loss: 0.8146 | Val Acc: 0.7420
2026-09-09 20:38:56 [INFO] ✓ Saved best model: Val Acc=0.7420 at epoch 3
2026-09-09 20:39:14 [INFO] Epoch 004 | Train Loss: 1.0232 | Train Acc: 0.6858 | Val Loss: 0.6422 | Val Acc: 0.7949
2026-09-09 20:39:14 [INFO] ✓ Saved best model: Val Acc=0.7949 at epoch 4
2026-09-09 20:39:32 [INFO] Epoch 005 | Train Loss: 0.8759 | Train Acc: 0.7309 | Val Loss: 0.5735 | Val Acc: 0.8123
2026-09-09 20:39:32 [INFO] ✓ Saved best model: Val Acc=0.8123 at epoch 5
2026-09-09 20:39:47 [INFO] Epoch 006 | Train Loss: 0.7886 | Train Acc: 0.7589 | Val Loss: 0.5220 | Val Acc: 0.8333
2026-09-09 20:39:47 [INFO] ✓ Saved best model: Val Acc=0.8333 at epoch 6
2026-09-09 20:40:07 [INFO] Epoch 007 | Train Loss: 0.7210 | Train Acc: 0.7773 | Val Loss: 0.4351 | Val Acc: 0.8649
2026-09-09 20:40:07 [INFO] ✓ Saved best model: Val Acc=0.8649 at epoch 7
2026-09-09 20:40:25 [INFO] Epoch 008 | Train Loss: 0.6633 | Train Acc: 0.7960 | Val Loss: 0.4449 | Val Acc: 0.8614
2026-09-09 20:40:42 [INFO] Epoch 009 | Train Loss: 0.6401 | Train Acc: 0.8064 | Val Loss: 0.3838 | Val Acc: 0.8806
2026-09-09 20:40:42 [INFO] ✓ Saved best model: Val Acc=0.8806 at epoch 9
2026-09-09 20:40:59 [INFO] Epoch 010 | Train Loss: 0.6022 | Train Acc: 0.8164 | Val Loss: 0.3234 | Val Acc: 0.8989
2026-09-09 20:40:59 [INFO] ✓ Saved best model: Val Acc=0.8989 at epoch 10
2026-09-09 20:41:17 [INFO] Epoch 011 | Train Loss: 0.5644 | Train Acc: 0.8273 | Val Loss: 0.3413 | Val Acc: 0.8931
2026-09-09 20:41:32 [INFO] Epoch 012 | Train Loss: 0.5399 | Train Acc: 0.8343 | Val Loss: 0.3103 | Val Acc: 0.9016
2026-09-09 20:41:32 [INFO] ✓ Saved best model: Val Acc=0.9016 at epoch 12
2026-09-09 20:41:52 [INFO] Epoch 013 | Train Loss: 0.5197 | Train Acc: 0.8387 | Val Loss: 0.3130 | Val Acc: 0.9059
2026-09-09 20:41:52 [INFO] ✓ Saved best model: Val Acc=0.9059 at epoch 13
2026-09-09 20:42:09 [INFO] Epoch 014 | Train Loss: 0.4999 | Train Acc: 0.8457 | Val Loss: 0.2897 | Val Acc: 0.9078
2026-09-09 20:42:09 [INFO] ✓ Saved best model: Val Acc=0.9078 at epoch 14
2026-09-09 20:42:27 [INFO] Epoch 015 | Train Loss: 0.4802 | Train Acc: 0.8519 | Val Loss: 0.2903 | Val Acc: 0.9121
2026-09-09 20:42:27 [INFO] ✓ Saved best model: Val Acc=0.9121 at epoch 15
2026-09-09 20:42:44 [INFO] Epoch 016 | Train Loss: 0.4608 | Train Acc: 0.8585 | Val Loss: 0.5570 | Val Acc: 0.8848
2026-09-09 20:43:02 [INFO] Epoch 017 | Train Loss: 0.4484 | Train Acc: 0.8634 | Val Loss: 0.2468 | Val Acc: 0.9233
2026-09-09 20:43:02 [INFO] ✓ Saved best model: Val Acc=0.9233 at epoch 17
2026-09-09 20:43:17 [INFO] Epoch 018 | Train Loss: 0.4375 | Train Acc: 0.8661 | Val Loss: 0.2591 | Val Acc: 0.9207
2026-09-09 20:43:37 [INFO] Epoch 019 | Train Loss: 0.4362 | Train Acc: 0.8650 | Val Loss: 0.2645 | Val Acc: 0.9179
2026-09-09 20:43:55 [INFO] Epoch 020 | Train Loss: 0.3461 | Train Acc: 0.8929 | Val Loss: 0.1916 | Val Acc: 0.9412
2026-09-09 20:43:55 [INFO] ✓ Saved best model: Val Acc=0.9412 at epoch 20
2026-09-09 20:44:12 [INFO] Epoch 021 | Train Loss: 0.3159 | Train Acc: 0.9009 | Val Loss: 0.1857 | Val Acc: 0.9424
2026-09-09 20:44:12 [INFO] ✓ Saved best model: Val Acc=0.9424 at epoch 21
2026-09-09 20:44:30 [INFO] Epoch 022 | Train Loss: 0.3055 | Train Acc: 0.9054 | Val Loss: 0.1789 | Val Acc: 0.9453
2026-09-09 20:44:30 [INFO] ✓ Saved best model: Val Acc=0.9453 at epoch 22
2026-09-09 20:44:47 [INFO] Epoch 023 | Train Loss: 0.2996 | Train Acc: 0.9054 | Val Loss: 0.1785 | Val Acc: 0.9448
2026-09-09 20:45:05 [INFO] Epoch 024 | Train Loss: 0.2933 | Train Acc: 0.9073 | Val Loss: 0.1748 | Val Acc: 0.9463
2026-09-09 20:45:05 [INFO] ✓ Saved best model: Val Acc=0.9463 at epoch 24
2026-09-09 20:45:22 [INFO] Epoch 025 | Train Loss: 0.2917 | Train Acc: 0.9086 | Val Loss: 0.1733 | Val Acc: 0.9460
2026-09-09 20:45:40 [INFO] Epoch 026 | Train Loss: 0.2861 | Train Acc: 0.9100 | Val Loss: 0.1693 | Val Acc: 0.9482
2026-09-09 20:45:40 [INFO] ✓ Saved best model: Val Acc=0.9482 at epoch 26
2026-09-09 20:45:57 [INFO] Epoch 027 | Train Loss: 0.2774 | Train Acc: 0.9119 | Val Loss: 0.1666 | Val Acc: 0.9491
2026-09-09 20:45:58 [INFO] ✓ Saved best model: Val Acc=0.9491 at epoch 27
2026-09-09 20:46:15 [INFO] Epoch 028 | Train Loss: 0.2792 | Train Acc: 0.9129 | Val Loss: 0.1689 | Val Acc: 0.9468
2026-09-09 20:46:33 [INFO] Epoch 029 | Train Loss: 0.2754 | Train Acc: 0.9126 | Val Loss: 0.1668 | Val Acc: 0.9484
2026-09-09 20:46:48 [INFO] Epoch 030 | Train Loss: 0.2708 | Train Acc: 0.9135 | Val Loss: 0.1624 | Val Acc: 0.9496
2026-09-09 20:46:48 [INFO] ✓ Saved best model: Val Acc=0.9496 at epoch 30
2026-09-09 20:47:07 [INFO] Epoch 031 | Train Loss: 0.2644 | Train Acc: 0.9173 | Val Loss: 0.1623 | Val Acc: 0.9495
2026-09-09 20:47:24 [INFO] Epoch 032 | Train Loss: 0.2646 | Train Acc: 0.9153 | Val Loss: 0.1622 | Val Acc: 0.9498
2026-09-09 20:47:25 [INFO] ✓ Saved best model: Val Acc=0.9498 at epoch 32
2026-09-09 20:47:42 [INFO] Epoch 033 | Train Loss: 0.2617 | Train Acc: 0.9168 | Val Loss: 0.1619 | Val Acc: 0.9493
2026-09-09 20:48:00 [INFO] Epoch 034 | Train Loss: 0.2621 | Train Acc: 0.9181 | Val Loss: 0.1606 | Val Acc: 0.9508
2026-09-09 20:48:01 [INFO] ✓ Saved best model: Val Acc=0.9508 at epoch 34
2026-09-09 20:48:18 [INFO] Epoch 035 | Train Loss: 0.2588 | Train Acc: 0.9175 | Val Loss: 0.1616 | Val Acc: 0.9501
2026-09-09 20:48:33 [INFO] Epoch 036 | Train Loss: 0.2586 | Train Acc: 0.9180 | Val Loss: 0.1621 | Val Acc: 0.9494
2026-09-09 20:48:52 [INFO] Epoch 037 | Train Loss: 0.2578 | Train Acc: 0.9182 | Val Loss: 0.1618 | Val Acc: 0.9501
2026-09-09 20:49:10 [INFO] Epoch 038 | Train Loss: 0.2586 | Train Acc: 0.9177 | Val Loss: 0.1601 | Val Acc: 0.9502
2026-09-09 20:49:29 [INFO] Epoch 039 | Train Loss: 0.2588 | Train Acc: 0.9181 | Val Loss: 0.1603 | Val Acc: 0.9508
2026-09-09 20:49:46 [INFO] Epoch 040 | Train Loss: 0.2599 | Train Acc: 0.9169 | Val Loss: 0.1607 | Val Acc: 0.9497
2026-09-09 20:50:03 [INFO] Epoch 041 | Train Loss: 0.2553 | Train Acc: 0.9184 | Val Loss: 0.1611 | Val Acc: 0.9495
2026-09-09 20:50:19 [INFO] Epoch 042 | Train Loss: 0.2588 | Train Acc: 0.9179 | Val Loss: 0.1611 | Val Acc: 0.9502
2026-09-09 20:50:38 [INFO] Epoch 043 | Train Loss: 0.2578 | Train Acc: 0.9201 | Val Loss: 0.1603 | Val Acc: 0.9509
2026-09-09 20:50:39 [INFO] ✓ Saved best model: Val Acc=0.9509 at epoch 43
2026-09-09 20:50:55 [INFO] Epoch 044 | Train Loss: 0.2572 | Train Acc: 0.9182 | Val Loss: 0.1604 | Val Acc: 0.9503
2026-09-09 20:51:13 [INFO] Epoch 045 | Train Loss: 0.2576 | Train Acc: 0.9189 | Val Loss: 0.1605 | Val Acc: 0.9505
2026-09-09 20:51:30 [INFO] Epoch 046 | Train Loss: 0.2579 | Train Acc: 0.9179 | Val Loss: 0.1595 | Val Acc: 0.9507
2026-09-09 20:51:47 [INFO] Epoch 047 | Train Loss: 0.2553 | Train Acc: 0.9193 | Val Loss: 0.1608 | Val Acc: 0.9504
2026-09-09 20:52:02 [INFO] Epoch 048 | Train Loss: 0.2552 | Train Acc: 0.9184 | Val Loss: 0.1606 | Val Acc: 0.9501
2026-09-09 20:52:21 [INFO] Epoch 049 | Train Loss: 0.2590 | Train Acc: 0.9180 | Val Loss: 0.1604 | Val Acc: 0.9504
2026-09-09 20:52:21 [INFO] Evaluating Best Model on TEST Set...
2026-09-09 20:52:21 [INFO] 
[RESUME] Đang nạp checkpoint từ: /home/biu-linux/DeepLearning_Projects/DoAnNganh/HybricMamba/Ressult/TFJ/MOBILENETV3_SMALL/Belgium_ar_new_3/MOBILENETV3_SMALL_best.pth
2026-09-09 20:52:23 [INFO] 🎯 [TEST RESULT] Test Acc: 0.9490 | F1-Macro: 0.9216 | F1-Weighted: 0.9487
2026-09-10 08:38:54 [INFO] Dataset: belgium_ar_new_2 | Số nhãn (classes): 62 | Tổng số ảnh: 99330
2026-09-10 08:38:54 [INFO] Dữ liệu đã chia -> Train (70%): 64564 | Val (15%): 17383 | Test (15%): 17383
2026-09-10 08:38:54 [INFO] 
🔍 Kiểm tra phân bố class trong batch:
2026-09-10 08:38:54 [INFO]   Batch 0: 28 classes (first 5: [1, 2, 7, 13, 14])
2026-09-10 08:38:54 [INFO]   Batch 1: 31 classes (first 5: [0, 1, 3, 7, 10])
2026-09-10 08:38:54 [INFO]   Batch 2: 31 classes (first 5: [1, 4, 6, 7, 11])
2026-09-10 08:38:54 [INFO]   Batch 3: 28 classes (first 5: [1, 2, 7, 8, 10])
2026-09-10 08:38:54 [INFO]   Batch 4: 26 classes (first 5: [1, 2, 6, 7, 10])
2026-09-10 08:38:54 [INFO] ✅ Shuffle tốt! Trung bình 28.8 classes/batch
2026-09-10 08:38:54 [INFO] ============================================================
2026-09-10 08:38:54 [INFO] Starting training: MOBILENETV3_SMALL
2026-09-10 08:38:54 [INFO] Dataset: belgium_ar_new_2 | Path: /home/biu-linux/DeepLearning_Projects/DoAnNganh/data/Belgium_ar_2
2026-09-10 08:38:54 [INFO] Device: cuda
2026-09-10 08:38:54 [INFO] GPU: NVIDIA GeForce RTX 3050 Laptop GPU
2026-09-10 08:38:54 [INFO] ============================================================
2026-09-10 08:38:54 [INFO] 
[RESUME] Đang nạp checkpoint từ: /home/biu-linux/DeepLearning_Projects/DoAnNganh/HybricMamba/Ressult/TFJ/MOBILENETV3_SMALL/belgium_ar_new_2/MOBILENETV3_SMALL_best.pth
2026-09-10 08:38:54 [INFO] Evaluating Best Model on TEST Set...
2026-09-10 08:38:54 [INFO] 
[RESUME] Đang nạp checkpoint từ: /home/biu-linux/DeepLearning_Projects/DoAnNganh/HybricMamba/Ressult/TFJ/MOBILENETV3_SMALL/belgium_ar_new_2/MOBILENETV3_SMALL_best.pth
2026-09-10 08:38:56 [INFO] 🎯 [TEST RESULT] Test Acc: 0.9490 | F1-Macro: 0.9216 | F1-Weighted: 0.9487
