2026-09-09 19:23:27 [INFO] Dataset: Belgium_ar_new_3 | Số nhãn (classes): 62 | Tổng số ảnh: 99330
2026-09-09 19:23:27 [INFO] Dữ liệu đã chia -> Train (70%): 64564 | Val (15%): 17383 | Test (15%): 17383
2026-09-09 19:23:27 [INFO] 
🔍 Kiểm tra phân bố class trong batch:
2026-09-09 19:23:29 [INFO]   Batch 0: 27 classes (first 5: [7, 13, 14, 16, 17])
2026-09-09 19:23:29 [INFO]   Batch 1: 27 classes (first 5: [1, 7, 8, 14, 17])
2026-09-09 19:23:29 [INFO]   Batch 2: 26 classes (first 5: [1, 2, 4, 7, 18])
2026-09-09 19:23:29 [INFO]   Batch 3: 32 classes (first 5: [7, 10, 13, 17, 18])
2026-09-09 19:23:29 [INFO]   Batch 4: 30 classes (first 5: [1, 7, 10, 17, 18])
2026-09-09 19:23:29 [INFO] ✅ Shuffle tốt! Trung bình 28.4 classes/batch
2026-09-09 19:23:29 [INFO] ============================================================
2026-09-09 19:23:29 [INFO] Starting training: SUPER_MAMBA_DEPT_3
2026-09-09 19:23:29 [INFO] Dataset: Belgium_ar_new_3 | Path: /home/biu-linux/DeepLearning_Projects/DoAnNganh/data/Belgium_ar_3
2026-09-09 19:23:29 [INFO] Device: cuda
2026-09-09 19:23:29 [INFO] GPU: NVIDIA GeForce RTX 3050 Laptop GPU
2026-09-09 19:23:29 [INFO] ============================================================
2026-09-09 19:23:50 [INFO] Dataset: Belgium_ar_new_3 | Số nhãn (classes): 62 | Tổng số ảnh: 99330
2026-09-09 19:23:50 [INFO] Dữ liệu đã chia -> Train (70%): 64564 | Val (15%): 17383 | Test (15%): 17383
2026-09-09 19:23:50 [INFO] 
🔍 Kiểm tra phân bố class trong batch:
2026-09-09 19:23:50 [INFO]   Batch 0: 30 classes (first 5: [0, 1, 6, 7, 10])
2026-09-09 19:23:50 [INFO]   Batch 1: 30 classes (first 5: [1, 7, 9, 13, 14])
2026-09-09 19:23:50 [INFO]   Batch 2: 27 classes (first 5: [1, 7, 8, 9, 13])
2026-09-09 19:23:50 [INFO]   Batch 3: 26 classes (first 5: [1, 7, 9, 10, 17])
2026-09-09 19:23:50 [INFO]   Batch 4: 28 classes (first 5: [4, 6, 10, 13, 17])
2026-09-09 19:23:51 [INFO] ✅ Shuffle tốt! Trung bình 28.2 classes/batch
2026-09-09 19:23:51 [INFO] ============================================================
2026-09-09 19:23:51 [INFO] Starting training: SUPER_MAMBA_DEPT_3
2026-09-09 19:23:51 [INFO] Dataset: Belgium_ar_new_3 | Path: /home/biu-linux/DeepLearning_Projects/DoAnNganh/data/Belgium_ar_3
2026-09-09 19:23:51 [INFO] Device: cuda
2026-09-09 19:23:51 [INFO] GPU: NVIDIA GeForce RTX 3050 Laptop GPU
2026-09-09 19:23:51 [INFO] ============================================================
2026-09-09 19:24:25 [INFO] Epoch 000 | Train Loss: 3.1320 | Train Acc: 0.2271 | Val Loss: 2.4373 | Val Acc: 0.3608
2026-09-09 19:24:26 [INFO] ✓ Saved best model: Val Acc=0.3608 at epoch 0
2026-09-09 19:24:56 [INFO] Epoch 001 | Train Loss: 1.9874 | Train Acc: 0.4361 | Val Loss: 1.6057 | Val Acc: 0.5379
2026-09-09 19:24:56 [INFO] ✓ Saved best model: Val Acc=0.5379 at epoch 1
2026-09-09 19:25:26 [INFO] Epoch 002 | Train Loss: 1.3910 | Train Acc: 0.5879 | Val Loss: 1.4141 | Val Acc: 0.6283
2026-09-09 19:25:27 [INFO] ✓ Saved best model: Val Acc=0.6283 at epoch 2
2026-09-09 19:25:57 [INFO] Epoch 003 | Train Loss: 1.0339 | Train Acc: 0.7029 | Val Loss: 0.7658 | Val Acc: 0.7783
2026-09-09 19:25:57 [INFO] ✓ Saved best model: Val Acc=0.7783 at epoch 3
2026-09-09 19:26:27 [INFO] Epoch 004 | Train Loss: 0.8070 | Train Acc: 0.7633 | Val Loss: 0.6604 | Val Acc: 0.7979
2026-09-09 19:26:27 [INFO] ✓ Saved best model: Val Acc=0.7979 at epoch 4
2026-09-09 19:26:58 [INFO] Epoch 005 | Train Loss: 0.6324 | Train Acc: 0.8132 | Val Loss: 0.4813 | Val Acc: 0.8565
2026-09-09 19:26:58 [INFO] ✓ Saved best model: Val Acc=0.8565 at epoch 5
2026-09-09 19:27:28 [INFO] Epoch 006 | Train Loss: 0.5271 | Train Acc: 0.8417 | Val Loss: 0.3816 | Val Acc: 0.8871
2026-09-09 19:27:28 [INFO] ✓ Saved best model: Val Acc=0.8871 at epoch 6
2026-09-09 19:27:59 [INFO] Epoch 007 | Train Loss: 0.4558 | Train Acc: 0.8635 | Val Loss: 0.3065 | Val Acc: 0.9073
2026-09-09 19:27:59 [INFO] ✓ Saved best model: Val Acc=0.9073 at epoch 7
2026-09-09 19:28:30 [INFO] Epoch 008 | Train Loss: 0.4126 | Train Acc: 0.8776 | Val Loss: 0.2760 | Val Acc: 0.9168
2026-09-09 19:28:30 [INFO] ✓ Saved best model: Val Acc=0.9168 at epoch 8
2026-09-09 19:29:01 [INFO] Epoch 009 | Train Loss: 0.3678 | Train Acc: 0.8915 | Val Loss: 0.2432 | Val Acc: 0.9304
2026-09-09 19:29:01 [INFO] ✓ Saved best model: Val Acc=0.9304 at epoch 9
2026-09-09 19:29:32 [INFO] Epoch 010 | Train Loss: 0.3449 | Train Acc: 0.8989 | Val Loss: 0.2442 | Val Acc: 0.9305
2026-09-09 19:29:32 [INFO] ✓ Saved best model: Val Acc=0.9305 at epoch 10
2026-09-09 19:30:02 [INFO] Epoch 011 | Train Loss: 0.3173 | Train Acc: 0.9063 | Val Loss: 0.2338 | Val Acc: 0.9390
2026-09-09 19:30:02 [INFO] ✓ Saved best model: Val Acc=0.9390 at epoch 11
2026-09-09 19:30:33 [INFO] Epoch 012 | Train Loss: 0.3012 | Train Acc: 0.9111 | Val Loss: 0.1999 | Val Acc: 0.9397
2026-09-09 19:30:33 [INFO] ✓ Saved best model: Val Acc=0.9397 at epoch 12
2026-09-09 19:31:04 [INFO] Epoch 013 | Train Loss: 0.2838 | Train Acc: 0.9163 | Val Loss: 0.2498 | Val Acc: 0.9336
2026-09-09 19:31:34 [INFO] Epoch 014 | Train Loss: 0.2715 | Train Acc: 0.9201 | Val Loss: 0.1841 | Val Acc: 0.9478
2026-09-09 19:31:34 [INFO] ✓ Saved best model: Val Acc=0.9478 at epoch 14
2026-09-09 19:32:05 [INFO] Epoch 015 | Train Loss: 0.2649 | Train Acc: 0.9216 | Val Loss: 0.1940 | Val Acc: 0.9457
2026-09-09 19:32:35 [INFO] Epoch 016 | Train Loss: 0.2489 | Train Acc: 0.9275 | Val Loss: 0.1974 | Val Acc: 0.9394
2026-09-09 19:33:06 [INFO] Epoch 017 | Train Loss: 0.2476 | Train Acc: 0.9267 | Val Loss: 0.1698 | Val Acc: 0.9498
2026-09-09 19:33:06 [INFO] ✓ Saved best model: Val Acc=0.9498 at epoch 17
2026-09-09 19:33:36 [INFO] Epoch 018 | Train Loss: 0.2355 | Train Acc: 0.9313 | Val Loss: 0.1654 | Val Acc: 0.9524
2026-09-09 19:33:36 [INFO] ✓ Saved best model: Val Acc=0.9524 at epoch 18
2026-09-09 19:34:07 [INFO] Epoch 019 | Train Loss: 0.2327 | Train Acc: 0.9320 | Val Loss: 0.2633 | Val Acc: 0.9306
2026-09-09 19:34:37 [INFO] Epoch 020 | Train Loss: 0.1667 | Train Acc: 0.9514 | Val Loss: 0.1009 | Val Acc: 0.9714
2026-09-09 19:34:37 [INFO] ✓ Saved best model: Val Acc=0.9714 at epoch 20
2026-09-09 19:35:08 [INFO] Epoch 021 | Train Loss: 0.1503 | Train Acc: 0.9563 | Val Loss: 0.0941 | Val Acc: 0.9743
2026-09-09 19:35:08 [INFO] ✓ Saved best model: Val Acc=0.9743 at epoch 21
2026-09-09 19:35:38 [INFO] Epoch 022 | Train Loss: 0.1439 | Train Acc: 0.9587 | Val Loss: 0.0930 | Val Acc: 0.9745
2026-09-09 19:35:38 [INFO] ✓ Saved best model: Val Acc=0.9745 at epoch 22
2026-09-09 19:36:09 [INFO] Epoch 023 | Train Loss: 0.1417 | Train Acc: 0.9591 | Val Loss: 0.0937 | Val Acc: 0.9732
2026-09-09 19:36:38 [INFO] Epoch 024 | Train Loss: 0.1397 | Train Acc: 0.9591 | Val Loss: 0.0914 | Val Acc: 0.9740
2026-09-09 19:37:09 [INFO] Epoch 025 | Train Loss: 0.1358 | Train Acc: 0.9606 | Val Loss: 0.0962 | Val Acc: 0.9726
2026-09-09 19:37:39 [INFO] Epoch 026 | Train Loss: 0.1333 | Train Acc: 0.9608 | Val Loss: 0.0909 | Val Acc: 0.9742
2026-09-09 19:38:10 [INFO] Epoch 027 | Train Loss: 0.1339 | Train Acc: 0.9604 | Val Loss: 0.0901 | Val Acc: 0.9752
2026-09-09 19:38:10 [INFO] ✓ Saved best model: Val Acc=0.9752 at epoch 27
2026-09-09 19:38:40 [INFO] Epoch 028 | Train Loss: 0.1301 | Train Acc: 0.9617 | Val Loss: 0.0858 | Val Acc: 0.9766
2026-09-09 19:38:40 [INFO] ✓ Saved best model: Val Acc=0.9766 at epoch 28
2026-09-09 19:39:11 [INFO] Epoch 029 | Train Loss: 0.1313 | Train Acc: 0.9612 | Val Loss: 0.0868 | Val Acc: 0.9758
2026-09-09 19:39:41 [INFO] Epoch 030 | Train Loss: 0.1221 | Train Acc: 0.9643 | Val Loss: 0.0831 | Val Acc: 0.9769
2026-09-09 19:39:41 [INFO] ✓ Saved best model: Val Acc=0.9769 at epoch 30
2026-09-09 19:40:12 [INFO] Epoch 031 | Train Loss: 0.1215 | Train Acc: 0.9648 | Val Loss: 0.0820 | Val Acc: 0.9772
2026-09-09 19:40:12 [INFO] ✓ Saved best model: Val Acc=0.9772 at epoch 31
2026-09-09 19:40:42 [INFO] Epoch 032 | Train Loss: 0.1203 | Train Acc: 0.9652 | Val Loss: 0.0821 | Val Acc: 0.9770
2026-09-09 19:41:12 [INFO] Epoch 033 | Train Loss: 0.1224 | Train Acc: 0.9638 | Val Loss: 0.0819 | Val Acc: 0.9770
2026-09-09 19:41:42 [INFO] Epoch 034 | Train Loss: 0.1182 | Train Acc: 0.9653 | Val Loss: 0.0817 | Val Acc: 0.9769
2026-09-09 19:42:13 [INFO] Epoch 035 | Train Loss: 0.1201 | Train Acc: 0.9643 | Val Loss: 0.0810 | Val Acc: 0.9772
2026-09-09 19:42:43 [INFO] Epoch 036 | Train Loss: 0.1191 | Train Acc: 0.9643 | Val Loss: 0.0802 | Val Acc: 0.9774
2026-09-09 19:42:43 [INFO] ✓ Saved best model: Val Acc=0.9774 at epoch 36
2026-09-09 19:43:13 [INFO] Epoch 037 | Train Loss: 0.1186 | Train Acc: 0.9657 | Val Loss: 0.0814 | Val Acc: 0.9777
2026-09-09 19:43:13 [INFO] ✓ Saved best model: Val Acc=0.9777 at epoch 37
2026-09-09 19:43:43 [INFO] Epoch 038 | Train Loss: 0.1170 | Train Acc: 0.9656 | Val Loss: 0.0806 | Val Acc: 0.9770
2026-09-09 19:44:14 [INFO] Epoch 039 | Train Loss: 0.1174 | Train Acc: 0.9663 | Val Loss: 0.0801 | Val Acc: 0.9771
2026-09-09 19:44:44 [INFO] Epoch 040 | Train Loss: 0.1183 | Train Acc: 0.9656 | Val Loss: 0.0806 | Val Acc: 0.9775
2026-09-09 19:45:14 [INFO] Epoch 041 | Train Loss: 0.1193 | Train Acc: 0.9646 | Val Loss: 0.0798 | Val Acc: 0.9770
2026-09-09 19:45:45 [INFO] Epoch 042 | Train Loss: 0.1194 | Train Acc: 0.9653 | Val Loss: 0.0797 | Val Acc: 0.9775
2026-09-09 19:46:15 [INFO] Epoch 043 | Train Loss: 0.1184 | Train Acc: 0.9656 | Val Loss: 0.0799 | Val Acc: 0.9779
2026-09-09 19:46:15 [INFO] ✓ Saved best model: Val Acc=0.9779 at epoch 43
2026-09-09 19:46:45 [INFO] Epoch 044 | Train Loss: 0.1151 | Train Acc: 0.9659 | Val Loss: 0.0806 | Val Acc: 0.9774
2026-09-09 19:47:15 [INFO] Epoch 045 | Train Loss: 0.1173 | Train Acc: 0.9665 | Val Loss: 0.0798 | Val Acc: 0.9774
2026-09-09 19:47:45 [INFO] Epoch 046 | Train Loss: 0.1184 | Train Acc: 0.9646 | Val Loss: 0.0803 | Val Acc: 0.9767
2026-09-09 19:48:15 [INFO] Epoch 047 | Train Loss: 0.1167 | Train Acc: 0.9655 | Val Loss: 0.0801 | Val Acc: 0.9774
2026-09-09 19:48:45 [INFO] Epoch 048 | Train Loss: 0.1173 | Train Acc: 0.9657 | Val Loss: 0.0804 | Val Acc: 0.9774
2026-09-09 19:49:15 [INFO] Epoch 049 | Train Loss: 0.1165 | Train Acc: 0.9661 | Val Loss: 0.0808 | Val Acc: 0.9771
2026-09-09 19:49:15 [INFO] Evaluating Best Model on TEST Set...
2026-09-09 19:49:15 [INFO] 
[RESUME] Đang nạp checkpoint từ: /home/biu-linux/DeepLearning_Projects/DoAnNganh/HybricMamba/Ressult/TFJ/SUPER_MAMBA_DEPT_3/Belgium_ar_new_3/SUPER_MAMBA_DEPT_3_best.pth
2026-09-09 19:49:20 [INFO] 🎯 [TEST RESULT] Test Acc: 0.9769 | F1-Macro: 0.9687 | F1-Weighted: 0.9769
2026-09-10 08:15:50 [INFO] Dataset: belgium_ar_new_2 | Số nhãn (classes): 62 | Tổng số ảnh: 99330
2026-09-10 08:15:50 [INFO] Dữ liệu đã chia -> Train (70%): 64564 | Val (15%): 17383 | Test (15%): 17383
2026-09-10 08:15:50 [INFO] 
🔍 Kiểm tra phân bố class trong batch:
2026-09-10 08:15:50 [INFO]   Batch 0: 29 classes (first 5: [1, 3, 7, 8, 12])
2026-09-10 08:15:50 [INFO]   Batch 1: 24 classes (first 5: [4, 7, 10, 13, 17])
2026-09-10 08:15:50 [INFO]   Batch 2: 26 classes (first 5: [0, 1, 12, 13, 17])
2026-09-10 08:15:50 [INFO]   Batch 3: 27 classes (first 5: [0, 7, 9, 17, 18])
2026-09-10 08:15:50 [INFO]   Batch 4: 34 classes (first 5: [1, 4, 7, 8, 14])
2026-09-10 08:15:51 [INFO] ✅ Shuffle tốt! Trung bình 28.0 classes/batch
2026-09-10 08:15:51 [INFO] ============================================================
2026-09-10 08:15:51 [INFO] Starting training: SUPER_MAMBA_DEPT_3
2026-09-10 08:15:51 [INFO] Dataset: belgium_ar_new_2 | Path: /home/biu-linux/DeepLearning_Projects/DoAnNganh/data/Belgium_ar_2
2026-09-10 08:15:51 [INFO] Device: cuda
2026-09-10 08:15:51 [INFO] GPU: NVIDIA GeForce RTX 3050 Laptop GPU
2026-09-10 08:15:51 [INFO] ============================================================
2026-09-10 08:15:51 [INFO] 
[RESUME] Đang nạp checkpoint từ: /home/biu-linux/DeepLearning_Projects/DoAnNganh/HybricMamba/Ressult/TFJ/SUPER_MAMBA_DEPT_3/belgium_ar_new_2/SUPER_MAMBA_DEPT_3_best.pth
2026-09-10 08:16:21 [INFO] Epoch 044 | Train Loss: 0.1266 | Train Acc: 0.9634 | Val Loss: 0.0669 | Val Acc: 0.9813
2026-09-10 08:16:21 [INFO] ✓ Saved best model: Val Acc=0.9813 at epoch 44
2026-09-10 08:16:49 [INFO] Epoch 045 | Train Loss: 0.1253 | Train Acc: 0.9633 | Val Loss: 0.0667 | Val Acc: 0.9818
2026-09-10 08:16:49 [INFO] ✓ Saved best model: Val Acc=0.9818 at epoch 45
2026-09-10 08:17:18 [INFO] Epoch 046 | Train Loss: 0.1258 | Train Acc: 0.9628 | Val Loss: 0.0665 | Val Acc: 0.9819
2026-09-10 08:17:18 [INFO] ✓ Saved best model: Val Acc=0.9819 at epoch 46
2026-09-10 08:17:46 [INFO] Epoch 047 | Train Loss: 0.1240 | Train Acc: 0.9641 | Val Loss: 0.0669 | Val Acc: 0.9815
2026-09-10 08:18:15 [INFO] Epoch 048 | Train Loss: 0.1256 | Train Acc: 0.9634 | Val Loss: 0.0665 | Val Acc: 0.9817
2026-09-10 08:18:44 [INFO] Epoch 049 | Train Loss: 0.1253 | Train Acc: 0.9627 | Val Loss: 0.0672 | Val Acc: 0.9812
2026-09-10 08:18:44 [INFO] Evaluating Best Model on TEST Set...
2026-09-10 08:18:44 [INFO] 
[RESUME] Đang nạp checkpoint từ: /home/biu-linux/DeepLearning_Projects/DoAnNganh/HybricMamba/Ressult/TFJ/SUPER_MAMBA_DEPT_3/belgium_ar_new_2/SUPER_MAMBA_DEPT_3_best.pth
2026-09-10 08:18:47 [INFO] 🎯 [TEST RESULT] Test Acc: 0.9814 | F1-Macro: 0.9719 | F1-Weighted: 0.9814
