2026-09-09 20:14:41 [INFO] Dataset: Belgium_ar_new_3 | Số nhãn (classes): 62 | Tổng số ảnh: 99330
2026-09-09 20:14:41 [INFO] Dữ liệu đã chia -> Train (70%): 64564 | Val (15%): 17383 | Test (15%): 17383
2026-09-09 20:14:41 [INFO] 
🔍 Kiểm tra phân bố class trong batch:
2026-09-09 20:14:42 [INFO]   Batch 0: 23 classes (first 5: [1, 6, 7, 14, 17])
2026-09-09 20:14:42 [INFO]   Batch 1: 30 classes (first 5: [0, 1, 7, 10, 15])
2026-09-09 20:14:42 [INFO]   Batch 2: 31 classes (first 5: [0, 1, 2, 7, 12])
2026-09-09 20:14:42 [INFO]   Batch 3: 28 classes (first 5: [2, 3, 4, 6, 7])
2026-09-09 20:14:42 [INFO]   Batch 4: 29 classes (first 5: [1, 2, 3, 4, 6])
2026-09-09 20:14:42 [INFO] ✅ Shuffle tốt! Trung bình 28.2 classes/batch
2026-09-09 20:14:42 [INFO] ============================================================
2026-09-09 20:14:42 [INFO] Starting training: EFFICIENTNET_B0
2026-09-09 20:14:42 [INFO] Dataset: Belgium_ar_new_3 | Path: /home/biu-linux/DeepLearning_Projects/DoAnNganh/data/Belgium_ar_3
2026-09-09 20:14:42 [INFO] Device: cuda
2026-09-09 20:14:42 [INFO] GPU: NVIDIA GeForce RTX 3050 Laptop GPU
2026-09-09 20:14:42 [INFO] ============================================================
2026-09-09 20:15:14 [INFO] Epoch 000 | Train Loss: 2.0872 | Train Acc: 0.4871 | Val Loss: 0.6977 | Val Acc: 0.7901
2026-09-09 20:15:14 [INFO] ✓ Saved best model: Val Acc=0.7901 at epoch 0
2026-09-09 20:15:43 [INFO] Epoch 001 | Train Loss: 0.6556 | Train Acc: 0.8047 | Val Loss: 0.3145 | Val Acc: 0.9046
2026-09-09 20:15:43 [INFO] ✓ Saved best model: Val Acc=0.9046 at epoch 1
2026-09-09 20:16:12 [INFO] Epoch 002 | Train Loss: 0.4404 | Train Acc: 0.8676 | Val Loss: 0.2332 | Val Acc: 0.9296
2026-09-09 20:16:12 [INFO] ✓ Saved best model: Val Acc=0.9296 at epoch 2
2026-09-09 20:16:41 [INFO] Epoch 003 | Train Loss: 0.3691 | Train Acc: 0.8912 | Val Loss: 0.2058 | Val Acc: 0.9379
2026-09-09 20:16:41 [INFO] ✓ Saved best model: Val Acc=0.9379 at epoch 3
2026-09-09 20:17:10 [INFO] Epoch 004 | Train Loss: 0.3495 | Train Acc: 0.8990 | Val Loss: 0.1871 | Val Acc: 0.9437
2026-09-09 20:17:10 [INFO] ✓ Saved best model: Val Acc=0.9437 at epoch 4
2026-09-09 20:17:39 [INFO] Epoch 005 | Train Loss: 0.2943 | Train Acc: 0.9154 | Val Loss: 0.1700 | Val Acc: 0.9508
2026-09-09 20:17:39 [INFO] ✓ Saved best model: Val Acc=0.9508 at epoch 5
2026-09-09 20:18:08 [INFO] Epoch 006 | Train Loss: 0.2696 | Train Acc: 0.9222 | Val Loss: 0.1588 | Val Acc: 0.9542
2026-09-09 20:18:09 [INFO] ✓ Saved best model: Val Acc=0.9542 at epoch 6
2026-09-09 20:18:38 [INFO] Epoch 007 | Train Loss: 0.2469 | Train Acc: 0.9286 | Val Loss: 0.1479 | Val Acc: 0.9563
2026-09-09 20:18:38 [INFO] ✓ Saved best model: Val Acc=0.9563 at epoch 7
2026-09-09 20:19:07 [INFO] Epoch 008 | Train Loss: 0.2484 | Train Acc: 0.9278 | Val Loss: 0.1538 | Val Acc: 0.9552
2026-09-09 20:19:36 [INFO] Epoch 009 | Train Loss: 0.2231 | Train Acc: 0.9347 | Val Loss: 0.1374 | Val Acc: 0.9600
2026-09-09 20:19:36 [INFO] ✓ Saved best model: Val Acc=0.9600 at epoch 9
2026-09-09 20:20:05 [INFO] Epoch 010 | Train Loss: 0.2167 | Train Acc: 0.9367 | Val Loss: 0.1264 | Val Acc: 0.9631
2026-09-09 20:20:06 [INFO] ✓ Saved best model: Val Acc=0.9631 at epoch 10
2026-09-09 20:20:35 [INFO] Epoch 011 | Train Loss: 0.2035 | Train Acc: 0.9419 | Val Loss: 0.1251 | Val Acc: 0.9635
2026-09-09 20:20:35 [INFO] ✓ Saved best model: Val Acc=0.9635 at epoch 11
2026-09-09 20:21:04 [INFO] Epoch 012 | Train Loss: 0.1910 | Train Acc: 0.9441 | Val Loss: 0.1154 | Val Acc: 0.9659
2026-09-09 20:21:04 [INFO] ✓ Saved best model: Val Acc=0.9659 at epoch 12
2026-09-09 20:21:33 [INFO] Epoch 013 | Train Loss: 0.1832 | Train Acc: 0.9457 | Val Loss: 0.1133 | Val Acc: 0.9661
2026-09-09 20:21:34 [INFO] ✓ Saved best model: Val Acc=0.9661 at epoch 13
2026-09-09 20:22:03 [INFO] Epoch 014 | Train Loss: 0.1814 | Train Acc: 0.9469 | Val Loss: 0.1150 | Val Acc: 0.9658
2026-09-09 20:22:32 [INFO] Epoch 015 | Train Loss: 0.1767 | Train Acc: 0.9482 | Val Loss: 0.1096 | Val Acc: 0.9680
2026-09-09 20:22:32 [INFO] ✓ Saved best model: Val Acc=0.9680 at epoch 15
2026-09-09 20:23:02 [INFO] Epoch 016 | Train Loss: 0.1698 | Train Acc: 0.9503 | Val Loss: 0.1123 | Val Acc: 0.9659
2026-09-09 20:23:31 [INFO] Epoch 017 | Train Loss: 0.1644 | Train Acc: 0.9512 | Val Loss: 0.1073 | Val Acc: 0.9694
2026-09-09 20:23:31 [INFO] ✓ Saved best model: Val Acc=0.9694 at epoch 17
2026-09-09 20:24:01 [INFO] Epoch 018 | Train Loss: 0.1628 | Train Acc: 0.9522 | Val Loss: 0.0987 | Val Acc: 0.9714
2026-09-09 20:24:01 [INFO] ✓ Saved best model: Val Acc=0.9714 at epoch 18
2026-09-09 20:24:30 [INFO] Epoch 019 | Train Loss: 0.1585 | Train Acc: 0.9530 | Val Loss: 0.1115 | Val Acc: 0.9665
2026-09-09 20:24:59 [INFO] Epoch 020 | Train Loss: 0.0967 | Train Acc: 0.9701 | Val Loss: 0.0662 | Val Acc: 0.9806
2026-09-09 20:25:00 [INFO] ✓ Saved best model: Val Acc=0.9806 at epoch 20
2026-09-09 20:25:29 [INFO] Epoch 021 | Train Loss: 0.0822 | Train Acc: 0.9746 | Val Loss: 0.0631 | Val Acc: 0.9812
2026-09-09 20:25:29 [INFO] ✓ Saved best model: Val Acc=0.9812 at epoch 21
2026-09-09 20:25:58 [INFO] Epoch 022 | Train Loss: 0.0749 | Train Acc: 0.9766 | Val Loss: 0.0599 | Val Acc: 0.9819
2026-09-09 20:25:58 [INFO] ✓ Saved best model: Val Acc=0.9819 at epoch 22
2026-09-09 20:26:27 [INFO] Epoch 023 | Train Loss: 0.0698 | Train Acc: 0.9777 | Val Loss: 0.0585 | Val Acc: 0.9819
2026-09-09 20:26:57 [INFO] Epoch 024 | Train Loss: 0.0653 | Train Acc: 0.9793 | Val Loss: 0.0583 | Val Acc: 0.9825
2026-09-09 20:26:57 [INFO] ✓ Saved best model: Val Acc=0.9825 at epoch 24
2026-09-09 20:27:26 [INFO] Epoch 025 | Train Loss: 0.0652 | Train Acc: 0.9794 | Val Loss: 0.0577 | Val Acc: 0.9825
2026-09-09 20:27:55 [INFO] Epoch 026 | Train Loss: 0.0610 | Train Acc: 0.9806 | Val Loss: 0.0588 | Val Acc: 0.9821
2026-09-09 20:28:24 [INFO] Epoch 027 | Train Loss: 0.0611 | Train Acc: 0.9805 | Val Loss: 0.0573 | Val Acc: 0.9823
2026-09-09 20:28:53 [INFO] Epoch 028 | Train Loss: 0.0578 | Train Acc: 0.9814 | Val Loss: 0.0564 | Val Acc: 0.9822
2026-09-09 20:29:22 [INFO] Epoch 029 | Train Loss: 0.0575 | Train Acc: 0.9819 | Val Loss: 0.0569 | Val Acc: 0.9823
2026-09-09 20:29:52 [INFO] Epoch 030 | Train Loss: 0.0542 | Train Acc: 0.9827 | Val Loss: 0.0539 | Val Acc: 0.9834
2026-09-09 20:29:52 [INFO] ✓ Saved best model: Val Acc=0.9834 at epoch 30
2026-09-09 20:30:21 [INFO] Epoch 031 | Train Loss: 0.0540 | Train Acc: 0.9834 | Val Loss: 0.0532 | Val Acc: 0.9837
2026-09-09 20:30:21 [INFO] ✓ Saved best model: Val Acc=0.9837 at epoch 31
2026-09-09 20:30:50 [INFO] Epoch 032 | Train Loss: 0.0502 | Train Acc: 0.9844 | Val Loss: 0.0535 | Val Acc: 0.9841
2026-09-09 20:30:51 [INFO] ✓ Saved best model: Val Acc=0.9841 at epoch 32
2026-09-09 20:31:20 [INFO] Epoch 033 | Train Loss: 0.0501 | Train Acc: 0.9840 | Val Loss: 0.0534 | Val Acc: 0.9837
2026-09-09 20:31:49 [INFO] Epoch 034 | Train Loss: 0.0506 | Train Acc: 0.9835 | Val Loss: 0.0536 | Val Acc: 0.9839
2026-09-09 20:32:18 [INFO] Epoch 035 | Train Loss: 0.0499 | Train Acc: 0.9841 | Val Loss: 0.0527 | Val Acc: 0.9838
2026-09-09 20:32:47 [INFO] Epoch 036 | Train Loss: 0.0479 | Train Acc: 0.9845 | Val Loss: 0.0523 | Val Acc: 0.9843
2026-09-09 20:32:47 [INFO] ✓ Saved best model: Val Acc=0.9843 at epoch 36
2026-09-09 20:33:16 [INFO] Epoch 037 | Train Loss: 0.0483 | Train Acc: 0.9846 | Val Loss: 0.0533 | Val Acc: 0.9838
2026-09-09 20:33:46 [INFO] Epoch 038 | Train Loss: 0.0487 | Train Acc: 0.9843 | Val Loss: 0.0528 | Val Acc: 0.9842
2026-09-09 20:34:15 [INFO] Epoch 039 | Train Loss: 0.0468 | Train Acc: 0.9850 | Val Loss: 0.0527 | Val Acc: 0.9839
2026-09-09 20:34:44 [INFO] Epoch 040 | Train Loss: 0.0486 | Train Acc: 0.9844 | Val Loss: 0.0521 | Val Acc: 0.9840
2026-09-09 20:35:13 [INFO] Epoch 041 | Train Loss: 0.0468 | Train Acc: 0.9849 | Val Loss: 0.0523 | Val Acc: 0.9841
2026-09-09 20:35:43 [INFO] Epoch 042 | Train Loss: 0.0487 | Train Acc: 0.9846 | Val Loss: 0.0527 | Val Acc: 0.9842
2026-09-09 20:36:12 [INFO] Epoch 043 | Train Loss: 0.0481 | Train Acc: 0.9842 | Val Loss: 0.0524 | Val Acc: 0.9839
2026-09-09 20:36:41 [INFO] Epoch 044 | Train Loss: 0.0468 | Train Acc: 0.9847 | Val Loss: 0.0531 | Val Acc: 0.9839
2026-09-09 20:37:10 [INFO] Epoch 045 | Train Loss: 0.0499 | Train Acc: 0.9838 | Val Loss: 0.0522 | Val Acc: 0.9841
2026-09-09 20:37:39 [INFO] Epoch 046 | Train Loss: 0.0481 | Train Acc: 0.9850 | Val Loss: 0.0524 | Val Acc: 0.9835
2026-09-09 20:37:39 [INFO] ⏹ Early stopping tại epoch 46 (không cải thiện sau 10 epoch, best=0.9843)
2026-09-09 20:37:39 [INFO] Evaluating Best Model on TEST Set...
2026-09-09 20:37:39 [INFO] 
[RESUME] Đang nạp checkpoint từ: /home/biu-linux/DeepLearning_Projects/DoAnNganh/HybricMamba/Ressult/TFJ/EFFICIENTNET_B0/Belgium_ar_new_3/EFFICIENTNET_B0_best.pth
2026-09-09 20:37:42 [INFO] 🎯 [TEST RESULT] Test Acc: 0.9844 | F1-Macro: 0.9787 | F1-Weighted: 0.9844
2026-09-10 08:36:56 [INFO] Dataset: belgium_ar_new_2 | Số nhãn (classes): 62 | Tổng số ảnh: 99330
2026-09-10 08:36:56 [INFO] Dữ liệu đã chia -> Train (70%): 64564 | Val (15%): 17383 | Test (15%): 17383
2026-09-10 08:36:56 [INFO] 
🔍 Kiểm tra phân bố class trong batch:
2026-09-10 08:36:58 [INFO]   Batch 0: 33 classes (first 5: [0, 1, 2, 7, 10])
2026-09-10 08:36:58 [INFO]   Batch 1: 25 classes (first 5: [5, 7, 14, 17, 18])
2026-09-10 08:36:58 [INFO]   Batch 2: 27 classes (first 5: [3, 13, 17, 18, 21])
2026-09-10 08:36:58 [INFO]   Batch 3: 33 classes (first 5: [1, 3, 7, 9, 12])
2026-09-10 08:36:58 [INFO]   Batch 4: 31 classes (first 5: [1, 5, 7, 8, 9])
2026-09-10 08:36:58 [INFO] ✅ Shuffle tốt! Trung bình 29.8 classes/batch
2026-09-10 08:36:58 [INFO] ============================================================
2026-09-10 08:36:58 [INFO] Starting training: EFFICIENTNET_B0
2026-09-10 08:36:58 [INFO] Dataset: belgium_ar_new_2 | Path: /home/biu-linux/DeepLearning_Projects/DoAnNganh/data/Belgium_ar_2
2026-09-10 08:36:58 [INFO] Device: cuda
2026-09-10 08:36:58 [INFO] GPU: NVIDIA GeForce RTX 3050 Laptop GPU
2026-09-10 08:36:58 [INFO] ============================================================
2026-09-10 08:36:58 [INFO] 
[RESUME] Đang nạp checkpoint từ: /home/biu-linux/DeepLearning_Projects/DoAnNganh/HybricMamba/Ressult/TFJ/EFFICIENTNET_B0/belgium_ar_new_2/EFFICIENTNET_B0_best.pth
2026-09-10 08:37:23 [INFO] Dataset: belgium_ar_new_2 | Số nhãn (classes): 62 | Tổng số ảnh: 99330
2026-09-10 08:37:23 [INFO] Dữ liệu đã chia -> Train (70%): 64564 | Val (15%): 17383 | Test (15%): 17383
2026-09-10 08:37:23 [INFO] 
🔍 Kiểm tra phân bố class trong batch:
2026-09-10 08:37:25 [INFO]   Batch 0: 27 classes (first 5: [1, 7, 12, 13, 14])
2026-09-10 08:37:25 [INFO]   Batch 1: 27 classes (first 5: [4, 7, 12, 13, 17])
2026-09-10 08:37:25 [INFO]   Batch 2: 29 classes (first 5: [7, 13, 14, 16, 17])
2026-09-10 08:37:25 [INFO]   Batch 3: 28 classes (first 5: [0, 1, 7, 13, 14])
2026-09-10 08:37:25 [INFO]   Batch 4: 28 classes (first 5: [0, 1, 4, 7, 10])
2026-09-10 08:37:25 [INFO] ✅ Shuffle tốt! Trung bình 27.8 classes/batch
2026-09-10 08:37:25 [INFO] ============================================================
2026-09-10 08:37:25 [INFO] Starting training: EFFICIENTNET_B0
2026-09-10 08:37:25 [INFO] Dataset: belgium_ar_new_2 | Path: /home/biu-linux/DeepLearning_Projects/DoAnNganh/data/Belgium_ar_2
2026-09-10 08:37:25 [INFO] Device: cuda
2026-09-10 08:37:25 [INFO] GPU: NVIDIA GeForce RTX 3050 Laptop GPU
2026-09-10 08:37:25 [INFO] ============================================================
2026-09-10 08:37:25 [INFO] 
[RESUME] Đang nạp checkpoint từ: /home/biu-linux/DeepLearning_Projects/DoAnNganh/HybricMamba/Ressult/TFJ/EFFICIENTNET_B0/belgium_ar_new_2/EFFICIENTNET_B0_best.pth
2026-09-10 08:37:55 [INFO] Epoch 037 | Train Loss: 0.0641 | Train Acc: 0.9804 | Val Loss: 0.0272 | Val Acc: 0.9917
2026-09-10 08:37:55 [INFO] ✓ Saved best model: Val Acc=0.9917 at epoch 37
2026-09-10 08:38:22 [INFO] Epoch 038 | Train Loss: 0.0621 | Train Acc: 0.9804 | Val Loss: 0.0271 | Val Acc: 0.9916
2026-09-10 08:38:49 [INFO] Epoch 039 | Train Loss: 0.0630 | Train Acc: 0.9805 | Val Loss: 0.0277 | Val Acc: 0.9917
2026-09-10 08:38:49 [INFO] Evaluating Best Model on TEST Set...
2026-09-10 08:38:49 [INFO] 
[RESUME] Đang nạp checkpoint từ: /home/biu-linux/DeepLearning_Projects/DoAnNganh/HybricMamba/Ressult/TFJ/EFFICIENTNET_B0/belgium_ar_new_2/EFFICIENTNET_B0_best.pth
2026-09-10 08:38:51 [INFO] 🎯 [TEST RESULT] Test Acc: 0.9905 | F1-Macro: 0.9897 | F1-Weighted: 0.9905
