
2026-08-25 08:11:17 [INFO] Dataset: German_51k | Số nhãn (classes): 43 | Tổng số ảnh: 51839
2026-08-25 08:11:17 [INFO] Dữ liệu đã chia -> Train (70%): 36287 | Val (15%): 7776 | Test (15%): 7776
2026-08-25 08:11:17 [INFO] 
🔍 Kiểm tra phân bố class trong batch:
2026-08-25 08:11:17 [INFO]   Batch 0: 24 classes (first 5: [1, 2, 3, 4, 5])
2026-08-25 08:11:17 [INFO]   Batch 1: 24 classes (first 5: [1, 2, 3, 4, 5])
2026-08-25 08:11:17 [INFO]   Batch 2: 25 classes (first 5: [0, 1, 2, 3, 4])
2026-08-25 08:11:17 [INFO]   Batch 3: 27 classes (first 5: [0, 1, 2, 3, 4])
2026-08-25 08:11:17 [INFO]   Batch 4: 27 classes (first 5: [0, 1, 2, 3, 4])
2026-08-25 08:11:17 [INFO] ✅ Shuffle tốt! Trung bình 25.4 classes/batch
2026-08-25 08:11:17 [WARNING] No pretrained weights exist for this model. Using random initialization.
2026-08-25 08:11:17 [INFO] ============================================================
2026-08-25 08:11:17 [INFO] Starting training: MOBILENETV3_SMALL
2026-08-25 08:11:17 [INFO] Dataset: German_51k | Path: /home/biu-linux/DeepLearning_Projects/DoAnNganh/data/German_51k
2026-08-25 08:11:17 [INFO] Device: cuda
2026-08-25 08:11:17 [INFO] GPU: NVIDIA GeForce RTX 3050 Laptop GPU
2026-08-25 08:11:17 [INFO] ============================================================
2026-08-25 08:11:30 [INFO] Epoch 000 | Train Loss: 2.8484 | Train Acc: 0.2112 | Val Loss: 1.7795 | Val Acc: 0.4212
2026-08-25 08:11:30 [INFO] ✓ Saved best model: Val Acc=0.4212 at epoch 0
2026-08-25 08:11:43 [INFO] Epoch 001 | Train Loss: 1.8227 | Train Acc: 0.4098 | Val Loss: 1.2743 | Val Acc: 0.5651
2026-08-25 08:11:43 [INFO] ✓ Saved best model: Val Acc=0.5651 at epoch 1
2026-08-25 08:11:55 [INFO] Epoch 002 | Train Loss: 1.5001 | Train Acc: 0.5037 | Val Loss: 1.0095 | Val Acc: 0.6497
2026-08-25 08:11:56 [INFO] ✓ Saved best model: Val Acc=0.6497 at epoch 2
2026-08-25 08:12:05 [INFO] Epoch 003 | Train Loss: 1.2510 | Train Acc: 0.5884 | Val Loss: 0.8658 | Val Acc: 0.7023
2026-08-25 08:12:06 [INFO] ✓ Saved best model: Val Acc=0.7023 at epoch 3
2026-08-25 08:12:17 [INFO] Epoch 004 | Train Loss: 1.0738 | Train Acc: 0.6482 | Val Loss: 0.6322 | Val Acc: 0.7877
2026-08-25 08:12:17 [INFO] ✓ Saved best model: Val Acc=0.7877 at epoch 4
2026-08-25 08:12:29 [INFO] Epoch 005 | Train Loss: 0.9223 | Train Acc: 0.6964 | Val Loss: 0.5046 | Val Acc: 0.8236
2026-08-25 08:12:29 [INFO] ✓ Saved best model: Val Acc=0.8236 at epoch 5
2026-08-25 08:12:41 [INFO] Epoch 006 | Train Loss: 0.8232 | Train Acc: 0.7313 | Val Loss: 0.4215 | Val Acc: 0.8561
2026-08-25 08:12:41 [INFO] ✓ Saved best model: Val Acc=0.8561 at epoch 6
2026-08-25 08:12:50 [INFO] Epoch 007 | Train Loss: 0.7299 | Train Acc: 0.7578 | Val Loss: 0.4522 | Val Acc: 0.8462
2026-08-25 08:13:01 [INFO] Epoch 008 | Train Loss: 0.6746 | Train Acc: 0.7819 | Val Loss: 0.3071 | Val Acc: 0.8990
2026-08-25 08:13:01 [INFO] ✓ Saved best model: Val Acc=0.8990 at epoch 8
2026-08-25 08:13:13 [INFO] Epoch 009 | Train Loss: 0.6059 | Train Acc: 0.8038 | Val Loss: 0.3499 | Val Acc: 0.8787
2026-08-25 08:13:24 [INFO] Epoch 010 | Train Loss: 0.5798 | Train Acc: 0.8132 | Val Loss: 0.2593 | Val Acc: 0.9118
2026-08-25 08:13:24 [INFO] ✓ Saved best model: Val Acc=0.9118 at epoch 10
2026-08-25 08:13:33 [INFO] Epoch 011 | Train Loss: 0.5405 | Train Acc: 0.8245 | Val Loss: 0.2616 | Val Acc: 0.9114
2026-08-25 08:13:45 [INFO] Epoch 012 | Train Loss: 0.5022 | Train Acc: 0.8368 | Val Loss: 0.2220 | Val Acc: 0.9244
2026-08-25 08:13:45 [INFO] ✓ Saved best model: Val Acc=0.9244 at epoch 12
2026-08-25 08:13:57 [INFO] Epoch 013 | Train Loss: 0.4782 | Train Acc: 0.8458 | Val Loss: 0.1933 | Val Acc: 0.9361
2026-08-25 08:13:57 [INFO] ✓ Saved best model: Val Acc=0.9361 at epoch 13
2026-08-25 08:14:10 [INFO] Epoch 014 | Train Loss: 0.4544 | Train Acc: 0.8527 | Val Loss: 0.1678 | Val Acc: 0.9438
2026-08-25 08:14:10 [INFO] ✓ Saved best model: Val Acc=0.9438 at epoch 14
2026-08-25 08:14:19 [INFO] Epoch 015 | Train Loss: 0.4285 | Train Acc: 0.8616 | Val Loss: 0.1585 | Val Acc: 0.9501
2026-08-25 08:14:19 [INFO] ✓ Saved best model: Val Acc=0.9501 at epoch 15
2026-08-25 08:14:30 [INFO] Epoch 016 | Train Loss: 0.4139 | Train Acc: 0.8671 | Val Loss: 0.1892 | Val Acc: 0.9392
2026-08-25 08:14:41 [INFO] Epoch 017 | Train Loss: 0.4005 | Train Acc: 0.8707 | Val Loss: 0.1765 | Val Acc: 0.9441
2026-08-25 08:14:54 [INFO] Epoch 018 | Train Loss: 0.3867 | Train Acc: 0.8760 | Val Loss: 0.1472 | Val Acc: 0.9541
2026-08-25 08:14:54 [INFO] ✓ Saved best model: Val Acc=0.9541 at epoch 18
2026-08-25 08:15:02 [INFO] Epoch 019 | Train Loss: 0.3636 | Train Acc: 0.8832 | Val Loss: 0.1373 | Val Acc: 0.9550
2026-08-25 08:15:02 [INFO] ✓ Saved best model: Val Acc=0.9550 at epoch 19
2026-08-25 08:15:13 [INFO] Epoch 020 | Train Loss: 0.3586 | Train Acc: 0.8856 | Val Loss: 0.1296 | Val Acc: 0.9577
2026-08-25 08:15:13 [INFO] ✓ Saved best model: Val Acc=0.9577 at epoch 20
2026-08-25 08:15:26 [INFO] Epoch 021 | Train Loss: 0.3342 | Train Acc: 0.8917 | Val Loss: 0.1160 | Val Acc: 0.9657
2026-08-25 08:15:26 [INFO] ✓ Saved best model: Val Acc=0.9657 at epoch 21
2026-08-25 08:15:36 [INFO] Epoch 022 | Train Loss: 0.3384 | Train Acc: 0.8931 | Val Loss: 0.1165 | Val Acc: 0.9640
2026-08-25 08:15:46 [INFO] Epoch 023 | Train Loss: 0.3213 | Train Acc: 0.8970 | Val Loss: 0.1281 | Val Acc: 0.9565
2026-08-25 08:15:58 [INFO] Epoch 024 | Train Loss: 0.3364 | Train Acc: 0.8945 | Val Loss: 0.1492 | Val Acc: 0.9465
2026-08-25 08:16:10 [INFO] Epoch 025 | Train Loss: 0.3232 | Train Acc: 0.8978 | Val Loss: 0.1276 | Val Acc: 0.9597
2026-08-25 08:16:20 [INFO] Epoch 026 | Train Loss: 0.3053 | Train Acc: 0.9055 | Val Loss: 0.0896 | Val Acc: 0.9721
2026-08-25 08:16:20 [INFO] ✓ Saved best model: Val Acc=0.9721 at epoch 26
2026-08-25 08:16:31 [INFO] Epoch 027 | Train Loss: 0.2951 | Train Acc: 0.9075 | Val Loss: 0.1042 | Val Acc: 0.9676
2026-08-25 08:16:42 [INFO] Epoch 028 | Train Loss: 0.2865 | Train Acc: 0.9086 | Val Loss: 0.1047 | Val Acc: 0.9666
2026-08-25 08:16:55 [INFO] Epoch 029 | Train Loss: 0.2803 | Train Acc: 0.9113 | Val Loss: 0.0869 | Val Acc: 0.9751
2026-08-25 08:16:55 [INFO] ✓ Saved best model: Val Acc=0.9751 at epoch 29
2026-08-25 08:17:04 [INFO] Epoch 030 | Train Loss: 0.2709 | Train Acc: 0.9150 | Val Loss: 0.0957 | Val Acc: 0.9711
2026-08-25 08:17:16 [INFO] Epoch 031 | Train Loss: 0.2620 | Train Acc: 0.9171 | Val Loss: 0.0789 | Val Acc: 0.9778
2026-08-25 08:17:16 [INFO] ✓ Saved best model: Val Acc=0.9778 at epoch 31
2026-08-25 08:17:27 [INFO] Epoch 032 | Train Loss: 0.2669 | Train Acc: 0.9155 | Val Loss: 0.0912 | Val Acc: 0.9706
2026-08-25 08:17:40 [INFO] Epoch 033 | Train Loss: 0.2632 | Train Acc: 0.9190 | Val Loss: 0.0769 | Val Acc: 0.9769
2026-08-25 08:17:48 [INFO] Epoch 034 | Train Loss: 0.2493 | Train Acc: 0.9191 | Val Loss: 0.0674 | Val Acc: 0.9801
2026-08-25 08:17:48 [INFO] ✓ Saved best model: Val Acc=0.9801 at epoch 34
2026-08-25 08:17:59 [INFO] Epoch 035 | Train Loss: 0.2370 | Train Acc: 0.9251 | Val Loss: 0.0894 | Val Acc: 0.9718
2026-08-25 08:18:11 [INFO] Epoch 036 | Train Loss: 0.2417 | Train Acc: 0.9224 | Val Loss: 0.0880 | Val Acc: 0.9749
2026-08-25 08:18:22 [INFO] Epoch 037 | Train Loss: 0.2454 | Train Acc: 0.9229 | Val Loss: 0.0569 | Val Acc: 0.9826
2026-08-25 08:18:22 [INFO] ✓ Saved best model: Val Acc=0.9826 at epoch 37
2026-08-25 08:18:32 [INFO] Epoch 038 | Train Loss: 0.2389 | Train Acc: 0.9228 | Val Loss: 0.1182 | Val Acc: 0.9662
2026-08-25 08:18:44 [INFO] Epoch 039 | Train Loss: 0.2320 | Train Acc: 0.9260 | Val Loss: 0.0612 | Val Acc: 0.9826
2026-08-25 08:18:55 [INFO] Epoch 040 | Train Loss: 0.1537 | Train Acc: 0.9507 | Val Loss: 0.0403 | Val Acc: 0.9869
2026-08-25 08:18:55 [INFO] ✓ Saved best model: Val Acc=0.9869 at epoch 40
2026-08-25 08:19:04 [INFO] Epoch 041 | Train Loss: 0.1392 | Train Acc: 0.9551 | Val Loss: 0.0428 | Val Acc: 0.9847
2026-08-25 08:19:16 [INFO] Epoch 042 | Train Loss: 0.1363 | Train Acc: 0.9577 | Val Loss: 0.0307 | Val Acc: 0.9911
2026-08-25 08:19:16 [INFO] ✓ Saved best model: Val Acc=0.9911 at epoch 42
2026-08-25 08:19:27 [INFO] Epoch 043 | Train Loss: 0.1210 | Train Acc: 0.9603 | Val Loss: 0.0268 | Val Acc: 0.9920
2026-08-25 08:19:27 [INFO] ✓ Saved best model: Val Acc=0.9920 at epoch 43
2026-08-25 08:19:39 [INFO] Epoch 044 | Train Loss: 0.1217 | Train Acc: 0.9619 | Val Loss: 0.0269 | Val Acc: 0.9923
2026-08-25 08:19:40 [INFO] ✓ Saved best model: Val Acc=0.9923 at epoch 44
2026-08-25 08:19:48 [INFO] Epoch 045 | Train Loss: 0.1215 | Train Acc: 0.9611 | Val Loss: 0.0469 | Val Acc: 0.9834
2026-08-25 08:19:59 [INFO] Epoch 046 | Train Loss: 0.1190 | Train Acc: 0.9621 | Val Loss: 0.0547 | Val Acc: 0.9819
2026-08-25 08:20:11 [INFO] Epoch 047 | Train Loss: 0.1159 | Train Acc: 0.9637 | Val Loss: 0.0295 | Val Acc: 0.9892
2026-08-25 08:20:22 [INFO] Epoch 048 | Train Loss: 0.1185 | Train Acc: 0.9641 | Val Loss: 0.0465 | Val Acc: 0.9837
2026-08-25 08:20:32 [INFO] Epoch 049 | Train Loss: 0.1123 | Train Acc: 0.9642 | Val Loss: 0.0503 | Val Acc: 0.9843
2026-08-25 08:20:43 [INFO] Epoch 050 | Train Loss: 0.1104 | Train Acc: 0.9643 | Val Loss: 0.0343 | Val Acc: 0.9896
2026-08-25 08:20:56 [INFO] Epoch 051 | Train Loss: 0.1104 | Train Acc: 0.9646 | Val Loss: 0.0607 | Val Acc: 0.9825
2026-08-25 08:21:06 [INFO] Epoch 052 | Train Loss: 0.1078 | Train Acc: 0.9663 | Val Loss: 0.0628 | Val Acc: 0.9826
2026-08-25 08:21:17 [INFO] Epoch 053 | Train Loss: 0.1124 | Train Acc: 0.9651 | Val Loss: 0.0422 | Val Acc: 0.9853
2026-08-25 08:21:28 [INFO] Epoch 054 | Train Loss: 0.1100 | Train Acc: 0.9651 | Val Loss: 0.1575 | Val Acc: 0.9772
2026-08-25 08:21:40 [INFO] Epoch 055 | Train Loss: 0.1037 | Train Acc: 0.9673 | Val Loss: 0.0566 | Val Acc: 0.9839
2026-08-25 08:21:49 [INFO] Epoch 056 | Train Loss: 0.1040 | Train Acc: 0.9673 | Val Loss: 0.1896 | Val Acc: 0.9769
2026-08-25 08:22:00 [INFO] Epoch 057 | Train Loss: 0.1033 | Train Acc: 0.9678 | Val Loss: 0.3213 | Val Acc: 0.9756
2026-08-25 08:22:12 [INFO] Epoch 058 | Train Loss: 0.0983 | Train Acc: 0.9684 | Val Loss: 0.0513 | Val Acc: 0.9862
2026-08-25 08:22:24 [INFO] Epoch 059 | Train Loss: 0.0997 | Train Acc: 0.9675 | Val Loss: 0.0656 | Val Acc: 0.9811
2026-08-25 08:22:33 [INFO] Epoch 060 | Train Loss: 0.1004 | Train Acc: 0.9675 | Val Loss: 0.0360 | Val Acc: 0.9874
2026-08-25 08:22:44 [INFO] Epoch 061 | Train Loss: 0.1019 | Train Acc: 0.9677 | Val Loss: 0.0398 | Val Acc: 0.9871
2026-08-25 08:22:56 [INFO] Epoch 062 | Train Loss: 0.0982 | Train Acc: 0.9694 | Val Loss: 0.0610 | Val Acc: 0.9857
2026-08-25 08:23:09 [INFO] Epoch 063 | Train Loss: 0.0956 | Train Acc: 0.9694 | Val Loss: 0.2588 | Val Acc: 0.9776
2026-08-25 08:23:18 [INFO] Epoch 064 | Train Loss: 0.0957 | Train Acc: 0.9697 | Val Loss: 0.0467 | Val Acc: 0.9874
2026-08-25 08:23:28 [INFO] Epoch 065 | Train Loss: 0.0919 | Train Acc: 0.9713 | Val Loss: 0.0444 | Val Acc: 0.9878
2026-08-25 08:23:40 [INFO] Epoch 066 | Train Loss: 0.0960 | Train Acc: 0.9695 | Val Loss: 0.0988 | Val Acc: 0.9824
2026-08-25 08:23:51 [INFO] Epoch 067 | Train Loss: 0.0938 | Train Acc: 0.9701 | Val Loss: 0.0927 | Val Acc: 0.9825
2026-08-25 08:24:01 [INFO] Epoch 068 | Train Loss: 0.0995 | Train Acc: 0.9681 | Val Loss: 0.1595 | Val Acc: 0.9810
2026-08-25 08:24:12 [INFO] Epoch 069 | Train Loss: 0.0934 | Train Acc: 0.9703 | Val Loss: 0.1160 | Val Acc: 0.9816
2026-08-25 08:24:24 [INFO] Epoch 070 | Train Loss: 0.0950 | Train Acc: 0.9704 | Val Loss: 0.0387 | Val Acc: 0.9888
2026-08-25 08:24:33 [INFO] Epoch 071 | Train Loss: 0.0900 | Train Acc: 0.9706 | Val Loss: 0.0748 | Val Acc: 0.9857
2026-08-25 08:24:45 [INFO] Epoch 072 | Train Loss: 0.0844 | Train Acc: 0.9736 | Val Loss: 0.0923 | Val Acc: 0.9841
2026-08-25 08:24:56 [INFO] Epoch 073 | Train Loss: 0.0866 | Train Acc: 0.9717 | Val Loss: 0.1462 | Val Acc: 0.9806
2026-08-25 08:25:06 [INFO] Epoch 074 | Train Loss: 0.0844 | Train Acc: 0.9734 | Val Loss: 0.0762 | Val Acc: 0.9853
2026-08-25 08:25:17 [INFO] Epoch 075 | Train Loss: 0.0887 | Train Acc: 0.9721 | Val Loss: 0.1150 | Val Acc: 0.9823
2026-08-25 08:25:28 [INFO] Epoch 076 | Train Loss: 0.0892 | Train Acc: 0.9718 | Val Loss: 0.0712 | Val Acc: 0.9857
2026-08-25 08:25:39 [INFO] Epoch 077 | Train Loss: 0.0852 | Train Acc: 0.9739 | Val Loss: 0.0824 | Val Acc: 0.9851
2026-08-25 08:25:48 [INFO] Epoch 078 | Train Loss: 0.0851 | Train Acc: 0.9734 | Val Loss: 0.0458 | Val Acc: 0.9870
2026-08-25 08:26:00 [INFO] Epoch 079 | Train Loss: 0.0841 | Train Acc: 0.9731 | Val Loss: 0.1272 | Val Acc: 0.9812
2026-08-25 08:26:11 [INFO] Epoch 080 | Train Loss: 0.0848 | Train Acc: 0.9725 | Val Loss: 0.0565 | Val Acc: 0.9865
2026-08-25 08:26:22 [INFO] Epoch 081 | Train Loss: 0.0867 | Train Acc: 0.9723 | Val Loss: 0.1635 | Val Acc: 0.9816
2026-08-25 08:26:32 [INFO] Epoch 082 | Train Loss: 0.0837 | Train Acc: 0.9741 | Val Loss: 0.0954 | Val Acc: 0.9834
2026-08-25 08:26:44 [INFO] Epoch 083 | Train Loss: 0.0841 | Train Acc: 0.9727 | Val Loss: 0.1323 | Val Acc: 0.9815
2026-08-25 08:26:55 [INFO] Epoch 084 | Train Loss: 0.0854 | Train Acc: 0.9735 | Val Loss: 0.0600 | Val Acc: 0.9866
2026-08-25 08:27:05 [INFO] Epoch 085 | Train Loss: 0.0830 | Train Acc: 0.9731 | Val Loss: 0.0567 | Val Acc: 0.9865
2026-08-25 08:27:17 [INFO] Epoch 086 | Train Loss: 0.0871 | Train Acc: 0.9735 | Val Loss: 0.0373 | Val Acc: 0.9895
2026-08-25 08:27:28 [INFO] Epoch 087 | Train Loss: 0.0801 | Train Acc: 0.9745 | Val Loss: 0.0331 | Val Acc: 0.9892
2026-08-25 08:27:40 [INFO] Epoch 088 | Train Loss: 0.0790 | Train Acc: 0.9753 | Val Loss: 0.0908 | Val Acc: 0.9850
2026-08-25 08:27:49 [INFO] Epoch 089 | Train Loss: 0.0826 | Train Acc: 0.9737 | Val Loss: 0.0964 | Val Acc: 0.9834
2026-08-25 08:28:00 [INFO] Epoch 090 | Train Loss: 0.0832 | Train Acc: 0.9730 | Val Loss: 0.1070 | Val Acc: 0.9851
2026-08-25 08:28:13 [INFO] Epoch 091 | Train Loss: 0.0808 | Train Acc: 0.9746 | Val Loss: 0.0546 | Val Acc: 0.9859
2026-08-25 08:28:25 [INFO] Epoch 092 | Train Loss: 0.0842 | Train Acc: 0.9740 | Val Loss: 0.0421 | Val Acc: 0.9883
2026-08-25 08:28:33 [INFO] Epoch 093 | Train Loss: 0.0813 | Train Acc: 0.9749 | Val Loss: 0.0926 | Val Acc: 0.9848
2026-08-25 08:28:45 [INFO] Epoch 094 | Train Loss: 0.0822 | Train Acc: 0.9742 | Val Loss: 0.0802 | Val Acc: 0.9852
2026-08-25 08:28:56 [INFO] Epoch 095 | Train Loss: 0.0793 | Train Acc: 0.9758 | Val Loss: 0.0811 | Val Acc: 0.9852
2026-08-25 08:29:08 [INFO] Epoch 096 | Train Loss: 0.0812 | Train Acc: 0.9735 | Val Loss: 0.0867 | Val Acc: 0.9842
2026-08-25 08:29:17 [INFO] Epoch 097 | Train Loss: 0.0828 | Train Acc: 0.9745 | Val Loss: 0.1327 | Val Acc: 0.9835
2026-08-25 08:29:28 [INFO] Epoch 098 | Train Loss: 0.0808 | Train Acc: 0.9737 | Val Loss: 0.1161 | Val Acc: 0.9816
2026-08-25 08:29:40 [INFO] Epoch 099 | Train Loss: 0.0833 | Train Acc: 0.9745 | Val Loss: 0.0604 | Val Acc: 0.9865
2026-08-25 08:29:40 [INFO] Evaluating Best Model on TEST Set...
2026-08-25 08:29:40 [INFO] 
[RESUME] Đang nạp checkpoint từ: /home/biu-linux/DeepLearning_Projects/DoAnNganh/HybricMamba/Ressult/TFJ/MOBILENETV3_SMALL/German_51k/MOBILENETV3_SMALL_best.pth
2026-08-25 08:29:41 [INFO] 🎯 [TEST RESULT] Test Acc: 0.9914 | F1-Macro: 0.9920 | F1-Weighted: 0.9914
