2026-08-24 22:19:36 [INFO] Dataset: Belgium | Số nhãn (classes): 62 | Tổng số ảnh: 7095
2026-08-24 22:19:36 [INFO] Dữ liệu đã chia -> Train (70%): 4966 | Val (15%): 1064 | Test (15%): 1065
2026-08-24 22:19:36 [INFO] 
🔍 Kiểm tra phân bố class trong batch:
2026-08-24 22:19:38 [INFO]   Batch 0: 31 classes (first 5: [1, 7, 8, 13, 17])
2026-08-24 22:19:38 [INFO]   Batch 1: 28 classes (first 5: [0, 1, 7, 8, 10])
2026-08-24 22:19:38 [INFO]   Batch 2: 26 classes (first 5: [7, 10, 13, 17, 18])
2026-08-24 22:19:38 [INFO]   Batch 3: 30 classes (first 5: [1, 2, 6, 7, 8])
2026-08-24 22:19:38 [INFO]   Batch 4: 29 classes (first 5: [0, 2, 4, 7, 14])
2026-08-24 22:19:38 [INFO] ✅ Shuffle tốt! Trung bình 28.8 classes/batch
2026-08-24 22:19:39 [INFO] ============================================================
2026-08-24 22:19:39 [INFO] Starting training: VGG16
2026-08-24 22:19:39 [INFO] Dataset: Belgium | Path: /home/biu-linux/DeepLearning_Projects/DoAnNganh/data/Belgium_TFS
2026-08-24 22:19:39 [INFO] Device: cuda
2026-08-24 22:19:39 [INFO] GPU: NVIDIA GeForce RTX 3050 Laptop GPU
2026-08-24 22:19:39 [INFO] ============================================================
2026-08-24 22:19:55 [INFO] Epoch 000 | Train Loss: 19.2478 | Train Acc: 0.0904 | Val Loss: 3.5875 | Val Acc: 0.1043
2026-08-24 22:19:57 [INFO] ✓ Saved best model: Val Acc=0.1043 at epoch 0
2026-08-24 22:21:42 [INFO] Dataset: Belgium | Số nhãn (classes): 62 | Tổng số ảnh: 7095
2026-08-24 22:21:42 [INFO] Dữ liệu đã chia -> Train (70%): 4966 | Val (15%): 1064 | Test (15%): 1065
2026-08-24 22:21:42 [INFO] 
🔍 Kiểm tra phân bố class trong batch:
2026-08-24 22:21:44 [INFO]   Batch 0: 33 classes (first 5: [0, 4, 5, 6, 7])
2026-08-24 22:21:44 [INFO]   Batch 1: 31 classes (first 5: [1, 5, 7, 10, 13])
2026-08-24 22:21:44 [INFO]   Batch 2: 35 classes (first 5: [1, 5, 7, 10, 13])
2026-08-24 22:21:44 [INFO]   Batch 3: 24 classes (first 5: [1, 7, 12, 13, 17])
2026-08-24 22:21:44 [INFO]   Batch 4: 30 classes (first 5: [1, 2, 7, 8, 13])
2026-08-24 22:21:44 [INFO] ✅ Shuffle tốt! Trung bình 30.6 classes/batch
2026-08-24 22:21:45 [INFO] Loading pretrained weights from url (https://download.pytorch.org/models/vgg16-397923af.pth)
2026-08-24 22:21:53 [INFO] ============================================================
2026-08-24 22:21:53 [INFO] Starting training: VGG16
2026-08-24 22:21:53 [INFO] Dataset: Belgium | Path: /home/biu-linux/DeepLearning_Projects/DoAnNganh/data/Belgium_TFS
2026-08-24 22:21:53 [INFO] Device: cuda
2026-08-24 22:21:53 [INFO] GPU: NVIDIA GeForce RTX 3050 Laptop GPU
2026-08-24 22:21:53 [INFO] ============================================================
2026-08-24 22:22:09 [INFO] Epoch 000 | Train Loss: 4.0331 | Train Acc: 0.1136 | Val Loss: 2.9513 | Val Acc: 0.1739
2026-08-24 22:22:21 [INFO] ✓ Saved best model: Val Acc=0.1739 at epoch 0
2026-08-24 22:22:37 [INFO] Epoch 001 | Train Loss: 2.6838 | Train Acc: 0.2235 | Val Loss: 2.1878 | Val Acc: 0.2763
2026-08-24 22:23:03 [INFO] ✓ Saved best model: Val Acc=0.2763 at epoch 1
2026-08-24 22:23:19 [INFO] Epoch 002 | Train Loss: 2.1017 | Train Acc: 0.3494 | Val Loss: 2.0233 | Val Acc: 0.3242
2026-08-24 22:23:26 [INFO] ✓ Saved best model: Val Acc=0.3242 at epoch 2
2026-08-24 22:23:42 [INFO] Epoch 003 | Train Loss: 1.5871 | Train Acc: 0.4869 | Val Loss: 1.5242 | Val Acc: 0.5000
2026-08-24 22:23:48 [INFO] ✓ Saved best model: Val Acc=0.5000 at epoch 3
2026-08-24 22:24:04 [INFO] Epoch 004 | Train Loss: 1.3463 | Train Acc: 0.5779 | Val Loss: 1.0994 | Val Acc: 0.6410
2026-08-24 22:24:10 [INFO] ✓ Saved best model: Val Acc=0.6410 at epoch 4
2026-08-24 22:24:26 [INFO] Epoch 005 | Train Loss: 1.1115 | Train Acc: 0.6557 | Val Loss: 0.9762 | Val Acc: 0.6927
2026-08-24 22:25:04 [INFO] ✓ Saved best model: Val Acc=0.6927 at epoch 5
2026-08-24 22:25:20 [INFO] Epoch 006 | Train Loss: 0.9977 | Train Acc: 0.6986 | Val Loss: 0.9609 | Val Acc: 0.7105
2026-08-24 22:25:24 [INFO] ✓ Saved best model: Val Acc=0.7105 at epoch 6
2026-08-24 22:25:40 [INFO] Epoch 007 | Train Loss: 0.8936 | Train Acc: 0.7247 | Val Loss: 0.7972 | Val Acc: 0.7246
2026-08-24 22:25:48 [INFO] ✓ Saved best model: Val Acc=0.7246 at epoch 7
2026-08-24 22:26:03 [INFO] Epoch 008 | Train Loss: 0.8385 | Train Acc: 0.7384 | Val Loss: 0.6466 | Val Acc: 0.7914
2026-08-24 22:26:09 [INFO] ✓ Saved best model: Val Acc=0.7914 at epoch 8
2026-08-24 22:26:25 [INFO] Epoch 009 | Train Loss: 0.6837 | Train Acc: 0.7797 | Val Loss: 0.6958 | Val Acc: 0.7763
2026-08-24 22:26:41 [INFO] Epoch 010 | Train Loss: 0.6572 | Train Acc: 0.7892 | Val Loss: 0.6034 | Val Acc: 0.8158
2026-08-24 22:27:17 [INFO] ✓ Saved best model: Val Acc=0.8158 at epoch 10
2026-08-24 22:27:33 [INFO] Epoch 011 | Train Loss: 0.6886 | Train Acc: 0.7964 | Val Loss: 0.5548 | Val Acc: 0.8177
2026-08-24 22:27:37 [INFO] ✓ Saved best model: Val Acc=0.8177 at epoch 11
2026-08-24 22:27:52 [INFO] Epoch 012 | Train Loss: 0.6516 | Train Acc: 0.8059 | Val Loss: 0.5371 | Val Acc: 0.8130
2026-08-24 22:28:08 [INFO] Epoch 013 | Train Loss: 0.5854 | Train Acc: 0.8218 | Val Loss: 0.4335 | Val Acc: 0.8393
2026-08-24 22:28:10 [INFO] ✓ Saved best model: Val Acc=0.8393 at epoch 13
2026-08-24 22:28:26 [INFO] Epoch 014 | Train Loss: 0.5332 | Train Acc: 0.8288 | Val Loss: 0.4485 | Val Acc: 0.8440
2026-08-24 22:28:34 [INFO] ✓ Saved best model: Val Acc=0.8440 at epoch 14
2026-08-24 22:28:49 [INFO] Epoch 015 | Train Loss: 0.4560 | Train Acc: 0.8419 | Val Loss: 0.3640 | Val Acc: 0.8825
2026-08-24 22:29:27 [INFO] ✓ Saved best model: Val Acc=0.8825 at epoch 15
2026-08-24 22:29:42 [INFO] Epoch 016 | Train Loss: 0.4156 | Train Acc: 0.8611 | Val Loss: 0.4295 | Val Acc: 0.8778
2026-08-24 22:29:57 [INFO] Epoch 017 | Train Loss: 0.4088 | Train Acc: 0.8681 | Val Loss: 0.4972 | Val Acc: 0.8891
2026-08-24 22:30:02 [INFO] ✓ Saved best model: Val Acc=0.8891 at epoch 17
2026-08-24 22:30:17 [INFO] Epoch 018 | Train Loss: 0.4328 | Train Acc: 0.8719 | Val Loss: 0.4486 | Val Acc: 0.8910
2026-08-24 22:30:25 [INFO] ✓ Saved best model: Val Acc=0.8910 at epoch 18
2026-08-24 22:30:40 [INFO] Epoch 019 | Train Loss: 0.4240 | Train Acc: 0.8844 | Val Loss: 0.4017 | Val Acc: 0.8835
2026-08-24 22:30:56 [INFO] Epoch 020 | Train Loss: 0.4818 | Train Acc: 0.8768 | Val Loss: 0.7242 | Val Acc: 0.9032
2026-08-24 22:31:08 [INFO] ✓ Saved best model: Val Acc=0.9032 at epoch 20
2026-08-24 22:31:23 [INFO] Epoch 021 | Train Loss: 0.5016 | Train Acc: 0.8947 | Val Loss: 0.2842 | Val Acc: 0.9107
2026-08-24 22:31:32 [INFO] ✓ Saved best model: Val Acc=0.9107 at epoch 21
2026-08-24 22:31:47 [INFO] Epoch 022 | Train Loss: 0.3899 | Train Acc: 0.9124 | Val Loss: 0.3695 | Val Acc: 0.9088
2026-08-24 22:32:02 [INFO] Epoch 023 | Train Loss: 0.3212 | Train Acc: 0.9037 | Val Loss: 0.3867 | Val Acc: 0.9117
2026-08-24 22:32:07 [INFO] ✓ Saved best model: Val Acc=0.9117 at epoch 23
2026-08-24 22:32:22 [INFO] Epoch 024 | Train Loss: 0.3425 | Train Acc: 0.9104 | Val Loss: 0.2784 | Val Acc: 0.9154
2026-08-24 22:32:31 [INFO] ✓ Saved best model: Val Acc=0.9154 at epoch 24
2026-08-24 22:32:45 [INFO] Epoch 025 | Train Loss: 0.9618 | Train Acc: 0.9231 | Val Loss: 0.2748 | Val Acc: 0.9060
2026-08-24 22:33:01 [INFO] Epoch 026 | Train Loss: 0.2740 | Train Acc: 0.9239 | Val Loss: 0.3678 | Val Acc: 0.9070
2026-08-24 22:33:15 [INFO] Epoch 027 | Train Loss: 0.3095 | Train Acc: 0.9188 | Val Loss: 0.2251 | Val Acc: 0.9305
2026-08-24 22:33:53 [INFO] ✓ Saved best model: Val Acc=0.9305 at epoch 27
2026-08-24 22:34:08 [INFO] Epoch 028 | Train Loss: 0.3122 | Train Acc: 0.9140 | Val Loss: 0.2811 | Val Acc: 0.9145
2026-08-24 22:34:23 [INFO] Epoch 029 | Train Loss: 0.2594 | Train Acc: 0.9225 | Val Loss: 0.2229 | Val Acc: 0.9474
2026-08-24 22:34:25 [INFO] ✓ Saved best model: Val Acc=0.9474 at epoch 29
2026-08-24 22:34:40 [INFO] Epoch 030 | Train Loss: 0.2273 | Train Acc: 0.9317 | Val Loss: 0.2306 | Val Acc: 0.9323
2026-08-24 22:34:55 [INFO] Epoch 031 | Train Loss: 0.2180 | Train Acc: 0.9364 | Val Loss: 0.2004 | Val Acc: 0.9352
2026-08-24 22:35:10 [INFO] Epoch 032 | Train Loss: 0.3102 | Train Acc: 0.9356 | Val Loss: 0.1675 | Val Acc: 0.9455
2026-08-24 22:35:26 [INFO] Epoch 033 | Train Loss: 0.2193 | Train Acc: 0.9374 | Val Loss: 0.2058 | Val Acc: 0.9314
2026-08-24 22:35:41 [INFO] Epoch 034 | Train Loss: 0.2156 | Train Acc: 0.9378 | Val Loss: 0.1797 | Val Acc: 0.9511
2026-08-24 22:35:43 [INFO] ✓ Saved best model: Val Acc=0.9511 at epoch 34
2026-08-24 22:35:58 [INFO] Epoch 035 | Train Loss: 0.2030 | Train Acc: 0.9392 | Val Loss: 0.1667 | Val Acc: 0.9511
2026-08-24 22:36:13 [INFO] Epoch 036 | Train Loss: 0.2273 | Train Acc: 0.9368 | Val Loss: 0.7560 | Val Acc: 0.9107
2026-08-24 22:36:27 [INFO] Epoch 037 | Train Loss: 0.2150 | Train Acc: 0.9412 | Val Loss: 0.1476 | Val Acc: 0.9492
2026-08-24 22:36:42 [INFO] Epoch 038 | Train Loss: 0.2270 | Train Acc: 0.9396 | Val Loss: 0.1735 | Val Acc: 0.9464
2026-08-24 22:36:57 [INFO] Epoch 039 | Train Loss: 0.2389 | Train Acc: 0.9398 | Val Loss: 0.2548 | Val Acc: 0.9370
2026-08-24 22:37:12 [INFO] Epoch 040 | Train Loss: 0.1297 | Train Acc: 0.9629 | Val Loss: 0.1016 | Val Acc: 0.9643
2026-08-24 22:37:16 [INFO] ✓ Saved best model: Val Acc=0.9643 at epoch 40
2026-08-24 22:37:30 [INFO] Epoch 041 | Train Loss: 0.0882 | Train Acc: 0.9698 | Val Loss: 0.0918 | Val Acc: 0.9671
2026-08-24 22:37:42 [INFO] ✓ Saved best model: Val Acc=0.9671 at epoch 41
2026-08-24 22:37:57 [INFO] Epoch 042 | Train Loss: 0.0963 | Train Acc: 0.9730 | Val Loss: 0.0837 | Val Acc: 0.9709
2026-08-24 22:38:35 [INFO] ✓ Saved best model: Val Acc=0.9709 at epoch 42
2026-08-24 22:38:49 [INFO] Epoch 043 | Train Loss: 0.0717 | Train Acc: 0.9732 | Val Loss: 0.0806 | Val Acc: 0.9709
2026-08-24 22:39:04 [INFO] Epoch 044 | Train Loss: 0.0704 | Train Acc: 0.9754 | Val Loss: 0.0742 | Val Acc: 0.9727
2026-08-24 22:39:05 [INFO] ✓ Saved best model: Val Acc=0.9727 at epoch 44
2026-08-24 22:39:20 [INFO] Epoch 045 | Train Loss: 0.0743 | Train Acc: 0.9742 | Val Loss: 0.0769 | Val Acc: 0.9756
2026-08-24 22:39:29 [INFO] ✓ Saved best model: Val Acc=0.9756 at epoch 45
2026-08-24 22:39:43 [INFO] Epoch 046 | Train Loss: 0.0679 | Train Acc: 0.9760 | Val Loss: 0.0714 | Val Acc: 0.9746
2026-08-24 22:39:58 [INFO] Epoch 047 | Train Loss: 0.0649 | Train Acc: 0.9766 | Val Loss: 0.0680 | Val Acc: 0.9784
2026-08-24 22:40:03 [INFO] ✓ Saved best model: Val Acc=0.9784 at epoch 47
2026-08-24 22:40:17 [INFO] Epoch 048 | Train Loss: 0.0635 | Train Acc: 0.9789 | Val Loss: 0.0652 | Val Acc: 0.9803
2026-08-24 22:40:32 [INFO] ✓ Saved best model: Val Acc=0.9803 at epoch 48
2026-08-24 22:40:46 [INFO] Epoch 049 | Train Loss: 0.0591 | Train Acc: 0.9787 | Val Loss: 0.0623 | Val Acc: 0.9793
2026-08-24 22:41:01 [INFO] Epoch 050 | Train Loss: 0.0507 | Train Acc: 0.9837 | Val Loss: 0.0601 | Val Acc: 0.9812
2026-08-24 22:41:06 [INFO] ✓ Saved best model: Val Acc=0.9812 at epoch 50
2026-08-24 22:41:20 [INFO] Epoch 051 | Train Loss: 0.0549 | Train Acc: 0.9829 | Val Loss: 0.0561 | Val Acc: 0.9821
2026-08-24 22:41:42 [INFO] ✓ Saved best model: Val Acc=0.9821 at epoch 51
2026-08-24 22:41:56 [INFO] Epoch 052 | Train Loss: 0.0457 | Train Acc: 0.9835 | Val Loss: 0.0496 | Val Acc: 0.9831
2026-08-24 22:42:05 [INFO] ✓ Saved best model: Val Acc=0.9831 at epoch 52
2026-08-24 22:42:19 [INFO] Epoch 053 | Train Loss: 0.0482 | Train Acc: 0.9839 | Val Loss: 0.0434 | Val Acc: 0.9850
2026-08-24 22:42:57 [INFO] ✓ Saved best model: Val Acc=0.9850 at epoch 53
2026-08-24 22:43:11 [INFO] Epoch 054 | Train Loss: 0.0514 | Train Acc: 0.9823 | Val Loss: 0.0449 | Val Acc: 0.9821
2026-08-24 22:43:26 [INFO] Epoch 055 | Train Loss: 0.0495 | Train Acc: 0.9819 | Val Loss: 0.0412 | Val Acc: 0.9859
2026-08-24 22:43:28 [INFO] ✓ Saved best model: Val Acc=0.9859 at epoch 55
2026-08-24 22:43:42 [INFO] Epoch 056 | Train Loss: 0.0508 | Train Acc: 0.9823 | Val Loss: 0.0456 | Val Acc: 0.9840
2026-08-24 22:43:57 [INFO] Epoch 057 | Train Loss: 0.0429 | Train Acc: 0.9855 | Val Loss: 0.0383 | Val Acc: 0.9859
2026-08-24 22:44:11 [INFO] Epoch 058 | Train Loss: 0.0526 | Train Acc: 0.9837 | Val Loss: 0.0445 | Val Acc: 0.9831
2026-08-24 22:44:26 [INFO] Epoch 059 | Train Loss: 0.0436 | Train Acc: 0.9829 | Val Loss: 0.0369 | Val Acc: 0.9868
2026-08-24 22:44:30 [INFO] ✓ Saved best model: Val Acc=0.9868 at epoch 59
2026-08-24 22:44:44 [INFO] Epoch 060 | Train Loss: 0.0395 | Train Acc: 0.9847 | Val Loss: 0.0333 | Val Acc: 0.9878
2026-08-24 22:44:49 [INFO] ✓ Saved best model: Val Acc=0.9878 at epoch 60
2026-08-24 22:45:03 [INFO] Epoch 061 | Train Loss: 0.0363 | Train Acc: 0.9857 | Val Loss: 0.0370 | Val Acc: 0.9850
2026-08-24 22:45:18 [INFO] Epoch 062 | Train Loss: 0.0435 | Train Acc: 0.9841 | Val Loss: 0.0369 | Val Acc: 0.9859
2026-08-24 22:45:32 [INFO] Epoch 063 | Train Loss: 0.0487 | Train Acc: 0.9837 | Val Loss: 0.0352 | Val Acc: 0.9868
2026-08-24 22:45:46 [INFO] Epoch 064 | Train Loss: 0.0394 | Train Acc: 0.9863 | Val Loss: 0.0384 | Val Acc: 0.9859
2026-08-24 22:46:01 [INFO] Epoch 065 | Train Loss: 0.0416 | Train Acc: 0.9857 | Val Loss: 0.0362 | Val Acc: 0.9859
2026-08-24 22:46:15 [INFO] Epoch 066 | Train Loss: 0.0433 | Train Acc: 0.9831 | Val Loss: 0.0363 | Val Acc: 0.9859
2026-08-24 22:46:29 [INFO] Epoch 067 | Train Loss: 0.0431 | Train Acc: 0.9831 | Val Loss: 0.0354 | Val Acc: 0.9868
2026-08-24 22:46:43 [INFO] Epoch 068 | Train Loss: 0.0391 | Train Acc: 0.9839 | Val Loss: 0.0323 | Val Acc: 0.9887
2026-08-24 22:46:45 [INFO] ✓ Saved best model: Val Acc=0.9887 at epoch 68
2026-08-24 22:46:59 [INFO] Epoch 069 | Train Loss: 0.0359 | Train Acc: 0.9881 | Val Loss: 0.0352 | Val Acc: 0.9878
2026-08-24 22:47:14 [INFO] Epoch 070 | Train Loss: 0.0350 | Train Acc: 0.9865 | Val Loss: 0.0332 | Val Acc: 0.9887
2026-08-24 22:47:28 [INFO] Epoch 071 | Train Loss: 0.0310 | Train Acc: 0.9871 | Val Loss: 0.0329 | Val Acc: 0.9887
2026-08-24 22:47:42 [INFO] Epoch 072 | Train Loss: 0.0340 | Train Acc: 0.9869 | Val Loss: 0.0326 | Val Acc: 0.9887
2026-08-24 22:47:57 [INFO] Epoch 073 | Train Loss: 0.0313 | Train Acc: 0.9873 | Val Loss: 0.0324 | Val Acc: 0.9887
2026-08-24 22:48:12 [INFO] Epoch 074 | Train Loss: 0.0277 | Train Acc: 0.9887 | Val Loss: 0.0321 | Val Acc: 0.9887
2026-08-24 22:48:26 [INFO] Epoch 075 | Train Loss: 0.0269 | Train Acc: 0.9883 | Val Loss: 0.0331 | Val Acc: 0.9887
2026-08-24 22:48:41 [INFO] Epoch 076 | Train Loss: 0.0345 | Train Acc: 0.9863 | Val Loss: 0.0319 | Val Acc: 0.9887
2026-08-24 22:48:56 [INFO] Epoch 077 | Train Loss: 0.0345 | Train Acc: 0.9873 | Val Loss: 0.0318 | Val Acc: 0.9887
2026-08-24 22:49:10 [INFO] Epoch 078 | Train Loss: 0.0326 | Train Acc: 0.9865 | Val Loss: 0.0317 | Val Acc: 0.9887
2026-08-24 22:49:25 [INFO] Epoch 079 | Train Loss: 0.0290 | Train Acc: 0.9893 | Val Loss: 0.0318 | Val Acc: 0.9906
2026-08-24 22:49:48 [INFO] ✓ Saved best model: Val Acc=0.9906 at epoch 79
2026-08-24 22:50:02 [INFO] Epoch 080 | Train Loss: 0.0343 | Train Acc: 0.9887 | Val Loss: 0.0316 | Val Acc: 0.9906
2026-08-24 22:50:17 [INFO] Epoch 081 | Train Loss: 0.0284 | Train Acc: 0.9885 | Val Loss: 0.0312 | Val Acc: 0.9906
2026-08-24 22:50:31 [INFO] Epoch 082 | Train Loss: 0.0373 | Train Acc: 0.9863 | Val Loss: 0.0309 | Val Acc: 0.9906
2026-08-24 22:50:45 [INFO] Epoch 083 | Train Loss: 0.0300 | Train Acc: 0.9887 | Val Loss: 0.0308 | Val Acc: 0.9906
2026-08-24 22:50:59 [INFO] Epoch 084 | Train Loss: 0.0320 | Train Acc: 0.9877 | Val Loss: 0.0311 | Val Acc: 0.9906
2026-08-24 22:51:14 [INFO] Epoch 085 | Train Loss: 0.0311 | Train Acc: 0.9881 | Val Loss: 0.0311 | Val Acc: 0.9906
2026-08-24 22:51:28 [INFO] Epoch 086 | Train Loss: 0.0326 | Train Acc: 0.9875 | Val Loss: 0.0303 | Val Acc: 0.9906
2026-08-24 22:51:42 [INFO] Epoch 087 | Train Loss: 0.0280 | Train Acc: 0.9895 | Val Loss: 0.0303 | Val Acc: 0.9906
2026-08-24 22:51:57 [INFO] Epoch 088 | Train Loss: 0.0254 | Train Acc: 0.9887 | Val Loss: 0.0303 | Val Acc: 0.9906
2026-08-24 22:52:11 [INFO] Epoch 089 | Train Loss: 0.0262 | Train Acc: 0.9899 | Val Loss: 0.0305 | Val Acc: 0.9906
2026-08-24 22:52:26 [INFO] Epoch 090 | Train Loss: 0.0280 | Train Acc: 0.9897 | Val Loss: 0.0304 | Val Acc: 0.9906
2026-08-24 22:52:41 [INFO] Epoch 091 | Train Loss: 0.0261 | Train Acc: 0.9897 | Val Loss: 0.0302 | Val Acc: 0.9906
2026-08-24 22:52:56 [INFO] Epoch 092 | Train Loss: 0.0294 | Train Acc: 0.9895 | Val Loss: 0.0301 | Val Acc: 0.9906
2026-08-24 22:53:10 [INFO] Epoch 093 | Train Loss: 0.0258 | Train Acc: 0.9897 | Val Loss: 0.0300 | Val Acc: 0.9906
2026-08-24 22:53:25 [INFO] Epoch 094 | Train Loss: 0.0264 | Train Acc: 0.9897 | Val Loss: 0.0300 | Val Acc: 0.9906
2026-08-24 22:53:40 [INFO] Epoch 095 | Train Loss: 0.0293 | Train Acc: 0.9897 | Val Loss: 0.0299 | Val Acc: 0.9906
2026-08-24 22:53:54 [INFO] Epoch 096 | Train Loss: 0.0348 | Train Acc: 0.9887 | Val Loss: 0.0298 | Val Acc: 0.9906
2026-08-24 22:54:09 [INFO] Epoch 097 | Train Loss: 0.0241 | Train Acc: 0.9903 | Val Loss: 0.0298 | Val Acc: 0.9906
2026-08-24 22:54:23 [INFO] Epoch 098 | Train Loss: 0.0278 | Train Acc: 0.9899 | Val Loss: 0.0298 | Val Acc: 0.9906
2026-08-24 22:54:37 [INFO] Epoch 099 | Train Loss: 0.0310 | Train Acc: 0.9891 | Val Loss: 0.0297 | Val Acc: 0.9906
2026-08-24 22:54:37 [INFO] Evaluating Best Model on TEST Set...
2026-08-24 22:54:37 [INFO] 
[RESUME] Đang nạp checkpoint từ: /home/biu-linux/DeepLearning_Projects/DoAnNganh/HybricMamba/Ressult/TFJ/VGG16/Belgium/VGG16_best.pth
2026-08-24 22:54:38 [INFO] 🎯 [TEST RESULT] Test Acc: 0.9887 | F1-Macro: 0.9461 | F1-Weighted: 0.9870
2026-08-24 22:54:43 [INFO] Dataset: Belgium | Số nhãn (classes): 62 | Tổng số ảnh: 7095
2026-08-24 22:54:43 [INFO] Dữ liệu đã chia -> Train (70%): 4966 | Val (15%): 1064 | Test (15%): 1065
2026-08-24 22:54:43 [INFO] 
🔍 Kiểm tra phân bố class trong batch:
2026-08-24 22:54:43 [INFO]   Batch 0: 32 classes (first 5: [4, 6, 7, 13, 14])
2026-08-24 22:54:43 [INFO]   Batch 1: 27 classes (first 5: [0, 1, 5, 7, 13])
2026-08-24 22:54:43 [INFO]   Batch 2: 29 classes (first 5: [7, 8, 9, 11, 14])
2026-08-24 22:54:43 [INFO]   Batch 3: 26 classes (first 5: [0, 7, 12, 14, 17])
2026-08-24 22:54:43 [INFO]   Batch 4: 29 classes (first 5: [1, 4, 7, 8, 13])
2026-08-24 22:54:43 [INFO] ✅ Shuffle tốt! Trung bình 28.6 classes/batch
2026-08-24 22:54:43 [INFO] Loading pretrained weights from url (https://download.pytorch.org/models/resnet18-5c106cde.pth)
