2026-09-07 00:33:03 [INFO] Dataset: DCID | Số nhãn (classes): 35 | Tổng số ảnh: 35000
2026-09-07 00:33:03 [INFO] Dữ liệu đã chia -> Train (70%): 24500 | Val (15%): 5250 | Test (15%): 5250
2026-09-07 00:33:03 [INFO] 
🔍 Kiểm tra phân bố class trong batch:
2026-09-07 00:33:03 [INFO]   Batch 0: 26 classes (first 5: [0, 1, 2, 3, 4])
2026-09-07 00:33:03 [INFO]   Batch 1: 25 classes (first 5: [0, 1, 2, 3, 5])
2026-09-07 00:33:03 [INFO]   Batch 2: 27 classes (first 5: [0, 1, 2, 3, 4])
2026-09-07 00:33:03 [INFO]   Batch 3: 25 classes (first 5: [0, 1, 4, 5, 6])
2026-09-07 00:33:03 [INFO]   Batch 4: 28 classes (first 5: [0, 1, 2, 3, 5])
2026-09-07 00:33:03 [INFO] ✅ Shuffle tốt! Trung bình 26.2 classes/batch
2026-09-07 15:21:55 [INFO] Dataset: DCID | Số nhãn (classes): 35 | Tổng số ảnh: 35000
2026-09-07 15:21:55 [INFO] Dữ liệu đã chia -> Train (70%): 24500 | Val (15%): 5250 | Test (15%): 5250
2026-09-07 15:21:55 [INFO] 
🔍 Kiểm tra phân bố class trong batch:
2026-09-07 15:21:56 [INFO]   Batch 0: 28 classes (first 5: [0, 1, 2, 3, 4])
2026-09-07 15:21:56 [INFO]   Batch 1: 31 classes (first 5: [1, 2, 3, 4, 5])
2026-09-07 15:21:56 [INFO]   Batch 2: 29 classes (first 5: [0, 1, 2, 4, 5])
2026-09-07 15:21:56 [INFO]   Batch 3: 31 classes (first 5: [0, 1, 2, 3, 4])
2026-09-07 15:21:56 [INFO]   Batch 4: 30 classes (first 5: [0, 1, 2, 3, 4])
2026-09-07 15:21:56 [INFO] ✅ Shuffle tốt! Trung bình 29.8 classes/batch
2026-09-07 15:21:57 [INFO] ============================================================
2026-09-07 15:21:57 [INFO] Starting training: VIT_B
2026-09-07 15:21:57 [INFO] Dataset: DCID | Path: /home/biu-linux/DeepLearning_Projects/DoAnNganh/data/DCID/DCID-512-35
2026-09-07 15:21:57 [INFO] Device: cuda
2026-09-07 15:21:57 [INFO] GPU: NVIDIA GeForce RTX 3050 Laptop GPU
2026-09-07 15:21:57 [INFO] ============================================================
2026-09-07 15:22:47 [INFO] Epoch 000 | Train Loss: 0.9847 | Train Acc: 0.6908 | Val Loss: 0.1706 | Val Acc: 0.9490
2026-09-07 15:22:48 [INFO] ✓ Saved best model: Val Acc=0.9490 at epoch 0
2026-09-07 15:23:27 [INFO] Epoch 001 | Train Loss: 0.6878 | Train Acc: 0.7740 | Val Loss: 0.2351 | Val Acc: 0.9310
2026-09-07 15:24:03 [INFO] Epoch 002 | Train Loss: 0.7221 | Train Acc: 0.7607 | Val Loss: 0.3675 | Val Acc: 0.8758
2026-09-07 15:24:39 [INFO] Epoch 003 | Train Loss: 0.7439 | Train Acc: 0.7518 | Val Loss: 0.3356 | Val Acc: 0.8954
2026-09-07 15:25:14 [INFO] Epoch 004 | Train Loss: 0.7630 | Train Acc: 0.7430 | Val Loss: 0.5031 | Val Acc: 0.8331
2026-09-07 15:25:50 [INFO] Epoch 005 | Train Loss: 0.7195 | Train Acc: 0.7557 | Val Loss: 0.3937 | Val Acc: 0.8781
2026-09-07 15:26:26 [INFO] Epoch 006 | Train Loss: 0.6422 | Train Acc: 0.7795 | Val Loss: 0.3618 | Val Acc: 0.8794
2026-09-07 15:27:01 [INFO] Epoch 007 | Train Loss: 0.5825 | Train Acc: 0.7980 | Val Loss: 0.3205 | Val Acc: 0.8899
2026-09-07 15:27:35 [INFO] Epoch 008 | Train Loss: 0.6194 | Train Acc: 0.7903 | Val Loss: 0.5161 | Val Acc: 0.8310
2026-09-07 15:28:10 [INFO] Epoch 009 | Train Loss: 0.5038 | Train Acc: 0.8256 | Val Loss: 0.2965 | Val Acc: 0.9063
2026-09-07 15:28:44 [INFO] Epoch 010 | Train Loss: 0.4908 | Train Acc: 0.8308 | Val Loss: 0.3947 | Val Acc: 0.8709
2026-09-07 15:29:18 [INFO] Epoch 011 | Train Loss: 0.4435 | Train Acc: 0.8449 | Val Loss: 0.2326 | Val Acc: 0.9213
2026-09-07 15:29:52 [INFO] Epoch 012 | Train Loss: 0.4167 | Train Acc: 0.8540 | Val Loss: 0.2615 | Val Acc: 0.9150
2026-09-07 15:30:26 [INFO] Epoch 013 | Train Loss: 0.4024 | Train Acc: 0.8596 | Val Loss: 0.2284 | Val Acc: 0.9255
2026-09-07 15:31:01 [INFO] Epoch 014 | Train Loss: 0.3935 | Train Acc: 0.8637 | Val Loss: 0.2281 | Val Acc: 0.9267
2026-09-07 15:31:35 [INFO] Epoch 015 | Train Loss: 0.3783 | Train Acc: 0.8674 | Val Loss: 0.2489 | Val Acc: 0.9112
2026-09-07 15:31:35 [INFO] ⏹ Early stopping tại epoch 15 (không cải thiện sau 15 epoch, best=0.9490)
2026-09-07 15:31:35 [INFO] Evaluating Best Model on TEST Set...
2026-09-07 15:31:35 [INFO] 
[RESUME] Đang nạp checkpoint từ: /home/biu-linux/DeepLearning_Projects/DoAnNganh/HybricMamba/Ressult/TFJ/VIT_B/DCID/VIT_B_best.pth
2026-09-07 15:31:39 [INFO] 🎯 [TEST RESULT] Test Acc: 0.9430 | F1-Macro: 0.9427 | F1-Weighted: 0.9427
2026-09-07 15:39:33 [INFO] Dataset: DCID | Số nhãn (classes): 35 | Tổng số ảnh: 35000
2026-09-07 15:39:33 [INFO] Dữ liệu đã chia -> Train (70%): 24500 | Val (15%): 5250 | Test (15%): 5250
2026-09-07 15:39:33 [INFO] 
🔍 Kiểm tra phân bố class trong batch:
2026-09-07 15:39:35 [INFO]   Batch 0: 30 classes (first 5: [0, 1, 2, 4, 5])
2026-09-07 15:39:35 [INFO]   Batch 1: 28 classes (first 5: [1, 2, 3, 5, 6])
2026-09-07 15:39:35 [INFO]   Batch 2: 28 classes (first 5: [0, 2, 4, 5, 7])
2026-09-07 15:39:35 [INFO]   Batch 3: 32 classes (first 5: [0, 1, 2, 4, 5])
2026-09-07 15:39:35 [INFO]   Batch 4: 30 classes (first 5: [1, 2, 3, 4, 5])
2026-09-07 15:39:35 [INFO] ✅ Shuffle tốt! Trung bình 29.6 classes/batch
2026-09-07 15:39:36 [INFO] ============================================================
2026-09-07 15:39:36 [INFO] Starting training: VIT_B
2026-09-07 15:39:36 [INFO] Dataset: DCID | Path: /home/biu-linux/DeepLearning_Projects/DoAnNganh/data/DCID/DCID-512-35
2026-09-07 15:39:36 [INFO] Device: cuda
2026-09-07 15:39:36 [INFO] GPU: NVIDIA GeForce RTX 3050 Laptop GPU
2026-09-07 15:39:36 [INFO] ============================================================
2026-09-07 15:39:36 [INFO] 
[RESUME] Đang nạp checkpoint từ: /home/biu-linux/DeepLearning_Projects/DoAnNganh/HybricMamba/Ressult/TFJ/VIT_B/DCID/VIT_B_best.pth
2026-09-07 15:40:13 [INFO] Epoch 001 | Train Loss: 0.6880 | Train Acc: 0.7763 | Val Loss: 0.2783 | Val Acc: 0.9069
2026-09-07 15:40:48 [INFO] Epoch 002 | Train Loss: 0.7489 | Train Acc: 0.7518 | Val Loss: 0.3065 | Val Acc: 0.8985
2026-09-07 15:41:23 [INFO] Epoch 003 | Train Loss: 0.7454 | Train Acc: 0.7519 | Val Loss: 0.4923 | Val Acc: 0.8290
2026-09-07 15:41:59 [INFO] Epoch 004 | Train Loss: 0.7487 | Train Acc: 0.7445 | Val Loss: 0.4913 | Val Acc: 0.8314
2026-09-07 15:42:35 [INFO] Epoch 005 | Train Loss: 0.7117 | Train Acc: 0.7602 | Val Loss: 0.3861 | Val Acc: 0.8678
2026-09-07 15:43:11 [INFO] Epoch 006 | Train Loss: 0.6243 | Train Acc: 0.7849 | Val Loss: 0.3831 | Val Acc: 0.8697
2026-09-07 15:43:48 [INFO] Epoch 007 | Train Loss: 0.5871 | Train Acc: 0.7971 | Val Loss: 0.4001 | Val Acc: 0.8735
2026-09-07 15:44:23 [INFO] Epoch 008 | Train Loss: 0.5801 | Train Acc: 0.8017 | Val Loss: 0.3398 | Val Acc: 0.8903
2026-09-07 15:45:13 [INFO] Epoch 009 | Train Loss: 0.5226 | Train Acc: 0.8161 | Val Loss: 0.2810 | Val Acc: 0.9088
2026-09-07 15:46:09 [INFO] Epoch 010 | Train Loss: 0.4823 | Train Acc: 0.8332 | Val Loss: 0.3260 | Val Acc: 0.8890
2026-09-07 15:47:09 [INFO] Epoch 011 | Train Loss: 0.5249 | Train Acc: 0.8233 | Val Loss: 0.2757 | Val Acc: 0.9063
2026-09-07 15:48:18 [INFO] Epoch 012 | Train Loss: 0.4551 | Train Acc: 0.8421 | Val Loss: 0.3153 | Val Acc: 0.8973
2026-09-07 15:48:55 [INFO] Epoch 013 | Train Loss: 0.4303 | Train Acc: 0.8498 | Val Loss: 0.2339 | Val Acc: 0.9198
2026-09-07 15:49:29 [INFO] Epoch 014 | Train Loss: 0.3893 | Train Acc: 0.8666 | Val Loss: 0.1953 | Val Acc: 0.9356
2026-09-07 15:50:03 [INFO] Epoch 015 | Train Loss: 0.3866 | Train Acc: 0.8678 | Val Loss: 0.2055 | Val Acc: 0.9343
2026-09-07 15:50:38 [INFO] Epoch 016 | Train Loss: 0.3841 | Train Acc: 0.8660 | Val Loss: 0.2277 | Val Acc: 0.9312
2026-09-07 15:51:12 [INFO] Epoch 017 | Train Loss: 0.3644 | Train Acc: 0.8730 | Val Loss: 0.2108 | Val Acc: 0.9284
2026-09-07 15:51:46 [INFO] Epoch 018 | Train Loss: 0.3472 | Train Acc: 0.8802 | Val Loss: 0.1690 | Val Acc: 0.9423
2026-09-07 15:52:20 [INFO] Epoch 019 | Train Loss: 0.3246 | Train Acc: 0.8874 | Val Loss: 0.1740 | Val Acc: 0.9423
2026-09-07 15:52:55 [INFO] Epoch 020 | Train Loss: 0.3134 | Train Acc: 0.8891 | Val Loss: 0.2152 | Val Acc: 0.9269
2026-09-07 15:53:29 [INFO] Epoch 021 | Train Loss: 0.3255 | Train Acc: 0.8885 | Val Loss: 0.1595 | Val Acc: 0.9451
2026-09-07 15:54:04 [INFO] Epoch 022 | Train Loss: 0.2840 | Train Acc: 0.9009 | Val Loss: 0.1643 | Val Acc: 0.9459
2026-09-07 15:54:38 [INFO] Epoch 023 | Train Loss: 0.2761 | Train Acc: 0.9047 | Val Loss: 0.1523 | Val Acc: 0.9526
2026-09-07 15:54:39 [INFO] ✓ Saved best model: Val Acc=0.9526 at epoch 23
2026-09-07 15:55:13 [INFO] Epoch 024 | Train Loss: 0.2730 | Train Acc: 0.9038 | Val Loss: 0.1562 | Val Acc: 0.9474
2026-09-07 15:55:47 [INFO] Epoch 025 | Train Loss: 0.2598 | Train Acc: 0.9078 | Val Loss: 0.1330 | Val Acc: 0.9539
2026-09-07 15:56:09 [INFO] ✓ Saved best model: Val Acc=0.9539 at epoch 25
2026-09-07 15:56:43 [INFO] Epoch 026 | Train Loss: 0.2465 | Train Acc: 0.9147 | Val Loss: 0.1386 | Val Acc: 0.9518
2026-09-07 15:57:20 [INFO] Dataset: DCID | Số nhãn (classes): 35 | Tổng số ảnh: 35000
2026-09-07 15:57:20 [INFO] Dữ liệu đã chia -> Train (70%): 24500 | Val (15%): 5250 | Test (15%): 5250
2026-09-07 15:57:20 [INFO] 
🔍 Kiểm tra phân bố class trong batch:
2026-09-07 15:57:22 [INFO]   Batch 0: 29 classes (first 5: [1, 3, 4, 5, 7])
2026-09-07 15:57:22 [INFO]   Batch 1: 31 classes (first 5: [0, 1, 2, 4, 5])
2026-09-07 15:57:22 [INFO]   Batch 2: 31 classes (first 5: [0, 1, 2, 3, 4])
2026-09-07 15:57:22 [INFO]   Batch 3: 29 classes (first 5: [0, 1, 2, 4, 5])
2026-09-07 15:57:22 [INFO]   Batch 4: 29 classes (first 5: [1, 2, 3, 4, 5])
2026-09-07 15:57:22 [INFO] ✅ Shuffle tốt! Trung bình 29.8 classes/batch
2026-09-07 15:57:24 [INFO] ============================================================
2026-09-07 15:57:24 [INFO] Starting training: VIT_B
2026-09-07 15:57:24 [INFO] Dataset: DCID | Path: /home/biu-linux/DeepLearning_Projects/DoAnNganh/data/DCID/DCID-512-35
2026-09-07 15:57:24 [INFO] Device: cuda
2026-09-07 15:57:24 [INFO] GPU: NVIDIA GeForce RTX 3050 Laptop GPU
2026-09-07 15:57:24 [INFO] ============================================================
2026-09-07 15:57:24 [INFO] 
[RESUME] Đang nạp checkpoint từ: /home/biu-linux/DeepLearning_Projects/DoAnNganh/HybricMamba/Ressult/TFJ/VIT_B/DCID/VIT_B_best.pth
2026-09-07 15:57:59 [INFO] Epoch 026 | Train Loss: 0.2502 | Train Acc: 0.9128 | Val Loss: 0.1270 | Val Acc: 0.9573
2026-09-07 15:58:00 [INFO] ✓ Saved best model: Val Acc=0.9573 at epoch 26
2026-09-07 15:58:38 [INFO] Epoch 027 | Train Loss: 0.2364 | Train Acc: 0.9187 | Val Loss: 0.1269 | Val Acc: 0.9541
2026-09-07 15:59:13 [INFO] Epoch 028 | Train Loss: 0.2244 | Train Acc: 0.9209 | Val Loss: 0.1140 | Val Acc: 0.9615
2026-09-07 15:59:14 [INFO] ✓ Saved best model: Val Acc=0.9615 at epoch 28
2026-09-07 15:59:50 [INFO] Epoch 029 | Train Loss: 0.2197 | Train Acc: 0.9247 | Val Loss: 0.1162 | Val Acc: 0.9627
2026-09-07 15:59:52 [INFO] ✓ Saved best model: Val Acc=0.9627 at epoch 29
2026-09-07 16:00:28 [INFO] Epoch 030 | Train Loss: 0.2011 | Train Acc: 0.9296 | Val Loss: 0.1127 | Val Acc: 0.9629
2026-09-07 16:00:32 [INFO] ✓ Saved best model: Val Acc=0.9629 at epoch 30
2026-09-07 16:01:09 [INFO] Epoch 031 | Train Loss: 0.1995 | Train Acc: 0.9303 | Val Loss: 0.1065 | Val Acc: 0.9651
2026-09-07 16:01:10 [INFO] ✓ Saved best model: Val Acc=0.9651 at epoch 31
2026-09-07 16:01:45 [INFO] Epoch 032 | Train Loss: 0.1867 | Train Acc: 0.9338 | Val Loss: 0.1042 | Val Acc: 0.9625
2026-09-07 16:02:21 [INFO] Epoch 033 | Train Loss: 0.1716 | Train Acc: 0.9398 | Val Loss: 0.0986 | Val Acc: 0.9665
2026-09-07 16:02:22 [INFO] ✓ Saved best model: Val Acc=0.9665 at epoch 33
2026-09-07 16:02:57 [INFO] Epoch 034 | Train Loss: 0.1658 | Train Acc: 0.9403 | Val Loss: 0.1166 | Val Acc: 0.9585
2026-09-07 16:03:33 [INFO] Epoch 035 | Train Loss: 0.1555 | Train Acc: 0.9453 | Val Loss: 0.0996 | Val Acc: 0.9682
2026-09-07 16:03:34 [INFO] ✓ Saved best model: Val Acc=0.9682 at epoch 35
2026-09-07 16:04:10 [INFO] Epoch 036 | Train Loss: 0.1506 | Train Acc: 0.9467 | Val Loss: 0.0947 | Val Acc: 0.9672
2026-09-07 16:04:46 [INFO] Epoch 037 | Train Loss: 0.1345 | Train Acc: 0.9510 | Val Loss: 0.0911 | Val Acc: 0.9703
2026-09-07 16:04:47 [INFO] ✓ Saved best model: Val Acc=0.9703 at epoch 37
2026-09-07 16:05:22 [INFO] Epoch 038 | Train Loss: 0.1284 | Train Acc: 0.9533 | Val Loss: 0.0944 | Val Acc: 0.9665
2026-09-07 16:05:58 [INFO] Epoch 039 | Train Loss: 0.1256 | Train Acc: 0.9551 | Val Loss: 0.0942 | Val Acc: 0.9669
2026-09-07 16:06:33 [INFO] Epoch 040 | Train Loss: 0.1143 | Train Acc: 0.9594 | Val Loss: 0.0905 | Val Acc: 0.9699
2026-09-07 16:07:09 [INFO] Epoch 041 | Train Loss: 0.1109 | Train Acc: 0.9600 | Val Loss: 0.0845 | Val Acc: 0.9712
2026-09-07 16:07:10 [INFO] ✓ Saved best model: Val Acc=0.9712 at epoch 41
2026-09-07 16:07:46 [INFO] Epoch 042 | Train Loss: 0.1020 | Train Acc: 0.9636 | Val Loss: 0.0827 | Val Acc: 0.9743
2026-09-07 16:07:47 [INFO] ✓ Saved best model: Val Acc=0.9743 at epoch 42
2026-09-07 16:08:22 [INFO] Epoch 043 | Train Loss: 0.1016 | Train Acc: 0.9648 | Val Loss: 0.0838 | Val Acc: 0.9728
2026-09-07 16:08:58 [INFO] Epoch 044 | Train Loss: 0.0929 | Train Acc: 0.9662 | Val Loss: 0.0844 | Val Acc: 0.9714
2026-09-07 16:09:33 [INFO] Epoch 045 | Train Loss: 0.0923 | Train Acc: 0.9676 | Val Loss: 0.0823 | Val Acc: 0.9730
2026-09-07 16:10:09 [INFO] Epoch 046 | Train Loss: 0.0878 | Train Acc: 0.9684 | Val Loss: 0.0819 | Val Acc: 0.9749
2026-09-07 16:10:10 [INFO] ✓ Saved best model: Val Acc=0.9749 at epoch 46
2026-09-07 16:10:46 [INFO] Epoch 047 | Train Loss: 0.0861 | Train Acc: 0.9693 | Val Loss: 0.0805 | Val Acc: 0.9745
2026-09-07 16:11:22 [INFO] Epoch 048 | Train Loss: 0.0827 | Train Acc: 0.9702 | Val Loss: 0.0808 | Val Acc: 0.9741
2026-09-07 16:11:58 [INFO] Epoch 049 | Train Loss: 0.0872 | Train Acc: 0.9694 | Val Loss: 0.0803 | Val Acc: 0.9737
2026-09-07 16:11:58 [INFO] Evaluating Best Model on TEST Set...
2026-09-07 16:11:58 [INFO] 
[RESUME] Đang nạp checkpoint từ: /home/biu-linux/DeepLearning_Projects/DoAnNganh/HybricMamba/Ressult/TFJ/VIT_B/DCID/VIT_B_best.pth
2026-09-07 16:12:01 [INFO] 🎯 [TEST RESULT] Test Acc: 0.9752 | F1-Macro: 0.9752 | F1-Weighted: 0.9752
2026-09-07 16:13:00 [INFO] Dataset: DCID | Số nhãn (classes): 35 | Tổng số ảnh: 35000
2026-09-07 16:13:00 [INFO] Dữ liệu đã chia -> Train (70%): 24500 | Val (15%): 5250 | Test (15%): 5250
2026-09-07 16:13:00 [INFO] 
🔍 Kiểm tra phân bố class trong batch:
2026-09-07 16:13:02 [INFO]   Batch 0: 29 classes (first 5: [0, 1, 2, 3, 6])
2026-09-07 16:13:02 [INFO]   Batch 1: 32 classes (first 5: [0, 1, 2, 3, 4])
2026-09-07 16:13:02 [INFO]   Batch 2: 28 classes (first 5: [0, 1, 2, 3, 4])
2026-09-07 16:13:02 [INFO]   Batch 3: 30 classes (first 5: [0, 1, 2, 4, 5])
2026-09-07 16:13:02 [INFO]   Batch 4: 31 classes (first 5: [0, 1, 2, 3, 5])
2026-09-07 16:13:02 [INFO] ✅ Shuffle tốt! Trung bình 30.0 classes/batch
2026-09-07 16:13:03 [INFO] ============================================================
2026-09-07 16:13:03 [INFO] Starting training: VIT_B
2026-09-07 16:13:03 [INFO] Dataset: DCID | Path: /home/biu-linux/DeepLearning_Projects/DoAnNganh/data/DCID/DCID-512-35
2026-09-07 16:13:03 [INFO] Device: cuda
2026-09-07 16:13:03 [INFO] GPU: NVIDIA GeForce RTX 3050 Laptop GPU
2026-09-07 16:13:03 [INFO] ============================================================
2026-09-07 16:13:03 [INFO] 
[RESUME] Đang nạp checkpoint từ: /home/biu-linux/DeepLearning_Projects/DoAnNganh/HybricMamba/Ressult/TFJ/VIT_B/DCID/VIT_B_best.pth
2026-09-07 16:13:38 [INFO] Epoch 047 | Train Loss: 0.1012 | Train Acc: 0.9661 | Val Loss: 0.0448 | Val Acc: 0.9844
2026-09-07 16:13:39 [INFO] ✓ Saved best model: Val Acc=0.9844 at epoch 47
2026-09-07 16:14:14 [INFO] Epoch 048 | Train Loss: 0.0974 | Train Acc: 0.9678 | Val Loss: 0.0444 | Val Acc: 0.9842
2026-09-07 16:14:50 [INFO] Epoch 049 | Train Loss: 0.1005 | Train Acc: 0.9643 | Val Loss: 0.0439 | Val Acc: 0.9838
2026-09-07 16:15:26 [INFO] Epoch 050 | Train Loss: 0.0968 | Train Acc: 0.9662 | Val Loss: 0.0440 | Val Acc: 0.9838
2026-09-07 16:16:20 [INFO] Dataset: DCID | Số nhãn (classes): 35 | Tổng số ảnh: 35000
2026-09-07 16:16:20 [INFO] Dữ liệu đã chia -> Train (70%): 24500 | Val (15%): 5250 | Test (15%): 5250
2026-09-07 16:16:20 [INFO] 
🔍 Kiểm tra phân bố class trong batch:
2026-09-07 16:16:22 [INFO]   Batch 0: 29 classes (first 5: [0, 1, 3, 4, 5])
2026-09-07 16:16:22 [INFO]   Batch 1: 31 classes (first 5: [0, 1, 2, 4, 5])
2026-09-07 16:16:22 [INFO]   Batch 2: 31 classes (first 5: [0, 1, 2, 3, 4])
2026-09-07 16:16:22 [INFO]   Batch 3: 26 classes (first 5: [0, 1, 2, 3, 4])
2026-09-07 16:16:22 [INFO]   Batch 4: 28 classes (first 5: [0, 1, 3, 4, 5])
2026-09-07 16:16:22 [INFO] ✅ Shuffle tốt! Trung bình 29.0 classes/batch
2026-09-07 16:16:23 [INFO] ============================================================
2026-09-07 16:16:23 [INFO] Starting training: VIT_B
2026-09-07 16:16:23 [INFO] Dataset: DCID | Path: /home/biu-linux/DeepLearning_Projects/DoAnNganh/data/DCID/DCID-512-35
2026-09-07 16:16:23 [INFO] Device: cuda
2026-09-07 16:16:23 [INFO] GPU: NVIDIA GeForce RTX 3050 Laptop GPU
2026-09-07 16:16:23 [INFO] ============================================================
2026-09-07 16:16:23 [INFO] 
[RESUME] Đang nạp checkpoint từ: /home/biu-linux/DeepLearning_Projects/DoAnNganh/HybricMamba/Ressult/TFJ/VIT_B/DCID/VIT_B_best.pth
2026-09-07 16:16:59 [INFO] Epoch 048 | Train Loss: 0.1817 | Train Acc: 0.9361 | Val Loss: 0.1003 | Val Acc: 0.9644
2026-09-07 16:17:15 [INFO] Dataset: DCID | Số nhãn (classes): 35 | Tổng số ảnh: 35000
2026-09-07 16:17:15 [INFO] Dữ liệu đã chia -> Train (70%): 24500 | Val (15%): 5250 | Test (15%): 5250
2026-09-07 16:17:15 [INFO] 
🔍 Kiểm tra phân bố class trong batch:
2026-09-07 16:17:15 [INFO]   Batch 0: 33 classes (first 5: [0, 1, 2, 3, 4])
2026-09-07 16:17:15 [INFO]   Batch 1: 31 classes (first 5: [0, 1, 3, 5, 6])
2026-09-07 16:17:15 [INFO]   Batch 2: 32 classes (first 5: [0, 1, 3, 4, 5])
2026-09-07 16:17:15 [INFO]   Batch 3: 28 classes (first 5: [0, 1, 2, 3, 4])
2026-09-07 16:17:15 [INFO]   Batch 4: 30 classes (first 5: [0, 1, 2, 3, 4])
2026-09-07 16:17:16 [INFO] ✅ Shuffle tốt! Trung bình 30.8 classes/batch
2026-09-07 16:17:17 [INFO] ============================================================
2026-09-07 16:17:17 [INFO] Starting training: VIT_B
2026-09-07 16:17:17 [INFO] Dataset: DCID | Path: /home/biu-linux/DeepLearning_Projects/DoAnNganh/data/DCID/DCID-512-35
2026-09-07 16:17:17 [INFO] Device: cuda
2026-09-07 16:17:17 [INFO] GPU: NVIDIA GeForce RTX 3050 Laptop GPU
2026-09-07 16:17:17 [INFO] ============================================================
2026-09-07 16:17:17 [INFO] 
[RESUME] Đang nạp checkpoint từ: /home/biu-linux/DeepLearning_Projects/DoAnNganh/HybricMamba/Ressult/TFJ/VIT_B/DCID/VIT_B_best.pth
2026-09-07 16:17:48 [INFO] Dataset: DCID | Số nhãn (classes): 35 | Tổng số ảnh: 35000
2026-09-07 16:17:49 [INFO] Dữ liệu đã chia -> Train (70%): 24500 | Val (15%): 5250 | Test (15%): 5250
2026-09-07 16:17:49 [INFO] 
🔍 Kiểm tra phân bố class trong batch:
2026-09-07 16:17:49 [INFO]   Batch 0: 31 classes (first 5: [0, 3, 4, 5, 6])
2026-09-07 16:17:49 [INFO]   Batch 1: 30 classes (first 5: [1, 2, 4, 5, 6])
2026-09-07 16:17:49 [INFO]   Batch 2: 31 classes (first 5: [0, 2, 3, 4, 5])
2026-09-07 16:17:49 [INFO]   Batch 3: 30 classes (first 5: [0, 1, 3, 4, 5])
2026-09-07 16:17:49 [INFO]   Batch 4: 29 classes (first 5: [0, 1, 2, 3, 4])
2026-09-07 16:17:49 [INFO] ✅ Shuffle tốt! Trung bình 30.2 classes/batch
2026-09-07 16:17:50 [INFO] ============================================================
2026-09-07 16:17:50 [INFO] Starting training: VIT_B
2026-09-07 16:17:50 [INFO] Dataset: DCID | Path: /home/biu-linux/DeepLearning_Projects/DoAnNganh/data/DCID/DCID-512-35
2026-09-07 16:17:50 [INFO] Device: cuda
2026-09-07 16:17:50 [INFO] GPU: NVIDIA GeForce RTX 3050 Laptop GPU
2026-09-07 16:17:50 [INFO] ============================================================
2026-09-07 16:17:50 [INFO] 
[RESUME] Đang nạp checkpoint từ: /home/biu-linux/DeepLearning_Projects/DoAnNganh/HybricMamba/Ressult/TFJ/VIT_B/DCID/VIT_B_best.pth
2026-09-07 16:18:53 [INFO] Dataset: DCID | Số nhãn (classes): 35 | Tổng số ảnh: 35000
2026-09-07 16:18:53 [INFO] Dữ liệu đã chia -> Train (70%): 24500 | Val (15%): 5250 | Test (15%): 5250
2026-09-07 16:18:53 [INFO] 
🔍 Kiểm tra phân bố class trong batch:
2026-09-07 16:18:55 [INFO]   Batch 0: 32 classes (first 5: [0, 1, 2, 3, 4])
2026-09-07 16:18:55 [INFO]   Batch 1: 30 classes (first 5: [0, 1, 2, 3, 4])
2026-09-07 16:18:55 [INFO]   Batch 2: 28 classes (first 5: [0, 2, 3, 4, 5])
2026-09-07 16:18:55 [INFO]   Batch 3: 32 classes (first 5: [0, 1, 2, 3, 4])
2026-09-07 16:18:55 [INFO]   Batch 4: 33 classes (first 5: [0, 1, 2, 4, 5])
2026-09-07 16:18:55 [INFO] ✅ Shuffle tốt! Trung bình 31.0 classes/batch
2026-09-07 16:18:56 [INFO] ============================================================
2026-09-07 16:18:56 [INFO] Starting training: VIT_B
2026-09-07 16:18:56 [INFO] Dataset: DCID | Path: /home/biu-linux/DeepLearning_Projects/DoAnNganh/data/DCID/DCID-512-35
2026-09-07 16:18:56 [INFO] Device: cuda
2026-09-07 16:18:56 [INFO] GPU: NVIDIA GeForce RTX 3050 Laptop GPU
2026-09-07 16:18:56 [INFO] ============================================================
2026-09-07 16:18:56 [INFO] 
[RESUME] Đang nạp checkpoint từ: /home/biu-linux/DeepLearning_Projects/DoAnNganh/HybricMamba/Ressult/TFJ/VIT_B/DCID/VIT_B_best.pth
2026-09-07 16:19:52 [INFO] Dataset: DCID | Số nhãn (classes): 35 | Tổng số ảnh: 35000
2026-09-07 16:19:52 [INFO] Dữ liệu đã chia -> Train (70%): 24500 | Val (15%): 5250 | Test (15%): 5250
2026-09-07 16:19:52 [INFO] 
🔍 Kiểm tra phân bố class trong batch:
2026-09-07 16:19:54 [INFO]   Batch 0: 29 classes (first 5: [0, 1, 2, 3, 4])
2026-09-07 16:19:54 [INFO]   Batch 1: 28 classes (first 5: [0, 1, 2, 3, 4])
2026-09-07 16:19:54 [INFO]   Batch 2: 29 classes (first 5: [1, 2, 4, 5, 6])
2026-09-07 16:19:54 [INFO]   Batch 3: 32 classes (first 5: [0, 1, 2, 3, 4])
2026-09-07 16:19:54 [INFO]   Batch 4: 28 classes (first 5: [0, 1, 2, 4, 5])
2026-09-07 16:19:54 [INFO] ✅ Shuffle tốt! Trung bình 29.2 classes/batch
2026-09-07 16:19:55 [INFO] ============================================================
2026-09-07 16:19:55 [INFO] Starting training: VIT_B
2026-09-07 16:19:55 [INFO] Dataset: DCID | Path: /home/biu-linux/DeepLearning_Projects/DoAnNganh/data/DCID/DCID-512-35
2026-09-07 16:19:55 [INFO] Device: cuda
2026-09-07 16:19:55 [INFO] GPU: NVIDIA GeForce RTX 3050 Laptop GPU
2026-09-07 16:19:55 [INFO] ============================================================
2026-09-07 16:19:55 [INFO] 
[RESUME] Đang nạp checkpoint từ: /home/biu-linux/DeepLearning_Projects/DoAnNganh/HybricMamba/Ressult/TFJ/VIT_B/DCID/VIT_B_best.pth
2026-09-07 16:20:30 [INFO] Epoch 048 | Train Loss: 0.1059 | Train Acc: 0.9638 | Val Loss: 0.0395 | Val Acc: 0.9872
2026-09-07 16:20:31 [INFO] ✓ Saved best model: Val Acc=0.9872 at epoch 48
2026-09-07 16:21:06 [INFO] Epoch 049 | Train Loss: 0.1031 | Train Acc: 0.9644 | Val Loss: 0.0405 | Val Acc: 0.9869
2026-09-07 16:21:42 [INFO] Epoch 050 | Train Loss: 0.0979 | Train Acc: 0.9655 | Val Loss: 0.0401 | Val Acc: 0.9865
2026-09-07 16:22:17 [INFO] Epoch 051 | Train Loss: 0.0981 | Train Acc: 0.9672 | Val Loss: 0.0401 | Val Acc: 0.9869
2026-09-07 16:22:53 [INFO] Epoch 052 | Train Loss: 0.1001 | Train Acc: 0.9643 | Val Loss: 0.0404 | Val Acc: 0.9865
2026-09-07 16:23:29 [INFO] Epoch 053 | Train Loss: 0.0986 | Train Acc: 0.9658 | Val Loss: 0.0410 | Val Acc: 0.9861
2026-09-07 16:24:04 [INFO] Epoch 054 | Train Loss: 0.1013 | Train Acc: 0.9654 | Val Loss: 0.0408 | Val Acc: 0.9863
2026-09-07 16:24:39 [INFO] Epoch 055 | Train Loss: 0.0987 | Train Acc: 0.9652 | Val Loss: 0.0415 | Val Acc: 0.9865
2026-09-07 16:25:14 [INFO] Epoch 056 | Train Loss: 0.0967 | Train Acc: 0.9672 | Val Loss: 0.0412 | Val Acc: 0.9867
2026-09-07 16:25:50 [INFO] Epoch 057 | Train Loss: 0.0936 | Train Acc: 0.9677 | Val Loss: 0.0413 | Val Acc: 0.9869
2026-09-07 16:26:26 [INFO] Epoch 058 | Train Loss: 0.0996 | Train Acc: 0.9643 | Val Loss: 0.0408 | Val Acc: 0.9863
2026-09-07 16:26:26 [INFO] ⏹ Early stopping tại epoch 58 (không cải thiện sau 10 epoch, best=0.9872)
2026-09-07 16:26:26 [INFO] Evaluating Best Model on TEST Set...
2026-09-07 16:26:26 [INFO] 
[RESUME] Đang nạp checkpoint từ: /home/biu-linux/DeepLearning_Projects/DoAnNganh/HybricMamba/Ressult/TFJ/VIT_B/DCID/VIT_B_best.pth
2026-09-07 16:26:29 [INFO] 🎯 [TEST RESULT] Test Acc: 0.9901 | F1-Macro: 0.9901 | F1-Weighted: 0.9901
