2026-09-06 17:47:55 [INFO] Dataset: DCID | Số nhãn (classes): 35 | Tổng số ảnh: 35000
2026-09-06 17:47:55 [INFO] Dữ liệu đã chia -> Train (70%): 24500 | Val (15%): 5250 | Test (15%): 5250
2026-09-06 17:47:55 [INFO] 
🔍 Kiểm tra phân bố class trong batch:
2026-09-06 17:47:56 [INFO]   Batch 0: 25 classes (first 5: [0, 1, 2, 3, 4])
2026-09-06 17:47:56 [INFO]   Batch 1: 26 classes (first 5: [1, 2, 3, 4, 5])
2026-09-06 17:47:56 [INFO]   Batch 2: 25 classes (first 5: [0, 1, 2, 3, 4])
2026-09-06 17:47:56 [INFO]   Batch 3: 29 classes (first 5: [1, 2, 3, 4, 5])
2026-09-06 17:47:56 [INFO]   Batch 4: 25 classes (first 5: [0, 1, 2, 3, 6])
2026-09-06 17:47:56 [INFO] ✅ Shuffle tốt! Trung bình 26.0 classes/batch
2026-09-06 17:47:57 [INFO] ============================================================
2026-09-06 17:47:57 [INFO] Starting training: VGG16
2026-09-06 17:47:57 [INFO] Dataset: DCID | Path: /home/biu-linux/DeepLearning_Projects/DoAnNganh/data/DCID/DCID-512-35
2026-09-06 17:47:57 [INFO] Device: cuda
2026-09-06 17:47:57 [INFO] GPU: NVIDIA GeForce RTX 3050 Laptop GPU
2026-09-06 17:47:57 [INFO] ============================================================
2026-09-06 17:57:21 [INFO] Epoch 000 | Train Loss: 0.7537 | Train Acc: 0.7824 | Val Loss: 0.2068 | Val Acc: 0.9419
2026-09-06 17:57:22 [INFO] ✓ Saved best model: Val Acc=0.9419 at epoch 0
2026-09-06 18:06:46 [INFO] Epoch 001 | Train Loss: 0.6190 | Train Acc: 0.8479 | Val Loss: 0.3994 | Val Acc: 0.9097
2026-09-06 18:16:09 [INFO] Epoch 002 | Train Loss: 0.7330 | Train Acc: 0.8258 | Val Loss: 0.4890 | Val Acc: 0.8798
2026-09-06 18:25:32 [INFO] Epoch 003 | Train Loss: 0.7901 | Train Acc: 0.8143 | Val Loss: 0.5950 | Val Acc: 0.8501
2026-09-06 18:34:54 [INFO] Epoch 004 | Train Loss: 0.8391 | Train Acc: 0.8006 | Val Loss: 0.5634 | Val Acc: 0.8920
2026-09-06 18:44:17 [INFO] Epoch 005 | Train Loss: 0.7132 | Train Acc: 0.8487 | Val Loss: 0.3081 | Val Acc: 0.9307
2026-09-06 18:53:39 [INFO] Epoch 006 | Train Loss: 0.5454 | Train Acc: 0.8839 | Val Loss: 0.2058 | Val Acc: 0.9570
2026-09-06 18:53:41 [INFO] ✓ Saved best model: Val Acc=0.9570 at epoch 6
2026-09-06 19:03:03 [INFO] Epoch 007 | Train Loss: 0.5003 | Train Acc: 0.8920 | Val Loss: 0.5534 | Val Acc: 0.9265
2026-09-06 19:12:23 [INFO] Epoch 008 | Train Loss: 0.5275 | Train Acc: 0.8963 | Val Loss: 0.3223 | Val Acc: 0.9390
2026-09-06 19:21:45 [INFO] Epoch 009 | Train Loss: 0.4006 | Train Acc: 0.9186 | Val Loss: 0.2505 | Val Acc: 0.9432
2026-09-06 19:31:06 [INFO] Epoch 010 | Train Loss: 0.3969 | Train Acc: 0.9167 | Val Loss: 0.1547 | Val Acc: 0.9720
2026-09-06 19:31:08 [INFO] ✓ Saved best model: Val Acc=0.9720 at epoch 10
2026-09-06 19:40:28 [INFO] Epoch 011 | Train Loss: 0.4154 | Train Acc: 0.9176 | Val Loss: 0.2531 | Val Acc: 0.9484
2026-09-06 19:49:49 [INFO] Epoch 012 | Train Loss: 0.3735 | Train Acc: 0.9242 | Val Loss: 0.1761 | Val Acc: 0.9575
2026-09-06 19:59:09 [INFO] Epoch 013 | Train Loss: 0.3400 | Train Acc: 0.9358 | Val Loss: 0.1739 | Val Acc: 0.9655
2026-09-06 20:08:29 [INFO] Epoch 014 | Train Loss: 0.3174 | Train Acc: 0.9367 | Val Loss: 0.1675 | Val Acc: 0.9688
2026-09-06 20:17:49 [INFO] Epoch 015 | Train Loss: 0.2908 | Train Acc: 0.9415 | Val Loss: 0.1295 | Val Acc: 0.9750
2026-09-06 20:18:29 [INFO] ✓ Saved best model: Val Acc=0.9750 at epoch 15
2026-09-06 20:27:49 [INFO] Epoch 016 | Train Loss: 0.2995 | Train Acc: 0.9418 | Val Loss: 0.2325 | Val Acc: 0.9575
2026-09-06 20:37:08 [INFO] Epoch 017 | Train Loss: 0.2600 | Train Acc: 0.9478 | Val Loss: 0.1891 | Val Acc: 0.9709
2026-09-06 20:46:28 [INFO] Epoch 018 | Train Loss: 0.2471 | Train Acc: 0.9496 | Val Loss: 0.1321 | Val Acc: 0.9726
2026-09-06 20:55:48 [INFO] Epoch 019 | Train Loss: 0.2315 | Train Acc: 0.9544 | Val Loss: 0.0905 | Val Acc: 0.9838
2026-09-06 20:55:49 [INFO] ✓ Saved best model: Val Acc=0.9838 at epoch 19
2026-09-06 21:05:08 [INFO] Epoch 020 | Train Loss: 0.2079 | Train Acc: 0.9584 | Val Loss: 0.1032 | Val Acc: 0.9768
2026-09-06 21:14:28 [INFO] Epoch 021 | Train Loss: 0.1703 | Train Acc: 0.9644 | Val Loss: 0.0677 | Val Acc: 0.9840
2026-09-06 21:14:31 [INFO] ✓ Saved best model: Val Acc=0.9840 at epoch 21
2026-09-06 21:23:50 [INFO] Epoch 022 | Train Loss: 0.1769 | Train Acc: 0.9651 | Val Loss: 0.1065 | Val Acc: 0.9775
2026-09-06 21:33:09 [INFO] Epoch 023 | Train Loss: 0.1675 | Train Acc: 0.9661 | Val Loss: 0.1334 | Val Acc: 0.9787
2026-09-06 21:42:28 [INFO] Epoch 024 | Train Loss: 0.1410 | Train Acc: 0.9700 | Val Loss: 0.1097 | Val Acc: 0.9846
2026-09-06 21:42:29 [INFO] ✓ Saved best model: Val Acc=0.9846 at epoch 24
2026-09-06 21:51:48 [INFO] Epoch 025 | Train Loss: 0.1303 | Train Acc: 0.9727 | Val Loss: 0.0772 | Val Acc: 0.9850
2026-09-06 21:51:51 [INFO] ✓ Saved best model: Val Acc=0.9850 at epoch 25
2026-09-06 22:01:10 [INFO] Epoch 026 | Train Loss: 0.1271 | Train Acc: 0.9722 | Val Loss: 0.0738 | Val Acc: 0.9872
2026-09-06 22:01:12 [INFO] ✓ Saved best model: Val Acc=0.9872 at epoch 26
2026-09-06 22:10:29 [INFO] Epoch 027 | Train Loss: 0.1098 | Train Acc: 0.9771 | Val Loss: 0.0909 | Val Acc: 0.9811
2026-09-06 22:19:48 [INFO] Epoch 028 | Train Loss: 0.0953 | Train Acc: 0.9793 | Val Loss: 0.0490 | Val Acc: 0.9872
2026-09-06 22:29:06 [INFO] Epoch 029 | Train Loss: 0.0834 | Train Acc: 0.9818 | Val Loss: 0.0738 | Val Acc: 0.9853
2026-09-06 22:38:23 [INFO] Epoch 030 | Train Loss: 0.0680 | Train Acc: 0.9844 | Val Loss: 0.0732 | Val Acc: 0.9876
2026-09-06 22:38:25 [INFO] ✓ Saved best model: Val Acc=0.9876 at epoch 30
2026-09-06 22:47:43 [INFO] Epoch 031 | Train Loss: 0.0753 | Train Acc: 0.9843 | Val Loss: 0.0619 | Val Acc: 0.9882
2026-09-06 22:47:44 [INFO] ✓ Saved best model: Val Acc=0.9882 at epoch 31
2026-09-06 22:57:00 [INFO] Epoch 032 | Train Loss: 0.0599 | Train Acc: 0.9876 | Val Loss: 0.0656 | Val Acc: 0.9876
2026-09-06 23:06:16 [INFO] Epoch 033 | Train Loss: 0.0488 | Train Acc: 0.9902 | Val Loss: 0.0572 | Val Acc: 0.9888
2026-09-06 23:06:18 [INFO] ✓ Saved best model: Val Acc=0.9888 at epoch 33
2026-09-06 23:15:34 [INFO] Epoch 034 | Train Loss: 0.0467 | Train Acc: 0.9888 | Val Loss: 0.0417 | Val Acc: 0.9907
2026-09-06 23:15:36 [INFO] ✓ Saved best model: Val Acc=0.9907 at epoch 34
2026-09-06 23:24:52 [INFO] Epoch 035 | Train Loss: 0.0411 | Train Acc: 0.9908 | Val Loss: 0.0335 | Val Acc: 0.9912
2026-09-06 23:24:53 [INFO] ✓ Saved best model: Val Acc=0.9912 at epoch 35
2026-09-06 23:34:08 [INFO] Epoch 036 | Train Loss: 0.0355 | Train Acc: 0.9916 | Val Loss: 0.0376 | Val Acc: 0.9926
2026-09-06 23:34:11 [INFO] ✓ Saved best model: Val Acc=0.9926 at epoch 36
2026-09-06 23:43:27 [INFO] Epoch 037 | Train Loss: 0.0288 | Train Acc: 0.9932 | Val Loss: 0.0483 | Val Acc: 0.9891
2026-09-06 23:52:43 [INFO] Epoch 038 | Train Loss: 0.0277 | Train Acc: 0.9929 | Val Loss: 0.0425 | Val Acc: 0.9899
2026-09-07 00:01:57 [INFO] Epoch 039 | Train Loss: 0.0198 | Train Acc: 0.9960 | Val Loss: 0.0331 | Val Acc: 0.9939
2026-09-07 00:01:58 [INFO] ✓ Saved best model: Val Acc=0.9939 at epoch 39
2026-09-07 00:11:13 [INFO] Epoch 040 | Train Loss: 0.0241 | Train Acc: 0.9945 | Val Loss: 0.0316 | Val Acc: 0.9922
2026-09-07 00:20:28 [INFO] Epoch 041 | Train Loss: 0.0160 | Train Acc: 0.9958 | Val Loss: 0.0361 | Val Acc: 0.9930
2026-09-07 00:29:43 [INFO] Epoch 042 | Train Loss: 0.0128 | Train Acc: 0.9965 | Val Loss: 0.0294 | Val Acc: 0.9931
2026-09-07 00:32:41 [INFO] Dataset: DCID | Số nhãn (classes): 35 | Tổng số ảnh: 35000
2026-09-07 00:32:41 [INFO] Dữ liệu đã chia -> Train (70%): 24500 | Val (15%): 5250 | Test (15%): 5250
2026-09-07 00:32:41 [INFO] 
🔍 Kiểm tra phân bố class trong batch:
2026-09-07 00:32:43 [INFO]   Batch 0: 30 classes (first 5: [0, 1, 2, 3, 4])
2026-09-07 00:32:43 [INFO]   Batch 1: 24 classes (first 5: [0, 3, 4, 5, 6])
2026-09-07 00:32:43 [INFO]   Batch 2: 27 classes (first 5: [0, 1, 2, 4, 5])
2026-09-07 00:32:43 [INFO]   Batch 3: 24 classes (first 5: [0, 1, 3, 4, 5])
2026-09-07 00:32:43 [INFO]   Batch 4: 26 classes (first 5: [0, 1, 2, 3, 4])
2026-09-07 00:32:44 [INFO] ✅ Shuffle tốt! Trung bình 26.2 classes/batch
2026-09-07 00:32:45 [INFO] ============================================================
2026-09-07 00:32:45 [INFO] Starting training: VGG16
2026-09-07 00:32:45 [INFO] Dataset: DCID | Path: /home/biu-linux/DeepLearning_Projects/DoAnNganh/data/DCID/DCID-512-35
2026-09-07 00:32:45 [INFO] Device: cuda
2026-09-07 00:32:45 [INFO] GPU: NVIDIA GeForce RTX 3050 Laptop GPU
2026-09-07 00:32:45 [INFO] ============================================================
2026-09-07 00:32:45 [INFO] 
[RESUME] Đang nạp checkpoint từ: /home/biu-linux/DeepLearning_Projects/DoAnNganh/HybricMamba/Ressult/TFJ/VGG16/DCID/VGG16_best.pth
2026-09-07 00:32:46 [INFO] Evaluating Best Model on TEST Set...
2026-09-07 00:32:46 [INFO] 
[RESUME] Đang nạp checkpoint từ: /home/biu-linux/DeepLearning_Projects/DoAnNganh/HybricMamba/Ressult/TFJ/VGG16/DCID/VGG16_best.pth
2026-09-07 00:33:01 [INFO] 🎯 [TEST RESULT] Test Acc: 0.9966 | F1-Macro: 0.9966 | F1-Weighted: 0.9966
