2026-08-25 09:56:17 [INFO] Dataset: NEU-DET_surface-dec | Số nhãn (classes): 6 | Tổng số ảnh: 1800
2026-08-25 09:56:17 [INFO] Dữ liệu đã chia -> Train (70%): 1260 | Val (15%): 270 | Test (15%): 270
2026-08-25 09:56:17 [INFO] 
🔍 Kiểm tra phân bố class trong batch:
2026-08-25 09:56:17 [INFO]   Batch 0: 6 classes (first 5: [0, 1, 2, 3, 4])
2026-08-25 09:56:17 [INFO]   Batch 1: 6 classes (first 5: [0, 1, 2, 3, 4])
2026-08-25 09:56:17 [INFO]   Batch 2: 6 classes (first 5: [0, 1, 2, 3, 4])
2026-08-25 09:56:17 [INFO]   Batch 3: 6 classes (first 5: [0, 1, 2, 3, 4])
2026-08-25 09:56:17 [INFO]   Batch 4: 6 classes (first 5: [0, 1, 2, 3, 4])
2026-08-25 09:56:17 [WARNING] ⚠️ WARNING: Trung bình 6.0 classes/batch - Dữ liệu chưa được trộn đều!
2026-08-25 09:56:19 [INFO] ============================================================
2026-08-25 09:56:19 [INFO] Starting training: VGG16
2026-08-25 09:56:19 [INFO] Dataset: NEU-DET_surface-dec | Path: /home/biu-linux/DeepLearning_Projects/DoAnNganh/data/NEU-DET
2026-08-25 09:56:19 [INFO] Device: cuda
2026-08-25 09:56:19 [INFO] GPU: NVIDIA GeForce RTX 3050 Laptop GPU
2026-08-25 09:56:19 [INFO] ============================================================
2026-08-25 09:56:24 [INFO] Epoch 000 | Train Loss: 11.6952 | Train Acc: 0.1857 | Val Loss: 1.7697 | Val Acc: 0.1778
2026-08-25 09:56:26 [INFO] ✓ Saved best model: Val Acc=0.1778 at epoch 0
2026-08-25 09:56:30 [INFO] Epoch 001 | Train Loss: 1.6308 | Train Acc: 0.3071 | Val Loss: 1.1442 | Val Acc: 0.4370
2026-08-25 09:57:08 [INFO] ✓ Saved best model: Val Acc=0.4370 at epoch 1
2026-08-25 09:57:12 [INFO] Epoch 002 | Train Loss: 1.0534 | Train Acc: 0.5333 | Val Loss: 0.8323 | Val Acc: 0.6037
2026-08-25 09:57:14 [INFO] ✓ Saved best model: Val Acc=0.6037 at epoch 2
2026-08-25 09:57:18 [INFO] Epoch 003 | Train Loss: 0.7253 | Train Acc: 0.6881 | Val Loss: 0.5008 | Val Acc: 0.8556
2026-08-25 09:57:29 [INFO] ✓ Saved best model: Val Acc=0.8556 at epoch 3
2026-08-25 09:57:33 [INFO] Epoch 004 | Train Loss: 1.0110 | Train Acc: 0.7302 | Val Loss: 0.5126 | Val Acc: 0.7519
2026-08-25 09:57:37 [INFO] Epoch 005 | Train Loss: 0.6122 | Train Acc: 0.8079 | Val Loss: 0.8499 | Val Acc: 0.7000
2026-08-25 09:57:42 [INFO] Epoch 006 | Train Loss: 0.5694 | Train Acc: 0.8143 | Val Loss: 0.6368 | Val Acc: 0.7407
2026-08-25 09:57:46 [INFO] Epoch 007 | Train Loss: 0.8862 | Train Acc: 0.7341 | Val Loss: 0.3666 | Val Acc: 0.8667
2026-08-25 09:57:59 [INFO] ✓ Saved best model: Val Acc=0.8667 at epoch 7
2026-08-25 09:58:04 [INFO] Epoch 008 | Train Loss: 0.6494 | Train Acc: 0.7992 | Val Loss: 0.4818 | Val Acc: 0.8481
2026-08-25 09:58:08 [INFO] Epoch 009 | Train Loss: 0.4731 | Train Acc: 0.8286 | Val Loss: 0.7046 | Val Acc: 0.7185
2026-08-25 09:58:13 [INFO] Epoch 010 | Train Loss: 0.7142 | Train Acc: 0.8246 | Val Loss: 0.2244 | Val Acc: 0.9000
2026-08-25 09:58:24 [INFO] ✓ Saved best model: Val Acc=0.9000 at epoch 10
2026-08-25 09:58:29 [INFO] Epoch 011 | Train Loss: 0.3105 | Train Acc: 0.9198 | Val Loss: 0.3117 | Val Acc: 0.9296
2026-08-25 09:59:06 [INFO] ✓ Saved best model: Val Acc=0.9296 at epoch 11
2026-08-25 09:59:11 [INFO] Epoch 012 | Train Loss: 0.2848 | Train Acc: 0.9190 | Val Loss: 0.2227 | Val Acc: 0.9333
2026-08-25 09:59:13 [INFO] ✓ Saved best model: Val Acc=0.9333 at epoch 12
2026-08-25 09:59:17 [INFO] Epoch 013 | Train Loss: 0.3167 | Train Acc: 0.9246 | Val Loss: 0.2734 | Val Acc: 0.9037
2026-08-25 09:59:21 [INFO] Epoch 014 | Train Loss: 0.3096 | Train Acc: 0.8841 | Val Loss: 0.2544 | Val Acc: 0.8963
2026-08-25 09:59:26 [INFO] Epoch 015 | Train Loss: 0.2948 | Train Acc: 0.9230 | Val Loss: 0.3240 | Val Acc: 0.9407
2026-08-25 09:59:36 [INFO] ✓ Saved best model: Val Acc=0.9407 at epoch 15
2026-08-25 09:59:41 [INFO] Epoch 016 | Train Loss: 0.2149 | Train Acc: 0.9460 | Val Loss: 0.3331 | Val Acc: 0.9444
2026-08-25 09:59:48 [INFO] ✓ Saved best model: Val Acc=0.9444 at epoch 16
2026-08-25 09:59:52 [INFO] Epoch 017 | Train Loss: 0.2103 | Train Acc: 0.9460 | Val Loss: 0.1592 | Val Acc: 0.9556
2026-08-25 10:00:06 [INFO] ✓ Saved best model: Val Acc=0.9556 at epoch 17
2026-08-25 10:00:10 [INFO] Epoch 018 | Train Loss: 0.1670 | Train Acc: 0.9540 | Val Loss: 0.1450 | Val Acc: 0.9556
2026-08-25 10:00:15 [INFO] Epoch 019 | Train Loss: 0.3481 | Train Acc: 0.9230 | Val Loss: 0.1041 | Val Acc: 0.9778
2026-08-25 10:00:21 [INFO] ✓ Saved best model: Val Acc=0.9778 at epoch 19
2026-08-25 10:00:25 [INFO] Epoch 020 | Train Loss: 0.2585 | Train Acc: 0.9357 | Val Loss: 0.1410 | Val Acc: 0.9519
2026-08-25 10:00:30 [INFO] Epoch 021 | Train Loss: 0.1519 | Train Acc: 0.9548 | Val Loss: 0.1028 | Val Acc: 0.9593
2026-08-25 10:00:34 [INFO] Epoch 022 | Train Loss: 0.2233 | Train Acc: 0.9587 | Val Loss: 0.9010 | Val Acc: 0.8852
2026-08-25 10:00:38 [INFO] Epoch 023 | Train Loss: 0.3488 | Train Acc: 0.9246 | Val Loss: 0.1835 | Val Acc: 0.9593
2026-08-25 10:00:43 [INFO] Epoch 024 | Train Loss: 1.4158 | Train Acc: 0.9262 | Val Loss: 0.4576 | Val Acc: 0.9111
2026-08-25 10:00:47 [INFO] Epoch 025 | Train Loss: 1.2312 | Train Acc: 0.9183 | Val Loss: 0.0603 | Val Acc: 0.9667
2026-08-25 10:00:51 [INFO] Epoch 026 | Train Loss: 0.3544 | Train Acc: 0.9532 | Val Loss: 0.1839 | Val Acc: 0.9519
2026-08-25 10:00:55 [INFO] Epoch 027 | Train Loss: 0.1293 | Train Acc: 0.9675 | Val Loss: 0.0635 | Val Acc: 0.9741
2026-08-25 10:01:00 [INFO] Epoch 028 | Train Loss: 0.1256 | Train Acc: 0.9714 | Val Loss: 0.1173 | Val Acc: 0.9667
2026-08-25 10:01:04 [INFO] Epoch 029 | Train Loss: 0.1569 | Train Acc: 0.9627 | Val Loss: 0.1549 | Val Acc: 0.9519
2026-08-25 10:01:08 [INFO] Epoch 030 | Train Loss: 0.1457 | Train Acc: 0.9627 | Val Loss: 0.1735 | Val Acc: 0.9667
2026-08-25 10:01:12 [INFO] Epoch 031 | Train Loss: 0.1283 | Train Acc: 0.9683 | Val Loss: 0.3844 | Val Acc: 0.9630
2026-08-25 10:01:16 [INFO] Epoch 032 | Train Loss: 0.2659 | Train Acc: 0.9556 | Val Loss: 0.0915 | Val Acc: 0.9704
2026-08-25 10:01:21 [INFO] Epoch 033 | Train Loss: 0.1275 | Train Acc: 0.9690 | Val Loss: 2.0889 | Val Acc: 0.9741
2026-08-25 10:01:25 [INFO] Epoch 034 | Train Loss: 0.1009 | Train Acc: 0.9627 | Val Loss: 0.0887 | Val Acc: 0.9852
2026-08-25 10:01:28 [INFO] ✓ Saved best model: Val Acc=0.9852 at epoch 34
2026-08-25 10:01:32 [INFO] Epoch 035 | Train Loss: 0.0748 | Train Acc: 0.9778 | Val Loss: 0.0518 | Val Acc: 0.9704
2026-08-25 10:01:36 [INFO] Epoch 036 | Train Loss: 0.2767 | Train Acc: 0.9643 | Val Loss: 0.1683 | Val Acc: 0.9407
2026-08-25 10:01:40 [INFO] Epoch 037 | Train Loss: 0.1457 | Train Acc: 0.9595 | Val Loss: 0.1343 | Val Acc: 0.9667
2026-08-25 10:01:45 [INFO] Epoch 038 | Train Loss: 0.1210 | Train Acc: 0.9706 | Val Loss: 0.1081 | Val Acc: 0.9815
2026-08-25 10:01:49 [INFO] Epoch 039 | Train Loss: 0.0893 | Train Acc: 0.9643 | Val Loss: 0.1391 | Val Acc: 0.9630
2026-08-25 10:01:53 [INFO] Epoch 040 | Train Loss: 0.2437 | Train Acc: 0.9595 | Val Loss: 0.2133 | Val Acc: 0.9481
2026-08-25 10:01:57 [INFO] Epoch 041 | Train Loss: 0.5049 | Train Acc: 0.9325 | Val Loss: 0.1261 | Val Acc: 0.9556
2026-08-25 10:02:01 [INFO] Epoch 042 | Train Loss: 0.4002 | Train Acc: 0.9429 | Val Loss: 0.0973 | Val Acc: 0.9741
2026-08-25 10:02:05 [INFO] Epoch 043 | Train Loss: 0.1412 | Train Acc: 0.9714 | Val Loss: 0.0962 | Val Acc: 0.9630
2026-08-25 10:02:10 [INFO] Epoch 044 | Train Loss: 0.2191 | Train Acc: 0.9603 | Val Loss: 0.2663 | Val Acc: 0.9815
2026-08-25 10:02:14 [INFO] Epoch 045 | Train Loss: 0.5028 | Train Acc: 0.9722 | Val Loss: 0.0765 | Val Acc: 0.9667
2026-08-25 10:02:18 [INFO] Epoch 046 | Train Loss: 0.0992 | Train Acc: 0.9675 | Val Loss: 0.2214 | Val Acc: 0.9704
2026-08-25 10:02:23 [INFO] Epoch 047 | Train Loss: 0.1217 | Train Acc: 0.9722 | Val Loss: 0.0561 | Val Acc: 0.9926
2026-08-25 10:03:00 [INFO] ✓ Saved best model: Val Acc=0.9926 at epoch 47
2026-08-25 10:03:04 [INFO] Epoch 048 | Train Loss: 0.1042 | Train Acc: 0.9738 | Val Loss: 0.1603 | Val Acc: 0.9704
2026-08-25 10:03:08 [INFO] Epoch 049 | Train Loss: 0.1749 | Train Acc: 0.9508 | Val Loss: 0.1142 | Val Acc: 0.9741
2026-08-25 10:03:13 [INFO] Epoch 050 | Train Loss: 0.1262 | Train Acc: 0.9794 | Val Loss: 0.0677 | Val Acc: 0.9704
2026-08-25 10:03:17 [INFO] Epoch 051 | Train Loss: 0.0546 | Train Acc: 0.9810 | Val Loss: 0.0639 | Val Acc: 0.9741
2026-08-25 10:03:21 [INFO] Epoch 052 | Train Loss: 0.0550 | Train Acc: 0.9810 | Val Loss: 0.0564 | Val Acc: 0.9778
2026-08-25 10:03:25 [INFO] Epoch 053 | Train Loss: 0.0326 | Train Acc: 0.9889 | Val Loss: 0.0457 | Val Acc: 0.9852
2026-08-25 10:03:29 [INFO] Epoch 054 | Train Loss: 0.0298 | Train Acc: 0.9905 | Val Loss: 0.0476 | Val Acc: 0.9815
2026-08-25 10:03:34 [INFO] Epoch 055 | Train Loss: 0.0514 | Train Acc: 0.9873 | Val Loss: 0.0432 | Val Acc: 0.9815
2026-08-25 10:03:38 [INFO] Epoch 056 | Train Loss: 0.0270 | Train Acc: 0.9897 | Val Loss: 0.0440 | Val Acc: 0.9815
2026-08-25 10:03:42 [INFO] Epoch 057 | Train Loss: 0.0281 | Train Acc: 0.9905 | Val Loss: 0.0462 | Val Acc: 0.9778
2026-08-25 10:03:46 [INFO] Epoch 058 | Train Loss: 0.0259 | Train Acc: 0.9913 | Val Loss: 0.0423 | Val Acc: 0.9815
2026-08-25 10:03:50 [INFO] Epoch 059 | Train Loss: 0.0312 | Train Acc: 0.9881 | Val Loss: 0.0411 | Val Acc: 0.9852
2026-08-25 10:03:54 [INFO] Epoch 060 | Train Loss: 0.0201 | Train Acc: 0.9937 | Val Loss: 0.0352 | Val Acc: 0.9889
2026-08-25 10:03:59 [INFO] Epoch 061 | Train Loss: 0.0248 | Train Acc: 0.9929 | Val Loss: 0.0367 | Val Acc: 0.9889
2026-08-25 10:04:03 [INFO] Epoch 062 | Train Loss: 0.0336 | Train Acc: 0.9905 | Val Loss: 0.0346 | Val Acc: 0.9889
2026-08-25 10:04:07 [INFO] Epoch 063 | Train Loss: 0.0247 | Train Acc: 0.9897 | Val Loss: 0.0320 | Val Acc: 0.9889
2026-08-25 10:04:11 [INFO] Epoch 064 | Train Loss: 0.0217 | Train Acc: 0.9921 | Val Loss: 0.0299 | Val Acc: 0.9889
2026-08-25 10:04:16 [INFO] Epoch 065 | Train Loss: 0.0085 | Train Acc: 0.9976 | Val Loss: 0.0270 | Val Acc: 0.9889
2026-08-25 10:04:20 [INFO] Epoch 066 | Train Loss: 0.0144 | Train Acc: 0.9952 | Val Loss: 0.0263 | Val Acc: 0.9889
2026-08-25 10:04:24 [INFO] Epoch 067 | Train Loss: 0.0198 | Train Acc: 0.9905 | Val Loss: 0.0200 | Val Acc: 0.9889
2026-08-25 10:04:28 [INFO] Epoch 068 | Train Loss: 0.0224 | Train Acc: 0.9929 | Val Loss: 0.0202 | Val Acc: 0.9889
2026-08-25 10:04:32 [INFO] Epoch 069 | Train Loss: 0.0242 | Train Acc: 0.9897 | Val Loss: 0.0220 | Val Acc: 0.9889
2026-08-25 10:04:36 [INFO] Epoch 070 | Train Loss: 0.0239 | Train Acc: 0.9937 | Val Loss: 0.0267 | Val Acc: 0.9852
2026-08-25 10:04:40 [INFO] Epoch 071 | Train Loss: 0.0225 | Train Acc: 0.9929 | Val Loss: 0.0222 | Val Acc: 0.9889
2026-08-25 10:04:45 [INFO] Epoch 072 | Train Loss: 0.0235 | Train Acc: 0.9937 | Val Loss: 0.0245 | Val Acc: 0.9889
2026-08-25 10:04:49 [INFO] Epoch 073 | Train Loss: 0.0205 | Train Acc: 0.9929 | Val Loss: 0.0208 | Val Acc: 0.9889
2026-08-25 10:04:53 [INFO] Epoch 074 | Train Loss: 0.0182 | Train Acc: 0.9944 | Val Loss: 0.0219 | Val Acc: 0.9926
2026-08-25 10:04:57 [INFO] Epoch 075 | Train Loss: 0.0129 | Train Acc: 0.9952 | Val Loss: 0.0206 | Val Acc: 0.9889
2026-08-25 10:05:01 [INFO] Epoch 076 | Train Loss: 0.0149 | Train Acc: 0.9968 | Val Loss: 0.0237 | Val Acc: 0.9889
2026-08-25 10:05:05 [INFO] Epoch 077 | Train Loss: 0.0154 | Train Acc: 0.9937 | Val Loss: 0.0250 | Val Acc: 0.9889
2026-08-25 10:05:09 [INFO] Epoch 078 | Train Loss: 0.0128 | Train Acc: 0.9952 | Val Loss: 0.0233 | Val Acc: 0.9889
2026-08-25 10:05:14 [INFO] Epoch 079 | Train Loss: 0.0138 | Train Acc: 0.9976 | Val Loss: 0.0206 | Val Acc: 0.9889
2026-08-25 10:05:18 [INFO] Epoch 080 | Train Loss: 0.0094 | Train Acc: 0.9984 | Val Loss: 0.0205 | Val Acc: 0.9889
2026-08-25 10:05:22 [INFO] Epoch 081 | Train Loss: 0.0064 | Train Acc: 0.9976 | Val Loss: 0.0216 | Val Acc: 0.9889
2026-08-25 10:05:26 [INFO] Epoch 082 | Train Loss: 0.0112 | Train Acc: 0.9968 | Val Loss: 0.0215 | Val Acc: 0.9889
2026-08-25 10:05:30 [INFO] Epoch 083 | Train Loss: 0.0113 | Train Acc: 0.9960 | Val Loss: 0.0215 | Val Acc: 0.9889
2026-08-25 10:05:34 [INFO] Epoch 084 | Train Loss: 0.0177 | Train Acc: 0.9944 | Val Loss: 0.0210 | Val Acc: 0.9889
2026-08-25 10:05:38 [INFO] Epoch 085 | Train Loss: 0.0097 | Train Acc: 0.9984 | Val Loss: 0.0214 | Val Acc: 0.9889
2026-08-25 10:05:42 [INFO] Epoch 086 | Train Loss: 0.0093 | Train Acc: 0.9960 | Val Loss: 0.0212 | Val Acc: 0.9889
2026-08-25 10:05:46 [INFO] Epoch 087 | Train Loss: 0.0110 | Train Acc: 0.9968 | Val Loss: 0.0212 | Val Acc: 0.9889
2026-08-25 10:05:50 [INFO] Epoch 088 | Train Loss: 0.0085 | Train Acc: 0.9968 | Val Loss: 0.0210 | Val Acc: 0.9889
2026-08-25 10:05:55 [INFO] Epoch 089 | Train Loss: 0.0184 | Train Acc: 0.9929 | Val Loss: 0.0207 | Val Acc: 0.9889
2026-08-25 10:05:59 [INFO] Epoch 090 | Train Loss: 0.0077 | Train Acc: 0.9968 | Val Loss: 0.0209 | Val Acc: 0.9889
2026-08-25 10:06:03 [INFO] Epoch 091 | Train Loss: 0.0193 | Train Acc: 0.9937 | Val Loss: 0.0213 | Val Acc: 0.9889
2026-08-25 10:06:07 [INFO] Epoch 092 | Train Loss: 0.0266 | Train Acc: 0.9937 | Val Loss: 0.0209 | Val Acc: 0.9889
2026-08-25 10:06:11 [INFO] Epoch 093 | Train Loss: 0.0072 | Train Acc: 0.9976 | Val Loss: 0.0215 | Val Acc: 0.9889
2026-08-25 10:06:16 [INFO] Epoch 094 | Train Loss: 0.0294 | Train Acc: 0.9937 | Val Loss: 0.0211 | Val Acc: 0.9889
2026-08-25 10:06:20 [INFO] Epoch 095 | Train Loss: 0.0128 | Train Acc: 0.9952 | Val Loss: 0.0213 | Val Acc: 0.9889
2026-08-25 10:06:24 [INFO] Epoch 096 | Train Loss: 0.0162 | Train Acc: 0.9952 | Val Loss: 0.0215 | Val Acc: 0.9889
2026-08-25 10:06:28 [INFO] Epoch 097 | Train Loss: 0.0127 | Train Acc: 0.9944 | Val Loss: 0.0220 | Val Acc: 0.9889
2026-08-25 10:06:32 [INFO] Epoch 098 | Train Loss: 0.0140 | Train Acc: 0.9952 | Val Loss: 0.0217 | Val Acc: 0.9889
2026-08-25 10:06:36 [INFO] Epoch 099 | Train Loss: 0.0122 | Train Acc: 0.9968 | Val Loss: 0.0216 | Val Acc: 0.9889
2026-08-25 10:06:40 [INFO] Epoch 100 | Train Loss: 0.0051 | Train Acc: 1.0000 | Val Loss: 0.0219 | Val Acc: 0.9889
2026-08-25 10:06:45 [INFO] Epoch 101 | Train Loss: 0.0131 | Train Acc: 0.9960 | Val Loss: 0.0219 | Val Acc: 0.9889
2026-08-25 10:06:49 [INFO] Epoch 102 | Train Loss: 0.0086 | Train Acc: 0.9952 | Val Loss: 0.0222 | Val Acc: 0.9889
2026-08-25 10:06:53 [INFO] Epoch 103 | Train Loss: 0.0163 | Train Acc: 0.9968 | Val Loss: 0.0223 | Val Acc: 0.9889
2026-08-25 10:06:57 [INFO] Epoch 104 | Train Loss: 0.0087 | Train Acc: 0.9952 | Val Loss: 0.0215 | Val Acc: 0.9889
2026-08-25 10:07:01 [INFO] Epoch 105 | Train Loss: 0.0146 | Train Acc: 0.9960 | Val Loss: 0.0213 | Val Acc: 0.9889
2026-08-25 10:07:05 [INFO] Epoch 106 | Train Loss: 0.0165 | Train Acc: 0.9952 | Val Loss: 0.0217 | Val Acc: 0.9889
2026-08-25 10:07:09 [INFO] Epoch 107 | Train Loss: 0.0137 | Train Acc: 0.9960 | Val Loss: 0.0214 | Val Acc: 0.9889
2026-08-25 10:07:14 [INFO] Epoch 108 | Train Loss: 0.0114 | Train Acc: 0.9952 | Val Loss: 0.0208 | Val Acc: 0.9889
2026-08-25 10:07:18 [INFO] Epoch 109 | Train Loss: 0.0132 | Train Acc: 0.9968 | Val Loss: 0.0210 | Val Acc: 0.9889
2026-08-25 10:07:22 [INFO] Epoch 110 | Train Loss: 0.0056 | Train Acc: 0.9976 | Val Loss: 0.0211 | Val Acc: 0.9889
2026-08-25 10:07:26 [INFO] Epoch 111 | Train Loss: 0.0117 | Train Acc: 0.9952 | Val Loss: 0.0212 | Val Acc: 0.9889
2026-08-25 10:07:30 [INFO] Epoch 112 | Train Loss: 0.0092 | Train Acc: 0.9968 | Val Loss: 0.0212 | Val Acc: 0.9889
2026-08-25 10:07:34 [INFO] Epoch 113 | Train Loss: 0.0201 | Train Acc: 0.9937 | Val Loss: 0.0212 | Val Acc: 0.9889
2026-08-25 10:07:39 [INFO] Epoch 114 | Train Loss: 0.0176 | Train Acc: 0.9952 | Val Loss: 0.0211 | Val Acc: 0.9889
2026-08-25 10:07:43 [INFO] Epoch 115 | Train Loss: 0.0091 | Train Acc: 0.9976 | Val Loss: 0.0210 | Val Acc: 0.9889
2026-08-25 10:07:47 [INFO] Epoch 116 | Train Loss: 0.0223 | Train Acc: 0.9952 | Val Loss: 0.0210 | Val Acc: 0.9889
2026-08-25 10:07:51 [INFO] Epoch 117 | Train Loss: 0.0110 | Train Acc: 0.9960 | Val Loss: 0.0212 | Val Acc: 0.9889
2026-08-25 10:07:56 [INFO] Epoch 118 | Train Loss: 0.0090 | Train Acc: 0.9984 | Val Loss: 0.0212 | Val Acc: 0.9889
2026-08-25 10:08:00 [INFO] Epoch 119 | Train Loss: 0.0098 | Train Acc: 0.9984 | Val Loss: 0.0211 | Val Acc: 0.9889
2026-08-25 10:08:04 [INFO] Epoch 120 | Train Loss: 0.0088 | Train Acc: 0.9960 | Val Loss: 0.0212 | Val Acc: 0.9889
2026-08-25 10:08:08 [INFO] Epoch 121 | Train Loss: 0.0179 | Train Acc: 0.9937 | Val Loss: 0.0212 | Val Acc: 0.9889
2026-08-25 10:08:12 [INFO] Epoch 122 | Train Loss: 0.0070 | Train Acc: 0.9968 | Val Loss: 0.0211 | Val Acc: 0.9889
2026-08-25 10:08:16 [INFO] Epoch 123 | Train Loss: 0.0204 | Train Acc: 0.9944 | Val Loss: 0.0212 | Val Acc: 0.9889
2026-08-25 10:08:20 [INFO] Epoch 124 | Train Loss: 0.0093 | Train Acc: 0.9984 | Val Loss: 0.0212 | Val Acc: 0.9889
2026-08-25 10:08:25 [INFO] Epoch 125 | Train Loss: 0.0092 | Train Acc: 0.9968 | Val Loss: 0.0213 | Val Acc: 0.9889
2026-08-25 10:08:29 [INFO] Epoch 126 | Train Loss: 0.0154 | Train Acc: 0.9929 | Val Loss: 0.0214 | Val Acc: 0.9889
2026-08-25 10:08:33 [INFO] Epoch 127 | Train Loss: 0.0124 | Train Acc: 0.9952 | Val Loss: 0.0215 | Val Acc: 0.9889
2026-08-25 10:08:37 [INFO] Epoch 128 | Train Loss: 0.0158 | Train Acc: 0.9944 | Val Loss: 0.0215 | Val Acc: 0.9889
2026-08-25 10:08:41 [INFO] Epoch 129 | Train Loss: 0.0116 | Train Acc: 0.9960 | Val Loss: 0.0215 | Val Acc: 0.9889
2026-08-25 10:08:41 [INFO] Evaluating Best Model on TEST Set...
2026-08-25 10:08:41 [INFO] 
[RESUME] Đang nạp checkpoint từ: /home/biu-linux/DeepLearning_Projects/DoAnNganh/HybricMamba/Ressult/TFJ/VGG16/NEU-DET_surface-dec/VGG16_best.pth
2026-08-25 10:11:16 [INFO] Dataset: NEU-DET_surface-dec | Số nhãn (classes): 6 | Tổng số ảnh: 1800
2026-08-25 10:11:16 [INFO] Dữ liệu đã chia -> Train (70%): 1260 | Val (15%): 270 | Test (15%): 270
2026-08-25 10:11:16 [INFO] 
🔍 Kiểm tra phân bố class trong batch:
2026-08-25 10:11:18 [INFO]   Batch 0: 6 classes (first 5: [0, 1, 2, 3, 4])
2026-08-25 10:11:18 [INFO]   Batch 1: 6 classes (first 5: [0, 1, 2, 3, 4])
2026-08-25 10:11:18 [INFO]   Batch 2: 6 classes (first 5: [0, 1, 2, 3, 4])
2026-08-25 10:11:18 [INFO]   Batch 3: 6 classes (first 5: [0, 1, 2, 3, 4])
2026-08-25 10:11:18 [INFO]   Batch 4: 6 classes (first 5: [0, 1, 2, 3, 4])
2026-08-25 10:11:18 [WARNING] ⚠️ WARNING: Trung bình 6.0 classes/batch - Dữ liệu chưa được trộn đều!
2026-08-25 10:11:19 [INFO] ============================================================
2026-08-25 10:11:19 [INFO] Starting training: VGG16
2026-08-25 10:11:19 [INFO] Dataset: NEU-DET_surface-dec | Path: /home/biu-linux/DeepLearning_Projects/DoAnNganh/data/NEU-DET
2026-08-25 10:11:19 [INFO] Device: cuda
2026-08-25 10:11:19 [INFO] GPU: NVIDIA GeForce RTX 3050 Laptop GPU
2026-08-25 10:11:19 [INFO] ============================================================
2026-08-25 10:11:19 [INFO] 
[RESUME] Đang nạp checkpoint từ: /home/biu-linux/DeepLearning_Projects/DoAnNganh/HybricMamba/Ressult/TFJ/VGG16/NEU-DET_surface-dec/VGG16_best.pth
2026-08-25 10:11:27 [INFO] Epoch 048 | Train Loss: 0.2382 | Train Acc: 0.9524 | Val Loss: 0.0789 | Val Acc: 0.9778
2026-08-25 10:11:32 [INFO] Epoch 049 | Train Loss: 0.2887 | Train Acc: 0.9333 | Val Loss: 0.0410 | Val Acc: 0.9778
2026-08-25 10:11:38 [INFO] Epoch 050 | Train Loss: 0.0758 | Train Acc: 0.9762 | Val Loss: 0.0079 | Val Acc: 0.9926
2026-08-25 10:11:45 [INFO] Epoch 051 | Train Loss: 0.0495 | Train Acc: 0.9802 | Val Loss: 0.0059 | Val Acc: 1.0000
2026-08-25 10:11:46 [INFO] ✓ Saved best model: Val Acc=1.0000 at epoch 51
2026-08-25 10:11:52 [INFO] Epoch 052 | Train Loss: 0.0407 | Train Acc: 0.9881 | Val Loss: 0.0048 | Val Acc: 1.0000
2026-08-25 10:12:23 [INFO] Dataset: NEU-DET_surface-dec | Số nhãn (classes): 6 | Tổng số ảnh: 1800
2026-08-25 10:12:23 [INFO] Dữ liệu đã chia -> Train (70%): 1260 | Val (15%): 270 | Test (15%): 270
2026-08-25 10:12:23 [INFO] 
🔍 Kiểm tra phân bố class trong batch:
2026-08-25 10:12:25 [INFO]   Batch 0: 6 classes (first 5: [0, 1, 2, 3, 4])
2026-08-25 10:12:25 [INFO]   Batch 1: 6 classes (first 5: [0, 1, 2, 3, 4])
2026-08-25 10:12:25 [INFO]   Batch 2: 6 classes (first 5: [0, 1, 2, 3, 4])
2026-08-25 10:12:25 [INFO]   Batch 3: 6 classes (first 5: [0, 1, 2, 3, 4])
2026-08-25 10:12:25 [INFO]   Batch 4: 6 classes (first 5: [0, 1, 2, 3, 4])
2026-08-25 10:12:25 [WARNING] ⚠️ WARNING: Trung bình 6.0 classes/batch - Dữ liệu chưa được trộn đều!
2026-08-25 10:12:26 [INFO] ============================================================
2026-08-25 10:12:26 [INFO] Starting training: VGG16
2026-08-25 10:12:26 [INFO] Dataset: NEU-DET_surface-dec | Path: /home/biu-linux/DeepLearning_Projects/DoAnNganh/data/NEU-DET
2026-08-25 10:12:26 [INFO] Device: cuda
2026-08-25 10:12:26 [INFO] GPU: NVIDIA GeForce RTX 3050 Laptop GPU
2026-08-25 10:12:26 [INFO] ============================================================
2026-08-25 10:12:26 [INFO] 
[RESUME] Đang nạp checkpoint từ: /home/biu-linux/DeepLearning_Projects/DoAnNganh/HybricMamba/Ressult/TFJ/VGG16/NEU-DET_surface-dec/VGG16_best.pth
2026-08-25 10:12:34 [INFO] Epoch 052 | Train Loss: 0.0416 | Train Acc: 0.9873 | Val Loss: 0.0572 | Val Acc: 0.9852
2026-08-25 10:12:34 [INFO] Evaluating Best Model on TEST Set...
2026-08-25 10:12:34 [INFO] 
[RESUME] Đang nạp checkpoint từ: /home/biu-linux/DeepLearning_Projects/DoAnNganh/HybricMamba/Ressult/TFJ/VGG16/NEU-DET_surface-dec/VGG16_best.pth
2026-08-25 10:13:27 [INFO] Dataset: NEU-DET_surface-dec | Số nhãn (classes): 6 | Tổng số ảnh: 1800
2026-08-25 10:13:27 [INFO] Dữ liệu đã chia -> Train (70%): 1260 | Val (15%): 270 | Test (15%): 270
2026-08-25 10:13:27 [INFO] 
🔍 Kiểm tra phân bố class trong batch:
2026-08-25 10:13:29 [INFO]   Batch 0: 4 classes (first 5: [1, 2, 4, 5])
2026-08-25 10:13:29 [INFO]   Batch 1: 3 classes (first 5: [0, 2, 3])
2026-08-25 10:13:29 [INFO]   Batch 2: 4 classes (first 5: [0, 1, 3, 5])
2026-08-25 10:13:29 [INFO]   Batch 3: 4 classes (first 5: [0, 1, 2, 3])
2026-08-25 10:13:29 [INFO]   Batch 4: 3 classes (first 5: [1, 2, 5])
2026-08-25 10:13:29 [WARNING] ⚠️ WARNING: Trung bình 3.6 classes/batch - Dữ liệu chưa được trộn đều!
2026-08-25 10:13:30 [INFO] ============================================================
2026-08-25 10:13:30 [INFO] Starting training: VGG16
2026-08-25 10:13:30 [INFO] Dataset: NEU-DET_surface-dec | Path: /home/biu-linux/DeepLearning_Projects/DoAnNganh/data/NEU-DET
2026-08-25 10:13:30 [INFO] Device: cuda
2026-08-25 10:13:30 [INFO] GPU: NVIDIA GeForce RTX 3050 Laptop GPU
2026-08-25 10:13:30 [INFO] ============================================================
2026-08-25 10:13:30 [INFO] 
[RESUME] Đang nạp checkpoint từ: /home/biu-linux/DeepLearning_Projects/DoAnNganh/HybricMamba/Ressult/TFJ/VGG16/NEU-DET_surface-dec/VGG16_best.pth
2026-08-25 10:14:05 [INFO] Epoch 052 | Train Loss: 0.0494 | Train Acc: 0.9905 | Val Loss: 0.0071 | Val Acc: 0.9963
2026-08-25 10:14:05 [INFO] Evaluating Best Model on TEST Set...
2026-08-25 10:14:05 [INFO] 
[RESUME] Đang nạp checkpoint từ: /home/biu-linux/DeepLearning_Projects/DoAnNganh/HybricMamba/Ressult/TFJ/VGG16/NEU-DET_surface-dec/VGG16_best.pth
2026-08-25 10:18:01 [INFO] Dataset: NEU-DET_surface-dec | Số nhãn (classes): 6 | Tổng số ảnh: 1800
2026-08-25 10:18:01 [INFO] Dữ liệu đã chia -> Train (70%): 1260 | Val (15%): 270 | Test (15%): 270
2026-08-25 10:18:01 [INFO] 
🔍 Kiểm tra phân bố class trong batch:
2026-08-25 10:18:02 [INFO]   Batch 0: 3 classes (first 5: [1, 2, 3])
2026-08-25 10:18:02 [INFO]   Batch 1: 3 classes (first 5: [0, 1, 5])
2026-08-25 10:18:02 [INFO]   Batch 2: 2 classes (first 5: [1, 4])
2026-08-25 10:18:02 [INFO]   Batch 3: 3 classes (first 5: [0, 4, 5])
2026-08-25 10:18:02 [INFO]   Batch 4: 3 classes (first 5: [1, 2, 5])
2026-08-25 10:18:02 [WARNING] ⚠️ WARNING: Trung bình 2.8 classes/batch - Dữ liệu chưa được trộn đều!
2026-08-25 10:18:03 [INFO] ============================================================
2026-08-25 10:18:03 [INFO] Starting training: VGG16
2026-08-25 10:18:03 [INFO] Dataset: NEU-DET_surface-dec | Path: /home/biu-linux/DeepLearning_Projects/DoAnNganh/data/NEU-DET
2026-08-25 10:18:03 [INFO] Device: cuda
2026-08-25 10:18:03 [INFO] GPU: NVIDIA GeForce RTX 3050 Laptop GPU
2026-08-25 10:18:03 [INFO] ============================================================
2026-08-25 10:18:03 [INFO] 
[RESUME] Đang nạp checkpoint từ: /home/biu-linux/DeepLearning_Projects/DoAnNganh/HybricMamba/Ressult/TFJ/VGG16/NEU-DET_surface-dec/VGG16_best.pth
2026-08-25 10:18:39 [INFO] Epoch 052 | Train Loss: 0.0614 | Train Acc: 0.9825 | Val Loss: 0.0036 | Val Acc: 1.0000
2026-08-25 10:18:39 [INFO] Evaluating Best Model on TEST Set...
2026-08-25 10:18:39 [INFO] 
[RESUME] Đang nạp checkpoint từ: /home/biu-linux/DeepLearning_Projects/DoAnNganh/HybricMamba/Ressult/TFJ/VGG16/NEU-DET_surface-dec/VGG16_best.pth
2026-08-25 10:18:40 [INFO] 🎯 [TEST RESULT] Test Acc: 1.0000 | F1-Macro: 1.0000 | F1-Weighted: 1.0000
2026-08-25 11:08:13 [INFO] Dataset: NEU-DET_surface-dec | Số nhãn (classes): 6 | Tổng số ảnh: 1800
2026-08-25 11:08:13 [INFO] Dữ liệu đã chia -> Train (70%): 1260 | Val (15%): 270 | Test (15%): 270
2026-08-25 11:08:13 [INFO] 
🔍 Kiểm tra phân bố class trong batch:
2026-08-25 11:08:13 [INFO]   Batch 0: 6 classes (first 5: [0, 1, 2, 3, 4])
2026-08-25 11:08:13 [INFO]   Batch 1: 6 classes (first 5: [0, 1, 2, 3, 4])
2026-08-25 11:08:13 [INFO]   Batch 2: 6 classes (first 5: [0, 1, 2, 3, 4])
2026-08-25 11:08:13 [INFO]   Batch 3: 5 classes (first 5: [0, 2, 3, 4, 5])
2026-08-25 11:08:13 [INFO]   Batch 4: 6 classes (first 5: [0, 1, 2, 3, 4])
2026-08-25 11:08:13 [WARNING] ⚠️ WARNING: Trung bình 5.8 classes/batch - Dữ liệu chưa được trộn đều!
2026-08-25 11:08:14 [INFO] ============================================================
2026-08-25 11:08:14 [INFO] Starting training: VGG16
2026-08-25 11:08:14 [INFO] Dataset: NEU-DET_surface-dec | Path: /home/biu-linux/DeepLearning_Projects/DoAnNganh/data/NEU-DET
2026-08-25 11:08:14 [INFO] Device: cuda
2026-08-25 11:08:14 [INFO] GPU: NVIDIA GeForce RTX 3050 Laptop GPU
2026-08-25 11:08:14 [INFO] ============================================================
2026-08-25 11:08:25 [INFO] Epoch 000 | Train Loss: 0.9380 | Train Acc: 0.6730 | Val Loss: 0.3116 | Val Acc: 0.9074
2026-08-25 11:08:27 [INFO] ✓ Saved best model: Val Acc=0.9074 at epoch 0
2026-08-25 11:08:37 [INFO] Epoch 001 | Train Loss: 2.0273 | Train Acc: 0.7151 | Val Loss: 1.1507 | Val Acc: 0.7519
2026-08-25 11:08:48 [INFO] Epoch 002 | Train Loss: 0.9053 | Train Acc: 0.7405 | Val Loss: 0.9937 | Val Acc: 0.8444
2026-08-25 11:08:58 [INFO] Epoch 003 | Train Loss: 1.1896 | Train Acc: 0.6627 | Val Loss: 1.1538 | Val Acc: 0.5741
2026-08-25 11:09:08 [INFO] Epoch 004 | Train Loss: 1.8474 | Train Acc: 0.6119 | Val Loss: 1.2206 | Val Acc: 0.6407
2026-08-25 11:09:18 [INFO] Epoch 005 | Train Loss: 1.3340 | Train Acc: 0.6000 | Val Loss: 1.2339 | Val Acc: 0.6407
2026-08-25 11:09:28 [INFO] Epoch 006 | Train Loss: 0.9253 | Train Acc: 0.6460 | Val Loss: 0.9726 | Val Acc: 0.5593
2026-08-25 11:09:39 [INFO] Epoch 007 | Train Loss: 0.9348 | Train Acc: 0.6278 | Val Loss: 0.7182 | Val Acc: 0.6593
2026-08-25 11:09:49 [INFO] Epoch 008 | Train Loss: 0.9357 | Train Acc: 0.7667 | Val Loss: 1.0079 | Val Acc: 0.8889
2026-08-25 11:10:00 [INFO] Epoch 009 | Train Loss: 0.9524 | Train Acc: 0.8119 | Val Loss: 0.4593 | Val Acc: 0.7963
2026-08-25 11:10:10 [INFO] Epoch 010 | Train Loss: 0.6507 | Train Acc: 0.7944 | Val Loss: 0.4278 | Val Acc: 0.8000
2026-08-25 11:10:21 [INFO] Epoch 011 | Train Loss: 0.5430 | Train Acc: 0.8468 | Val Loss: 0.2261 | Val Acc: 0.9074
2026-08-25 11:10:31 [INFO] Epoch 012 | Train Loss: 0.4422 | Train Acc: 0.8563 | Val Loss: 0.8952 | Val Acc: 0.7815
2026-08-25 11:10:42 [INFO] Epoch 013 | Train Loss: 0.5825 | Train Acc: 0.7627 | Val Loss: 1.1555 | Val Acc: 0.7556
2026-08-25 11:10:52 [INFO] Epoch 014 | Train Loss: 0.6769 | Train Acc: 0.7794 | Val Loss: 0.4534 | Val Acc: 0.7815
2026-08-25 11:11:02 [INFO] Epoch 015 | Train Loss: 0.7301 | Train Acc: 0.6976 | Val Loss: 0.7586 | Val Acc: 0.6519
2026-08-25 11:11:12 [INFO] Epoch 016 | Train Loss: 0.9637 | Train Acc: 0.8063 | Val Loss: 0.3768 | Val Acc: 0.8556
2026-08-25 11:11:22 [INFO] Epoch 017 | Train Loss: 0.6402 | Train Acc: 0.8746 | Val Loss: 0.4629 | Val Acc: 0.8370
2026-08-25 11:11:33 [INFO] Epoch 018 | Train Loss: 0.7195 | Train Acc: 0.9016 | Val Loss: 0.5392 | Val Acc: 0.9074
2026-08-25 11:11:43 [INFO] Epoch 019 | Train Loss: 0.5078 | Train Acc: 0.9278 | Val Loss: 1.2027 | Val Acc: 0.9407
2026-08-25 11:11:44 [INFO] ✓ Saved best model: Val Acc=0.9407 at epoch 19
2026-08-25 11:11:55 [INFO] Epoch 020 | Train Loss: 0.6499 | Train Acc: 0.9063 | Val Loss: 0.1874 | Val Acc: 0.9630
2026-08-25 11:12:00 [INFO] ✓ Saved best model: Val Acc=0.9630 at epoch 20
2026-08-25 11:12:10 [INFO] Epoch 021 | Train Loss: 0.4920 | Train Acc: 0.9175 | Val Loss: 2.3335 | Val Acc: 0.7963
2026-08-25 11:12:20 [INFO] Epoch 022 | Train Loss: 1.4808 | Train Acc: 0.8683 | Val Loss: 1.9781 | Val Acc: 0.9481
2026-08-25 11:12:30 [INFO] Epoch 023 | Train Loss: 0.7289 | Train Acc: 0.9238 | Val Loss: 0.4146 | Val Acc: 0.9556
2026-08-25 11:12:41 [INFO] Epoch 024 | Train Loss: 0.3045 | Train Acc: 0.9262 | Val Loss: 0.6118 | Val Acc: 0.8667
2026-08-25 11:12:51 [INFO] Epoch 025 | Train Loss: 0.4506 | Train Acc: 0.8698 | Val Loss: 1.5442 | Val Acc: 0.9407
2026-08-25 11:13:01 [INFO] Epoch 026 | Train Loss: 0.4480 | Train Acc: 0.9437 | Val Loss: 0.1617 | Val Acc: 0.9667
2026-08-25 11:13:10 [INFO] ✓ Saved best model: Val Acc=0.9667 at epoch 26
2026-08-25 11:13:20 [INFO] Epoch 027 | Train Loss: 0.3222 | Train Acc: 0.9492 | Val Loss: 0.1801 | Val Acc: 0.9556
2026-08-25 11:13:30 [INFO] Epoch 028 | Train Loss: 0.3106 | Train Acc: 0.9579 | Val Loss: 0.1938 | Val Acc: 0.9333
2026-08-25 11:13:41 [INFO] Epoch 029 | Train Loss: 0.5489 | Train Acc: 0.9246 | Val Loss: 0.2494 | Val Acc: 0.9593
2026-08-25 11:13:51 [INFO] Epoch 030 | Train Loss: 0.1615 | Train Acc: 0.9714 | Val Loss: 0.1054 | Val Acc: 0.9815
2026-08-25 11:14:25 [INFO] ✓ Saved best model: Val Acc=0.9815 at epoch 30
2026-08-25 11:14:35 [INFO] Epoch 031 | Train Loss: 0.1435 | Train Acc: 0.9651 | Val Loss: 0.2267 | Val Acc: 0.9704
2026-08-25 11:14:45 [INFO] Epoch 032 | Train Loss: 0.3020 | Train Acc: 0.9397 | Val Loss: 0.1402 | Val Acc: 0.9667
2026-08-25 11:14:56 [INFO] Epoch 033 | Train Loss: 0.1876 | Train Acc: 0.9667 | Val Loss: 0.2043 | Val Acc: 0.9519
2026-08-25 11:15:06 [INFO] Epoch 034 | Train Loss: 0.1904 | Train Acc: 0.9659 | Val Loss: 0.1496 | Val Acc: 0.9630
2026-08-25 11:15:16 [INFO] Epoch 035 | Train Loss: 0.4492 | Train Acc: 0.9437 | Val Loss: 0.2081 | Val Acc: 0.9704
2026-08-25 11:15:26 [INFO] Epoch 036 | Train Loss: 0.3133 | Train Acc: 0.9278 | Val Loss: 0.7582 | Val Acc: 0.8074
2026-08-25 11:15:37 [INFO] Epoch 037 | Train Loss: 0.3188 | Train Acc: 0.9437 | Val Loss: 0.6095 | Val Acc: 0.9407
2026-08-25 11:15:47 [INFO] Epoch 038 | Train Loss: 0.4549 | Train Acc: 0.9667 | Val Loss: 0.5786 | Val Acc: 0.9407
2026-08-25 11:15:57 [INFO] Epoch 039 | Train Loss: 1.8868 | Train Acc: 0.9421 | Val Loss: 0.2284 | Val Acc: 0.9741
2026-08-25 11:16:07 [INFO] Epoch 040 | Train Loss: 0.1132 | Train Acc: 0.9770 | Val Loss: 0.0992 | Val Acc: 0.9852
2026-08-25 11:16:09 [INFO] ✓ Saved best model: Val Acc=0.9852 at epoch 40
2026-08-25 11:16:19 [INFO] Epoch 041 | Train Loss: 0.0444 | Train Acc: 0.9873 | Val Loss: 0.0885 | Val Acc: 0.9889
2026-08-25 11:16:23 [INFO] ✓ Saved best model: Val Acc=0.9889 at epoch 41
2026-08-25 11:16:33 [INFO] Epoch 042 | Train Loss: 0.0720 | Train Acc: 0.9802 | Val Loss: 0.0434 | Val Acc: 0.9852
2026-08-25 11:16:43 [INFO] Epoch 043 | Train Loss: 0.0479 | Train Acc: 0.9881 | Val Loss: 0.0480 | Val Acc: 0.9852
2026-08-25 11:16:53 [INFO] Epoch 044 | Train Loss: 0.1113 | Train Acc: 0.9873 | Val Loss: 0.0485 | Val Acc: 0.9852
2026-08-25 11:17:04 [INFO] Epoch 045 | Train Loss: 0.0424 | Train Acc: 0.9857 | Val Loss: 0.0412 | Val Acc: 0.9889
2026-08-25 11:17:14 [INFO] Epoch 046 | Train Loss: 0.0630 | Train Acc: 0.9865 | Val Loss: 0.0338 | Val Acc: 0.9852
2026-08-25 11:17:24 [INFO] Epoch 047 | Train Loss: 0.0513 | Train Acc: 0.9841 | Val Loss: 0.0332 | Val Acc: 0.9852
2026-08-25 11:17:34 [INFO] Epoch 048 | Train Loss: 0.0290 | Train Acc: 0.9897 | Val Loss: 0.0600 | Val Acc: 0.9889
2026-08-25 11:17:44 [INFO] Epoch 049 | Train Loss: 0.0480 | Train Acc: 0.9865 | Val Loss: 0.0770 | Val Acc: 0.9889
2026-08-25 11:17:55 [INFO] Epoch 050 | Train Loss: 0.0526 | Train Acc: 0.9849 | Val Loss: 0.0643 | Val Acc: 0.9889
2026-08-25 11:18:05 [INFO] Epoch 051 | Train Loss: 0.0277 | Train Acc: 0.9889 | Val Loss: 0.0532 | Val Acc: 0.9889
2026-08-25 11:18:15 [INFO] Epoch 052 | Train Loss: 0.0481 | Train Acc: 0.9857 | Val Loss: 0.0665 | Val Acc: 0.9889
2026-08-25 11:18:25 [INFO] Epoch 053 | Train Loss: 0.0248 | Train Acc: 0.9897 | Val Loss: 0.0651 | Val Acc: 0.9889
2026-08-25 11:18:36 [INFO] Epoch 054 | Train Loss: 0.0212 | Train Acc: 0.9929 | Val Loss: 0.0624 | Val Acc: 0.9926
2026-08-25 11:18:37 [INFO] ✓ Saved best model: Val Acc=0.9926 at epoch 54
2026-08-25 11:18:47 [INFO] Epoch 055 | Train Loss: 0.0237 | Train Acc: 0.9929 | Val Loss: 0.0594 | Val Acc: 0.9926
2026-08-25 11:18:57 [INFO] Epoch 056 | Train Loss: 0.0164 | Train Acc: 0.9929 | Val Loss: 0.0543 | Val Acc: 0.9926
2026-08-25 11:19:07 [INFO] Epoch 057 | Train Loss: 0.0283 | Train Acc: 0.9921 | Val Loss: 0.0587 | Val Acc: 0.9889
2026-08-25 11:19:17 [INFO] Epoch 058 | Train Loss: 0.0199 | Train Acc: 0.9905 | Val Loss: 0.0533 | Val Acc: 0.9926
2026-08-25 11:19:27 [INFO] Epoch 059 | Train Loss: 0.0133 | Train Acc: 0.9944 | Val Loss: 0.0532 | Val Acc: 0.9926
2026-08-25 11:19:37 [INFO] Epoch 060 | Train Loss: 0.0175 | Train Acc: 0.9944 | Val Loss: 0.0548 | Val Acc: 0.9926
2026-08-25 11:19:48 [INFO] Epoch 061 | Train Loss: 0.0343 | Train Acc: 0.9881 | Val Loss: 0.0506 | Val Acc: 0.9926
2026-08-25 11:19:58 [INFO] Epoch 062 | Train Loss: 0.0256 | Train Acc: 0.9913 | Val Loss: 0.0430 | Val Acc: 0.9889
2026-08-25 11:20:08 [INFO] Epoch 063 | Train Loss: 0.0200 | Train Acc: 0.9921 | Val Loss: 0.0554 | Val Acc: 0.9963
2026-08-25 11:20:10 [INFO] ✓ Saved best model: Val Acc=0.9963 at epoch 63
2026-08-25 11:20:20 [INFO] Epoch 064 | Train Loss: 0.0367 | Train Acc: 0.9913 | Val Loss: 0.0498 | Val Acc: 0.9963
2026-08-25 11:20:30 [INFO] Epoch 065 | Train Loss: 0.0291 | Train Acc: 0.9905 | Val Loss: 0.0510 | Val Acc: 0.9926
2026-08-25 11:20:40 [INFO] Epoch 066 | Train Loss: 0.0100 | Train Acc: 0.9984 | Val Loss: 0.0549 | Val Acc: 0.9963
2026-08-25 11:20:50 [INFO] Epoch 067 | Train Loss: 0.0198 | Train Acc: 0.9944 | Val Loss: 0.0613 | Val Acc: 0.9963
2026-08-25 11:21:00 [INFO] Epoch 068 | Train Loss: 0.0127 | Train Acc: 0.9944 | Val Loss: 0.0706 | Val Acc: 0.9926
2026-08-25 11:21:11 [INFO] Epoch 069 | Train Loss: 0.0329 | Train Acc: 0.9889 | Val Loss: 0.0499 | Val Acc: 0.9926
2026-08-25 11:21:21 [INFO] Epoch 070 | Train Loss: 0.0205 | Train Acc: 0.9944 | Val Loss: 0.0550 | Val Acc: 0.9963
2026-08-25 11:21:31 [INFO] Epoch 071 | Train Loss: 0.0217 | Train Acc: 0.9929 | Val Loss: 0.0164 | Val Acc: 0.9926
2026-08-25 11:21:42 [INFO] Epoch 072 | Train Loss: 0.0242 | Train Acc: 0.9944 | Val Loss: 0.0298 | Val Acc: 0.9963
2026-08-25 11:21:52 [INFO] Epoch 073 | Train Loss: 0.0105 | Train Acc: 0.9976 | Val Loss: 0.0411 | Val Acc: 0.9963
2026-08-25 11:22:02 [INFO] Epoch 074 | Train Loss: 0.0149 | Train Acc: 0.9976 | Val Loss: 0.0221 | Val Acc: 0.9963
2026-08-25 11:22:12 [INFO] Epoch 075 | Train Loss: 0.0165 | Train Acc: 0.9952 | Val Loss: 0.0235 | Val Acc: 0.9963
2026-08-25 11:22:22 [INFO] Epoch 076 | Train Loss: 0.0252 | Train Acc: 0.9929 | Val Loss: 0.0249 | Val Acc: 0.9963
2026-08-25 11:22:32 [INFO] Epoch 077 | Train Loss: 0.0044 | Train Acc: 0.9976 | Val Loss: 0.0247 | Val Acc: 0.9963
2026-08-25 11:22:43 [INFO] Epoch 078 | Train Loss: 0.0176 | Train Acc: 0.9952 | Val Loss: 0.0265 | Val Acc: 0.9963
2026-08-25 11:22:53 [INFO] Epoch 079 | Train Loss: 0.0136 | Train Acc: 0.9960 | Val Loss: 0.0266 | Val Acc: 0.9963
2026-08-25 11:23:03 [INFO] Epoch 080 | Train Loss: 0.0181 | Train Acc: 0.9952 | Val Loss: 0.0239 | Val Acc: 0.9963
2026-08-25 11:23:13 [INFO] Epoch 081 | Train Loss: 0.0113 | Train Acc: 0.9960 | Val Loss: 0.0256 | Val Acc: 0.9963
2026-08-25 11:23:23 [INFO] Epoch 082 | Train Loss: 0.0092 | Train Acc: 0.9968 | Val Loss: 0.0256 | Val Acc: 0.9963
2026-08-25 11:23:33 [INFO] Epoch 083 | Train Loss: 0.0213 | Train Acc: 0.9952 | Val Loss: 0.0266 | Val Acc: 0.9963
2026-08-25 11:23:43 [INFO] Epoch 084 | Train Loss: 0.0117 | Train Acc: 0.9976 | Val Loss: 0.0284 | Val Acc: 0.9963
2026-08-25 11:23:53 [INFO] Epoch 085 | Train Loss: 0.0071 | Train Acc: 0.9968 | Val Loss: 0.0284 | Val Acc: 0.9963
2026-08-25 11:24:03 [INFO] Epoch 086 | Train Loss: 0.0024 | Train Acc: 0.9992 | Val Loss: 0.0276 | Val Acc: 0.9963
2026-08-25 11:24:13 [INFO] Epoch 087 | Train Loss: 0.0110 | Train Acc: 0.9976 | Val Loss: 0.0257 | Val Acc: 0.9963
2026-08-25 11:24:23 [INFO] Epoch 088 | Train Loss: 0.0188 | Train Acc: 0.9952 | Val Loss: 0.0264 | Val Acc: 0.9963
2026-08-25 11:24:23 [INFO] ⏹ Early stopping tại epoch 88 (không cải thiện sau 25 epoch, best=0.9963)
2026-08-25 11:24:23 [INFO] Evaluating Best Model on TEST Set...
2026-08-25 11:24:23 [INFO] 
[RESUME] Đang nạp checkpoint từ: /home/biu-linux/DeepLearning_Projects/DoAnNganh/HybricMamba/Ressult/TFJ/VGG16/NEU-DET_surface-dec/VGG16_best.pth
2026-08-25 11:24:25 [INFO] 🎯 [TEST RESULT] Test Acc: 0.9852 | F1-Macro: 0.9853 | F1-Weighted: 0.9853
2026-08-25 11:49:43 [INFO] Dataset: NEU-DET_surface-dec | Số nhãn (classes): 6 | Tổng số ảnh: 1800
2026-08-25 11:49:43 [INFO] Dữ liệu đã chia -> Train (70%): 1260 | Val (15%): 270 | Test (15%): 270
2026-08-25 11:49:43 [INFO] 
🔍 Kiểm tra phân bố class trong batch:
2026-08-25 11:50:23 [INFO]   Batch 0: 6 classes (first 5: [0, 1, 2, 3, 4])
2026-08-25 11:50:23 [INFO]   Batch 1: 6 classes (first 5: [0, 1, 2, 3, 4])
2026-08-25 11:50:23 [INFO]   Batch 2: 6 classes (first 5: [0, 1, 2, 3, 4])
2026-08-25 11:50:23 [INFO]   Batch 3: 5 classes (first 5: [0, 1, 3, 4, 5])
2026-08-25 11:50:23 [INFO]   Batch 4: 6 classes (first 5: [0, 1, 2, 3, 4])
2026-08-25 11:50:23 [WARNING] ⚠️ WARNING: Trung bình 5.8 classes/batch - Dữ liệu chưa được trộn đều!
2026-08-25 11:50:25 [INFO] ============================================================
2026-08-25 11:50:25 [INFO] Starting training: VGG16
2026-08-25 11:50:25 [INFO] Dataset: NEU-DET_surface-dec | Path: /home/biu-linux/DeepLearning_Projects/DoAnNganh/data/NEU-DET
2026-08-25 11:50:25 [INFO] Device: cuda
2026-08-25 11:50:25 [INFO] GPU: NVIDIA GeForce RTX 3050 Laptop GPU
2026-08-25 11:50:25 [INFO] ============================================================
2026-08-25 11:50:35 [INFO] Epoch 000 | Train Loss: 0.9682 | Train Acc: 0.6349 | Val Loss: 0.3037 | Val Acc: 0.8963
2026-08-25 11:50:37 [INFO] ✓ Saved best model: Val Acc=0.8963 at epoch 0
2026-08-25 11:50:47 [INFO] Epoch 001 | Train Loss: 0.8024 | Train Acc: 0.8119 | Val Loss: 0.5777 | Val Acc: 0.7778
2026-08-25 11:50:57 [INFO] Epoch 002 | Train Loss: 1.4251 | Train Acc: 0.7651 | Val Loss: 0.6505 | Val Acc: 0.8778
2026-08-25 11:51:08 [INFO] Epoch 003 | Train Loss: 1.1567 | Train Acc: 0.7667 | Val Loss: 0.4536 | Val Acc: 0.8481
2026-08-25 11:51:18 [INFO] Epoch 004 | Train Loss: 2.4224 | Train Acc: 0.7468 | Val Loss: 0.5143 | Val Acc: 0.8037
2026-08-25 11:51:28 [INFO] Epoch 005 | Train Loss: 1.4979 | Train Acc: 0.6937 | Val Loss: 0.8031 | Val Acc: 0.7370
2026-08-25 11:51:38 [INFO] Epoch 006 | Train Loss: 1.0450 | Train Acc: 0.6929 | Val Loss: 0.7624 | Val Acc: 0.6741
2026-08-25 11:51:49 [INFO] Epoch 007 | Train Loss: 0.9534 | Train Acc: 0.7508 | Val Loss: 0.5148 | Val Acc: 0.8333
2026-08-25 11:51:59 [INFO] Epoch 008 | Train Loss: 1.0172 | Train Acc: 0.8198 | Val Loss: 0.4614 | Val Acc: 0.8074
2026-08-25 11:52:09 [INFO] Epoch 009 | Train Loss: 0.8883 | Train Acc: 0.6770 | Val Loss: 1.3397 | Val Acc: 0.6444
2026-08-25 11:52:19 [INFO] Epoch 010 | Train Loss: 0.6354 | Train Acc: 0.8119 | Val Loss: 0.5278 | Val Acc: 0.8778
2026-08-25 11:52:29 [INFO] Epoch 011 | Train Loss: 0.7760 | Train Acc: 0.8587 | Val Loss: 0.7386 | Val Acc: 0.9333
2026-08-25 11:52:31 [INFO] ✓ Saved best model: Val Acc=0.9333 at epoch 11
2026-08-25 11:52:41 [INFO] Epoch 012 | Train Loss: 0.8124 | Train Acc: 0.8833 | Val Loss: 0.6792 | Val Acc: 0.8630
2026-08-25 11:52:51 [INFO] Epoch 013 | Train Loss: 0.6581 | Train Acc: 0.8429 | Val Loss: 0.6909 | Val Acc: 0.6778
2026-08-25 11:53:02 [INFO] Epoch 014 | Train Loss: 0.4285 | Train Acc: 0.8683 | Val Loss: 0.1579 | Val Acc: 0.9519
2026-08-25 11:53:03 [INFO] ✓ Saved best model: Val Acc=0.9519 at epoch 14
2026-08-25 11:53:13 [INFO] Epoch 015 | Train Loss: 0.9501 | Train Acc: 0.6595 | Val Loss: 0.2474 | Val Acc: 0.8333
2026-08-25 11:53:24 [INFO] Epoch 016 | Train Loss: 1.1406 | Train Acc: 0.8524 | Val Loss: 0.1750 | Val Acc: 0.9556
2026-08-25 11:53:28 [INFO] ✓ Saved best model: Val Acc=0.9556 at epoch 16
2026-08-25 11:53:39 [INFO] Epoch 017 | Train Loss: 1.8949 | Train Acc: 0.8135 | Val Loss: 0.3520 | Val Acc: 0.8667
2026-08-25 11:53:49 [INFO] Epoch 018 | Train Loss: 0.7388 | Train Acc: 0.8810 | Val Loss: 0.2787 | Val Acc: 0.9593
2026-08-25 11:53:52 [INFO] ✓ Saved best model: Val Acc=0.9593 at epoch 18
2026-08-25 11:54:02 [INFO] Epoch 019 | Train Loss: 1.0338 | Train Acc: 0.8722 | Val Loss: 0.1271 | Val Acc: 0.9704
2026-08-25 11:54:09 [INFO] ✓ Saved best model: Val Acc=0.9704 at epoch 19
2026-08-25 11:54:19 [INFO] Epoch 020 | Train Loss: 1.3703 | Train Acc: 0.5167 | Val Loss: 0.8413 | Val Acc: 0.6333
2026-08-25 11:54:30 [INFO] Epoch 021 | Train Loss: 0.8548 | Train Acc: 0.7722 | Val Loss: 0.3258 | Val Acc: 0.8889
2026-08-25 11:54:40 [INFO] Epoch 022 | Train Loss: 0.7964 | Train Acc: 0.7960 | Val Loss: 0.4694 | Val Acc: 0.8556
2026-08-25 11:54:50 [INFO] Epoch 023 | Train Loss: 1.0449 | Train Acc: 0.8056 | Val Loss: 0.6701 | Val Acc: 0.8111
2026-08-25 11:55:01 [INFO] Epoch 024 | Train Loss: 0.5046 | Train Acc: 0.8587 | Val Loss: 0.3218 | Val Acc: 0.9444
2026-08-25 11:55:11 [INFO] Epoch 025 | Train Loss: 0.3217 | Train Acc: 0.9159 | Val Loss: 0.1580 | Val Acc: 0.9630
2026-08-25 11:55:21 [INFO] Epoch 026 | Train Loss: 0.6776 | Train Acc: 0.9357 | Val Loss: 0.0981 | Val Acc: 0.9556
2026-08-25 11:55:32 [INFO] Epoch 027 | Train Loss: 0.3052 | Train Acc: 0.9349 | Val Loss: 0.3391 | Val Acc: 0.9407
2026-08-25 11:55:42 [INFO] Epoch 028 | Train Loss: 0.3286 | Train Acc: 0.9143 | Val Loss: 1.1384 | Val Acc: 0.8963
2026-08-25 11:55:52 [INFO] Epoch 029 | Train Loss: 0.3859 | Train Acc: 0.9230 | Val Loss: 1.0078 | Val Acc: 0.9556
2026-08-25 11:56:03 [INFO] Epoch 030 | Train Loss: 0.3790 | Train Acc: 0.9230 | Val Loss: 0.1254 | Val Acc: 0.9519
2026-08-25 11:56:13 [INFO] Epoch 031 | Train Loss: 0.2754 | Train Acc: 0.9492 | Val Loss: 0.1622 | Val Acc: 0.9667
2026-08-25 11:56:23 [INFO] Epoch 032 | Train Loss: 0.2524 | Train Acc: 0.9413 | Val Loss: 0.0922 | Val Acc: 0.9778
2026-08-25 11:56:47 [INFO] ✓ Saved best model: Val Acc=0.9778 at epoch 32
2026-08-25 11:56:57 [INFO] Epoch 033 | Train Loss: 0.1637 | Train Acc: 0.9651 | Val Loss: 0.0770 | Val Acc: 0.9778
2026-08-25 11:57:07 [INFO] Epoch 034 | Train Loss: 0.1778 | Train Acc: 0.9571 | Val Loss: 0.1313 | Val Acc: 0.9444
2026-08-25 11:57:17 [INFO] Epoch 035 | Train Loss: 0.1658 | Train Acc: 0.9484 | Val Loss: 0.3097 | Val Acc: 0.9667
2026-08-25 11:57:27 [INFO] Epoch 036 | Train Loss: 0.1812 | Train Acc: 0.9556 | Val Loss: 0.2708 | Val Acc: 0.9556
2026-08-25 11:57:38 [INFO] Epoch 037 | Train Loss: 0.1568 | Train Acc: 0.9595 | Val Loss: 0.0201 | Val Acc: 0.9926
2026-08-25 11:57:40 [INFO] ✓ Saved best model: Val Acc=0.9926 at epoch 37
2026-08-25 11:57:50 [INFO] Epoch 038 | Train Loss: 0.1591 | Train Acc: 0.9698 | Val Loss: 0.1637 | Val Acc: 0.9889
2026-08-25 11:58:00 [INFO] Epoch 039 | Train Loss: 0.1104 | Train Acc: 0.9722 | Val Loss: 0.1355 | Val Acc: 0.9667
2026-08-25 11:58:11 [INFO] Epoch 040 | Train Loss: 0.0914 | Train Acc: 0.9762 | Val Loss: 0.0762 | Val Acc: 0.9778
2026-08-25 11:58:21 [INFO] Epoch 041 | Train Loss: 0.0679 | Train Acc: 0.9810 | Val Loss: 0.0528 | Val Acc: 0.9815
2026-08-25 11:58:31 [INFO] Epoch 042 | Train Loss: 0.0569 | Train Acc: 0.9857 | Val Loss: 0.0396 | Val Acc: 0.9889
2026-08-25 11:58:41 [INFO] Epoch 043 | Train Loss: 0.0406 | Train Acc: 0.9881 | Val Loss: 0.0158 | Val Acc: 0.9963
2026-08-25 11:58:45 [INFO] ✓ Saved best model: Val Acc=0.9963 at epoch 43
2026-08-25 11:58:55 [INFO] Epoch 044 | Train Loss: 0.0574 | Train Acc: 0.9841 | Val Loss: 0.0128 | Val Acc: 0.9963
2026-08-25 11:59:05 [INFO] Epoch 045 | Train Loss: 0.0408 | Train Acc: 0.9881 | Val Loss: 0.0176 | Val Acc: 0.9926
2026-08-25 11:59:15 [INFO] Epoch 046 | Train Loss: 0.0455 | Train Acc: 0.9881 | Val Loss: 0.0102 | Val Acc: 0.9963
2026-08-25 11:59:25 [INFO] Epoch 047 | Train Loss: 0.0286 | Train Acc: 0.9921 | Val Loss: 0.0130 | Val Acc: 0.9963
2026-08-25 11:59:35 [INFO] Epoch 048 | Train Loss: 0.0608 | Train Acc: 0.9905 | Val Loss: 0.0256 | Val Acc: 0.9926
2026-08-25 11:59:46 [INFO] Epoch 049 | Train Loss: 0.0262 | Train Acc: 0.9913 | Val Loss: 0.0107 | Val Acc: 0.9963
2026-08-25 11:59:56 [INFO] Epoch 050 | Train Loss: 0.0368 | Train Acc: 0.9913 | Val Loss: 0.0111 | Val Acc: 0.9963
2026-08-25 12:00:06 [INFO] Epoch 051 | Train Loss: 0.0262 | Train Acc: 0.9905 | Val Loss: 0.0087 | Val Acc: 0.9963
2026-08-25 12:00:16 [INFO] Epoch 052 | Train Loss: 0.0243 | Train Acc: 0.9944 | Val Loss: 0.0078 | Val Acc: 0.9963
2026-08-25 12:00:26 [INFO] Epoch 053 | Train Loss: 0.0417 | Train Acc: 0.9865 | Val Loss: 0.0081 | Val Acc: 0.9963
2026-08-25 12:00:37 [INFO] Epoch 054 | Train Loss: 0.0195 | Train Acc: 0.9944 | Val Loss: 0.0100 | Val Acc: 0.9963
2026-08-25 12:00:47 [INFO] Epoch 055 | Train Loss: 0.0179 | Train Acc: 0.9937 | Val Loss: 0.0073 | Val Acc: 0.9963
2026-08-25 12:00:57 [INFO] Epoch 056 | Train Loss: 0.0365 | Train Acc: 0.9897 | Val Loss: 0.0189 | Val Acc: 0.9963
2026-08-25 12:01:07 [INFO] Epoch 057 | Train Loss: 0.0289 | Train Acc: 0.9937 | Val Loss: 0.0244 | Val Acc: 0.9926
2026-08-25 12:01:17 [INFO] Epoch 058 | Train Loss: 0.0272 | Train Acc: 0.9929 | Val Loss: 0.0136 | Val Acc: 0.9963
2026-08-25 12:01:27 [INFO] Epoch 059 | Train Loss: 0.0354 | Train Acc: 0.9897 | Val Loss: 0.0199 | Val Acc: 0.9963
2026-08-25 12:01:37 [INFO] Epoch 060 | Train Loss: 0.0252 | Train Acc: 0.9913 | Val Loss: 0.0112 | Val Acc: 0.9963
2026-08-25 12:01:47 [INFO] Epoch 061 | Train Loss: 0.0154 | Train Acc: 0.9960 | Val Loss: 0.0103 | Val Acc: 0.9963
2026-08-25 12:01:57 [INFO] Epoch 062 | Train Loss: 0.0164 | Train Acc: 0.9944 | Val Loss: 0.0080 | Val Acc: 0.9963
2026-08-25 12:02:08 [INFO] Epoch 063 | Train Loss: 0.0228 | Train Acc: 0.9937 | Val Loss: 0.0015 | Val Acc: 1.0000
2026-08-25 12:02:10 [INFO] ✓ Saved best model: Val Acc=1.0000 at epoch 63
2026-08-25 12:02:20 [INFO] Epoch 064 | Train Loss: 0.0172 | Train Acc: 0.9944 | Val Loss: 0.0057 | Val Acc: 1.0000
2026-08-25 12:02:30 [INFO] Epoch 065 | Train Loss: 0.0310 | Train Acc: 0.9944 | Val Loss: 0.0068 | Val Acc: 0.9963
2026-08-25 12:02:40 [INFO] Epoch 066 | Train Loss: 0.0359 | Train Acc: 0.9905 | Val Loss: 0.0112 | Val Acc: 0.9963
2026-08-25 12:02:50 [INFO] Epoch 067 | Train Loss: 0.0334 | Train Acc: 0.9929 | Val Loss: 0.0176 | Val Acc: 0.9926
2026-08-25 12:03:00 [INFO] Epoch 068 | Train Loss: 0.0258 | Train Acc: 0.9913 | Val Loss: 0.0143 | Val Acc: 0.9926
2026-08-25 12:03:10 [INFO] Epoch 069 | Train Loss: 0.0215 | Train Acc: 0.9944 | Val Loss: 0.0087 | Val Acc: 0.9963
2026-08-25 12:03:20 [INFO] Epoch 070 | Train Loss: 0.0089 | Train Acc: 0.9976 | Val Loss: 0.0082 | Val Acc: 0.9963
2026-08-25 12:03:30 [INFO] Epoch 071 | Train Loss: 0.0133 | Train Acc: 0.9960 | Val Loss: 0.0098 | Val Acc: 0.9963
2026-08-25 12:03:40 [INFO] Epoch 072 | Train Loss: 0.0296 | Train Acc: 0.9905 | Val Loss: 0.0104 | Val Acc: 0.9963
2026-08-25 12:03:49 [INFO] Epoch 073 | Train Loss: 0.0336 | Train Acc: 0.9881 | Val Loss: 0.0130 | Val Acc: 0.9963
2026-08-25 12:03:59 [INFO] Epoch 074 | Train Loss: 0.0126 | Train Acc: 0.9960 | Val Loss: 0.0145 | Val Acc: 0.9963
2026-08-25 12:04:09 [INFO] Epoch 075 | Train Loss: 0.0253 | Train Acc: 0.9929 | Val Loss: 0.0126 | Val Acc: 0.9963
2026-08-25 12:04:19 [INFO] Epoch 076 | Train Loss: 0.0309 | Train Acc: 0.9921 | Val Loss: 0.0116 | Val Acc: 0.9963
2026-08-25 12:04:29 [INFO] Epoch 077 | Train Loss: 0.0283 | Train Acc: 0.9937 | Val Loss: 0.0125 | Val Acc: 0.9963
2026-08-25 12:04:39 [INFO] Epoch 078 | Train Loss: 0.0274 | Train Acc: 0.9913 | Val Loss: 0.0122 | Val Acc: 0.9963
2026-08-25 12:04:49 [INFO] Epoch 079 | Train Loss: 0.0196 | Train Acc: 0.9913 | Val Loss: 0.0094 | Val Acc: 0.9963
2026-08-25 12:04:59 [INFO] Epoch 080 | Train Loss: 0.0355 | Train Acc: 0.9944 | Val Loss: 0.0102 | Val Acc: 0.9963
2026-08-25 12:05:09 [INFO] Epoch 081 | Train Loss: 0.0548 | Train Acc: 0.9921 | Val Loss: 0.0095 | Val Acc: 0.9963
2026-08-25 12:05:19 [INFO] Epoch 082 | Train Loss: 0.0132 | Train Acc: 0.9952 | Val Loss: 0.0093 | Val Acc: 0.9963
2026-08-25 12:05:29 [INFO] Epoch 083 | Train Loss: 0.0245 | Train Acc: 0.9937 | Val Loss: 0.0083 | Val Acc: 0.9963
2026-08-25 12:05:39 [INFO] Epoch 084 | Train Loss: 0.0473 | Train Acc: 0.9905 | Val Loss: 0.0086 | Val Acc: 0.9963
2026-08-25 12:05:49 [INFO] Epoch 085 | Train Loss: 0.0149 | Train Acc: 0.9944 | Val Loss: 0.0084 | Val Acc: 0.9963
2026-08-25 12:05:59 [INFO] Epoch 086 | Train Loss: 0.0151 | Train Acc: 0.9944 | Val Loss: 0.0078 | Val Acc: 0.9963
2026-08-25 12:06:09 [INFO] Epoch 087 | Train Loss: 0.0242 | Train Acc: 0.9937 | Val Loss: 0.0079 | Val Acc: 0.9963
2026-08-25 12:06:19 [INFO] Epoch 088 | Train Loss: 0.0239 | Train Acc: 0.9921 | Val Loss: 0.0079 | Val Acc: 0.9963
2026-08-25 12:06:29 [INFO] Epoch 089 | Train Loss: 0.0119 | Train Acc: 0.9960 | Val Loss: 0.0082 | Val Acc: 0.9963
2026-08-25 12:06:39 [INFO] Epoch 090 | Train Loss: 0.0225 | Train Acc: 0.9937 | Val Loss: 0.0095 | Val Acc: 0.9963
2026-08-25 12:06:49 [INFO] Epoch 091 | Train Loss: 0.0290 | Train Acc: 0.9968 | Val Loss: 0.0101 | Val Acc: 0.9963
2026-08-25 12:06:59 [INFO] Epoch 092 | Train Loss: 0.0124 | Train Acc: 0.9960 | Val Loss: 0.0097 | Val Acc: 0.9963
2026-08-25 12:07:09 [INFO] Epoch 093 | Train Loss: 0.0076 | Train Acc: 0.9968 | Val Loss: 0.0088 | Val Acc: 0.9963
2026-08-25 12:07:09 [INFO] ⏹ Early stopping tại epoch 93 (không cải thiện sau 30 epoch, best=1.0000)
2026-08-25 12:07:09 [INFO] Evaluating Best Model on TEST Set...
2026-08-25 12:07:09 [INFO] 
[RESUME] Đang nạp checkpoint từ: /home/biu-linux/DeepLearning_Projects/DoAnNganh/HybricMamba/Ressult/TFJ/VGG16/NEU-DET_surface-dec/VGG16_best.pth
2026-08-25 12:07:11 [INFO] 🎯 [TEST RESULT] Test Acc: 1.0000 | F1-Macro: 1.0000 | F1-Weighted: 1.0000
