2026-09-09 12:47:26 [INFO] Dataset: Belgium_ar_new | Số nhãn (classes): 62 | Tổng số ảnh: 99330
2026-09-09 12:47:27 [INFO] Dữ liệu đã chia -> Train (70%): 64564 | Val (15%): 17383 | Test (15%): 17383
2026-09-09 12:47:27 [INFO] 
🔍 Kiểm tra phân bố class trong batch:
2026-09-09 12:47:29 [INFO]   Batch 0: 24 classes (first 5: [7, 10, 16, 18, 19])
2026-09-09 12:47:29 [INFO]   Batch 1: 29 classes (first 5: [1, 2, 3, 5, 6])
2026-09-09 12:47:29 [INFO]   Batch 2: 31 classes (first 5: [3, 4, 7, 13, 17])
2026-09-09 12:47:29 [INFO]   Batch 3: 27 classes (first 5: [1, 7, 10, 16, 17])
2026-09-09 12:47:29 [INFO]   Batch 4: 29 classes (first 5: [1, 4, 6, 7, 10])
2026-09-09 12:47:29 [INFO] ✅ Shuffle tốt! Trung bình 28.0 classes/batch
2026-09-09 12:47:29 [INFO] ============================================================
2026-09-09 12:47:29 [INFO] Starting training: SUPER_MAMBA_DEPT_3
2026-09-09 12:47:29 [INFO] Dataset: Belgium_ar_new | Path: /home/biu-linux/DeepLearning_Projects/DoAnNganh/data/Belgium_ar
2026-09-09 12:47:29 [INFO] Device: cuda
2026-09-09 12:47:29 [INFO] GPU: NVIDIA GeForce RTX 3050 Laptop GPU
2026-09-09 12:47:29 [INFO] ============================================================
2026-09-09 12:48:02 [INFO] Epoch 000 | Train Loss: 3.3070 | Train Acc: 0.1773 | Val Loss: 2.7941 | Val Acc: 0.2467
2026-09-09 12:48:02 [INFO] ✓ Saved best model: Val Acc=0.2467 at epoch 0
2026-09-09 12:48:34 [INFO] Epoch 001 | Train Loss: 2.2908 | Train Acc: 0.3704 | Val Loss: 2.0774 | Val Acc: 0.4285
2026-09-09 12:48:34 [INFO] ✓ Saved best model: Val Acc=0.4285 at epoch 1
2026-09-09 12:49:05 [INFO] Epoch 002 | Train Loss: 1.7451 | Train Acc: 0.4922 | Val Loss: 1.4470 | Val Acc: 0.5672
2026-09-09 12:49:05 [INFO] ✓ Saved best model: Val Acc=0.5672 at epoch 2
2026-09-09 12:49:37 [INFO] Epoch 003 | Train Loss: 1.3974 | Train Acc: 0.6001 | Val Loss: 1.1424 | Val Acc: 0.6764
2026-09-09 12:49:37 [INFO] ✓ Saved best model: Val Acc=0.6764 at epoch 3
2026-09-09 12:50:09 [INFO] Epoch 004 | Train Loss: 1.1325 | Train Acc: 0.6804 | Val Loss: 1.4492 | Val Acc: 0.6795
2026-09-09 12:50:09 [INFO] ✓ Saved best model: Val Acc=0.6795 at epoch 4
2026-09-09 12:50:41 [INFO] Epoch 005 | Train Loss: 0.9123 | Train Acc: 0.7376 | Val Loss: 0.8915 | Val Acc: 0.7496
2026-09-09 12:50:41 [INFO] ✓ Saved best model: Val Acc=0.7496 at epoch 5
2026-09-09 12:51:13 [INFO] Epoch 006 | Train Loss: 0.7771 | Train Acc: 0.7751 | Val Loss: 1.1972 | Val Acc: 0.7383
2026-09-09 12:51:45 [INFO] Epoch 007 | Train Loss: 0.6797 | Train Acc: 0.8018 | Val Loss: 0.4962 | Val Acc: 0.8556
2026-09-09 12:51:45 [INFO] ✓ Saved best model: Val Acc=0.8556 at epoch 7
2026-09-09 12:52:17 [INFO] Epoch 008 | Train Loss: 0.6272 | Train Acc: 0.8172 | Val Loss: 0.5141 | Val Acc: 0.8516
2026-09-09 12:52:50 [INFO] Epoch 009 | Train Loss: 0.5892 | Train Acc: 0.8284 | Val Loss: 0.4240 | Val Acc: 0.8696
2026-09-09 12:52:50 [INFO] ✓ Saved best model: Val Acc=0.8696 at epoch 9
2026-09-09 12:53:24 [INFO] Epoch 010 | Train Loss: 0.5476 | Train Acc: 0.8405 | Val Loss: 0.4301 | Val Acc: 0.8818
2026-09-09 12:53:24 [INFO] ✓ Saved best model: Val Acc=0.8818 at epoch 10
2026-09-09 12:53:58 [INFO] Epoch 011 | Train Loss: 0.5185 | Train Acc: 0.8486 | Val Loss: 0.4134 | Val Acc: 0.8823
2026-09-09 12:53:58 [INFO] ✓ Saved best model: Val Acc=0.8823 at epoch 11
2026-09-09 12:54:31 [INFO] Epoch 012 | Train Loss: 0.5003 | Train Acc: 0.8556 | Val Loss: 0.3352 | Val Acc: 0.9065
2026-09-09 12:54:31 [INFO] ✓ Saved best model: Val Acc=0.9065 at epoch 12
2026-09-09 12:55:04 [INFO] Epoch 013 | Train Loss: 0.4728 | Train Acc: 0.8627 | Val Loss: 0.5150 | Val Acc: 0.8810
2026-09-09 12:55:38 [INFO] Epoch 014 | Train Loss: 0.4528 | Train Acc: 0.8694 | Val Loss: 0.4209 | Val Acc: 0.9010
2026-09-09 12:56:11 [INFO] Epoch 015 | Train Loss: 0.3659 | Train Acc: 0.8942 | Val Loss: 0.2396 | Val Acc: 0.9324
2026-09-09 12:56:11 [INFO] ✓ Saved best model: Val Acc=0.9324 at epoch 15
2026-09-09 12:56:44 [INFO] Epoch 016 | Train Loss: 0.3430 | Train Acc: 0.9011 | Val Loss: 0.2268 | Val Acc: 0.9367
2026-09-09 12:56:44 [INFO] ✓ Saved best model: Val Acc=0.9367 at epoch 16
2026-09-09 12:57:17 [INFO] Epoch 017 | Train Loss: 0.3328 | Train Acc: 0.9040 | Val Loss: 0.2236 | Val Acc: 0.9376
2026-09-09 12:57:17 [INFO] ✓ Saved best model: Val Acc=0.9376 at epoch 17
2026-09-09 12:57:55 [INFO] Epoch 018 | Train Loss: 0.3252 | Train Acc: 0.9066 | Val Loss: 0.2196 | Val Acc: 0.9384
2026-09-09 12:57:55 [INFO] ✓ Saved best model: Val Acc=0.9384 at epoch 18
2026-09-09 12:58:03 [INFO] Dataset: Belgium_ar_new | Số nhãn (classes): 62 | Tổng số ảnh: 99330
2026-09-09 12:58:03 [INFO] Dữ liệu đã chia -> Train (70%): 64564 | Val (15%): 17383 | Test (15%): 17383
2026-09-09 12:58:03 [INFO] 
🔍 Kiểm tra phân bố class trong batch:
2026-09-09 12:58:03 [INFO]   Batch 0: 30 classes (first 5: [1, 6, 7, 13, 17])
2026-09-09 12:58:03 [INFO]   Batch 1: 31 classes (first 5: [4, 7, 8, 13, 14])
2026-09-09 12:58:03 [INFO]   Batch 2: 29 classes (first 5: [1, 6, 7, 10, 13])
2026-09-09 12:58:03 [INFO]   Batch 3: 29 classes (first 5: [7, 8, 10, 12, 13])
2026-09-09 12:58:03 [INFO]   Batch 4: 28 classes (first 5: [7, 9, 17, 19, 21])
2026-09-09 12:58:03 [INFO] ✅ Shuffle tốt! Trung bình 29.4 classes/batch
2026-09-09 12:58:03 [INFO] ============================================================
2026-09-09 12:58:03 [INFO] Starting training: SUPER_MAMBA_DEPT_3
2026-09-09 12:58:03 [INFO] Dataset: Belgium_ar_new | Path: /home/biu-linux/DeepLearning_Projects/DoAnNganh/data/Belgium_ar
2026-09-09 12:58:03 [INFO] Device: cuda
2026-09-09 12:58:03 [INFO] GPU: NVIDIA GeForce RTX 3050 Laptop GPU
2026-09-09 12:58:03 [INFO] ============================================================
2026-09-09 12:58:03 [INFO] 
[RESUME] Đang nạp checkpoint từ: /home/biu-linux/DeepLearning_Projects/DoAnNganh/HybricMamba/Ressult/TFJ/SUPER_MAMBA_DEPT_3/Belgium_ar_new/SUPER_MAMBA_DEPT_3_best.pth
2026-09-09 12:58:03 [INFO] Evaluating Best Model on TEST Set...
2026-09-09 12:58:03 [INFO] 
[RESUME] Đang nạp checkpoint từ: /home/biu-linux/DeepLearning_Projects/DoAnNganh/HybricMamba/Ressult/TFJ/SUPER_MAMBA_DEPT_3/Belgium_ar_new/SUPER_MAMBA_DEPT_3_best.pth
2026-09-09 12:58:08 [INFO] 🎯 [TEST RESULT] Test Acc: 0.9408 | F1-Macro: 0.9116 | F1-Weighted: 0.9407
2026-09-09 13:19:35 [INFO] Dataset: Belgium_ar_new | Số nhãn (classes): 62 | Tổng số ảnh: 99330
2026-09-09 13:19:35 [INFO] Dữ liệu đã chia -> Train (70%): 64564 | Val (15%): 17383 | Test (15%): 17383
2026-09-09 13:19:35 [INFO] 
🔍 Kiểm tra phân bố class trong batch:
2026-09-09 13:19:35 [INFO]   Batch 0: 29 classes (first 5: [1, 3, 7, 8, 12])
2026-09-09 13:19:35 [INFO]   Batch 1: 24 classes (first 5: [4, 7, 10, 13, 17])
2026-09-09 13:19:35 [INFO]   Batch 2: 26 classes (first 5: [0, 1, 12, 13, 17])
2026-09-09 13:19:35 [INFO]   Batch 3: 27 classes (first 5: [0, 7, 9, 17, 18])
2026-09-09 13:19:35 [INFO]   Batch 4: 34 classes (first 5: [1, 4, 7, 8, 14])
2026-09-09 13:19:35 [INFO] ✅ Shuffle tốt! Trung bình 28.0 classes/batch
2026-09-09 13:19:35 [INFO] ============================================================
2026-09-09 13:19:35 [INFO] Starting training: SUPER_MAMBA_DEPT_3
2026-09-09 13:19:35 [INFO] Dataset: Belgium_ar_new | Path: /home/biu-linux/DeepLearning_Projects/DoAnNganh/data/Belgium_ar
2026-09-09 13:19:35 [INFO] Device: cuda
2026-09-09 13:19:35 [INFO] GPU: NVIDIA GeForce RTX 3050 Laptop GPU
2026-09-09 13:19:35 [INFO] ============================================================
2026-09-09 13:19:35 [INFO] 
[RESUME] Đang nạp checkpoint từ: /home/biu-linux/DeepLearning_Projects/DoAnNganh/HybricMamba/Ressult/TFJ/SUPER_MAMBA_DEPT_3/Belgium_ar_new/SUPER_MAMBA_DEPT_3_best.pth
2026-09-09 14:42:08 [INFO] Dataset: Belgium_ar_new | Số nhãn (classes): 62 | Tổng số ảnh: 99330
2026-09-09 14:42:08 [INFO] Dữ liệu đã chia -> Train (70%): 64564 | Val (15%): 17383 | Test (15%): 17383
2026-09-09 14:42:08 [INFO] 
🔍 Kiểm tra phân bố class trong batch:
2026-09-09 14:42:10 [INFO]   Batch 0: 26 classes (first 5: [1, 2, 3, 7, 14])
2026-09-09 14:42:10 [INFO]   Batch 1: 26 classes (first 5: [0, 1, 7, 10, 11])
2026-09-09 14:42:10 [INFO]   Batch 2: 27 classes (first 5: [1, 7, 8, 10, 13])
2026-09-09 14:42:10 [INFO]   Batch 3: 30 classes (first 5: [1, 7, 8, 17, 18])
2026-09-09 14:42:10 [INFO]   Batch 4: 32 classes (first 5: [1, 5, 7, 13, 14])
2026-09-09 14:42:10 [INFO] ✅ Shuffle tốt! Trung bình 28.2 classes/batch
2026-09-09 14:42:10 [INFO] ============================================================
2026-09-09 14:42:10 [INFO] Starting training: SUPER_MAMBA_DEPT_3
2026-09-09 14:42:10 [INFO] Dataset: Belgium_ar_new | Path: /home/biu-linux/DeepLearning_Projects/DoAnNganh/data/Belgium_ar
2026-09-09 14:42:10 [INFO] Device: cuda
2026-09-09 14:42:10 [INFO] GPU: NVIDIA GeForce RTX 3050 Laptop GPU
2026-09-09 14:42:10 [INFO] ============================================================
2026-09-09 14:42:45 [INFO] Epoch 000 | Train Loss: 3.3112 | Train Acc: 0.1741 | Val Loss: 3.0320 | Val Acc: 0.2340
2026-09-09 14:42:45 [INFO] ✓ Saved best model: Val Acc=0.2340 at epoch 0
2026-09-09 14:43:18 [INFO] Epoch 001 | Train Loss: 2.4064 | Train Acc: 0.3501 | Val Loss: 1.9020 | Val Acc: 0.4535
2026-09-09 14:43:18 [INFO] ✓ Saved best model: Val Acc=0.4535 at epoch 1
2026-09-09 14:43:48 [INFO] Epoch 002 | Train Loss: 1.8115 | Train Acc: 0.4731 | Val Loss: 1.6347 | Val Acc: 0.5171
2026-09-09 14:43:48 [INFO] ✓ Saved best model: Val Acc=0.5171 at epoch 2
2026-09-09 14:44:20 [INFO] Epoch 003 | Train Loss: 1.4699 | Train Acc: 0.5660 | Val Loss: 1.1912 | Val Acc: 0.6418
2026-09-09 14:44:20 [INFO] ✓ Saved best model: Val Acc=0.6418 at epoch 3
2026-09-09 14:44:54 [INFO] Epoch 004 | Train Loss: 1.2084 | Train Acc: 0.6514 | Val Loss: 1.0915 | Val Acc: 0.6793
2026-09-09 14:44:54 [INFO] ✓ Saved best model: Val Acc=0.6793 at epoch 4
2026-09-09 14:45:27 [INFO] Epoch 005 | Train Loss: 0.9776 | Train Acc: 0.7157 | Val Loss: 0.8273 | Val Acc: 0.7703
2026-09-09 14:45:27 [INFO] ✓ Saved best model: Val Acc=0.7703 at epoch 5
2026-09-09 14:46:00 [INFO] Epoch 006 | Train Loss: 0.8247 | Train Acc: 0.7607 | Val Loss: 0.8763 | Val Acc: 0.7754
2026-09-09 14:46:01 [INFO] ✓ Saved best model: Val Acc=0.7754 at epoch 6
2026-09-09 14:46:35 [INFO] Epoch 007 | Train Loss: 0.7330 | Train Acc: 0.7861 | Val Loss: 0.6108 | Val Acc: 0.8320
2026-09-09 14:46:35 [INFO] ✓ Saved best model: Val Acc=0.8320 at epoch 7
2026-09-09 14:47:09 [INFO] Epoch 008 | Train Loss: 0.6621 | Train Acc: 0.8069 | Val Loss: 0.4940 | Val Acc: 0.8564
2026-09-09 14:47:09 [INFO] ✓ Saved best model: Val Acc=0.8564 at epoch 8
2026-09-09 14:47:43 [INFO] Epoch 009 | Train Loss: 0.6139 | Train Acc: 0.8218 | Val Loss: 0.4392 | Val Acc: 0.8722
2026-09-09 14:47:43 [INFO] ✓ Saved best model: Val Acc=0.8722 at epoch 9
2026-09-09 14:48:17 [INFO] Epoch 010 | Train Loss: 0.5727 | Train Acc: 0.8332 | Val Loss: 0.4848 | Val Acc: 0.8623
2026-09-09 14:48:49 [INFO] Epoch 011 | Train Loss: 0.5416 | Train Acc: 0.8430 | Val Loss: 0.3479 | Val Acc: 0.9011
2026-09-09 14:48:49 [INFO] ✓ Saved best model: Val Acc=0.9011 at epoch 11
2026-09-09 14:49:23 [INFO] Epoch 012 | Train Loss: 0.5172 | Train Acc: 0.8485 | Val Loss: 0.4117 | Val Acc: 0.8811
2026-09-09 14:49:57 [INFO] Epoch 013 | Train Loss: 0.4949 | Train Acc: 0.8557 | Val Loss: 0.5193 | Val Acc: 0.8593
2026-09-09 14:50:31 [INFO] Epoch 014 | Train Loss: 0.4774 | Train Acc: 0.8600 | Val Loss: 0.3680 | Val Acc: 0.8909
2026-09-09 14:51:05 [INFO] Epoch 015 | Train Loss: 0.4648 | Train Acc: 0.8654 | Val Loss: 0.4689 | Val Acc: 0.8704
2026-09-09 14:51:39 [INFO] Epoch 016 | Train Loss: 0.4465 | Train Acc: 0.8703 | Val Loss: 0.4507 | Val Acc: 0.8737
2026-09-09 14:52:12 [INFO] Epoch 017 | Train Loss: 0.4307 | Train Acc: 0.8750 | Val Loss: 0.4472 | Val Acc: 0.8923
2026-09-09 14:52:45 [INFO] Epoch 018 | Train Loss: 0.4282 | Train Acc: 0.8751 | Val Loss: 0.3404 | Val Acc: 0.9039
2026-09-09 14:52:45 [INFO] ✓ Saved best model: Val Acc=0.9039 at epoch 18
2026-09-09 14:53:18 [INFO] Epoch 019 | Train Loss: 0.4168 | Train Acc: 0.8790 | Val Loss: 0.2801 | Val Acc: 0.9187
2026-09-09 14:53:18 [INFO] ✓ Saved best model: Val Acc=0.9187 at epoch 19
2026-09-09 14:53:52 [INFO] Epoch 020 | Train Loss: 0.3404 | Train Acc: 0.9006 | Val Loss: 0.2301 | Val Acc: 0.9333
2026-09-09 14:53:52 [INFO] ✓ Saved best model: Val Acc=0.9333 at epoch 20
2026-09-09 14:54:26 [INFO] Epoch 021 | Train Loss: 0.3157 | Train Acc: 0.9079 | Val Loss: 0.2164 | Val Acc: 0.9366
2026-09-09 14:54:26 [INFO] ✓ Saved best model: Val Acc=0.9366 at epoch 21
2026-09-09 14:54:59 [INFO] Epoch 022 | Train Loss: 0.3121 | Train Acc: 0.9089 | Val Loss: 0.2137 | Val Acc: 0.9389
2026-09-09 14:54:59 [INFO] ✓ Saved best model: Val Acc=0.9389 at epoch 22
2026-09-09 14:55:31 [INFO] Epoch 023 | Train Loss: 0.3075 | Train Acc: 0.9099 | Val Loss: 0.2111 | Val Acc: 0.9395
2026-09-09 14:55:31 [INFO] ✓ Saved best model: Val Acc=0.9395 at epoch 23
2026-09-09 14:56:04 [INFO] Epoch 024 | Train Loss: 0.3048 | Train Acc: 0.9111 | Val Loss: 0.2083 | Val Acc: 0.9402
2026-09-09 14:56:04 [INFO] ✓ Saved best model: Val Acc=0.9402 at epoch 24
2026-09-09 14:56:36 [INFO] Epoch 025 | Train Loss: 0.3021 | Train Acc: 0.9126 | Val Loss: 0.2070 | Val Acc: 0.9403
2026-09-09 14:56:36 [INFO] ✓ Saved best model: Val Acc=0.9403 at epoch 25
