2026-09-10 03:27:26 [INFO] Dataset: belgium_ar_new_1 | Số nhãn (classes): 62 | Tổng số ảnh: 92235
2026-09-10 03:27:26 [INFO] Dữ liệu đã chia -> Train (70%): 59952 | Val (15%): 16141 | Test (15%): 16142
2026-09-10 03:27:26 [INFO] 
🔍 Kiểm tra phân bố class trong batch:
2026-09-10 03:27:26 [INFO]   Batch 0: 28 classes (first 5: [2, 4, 7, 10, 13])
2026-09-10 03:27:26 [INFO]   Batch 1: 26 classes (first 5: [1, 3, 4, 7, 8])
2026-09-10 03:27:26 [INFO]   Batch 2: 32 classes (first 5: [0, 1, 7, 13, 14])
2026-09-10 03:27:26 [INFO]   Batch 3: 32 classes (first 5: [1, 3, 4, 7, 17])
2026-09-10 03:27:26 [INFO]   Batch 4: 29 classes (first 5: [1, 6, 14, 18, 19])
2026-09-10 03:27:26 [INFO] ✅ Shuffle tốt! Trung bình 29.4 classes/batch
2026-09-10 03:27:26 [INFO] ============================================================
2026-09-10 03:27:26 [INFO] Starting training: GHOSTNET
2026-09-10 03:27:26 [INFO] Dataset: belgium_ar_new_1 | Path: /home/biu-linux/DeepLearning_Projects/DoAnNganh/data/Belgium_ar_1
2026-09-10 03:27:26 [INFO] Device: cuda
2026-09-10 03:27:26 [INFO] GPU: NVIDIA GeForce RTX 3050 Laptop GPU
2026-09-10 03:27:26 [INFO] ============================================================
2026-09-10 03:27:56 [INFO] Epoch 000 | Train Loss: 1.7407 | Train Acc: 0.5355 | Val Loss: 0.6866 | Val Acc: 0.7874
2026-09-10 03:27:56 [INFO] ✓ Saved best model: Val Acc=0.7874 at epoch 0
2026-09-10 03:28:23 [INFO] Epoch 001 | Train Loss: 0.6657 | Train Acc: 0.8002 | Val Loss: 0.2901 | Val Acc: 0.9076
2026-09-10 03:28:23 [INFO] ✓ Saved best model: Val Acc=0.9076 at epoch 1
2026-09-10 03:28:50 [INFO] Epoch 002 | Train Loss: 0.4135 | Train Acc: 0.8738 | Val Loss: 0.1994 | Val Acc: 0.9399
2026-09-10 03:28:50 [INFO] ✓ Saved best model: Val Acc=0.9399 at epoch 2
2026-09-10 03:29:16 [INFO] Epoch 003 | Train Loss: 0.3321 | Train Acc: 0.9023 | Val Loss: 0.1610 | Val Acc: 0.9518
2026-09-10 03:29:16 [INFO] ✓ Saved best model: Val Acc=0.9518 at epoch 3
2026-09-10 03:29:43 [INFO] Epoch 004 | Train Loss: 0.2937 | Train Acc: 0.9141 | Val Loss: 0.1457 | Val Acc: 0.9587
2026-09-10 03:29:43 [INFO] ✓ Saved best model: Val Acc=0.9587 at epoch 4
2026-09-10 03:30:10 [INFO] Epoch 005 | Train Loss: 0.2577 | Train Acc: 0.9253 | Val Loss: 0.1355 | Val Acc: 0.9614
2026-09-10 03:30:10 [INFO] ✓ Saved best model: Val Acc=0.9614 at epoch 5
2026-09-10 03:30:36 [INFO] Epoch 006 | Train Loss: 0.2289 | Train Acc: 0.9337 | Val Loss: 0.1148 | Val Acc: 0.9666
2026-09-10 03:30:36 [INFO] ✓ Saved best model: Val Acc=0.9666 at epoch 6
2026-09-10 03:31:03 [INFO] Epoch 007 | Train Loss: 0.2115 | Train Acc: 0.9395 | Val Loss: 0.1024 | Val Acc: 0.9689
2026-09-10 03:31:03 [INFO] ✓ Saved best model: Val Acc=0.9689 at epoch 7
2026-09-10 03:31:29 [INFO] Epoch 008 | Train Loss: 0.1995 | Train Acc: 0.9429 | Val Loss: 0.1097 | Val Acc: 0.9684
2026-09-10 03:31:56 [INFO] Epoch 009 | Train Loss: 0.1918 | Train Acc: 0.9458 | Val Loss: 0.0964 | Val Acc: 0.9716
2026-09-10 03:31:56 [INFO] ✓ Saved best model: Val Acc=0.9716 at epoch 9
2026-09-10 03:32:22 [INFO] Epoch 010 | Train Loss: 0.1744 | Train Acc: 0.9501 | Val Loss: 0.0908 | Val Acc: 0.9747
2026-09-10 03:32:22 [INFO] ✓ Saved best model: Val Acc=0.9747 at epoch 10
2026-09-10 03:32:49 [INFO] Epoch 011 | Train Loss: 0.1685 | Train Acc: 0.9519 | Val Loss: 0.0928 | Val Acc: 0.9741
2026-09-10 03:33:15 [INFO] Epoch 012 | Train Loss: 0.1694 | Train Acc: 0.9510 | Val Loss: 0.0876 | Val Acc: 0.9748
2026-09-10 03:33:15 [INFO] ✓ Saved best model: Val Acc=0.9748 at epoch 12
2026-09-10 03:33:42 [INFO] Epoch 013 | Train Loss: 0.1603 | Train Acc: 0.9551 | Val Loss: 0.0787 | Val Acc: 0.9771
2026-09-10 03:33:42 [INFO] ✓ Saved best model: Val Acc=0.9771 at epoch 13
2026-09-10 03:34:09 [INFO] Epoch 014 | Train Loss: 0.1518 | Train Acc: 0.9561 | Val Loss: 0.0798 | Val Acc: 0.9783
2026-09-10 03:34:09 [INFO] ✓ Saved best model: Val Acc=0.9783 at epoch 14
2026-09-10 03:34:35 [INFO] Epoch 015 | Train Loss: 0.1547 | Train Acc: 0.9559 | Val Loss: 0.0797 | Val Acc: 0.9774
2026-09-10 03:35:02 [INFO] Epoch 016 | Train Loss: 0.1409 | Train Acc: 0.9598 | Val Loss: 0.0870 | Val Acc: 0.9755
2026-09-10 03:35:28 [INFO] Epoch 017 | Train Loss: 0.1420 | Train Acc: 0.9605 | Val Loss: 0.0850 | Val Acc: 0.9756
2026-09-10 03:35:55 [INFO] Epoch 018 | Train Loss: 0.1418 | Train Acc: 0.9596 | Val Loss: 0.0777 | Val Acc: 0.9782
2026-09-10 03:36:21 [INFO] Epoch 019 | Train Loss: 0.1331 | Train Acc: 0.9622 | Val Loss: 0.0726 | Val Acc: 0.9794
2026-09-10 03:36:21 [INFO] ✓ Saved best model: Val Acc=0.9794 at epoch 19
2026-09-10 03:36:48 [INFO] Epoch 020 | Train Loss: 0.0885 | Train Acc: 0.9734 | Val Loss: 0.0524 | Val Acc: 0.9850
2026-09-10 03:36:48 [INFO] ✓ Saved best model: Val Acc=0.9850 at epoch 20
2026-09-10 03:37:14 [INFO] Epoch 021 | Train Loss: 0.0757 | Train Acc: 0.9769 | Val Loss: 0.0496 | Val Acc: 0.9861
2026-09-10 03:37:15 [INFO] ✓ Saved best model: Val Acc=0.9861 at epoch 21
2026-09-10 03:37:40 [INFO] Epoch 022 | Train Loss: 0.0678 | Train Acc: 0.9801 | Val Loss: 0.0471 | Val Acc: 0.9864
2026-09-10 03:37:40 [INFO] ✓ Saved best model: Val Acc=0.9864 at epoch 22
2026-09-10 03:38:07 [INFO] Epoch 023 | Train Loss: 0.0680 | Train Acc: 0.9799 | Val Loss: 0.0463 | Val Acc: 0.9866
2026-09-10 03:38:07 [INFO] ✓ Saved best model: Val Acc=0.9866 at epoch 23
2026-09-10 03:38:33 [INFO] Epoch 024 | Train Loss: 0.0607 | Train Acc: 0.9816 | Val Loss: 0.0454 | Val Acc: 0.9872
2026-09-10 03:38:33 [INFO] ✓ Saved best model: Val Acc=0.9872 at epoch 24
2026-09-10 03:38:59 [INFO] Epoch 025 | Train Loss: 0.0589 | Train Acc: 0.9823 | Val Loss: 0.0454 | Val Acc: 0.9871
2026-09-10 03:39:25 [INFO] Epoch 026 | Train Loss: 0.0587 | Train Acc: 0.9821 | Val Loss: 0.0443 | Val Acc: 0.9882
2026-09-10 03:39:25 [INFO] ✓ Saved best model: Val Acc=0.9882 at epoch 26
2026-09-10 03:39:51 [INFO] Epoch 027 | Train Loss: 0.0549 | Train Acc: 0.9828 | Val Loss: 0.0446 | Val Acc: 0.9878
2026-09-10 03:40:17 [INFO] Epoch 028 | Train Loss: 0.0555 | Train Acc: 0.9837 | Val Loss: 0.0429 | Val Acc: 0.9880
2026-09-10 03:40:43 [INFO] Epoch 029 | Train Loss: 0.0548 | Train Acc: 0.9829 | Val Loss: 0.0457 | Val Acc: 0.9872
2026-09-10 03:41:10 [INFO] Epoch 030 | Train Loss: 0.0491 | Train Acc: 0.9850 | Val Loss: 0.0433 | Val Acc: 0.9877
2026-09-10 03:41:36 [INFO] Epoch 031 | Train Loss: 0.0495 | Train Acc: 0.9845 | Val Loss: 0.0417 | Val Acc: 0.9882
2026-09-10 03:41:36 [INFO] ✓ Saved best model: Val Acc=0.9882 at epoch 31
2026-09-10 03:42:03 [INFO] Epoch 032 | Train Loss: 0.0478 | Train Acc: 0.9852 | Val Loss: 0.0420 | Val Acc: 0.9879
2026-09-10 03:42:30 [INFO] Epoch 033 | Train Loss: 0.0491 | Train Acc: 0.9851 | Val Loss: 0.0409 | Val Acc: 0.9886
2026-09-10 03:42:30 [INFO] ✓ Saved best model: Val Acc=0.9886 at epoch 33
2026-09-10 03:42:56 [INFO] Epoch 034 | Train Loss: 0.0472 | Train Acc: 0.9850 | Val Loss: 0.0422 | Val Acc: 0.9886
2026-09-10 03:43:22 [INFO] Epoch 035 | Train Loss: 0.0481 | Train Acc: 0.9847 | Val Loss: 0.0413 | Val Acc: 0.9885
2026-09-10 03:43:48 [INFO] Epoch 036 | Train Loss: 0.0482 | Train Acc: 0.9856 | Val Loss: 0.0416 | Val Acc: 0.9888
2026-09-10 03:43:48 [INFO] ✓ Saved best model: Val Acc=0.9888 at epoch 36
2026-09-10 03:44:15 [INFO] Epoch 037 | Train Loss: 0.0481 | Train Acc: 0.9851 | Val Loss: 0.0409 | Val Acc: 0.9888
2026-09-10 03:44:41 [INFO] Epoch 038 | Train Loss: 0.0480 | Train Acc: 0.9855 | Val Loss: 0.0411 | Val Acc: 0.9885
2026-09-10 03:45:07 [INFO] Epoch 039 | Train Loss: 0.0464 | Train Acc: 0.9853 | Val Loss: 0.0401 | Val Acc: 0.9891
2026-09-10 03:45:07 [INFO] ✓ Saved best model: Val Acc=0.9891 at epoch 39
2026-09-10 03:45:34 [INFO] Epoch 040 | Train Loss: 0.0455 | Train Acc: 0.9860 | Val Loss: 0.0416 | Val Acc: 0.9882
2026-09-10 03:46:00 [INFO] Epoch 041 | Train Loss: 0.0465 | Train Acc: 0.9862 | Val Loss: 0.0413 | Val Acc: 0.9887
2026-09-10 03:46:26 [INFO] Epoch 042 | Train Loss: 0.0462 | Train Acc: 0.9857 | Val Loss: 0.0411 | Val Acc: 0.9885
2026-09-10 03:46:52 [INFO] Epoch 043 | Train Loss: 0.0479 | Train Acc: 0.9857 | Val Loss: 0.0413 | Val Acc: 0.9885
2026-09-10 03:47:18 [INFO] Epoch 044 | Train Loss: 0.0480 | Train Acc: 0.9858 | Val Loss: 0.0412 | Val Acc: 0.9885
2026-09-10 03:47:46 [INFO] Epoch 045 | Train Loss: 0.0470 | Train Acc: 0.9855 | Val Loss: 0.0409 | Val Acc: 0.9888
2026-09-10 03:48:14 [INFO] Epoch 046 | Train Loss: 0.0461 | Train Acc: 0.9850 | Val Loss: 0.0409 | Val Acc: 0.9889
2026-09-10 03:48:40 [INFO] Epoch 047 | Train Loss: 0.0453 | Train Acc: 0.9859 | Val Loss: 0.0414 | Val Acc: 0.9887
2026-09-10 03:49:08 [INFO] Epoch 048 | Train Loss: 0.0446 | Train Acc: 0.9853 | Val Loss: 0.0415 | Val Acc: 0.9884
2026-09-10 03:49:35 [INFO] Epoch 049 | Train Loss: 0.0454 | Train Acc: 0.9865 | Val Loss: 0.0409 | Val Acc: 0.9890
2026-09-10 03:49:35 [INFO] ⏹ Early stopping tại epoch 49 (không cải thiện sau 10 epoch, best=0.9891)
2026-09-10 03:49:35 [INFO] Evaluating Best Model on TEST Set...
2026-09-10 03:49:35 [INFO] 
[RESUME] Đang nạp checkpoint từ: /home/biu-linux/DeepLearning_Projects/DoAnNganh/HybricMamba/Ressult/TFJ/GHOSTNET/belgium_ar_new_1/GHOSTNET_best.pth
2026-09-10 03:49:38 [INFO] 🎯 [TEST RESULT] Test Acc: 0.9897 | F1-Macro: 0.9874 | F1-Weighted: 0.9897
