2026-09-10 01:21:33 [INFO] Dataset: belgium_ar_new_1 | Số nhãn (classes): 62 | Tổng số ảnh: 92235
2026-09-10 01:21:33 [INFO] Dữ liệu đã chia -> Train (70%): 59952 | Val (15%): 16141 | Test (15%): 16142
2026-09-10 01:21:33 [INFO] 
🔍 Kiểm tra phân bố class trong batch:
2026-09-10 01:21:33 [INFO]   Batch 0: 28 classes (first 5: [2, 4, 7, 10, 13])
2026-09-10 01:21:34 [INFO]   Batch 1: 26 classes (first 5: [1, 3, 4, 7, 8])
2026-09-10 01:21:34 [INFO]   Batch 2: 32 classes (first 5: [0, 1, 7, 13, 14])
2026-09-10 01:21:34 [INFO]   Batch 3: 32 classes (first 5: [1, 3, 4, 7, 17])
2026-09-10 01:21:34 [INFO]   Batch 4: 29 classes (first 5: [1, 6, 14, 18, 19])
2026-09-10 01:21:34 [INFO] ✅ Shuffle tốt! Trung bình 29.4 classes/batch
2026-09-10 01:21:34 [INFO] ============================================================
2026-09-10 01:21:34 [INFO] Starting training: SUPER_MAMBA_DEPT_3
2026-09-10 01:21:34 [INFO] Dataset: belgium_ar_new_1 | Path: /home/biu-linux/DeepLearning_Projects/DoAnNganh/data/Belgium_ar_1
2026-09-10 01:21:34 [INFO] Device: cuda
2026-09-10 01:21:34 [INFO] GPU: NVIDIA GeForce RTX 3050 Laptop GPU
2026-09-10 01:21:34 [INFO] ============================================================
2026-09-10 01:22:07 [INFO] Epoch 000 | Train Loss: 3.1755 | Train Acc: 0.2309 | Val Loss: 2.5198 | Val Acc: 0.3486
2026-09-10 01:22:07 [INFO] ✓ Saved best model: Val Acc=0.3486 at epoch 0
2026-09-10 01:22:36 [INFO] Epoch 001 | Train Loss: 1.9396 | Train Acc: 0.4546 | Val Loss: 1.4521 | Val Acc: 0.5534
2026-09-10 01:22:36 [INFO] ✓ Saved best model: Val Acc=0.5534 at epoch 1
2026-09-10 01:23:05 [INFO] Epoch 002 | Train Loss: 1.2766 | Train Acc: 0.6261 | Val Loss: 0.9643 | Val Acc: 0.7092
2026-09-10 01:23:05 [INFO] ✓ Saved best model: Val Acc=0.7092 at epoch 2
2026-09-10 01:23:34 [INFO] Epoch 003 | Train Loss: 0.8189 | Train Acc: 0.7702 | Val Loss: 0.7234 | Val Acc: 0.8090
2026-09-10 01:23:34 [INFO] ✓ Saved best model: Val Acc=0.8090 at epoch 3
2026-09-10 01:24:03 [INFO] Epoch 004 | Train Loss: 0.5669 | Train Acc: 0.8379 | Val Loss: 0.3705 | Val Acc: 0.9002
2026-09-10 01:24:03 [INFO] ✓ Saved best model: Val Acc=0.9002 at epoch 4
2026-09-10 01:24:32 [INFO] Epoch 005 | Train Loss: 0.4162 | Train Acc: 0.8817 | Val Loss: 0.2835 | Val Acc: 0.9186
2026-09-10 01:24:32 [INFO] ✓ Saved best model: Val Acc=0.9186 at epoch 5
2026-09-10 01:25:02 [INFO] Epoch 006 | Train Loss: 0.3389 | Train Acc: 0.9033 | Val Loss: 0.2798 | Val Acc: 0.9128
2026-09-10 01:25:31 [INFO] Epoch 007 | Train Loss: 0.2857 | Train Acc: 0.9194 | Val Loss: 0.1661 | Val Acc: 0.9547
2026-09-10 01:25:31 [INFO] ✓ Saved best model: Val Acc=0.9547 at epoch 7
2026-09-10 01:26:00 [INFO] Epoch 008 | Train Loss: 0.2563 | Train Acc: 0.9266 | Val Loss: 0.1498 | Val Acc: 0.9581
2026-09-10 01:26:00 [INFO] ✓ Saved best model: Val Acc=0.9581 at epoch 8
2026-09-10 01:26:29 [INFO] Epoch 009 | Train Loss: 0.2334 | Train Acc: 0.9325 | Val Loss: 0.1614 | Val Acc: 0.9547
2026-09-10 01:26:58 [INFO] Epoch 010 | Train Loss: 0.2146 | Train Acc: 0.9390 | Val Loss: 0.1326 | Val Acc: 0.9633
2026-09-10 01:26:58 [INFO] ✓ Saved best model: Val Acc=0.9633 at epoch 10
2026-09-10 01:27:27 [INFO] Epoch 011 | Train Loss: 0.1984 | Train Acc: 0.9431 | Val Loss: 0.1222 | Val Acc: 0.9652
2026-09-10 01:27:27 [INFO] ✓ Saved best model: Val Acc=0.9652 at epoch 11
2026-09-10 01:27:56 [INFO] Epoch 012 | Train Loss: 0.1890 | Train Acc: 0.9456 | Val Loss: 0.1866 | Val Acc: 0.9494
2026-09-10 01:28:25 [INFO] Epoch 013 | Train Loss: 0.1793 | Train Acc: 0.9489 | Val Loss: 0.1264 | Val Acc: 0.9633
2026-09-10 01:28:55 [INFO] Epoch 014 | Train Loss: 0.1722 | Train Acc: 0.9501 | Val Loss: 0.1516 | Val Acc: 0.9571
2026-09-10 01:29:24 [INFO] Epoch 015 | Train Loss: 0.1641 | Train Acc: 0.9533 | Val Loss: 0.1013 | Val Acc: 0.9714
2026-09-10 01:29:24 [INFO] ✓ Saved best model: Val Acc=0.9714 at epoch 15
2026-09-10 01:29:53 [INFO] Epoch 016 | Train Loss: 0.1572 | Train Acc: 0.9539 | Val Loss: 0.1034 | Val Acc: 0.9708
2026-09-10 01:30:22 [INFO] Epoch 017 | Train Loss: 0.1567 | Train Acc: 0.9548 | Val Loss: 0.0966 | Val Acc: 0.9738
2026-09-10 01:30:22 [INFO] ✓ Saved best model: Val Acc=0.9738 at epoch 17
2026-09-10 01:30:51 [INFO] Epoch 018 | Train Loss: 0.1471 | Train Acc: 0.9574 | Val Loss: 0.1092 | Val Acc: 0.9711
2026-09-10 01:31:21 [INFO] Epoch 019 | Train Loss: 0.1452 | Train Acc: 0.9579 | Val Loss: 0.0849 | Val Acc: 0.9764
2026-09-10 01:31:21 [INFO] ✓ Saved best model: Val Acc=0.9764 at epoch 19
2026-09-10 01:31:50 [INFO] Epoch 020 | Train Loss: 0.0964 | Train Acc: 0.9730 | Val Loss: 0.0572 | Val Acc: 0.9848
2026-09-10 01:31:50 [INFO] ✓ Saved best model: Val Acc=0.9848 at epoch 20
2026-09-10 01:32:19 [INFO] Epoch 021 | Train Loss: 0.0865 | Train Acc: 0.9752 | Val Loss: 0.0535 | Val Acc: 0.9856
2026-09-10 01:32:19 [INFO] ✓ Saved best model: Val Acc=0.9856 at epoch 21
2026-09-10 01:32:48 [INFO] Epoch 022 | Train Loss: 0.0820 | Train Acc: 0.9769 | Val Loss: 0.0520 | Val Acc: 0.9854
2026-09-10 01:33:17 [INFO] Epoch 023 | Train Loss: 0.0805 | Train Acc: 0.9769 | Val Loss: 0.0509 | Val Acc: 0.9862
2026-09-10 01:33:17 [INFO] ✓ Saved best model: Val Acc=0.9862 at epoch 23
2026-09-10 01:33:46 [INFO] Epoch 024 | Train Loss: 0.0747 | Train Acc: 0.9780 | Val Loss: 0.0492 | Val Acc: 0.9860
2026-09-10 01:34:15 [INFO] Epoch 025 | Train Loss: 0.0761 | Train Acc: 0.9779 | Val Loss: 0.0482 | Val Acc: 0.9870
2026-09-10 01:34:15 [INFO] ✓ Saved best model: Val Acc=0.9870 at epoch 25
2026-09-10 01:34:44 [INFO] Epoch 026 | Train Loss: 0.0731 | Train Acc: 0.9793 | Val Loss: 0.0475 | Val Acc: 0.9868
2026-09-10 01:35:13 [INFO] Epoch 027 | Train Loss: 0.0720 | Train Acc: 0.9790 | Val Loss: 0.0478 | Val Acc: 0.9874
2026-09-10 01:35:13 [INFO] ✓ Saved best model: Val Acc=0.9874 at epoch 27
2026-09-10 01:35:42 [INFO] Epoch 028 | Train Loss: 0.0720 | Train Acc: 0.9791 | Val Loss: 0.0465 | Val Acc: 0.9877
2026-09-10 01:35:43 [INFO] ✓ Saved best model: Val Acc=0.9877 at epoch 28
2026-09-10 01:36:12 [INFO] Epoch 029 | Train Loss: 0.0713 | Train Acc: 0.9797 | Val Loss: 0.0483 | Val Acc: 0.9866
2026-09-10 01:36:41 [INFO] Epoch 030 | Train Loss: 0.0664 | Train Acc: 0.9808 | Val Loss: 0.0451 | Val Acc: 0.9874
2026-09-10 01:37:10 [INFO] Epoch 031 | Train Loss: 0.0655 | Train Acc: 0.9809 | Val Loss: 0.0445 | Val Acc: 0.9876
2026-09-10 01:37:39 [INFO] Epoch 032 | Train Loss: 0.0624 | Train Acc: 0.9822 | Val Loss: 0.0445 | Val Acc: 0.9880
2026-09-10 01:37:39 [INFO] ✓ Saved best model: Val Acc=0.9880 at epoch 32
2026-09-10 01:38:08 [INFO] Epoch 033 | Train Loss: 0.0642 | Train Acc: 0.9812 | Val Loss: 0.0441 | Val Acc: 0.9879
2026-09-10 01:38:38 [INFO] Epoch 034 | Train Loss: 0.0629 | Train Acc: 0.9820 | Val Loss: 0.0440 | Val Acc: 0.9875
2026-09-10 01:39:07 [INFO] Epoch 035 | Train Loss: 0.0631 | Train Acc: 0.9818 | Val Loss: 0.0437 | Val Acc: 0.9879
2026-09-10 01:39:36 [INFO] Epoch 036 | Train Loss: 0.0642 | Train Acc: 0.9813 | Val Loss: 0.0445 | Val Acc: 0.9875
2026-09-10 01:40:05 [INFO] Epoch 037 | Train Loss: 0.0629 | Train Acc: 0.9816 | Val Loss: 0.0436 | Val Acc: 0.9877
2026-09-10 01:40:34 [INFO] Epoch 038 | Train Loss: 0.0635 | Train Acc: 0.9817 | Val Loss: 0.0434 | Val Acc: 0.9877
2026-09-10 01:41:03 [INFO] Epoch 039 | Train Loss: 0.0624 | Train Acc: 0.9822 | Val Loss: 0.0436 | Val Acc: 0.9876
2026-09-10 01:41:32 [INFO] Epoch 040 | Train Loss: 0.0623 | Train Acc: 0.9820 | Val Loss: 0.0436 | Val Acc: 0.9879
2026-09-10 01:42:02 [INFO] Epoch 041 | Train Loss: 0.0618 | Train Acc: 0.9820 | Val Loss: 0.0438 | Val Acc: 0.9878
2026-09-10 01:42:31 [INFO] Epoch 042 | Train Loss: 0.0637 | Train Acc: 0.9813 | Val Loss: 0.0440 | Val Acc: 0.9879
2026-09-10 01:42:31 [INFO] ⏹ Early stopping tại epoch 42 (không cải thiện sau 10 epoch, best=0.9880)
2026-09-10 01:42:31 [INFO] Evaluating Best Model on TEST Set...
2026-09-10 01:42:31 [INFO] 
[RESUME] Đang nạp checkpoint từ: /home/biu-linux/DeepLearning_Projects/DoAnNganh/HybricMamba/Ressult/TFJ/SUPER_MAMBA_DEPT_3/belgium_ar_new_1/SUPER_MAMBA_DEPT_3_best.pth
2026-09-10 01:42:36 [INFO] 🎯 [TEST RESULT] Test Acc: 0.9890 | F1-Macro: 0.9827 | F1-Weighted: 0.9890
