2026-08-25 11:27:24 [INFO] Dataset: NEU-DET_surface-dec | Số nhãn (classes): 6 | Tổng số ảnh: 1800
2026-08-25 11:27:24 [INFO] Dữ liệu đã chia -> Train (70%): 1260 | Val (15%): 270 | Test (15%): 270
2026-08-25 11:27:24 [INFO] 
🔍 Kiểm tra phân bố class trong batch:
2026-08-25 11:27:25 [INFO]   Batch 0: 5 classes (first 5: [0, 1, 2, 3, 4])
2026-08-25 11:27:25 [INFO]   Batch 1: 6 classes (first 5: [0, 1, 2, 3, 4])
2026-08-25 11:27:25 [INFO]   Batch 2: 6 classes (first 5: [0, 1, 2, 3, 4])
2026-08-25 11:27:25 [INFO]   Batch 3: 5 classes (first 5: [0, 1, 2, 3, 4])
2026-08-25 11:27:25 [INFO]   Batch 4: 6 classes (first 5: [0, 1, 2, 3, 4])
2026-08-25 11:27:25 [WARNING] ⚠️ WARNING: Trung bình 5.6 classes/batch - Dữ liệu chưa được trộn đều!
2026-08-25 11:27:25 [INFO] ============================================================
2026-08-25 11:27:25 [INFO] Starting training: SUPER_MAMBA_DEPT_3
2026-08-25 11:27:25 [INFO] Dataset: NEU-DET_surface-dec | Path: /home/biu-linux/DeepLearning_Projects/DoAnNganh/data/NEU-DET
2026-08-25 11:27:25 [INFO] Device: cuda
2026-08-25 11:27:25 [INFO] GPU: NVIDIA GeForce RTX 3050 Laptop GPU
2026-08-25 11:27:25 [INFO] ============================================================
2026-08-25 11:27:28 [INFO] Epoch 000 | Train Loss: 1.7091 | Train Acc: 0.3484 | Val Loss: 1.6315 | Val Acc: 0.3370
2026-08-25 11:27:28 [INFO] ✓ Saved best model: Val Acc=0.3370 at epoch 0
2026-08-25 11:27:30 [INFO] Epoch 001 | Train Loss: 1.5391 | Train Acc: 0.4635 | Val Loss: 1.4000 | Val Acc: 0.4926
2026-08-25 11:27:30 [INFO] ✓ Saved best model: Val Acc=0.4926 at epoch 1
2026-08-25 11:27:32 [INFO] Epoch 002 | Train Loss: 1.3480 | Train Acc: 0.4976 | Val Loss: 1.3227 | Val Acc: 0.4370
2026-08-25 11:27:33 [INFO] Epoch 003 | Train Loss: 1.2154 | Train Acc: 0.5571 | Val Loss: 1.0253 | Val Acc: 0.6556
2026-08-25 11:27:33 [INFO] ✓ Saved best model: Val Acc=0.6556 at epoch 3
2026-08-25 11:27:35 [INFO] Epoch 004 | Train Loss: 1.0832 | Train Acc: 0.5921 | Val Loss: 1.0943 | Val Acc: 0.5444
2026-08-25 11:27:37 [INFO] Epoch 005 | Train Loss: 0.9469 | Train Acc: 0.6397 | Val Loss: 0.6591 | Val Acc: 0.8296
2026-08-25 11:27:37 [INFO] ✓ Saved best model: Val Acc=0.8296 at epoch 5
2026-08-25 11:27:39 [INFO] Epoch 006 | Train Loss: 0.9060 | Train Acc: 0.6643 | Val Loss: 0.6857 | Val Acc: 0.7815
2026-08-25 11:27:44 [INFO] Epoch 007 | Train Loss: 0.8142 | Train Acc: 0.6960 | Val Loss: 0.9106 | Val Acc: 0.6593
2026-08-25 11:27:45 [INFO] Epoch 008 | Train Loss: 0.8494 | Train Acc: 0.6778 | Val Loss: 0.7149 | Val Acc: 0.7148
2026-08-25 11:27:47 [INFO] Epoch 009 | Train Loss: 0.7646 | Train Acc: 0.7302 | Val Loss: 0.6284 | Val Acc: 0.7481
2026-08-25 11:27:49 [INFO] Epoch 010 | Train Loss: 0.7325 | Train Acc: 0.7333 | Val Loss: 0.5393 | Val Acc: 0.8148
2026-08-25 11:27:51 [INFO] Epoch 011 | Train Loss: 0.6587 | Train Acc: 0.7484 | Val Loss: 0.4341 | Val Acc: 0.8370
2026-08-25 11:27:51 [INFO] ✓ Saved best model: Val Acc=0.8370 at epoch 11
2026-08-25 11:27:52 [INFO] Epoch 012 | Train Loss: 0.6156 | Train Acc: 0.7587 | Val Loss: 0.5261 | Val Acc: 0.8296
2026-08-25 11:27:55 [INFO] Epoch 013 | Train Loss: 0.5877 | Train Acc: 0.7921 | Val Loss: 0.5973 | Val Acc: 0.7593
2026-08-25 11:27:58 [INFO] Epoch 014 | Train Loss: 0.5543 | Train Acc: 0.7881 | Val Loss: 0.3735 | Val Acc: 0.8741
2026-08-25 11:27:59 [INFO] ✓ Saved best model: Val Acc=0.8741 at epoch 14
2026-08-25 11:28:00 [INFO] Epoch 015 | Train Loss: 0.5551 | Train Acc: 0.7889 | Val Loss: 0.4936 | Val Acc: 0.8333
2026-08-25 11:28:02 [INFO] Epoch 016 | Train Loss: 0.4965 | Train Acc: 0.8278 | Val Loss: 0.5617 | Val Acc: 0.8296
2026-08-25 11:28:04 [INFO] Epoch 017 | Train Loss: 0.5602 | Train Acc: 0.7897 | Val Loss: 0.3419 | Val Acc: 0.8963
2026-08-25 11:28:04 [INFO] ✓ Saved best model: Val Acc=0.8963 at epoch 17
2026-08-25 11:28:06 [INFO] Epoch 018 | Train Loss: 0.5533 | Train Acc: 0.7865 | Val Loss: 0.3925 | Val Acc: 0.8444
2026-08-25 11:28:07 [INFO] Epoch 019 | Train Loss: 0.4465 | Train Acc: 0.8365 | Val Loss: 0.2749 | Val Acc: 0.9111
2026-08-25 11:28:07 [INFO] ✓ Saved best model: Val Acc=0.9111 at epoch 19
2026-08-25 11:28:10 [INFO] Epoch 020 | Train Loss: 0.4555 | Train Acc: 0.8365 | Val Loss: 0.3840 | Val Acc: 0.8741
2026-08-25 11:28:14 [INFO] Epoch 021 | Train Loss: 0.4789 | Train Acc: 0.8310 | Val Loss: 0.4095 | Val Acc: 0.8481
2026-08-25 11:28:15 [INFO] Epoch 022 | Train Loss: 0.4325 | Train Acc: 0.8381 | Val Loss: 0.2347 | Val Acc: 0.9185
2026-08-25 11:28:15 [INFO] ✓ Saved best model: Val Acc=0.9185 at epoch 22
2026-08-25 11:28:17 [INFO] Epoch 023 | Train Loss: 0.4781 | Train Acc: 0.8167 | Val Loss: 0.4429 | Val Acc: 0.7926
2026-08-25 11:28:19 [INFO] Epoch 024 | Train Loss: 0.4419 | Train Acc: 0.8341 | Val Loss: 0.5460 | Val Acc: 0.8185
2026-08-25 11:28:21 [INFO] Epoch 025 | Train Loss: 0.3996 | Train Acc: 0.8532 | Val Loss: 0.2524 | Val Acc: 0.9074
2026-08-25 11:28:22 [INFO] Epoch 026 | Train Loss: 0.3345 | Train Acc: 0.8754 | Val Loss: 0.2571 | Val Acc: 0.9074
2026-08-25 11:28:25 [INFO] Epoch 027 | Train Loss: 0.3602 | Train Acc: 0.8683 | Val Loss: 0.3618 | Val Acc: 0.8630
2026-08-25 11:28:28 [INFO] Epoch 028 | Train Loss: 0.3667 | Train Acc: 0.8698 | Val Loss: 0.5482 | Val Acc: 0.8111
2026-08-25 11:28:30 [INFO] Epoch 029 | Train Loss: 0.3499 | Train Acc: 0.8714 | Val Loss: 0.7177 | Val Acc: 0.7593
2026-08-25 11:28:31 [INFO] Epoch 030 | Train Loss: 0.3371 | Train Acc: 0.8659 | Val Loss: 0.5708 | Val Acc: 0.7889
2026-08-25 11:28:33 [INFO] Epoch 031 | Train Loss: 0.3540 | Train Acc: 0.8730 | Val Loss: 0.2164 | Val Acc: 0.9222
2026-08-25 11:28:33 [INFO] ✓ Saved best model: Val Acc=0.9222 at epoch 31
2026-08-25 11:28:35 [INFO] Epoch 032 | Train Loss: 0.2879 | Train Acc: 0.8921 | Val Loss: 0.1802 | Val Acc: 0.9556
2026-08-25 11:28:35 [INFO] ✓ Saved best model: Val Acc=0.9556 at epoch 32
2026-08-25 11:28:37 [INFO] Epoch 033 | Train Loss: 0.3000 | Train Acc: 0.9056 | Val Loss: 0.2558 | Val Acc: 0.8963
2026-08-25 11:28:38 [INFO] Epoch 034 | Train Loss: 0.2488 | Train Acc: 0.9159 | Val Loss: 0.1813 | Val Acc: 0.9407
2026-08-25 11:28:43 [INFO] Epoch 035 | Train Loss: 0.2124 | Train Acc: 0.9183 | Val Loss: 0.2466 | Val Acc: 0.8889
2026-08-25 11:28:44 [INFO] Epoch 036 | Train Loss: 0.2624 | Train Acc: 0.8976 | Val Loss: 0.2241 | Val Acc: 0.9111
2026-08-25 11:28:46 [INFO] Epoch 037 | Train Loss: 0.2714 | Train Acc: 0.8929 | Val Loss: 0.2914 | Val Acc: 0.9000
2026-08-25 11:28:48 [INFO] Epoch 038 | Train Loss: 0.2541 | Train Acc: 0.9071 | Val Loss: 0.3262 | Val Acc: 0.8815
2026-08-25 11:28:50 [INFO] Epoch 039 | Train Loss: 0.2308 | Train Acc: 0.9167 | Val Loss: 0.3468 | Val Acc: 0.8704
2026-08-25 11:28:51 [INFO] Epoch 040 | Train Loss: 0.1862 | Train Acc: 0.9333 | Val Loss: 0.1237 | Val Acc: 0.9593
2026-08-25 11:28:51 [INFO] ✓ Saved best model: Val Acc=0.9593 at epoch 40
2026-08-25 11:28:53 [INFO] Epoch 041 | Train Loss: 0.1695 | Train Acc: 0.9405 | Val Loss: 0.1176 | Val Acc: 0.9593
2026-08-25 11:28:58 [INFO] Epoch 042 | Train Loss: 0.1632 | Train Acc: 0.9405 | Val Loss: 0.1171 | Val Acc: 0.9593
2026-08-25 11:28:59 [INFO] Epoch 043 | Train Loss: 0.1528 | Train Acc: 0.9429 | Val Loss: 0.1134 | Val Acc: 0.9630
2026-08-25 11:29:00 [INFO] ✓ Saved best model: Val Acc=0.9630 at epoch 43
2026-08-25 11:29:01 [INFO] Epoch 044 | Train Loss: 0.1418 | Train Acc: 0.9476 | Val Loss: 0.1103 | Val Acc: 0.9630
2026-08-25 11:29:03 [INFO] Epoch 045 | Train Loss: 0.1435 | Train Acc: 0.9548 | Val Loss: 0.1086 | Val Acc: 0.9630
2026-08-25 11:29:05 [INFO] Epoch 046 | Train Loss: 0.1533 | Train Acc: 0.9508 | Val Loss: 0.1137 | Val Acc: 0.9593
2026-08-25 11:29:07 [INFO] Epoch 047 | Train Loss: 0.1653 | Train Acc: 0.9365 | Val Loss: 0.0898 | Val Acc: 0.9667
2026-08-25 11:29:07 [INFO] ✓ Saved best model: Val Acc=0.9667 at epoch 47
2026-08-25 11:29:08 [INFO] Epoch 048 | Train Loss: 0.1431 | Train Acc: 0.9508 | Val Loss: 0.0946 | Val Acc: 0.9704
2026-08-25 11:29:08 [INFO] ✓ Saved best model: Val Acc=0.9704 at epoch 48
2026-08-25 11:29:12 [INFO] Epoch 049 | Train Loss: 0.1306 | Train Acc: 0.9540 | Val Loss: 0.0926 | Val Acc: 0.9704
2026-08-25 11:29:14 [INFO] Epoch 050 | Train Loss: 0.1244 | Train Acc: 0.9524 | Val Loss: 0.0926 | Val Acc: 0.9741
2026-08-25 11:29:14 [INFO] ✓ Saved best model: Val Acc=0.9741 at epoch 50
2026-08-25 11:29:16 [INFO] Epoch 051 | Train Loss: 0.1227 | Train Acc: 0.9579 | Val Loss: 0.0904 | Val Acc: 0.9667
2026-08-25 11:29:17 [INFO] Epoch 052 | Train Loss: 0.1502 | Train Acc: 0.9500 | Val Loss: 0.0992 | Val Acc: 0.9593
2026-08-25 11:29:19 [INFO] Epoch 053 | Train Loss: 0.1363 | Train Acc: 0.9508 | Val Loss: 0.0977 | Val Acc: 0.9630
2026-08-25 11:29:20 [INFO] Epoch 054 | Train Loss: 0.1551 | Train Acc: 0.9444 | Val Loss: 0.0960 | Val Acc: 0.9630
2026-08-25 11:29:22 [INFO] Epoch 055 | Train Loss: 0.1289 | Train Acc: 0.9516 | Val Loss: 0.1024 | Val Acc: 0.9704
2026-08-25 11:29:24 [INFO] Epoch 056 | Train Loss: 0.1212 | Train Acc: 0.9651 | Val Loss: 0.0990 | Val Acc: 0.9667
2026-08-25 11:29:28 [INFO] Epoch 057 | Train Loss: 0.1313 | Train Acc: 0.9524 | Val Loss: 0.0821 | Val Acc: 0.9704
2026-08-25 11:29:29 [INFO] Epoch 058 | Train Loss: 0.1299 | Train Acc: 0.9532 | Val Loss: 0.0996 | Val Acc: 0.9704
2026-08-25 11:29:31 [INFO] Epoch 059 | Train Loss: 0.1212 | Train Acc: 0.9579 | Val Loss: 0.0935 | Val Acc: 0.9667
2026-08-25 11:29:32 [INFO] Epoch 060 | Train Loss: 0.1316 | Train Acc: 0.9579 | Val Loss: 0.0918 | Val Acc: 0.9704
2026-08-25 11:29:34 [INFO] Epoch 061 | Train Loss: 0.1289 | Train Acc: 0.9571 | Val Loss: 0.0896 | Val Acc: 0.9741
2026-08-25 11:29:36 [INFO] Epoch 062 | Train Loss: 0.1273 | Train Acc: 0.9579 | Val Loss: 0.1218 | Val Acc: 0.9593
2026-08-25 11:29:37 [INFO] Epoch 063 | Train Loss: 0.1211 | Train Acc: 0.9556 | Val Loss: 0.0970 | Val Acc: 0.9630
2026-08-25 11:29:40 [INFO] Epoch 064 | Train Loss: 0.1150 | Train Acc: 0.9651 | Val Loss: 0.0890 | Val Acc: 0.9667
2026-08-25 11:29:43 [INFO] Epoch 065 | Train Loss: 0.1470 | Train Acc: 0.9484 | Val Loss: 0.1106 | Val Acc: 0.9630
2026-08-25 11:29:45 [INFO] Epoch 066 | Train Loss: 0.1085 | Train Acc: 0.9611 | Val Loss: 0.0921 | Val Acc: 0.9667
2026-08-25 11:29:47 [INFO] Epoch 067 | Train Loss: 0.1157 | Train Acc: 0.9627 | Val Loss: 0.1077 | Val Acc: 0.9630
2026-08-25 11:29:48 [INFO] Epoch 068 | Train Loss: 0.1310 | Train Acc: 0.9556 | Val Loss: 0.0805 | Val Acc: 0.9667
2026-08-25 11:29:50 [INFO] Epoch 069 | Train Loss: 0.1140 | Train Acc: 0.9603 | Val Loss: 0.0868 | Val Acc: 0.9630
2026-08-25 11:29:52 [INFO] Epoch 070 | Train Loss: 0.1207 | Train Acc: 0.9548 | Val Loss: 0.0768 | Val Acc: 0.9741
2026-08-25 11:29:54 [INFO] Epoch 071 | Train Loss: 0.1193 | Train Acc: 0.9563 | Val Loss: 0.0985 | Val Acc: 0.9630
2026-08-25 11:29:58 [INFO] Epoch 072 | Train Loss: 0.1244 | Train Acc: 0.9540 | Val Loss: 0.0835 | Val Acc: 0.9667
2026-08-25 11:29:59 [INFO] Epoch 073 | Train Loss: 0.1201 | Train Acc: 0.9540 | Val Loss: 0.0974 | Val Acc: 0.9630
2026-08-25 11:30:01 [INFO] Epoch 074 | Train Loss: 0.1089 | Train Acc: 0.9603 | Val Loss: 0.0763 | Val Acc: 0.9704
2026-08-25 11:30:03 [INFO] Epoch 075 | Train Loss: 0.1088 | Train Acc: 0.9603 | Val Loss: 0.0771 | Val Acc: 0.9741
2026-08-25 11:30:03 [INFO] ⏹ Early stopping tại epoch 75 (không cải thiện sau 25 epoch, best=0.9741)
2026-08-25 11:30:03 [INFO] Evaluating Best Model on TEST Set...
2026-08-25 11:30:03 [INFO] 
[RESUME] Đang nạp checkpoint từ: /home/biu-linux/DeepLearning_Projects/DoAnNganh/HybricMamba/Ressult/TFJ/SUPER_MAMBA_DEPT_3/NEU-DET_surface-dec/SUPER_MAMBA_DEPT_3_best.pth
2026-08-25 11:30:03 [INFO] 🎯 [TEST RESULT] Test Acc: 0.9667 | F1-Macro: 0.9665 | F1-Weighted: 0.9665
2026-08-25 12:09:47 [INFO] Dataset: NEU-DET_surface-dec | Số nhãn (classes): 6 | Tổng số ảnh: 1800
2026-08-25 12:09:47 [INFO] Dữ liệu đã chia -> Train (70%): 1260 | Val (15%): 270 | Test (15%): 270
2026-08-25 12:09:47 [INFO] 
🔍 Kiểm tra phân bố class trong batch:
2026-08-25 12:09:47 [INFO]   Batch 0: 6 classes (first 5: [0, 1, 2, 3, 4])
2026-08-25 12:09:47 [INFO]   Batch 1: 6 classes (first 5: [0, 1, 2, 3, 4])
2026-08-25 12:09:47 [INFO]   Batch 2: 6 classes (first 5: [0, 1, 2, 3, 4])
2026-08-25 12:09:47 [INFO]   Batch 3: 6 classes (first 5: [0, 1, 2, 3, 4])
2026-08-25 12:09:47 [INFO]   Batch 4: 6 classes (first 5: [0, 1, 2, 3, 4])
2026-08-25 12:09:47 [WARNING] ⚠️ WARNING: Trung bình 6.0 classes/batch - Dữ liệu chưa được trộn đều!
2026-08-25 12:09:47 [INFO] ============================================================
2026-08-25 12:09:47 [INFO] Starting training: SUPER_MAMBA_DEPT_3
2026-08-25 12:09:47 [INFO] Dataset: NEU-DET_surface-dec | Path: /home/biu-linux/DeepLearning_Projects/DoAnNganh/data/NEU-DET
2026-08-25 12:09:47 [INFO] Device: cuda
2026-08-25 12:09:47 [INFO] GPU: NVIDIA GeForce RTX 3050 Laptop GPU
2026-08-25 12:09:47 [INFO] ============================================================
2026-08-25 12:09:49 [INFO] Epoch 000 | Train Loss: 1.7398 | Train Acc: 0.3444 | Val Loss: 1.6500 | Val Acc: 0.3963
2026-08-25 12:09:49 [INFO] ✓ Saved best model: Val Acc=0.3963 at epoch 0
2026-08-25 12:09:51 [INFO] Epoch 001 | Train Loss: 1.5123 | Train Acc: 0.5310 | Val Loss: 1.4777 | Val Acc: 0.3852
2026-08-25 12:09:55 [INFO] Epoch 002 | Train Loss: 1.2710 | Train Acc: 0.5802 | Val Loss: 1.2503 | Val Acc: 0.5370
2026-08-25 12:09:55 [INFO] ✓ Saved best model: Val Acc=0.5370 at epoch 2
2026-08-25 12:09:57 [INFO] Epoch 003 | Train Loss: 1.1816 | Train Acc: 0.5802 | Val Loss: 1.4336 | Val Acc: 0.4778
2026-08-25 12:09:58 [INFO] Epoch 004 | Train Loss: 1.1548 | Train Acc: 0.5770 | Val Loss: 1.0490 | Val Acc: 0.6407
2026-08-25 12:09:58 [INFO] ✓ Saved best model: Val Acc=0.6407 at epoch 4
2026-08-25 12:10:00 [INFO] Epoch 005 | Train Loss: 1.0684 | Train Acc: 0.6056 | Val Loss: 1.0556 | Val Acc: 0.6111
2026-08-25 12:10:02 [INFO] Epoch 006 | Train Loss: 0.9758 | Train Acc: 0.6302 | Val Loss: 0.6278 | Val Acc: 0.7963
2026-08-25 12:10:02 [INFO] ✓ Saved best model: Val Acc=0.7963 at epoch 6
2026-08-25 12:10:03 [INFO] Epoch 007 | Train Loss: 0.8385 | Train Acc: 0.6817 | Val Loss: 1.4182 | Val Acc: 0.4815
2026-08-25 12:10:05 [INFO] Epoch 008 | Train Loss: 0.7373 | Train Acc: 0.7103 | Val Loss: 0.6286 | Val Acc: 0.8222
2026-08-25 12:10:05 [INFO] ✓ Saved best model: Val Acc=0.8222 at epoch 8
2026-08-25 12:10:09 [INFO] Epoch 009 | Train Loss: 0.7849 | Train Acc: 0.6952 | Val Loss: 0.5259 | Val Acc: 0.7815
2026-08-25 12:10:11 [INFO] Epoch 010 | Train Loss: 0.7460 | Train Acc: 0.7286 | Val Loss: 0.5584 | Val Acc: 0.8407
2026-08-25 12:10:11 [INFO] ✓ Saved best model: Val Acc=0.8407 at epoch 10
2026-08-25 12:10:13 [INFO] Epoch 011 | Train Loss: 0.6966 | Train Acc: 0.7349 | Val Loss: 0.5459 | Val Acc: 0.7889
2026-08-25 12:10:15 [INFO] Epoch 012 | Train Loss: 0.5889 | Train Acc: 0.7667 | Val Loss: 0.4544 | Val Acc: 0.8667
2026-08-25 12:10:15 [INFO] ✓ Saved best model: Val Acc=0.8667 at epoch 12
2026-08-25 12:10:16 [INFO] Epoch 013 | Train Loss: 0.5922 | Train Acc: 0.7698 | Val Loss: 0.7030 | Val Acc: 0.7778
2026-08-25 12:10:18 [INFO] Epoch 014 | Train Loss: 0.6245 | Train Acc: 0.7714 | Val Loss: 0.7355 | Val Acc: 0.7148
2026-08-25 12:10:20 [INFO] Epoch 015 | Train Loss: 0.5437 | Train Acc: 0.7960 | Val Loss: 0.4400 | Val Acc: 0.8519
2026-08-25 12:10:23 [INFO] Epoch 016 | Train Loss: 0.5965 | Train Acc: 0.7730 | Val Loss: 0.4064 | Val Acc: 0.8519
2026-08-25 12:10:26 [INFO] Epoch 017 | Train Loss: 0.5738 | Train Acc: 0.7873 | Val Loss: 0.2929 | Val Acc: 0.8926
2026-08-25 12:10:26 [INFO] ✓ Saved best model: Val Acc=0.8926 at epoch 17
2026-08-25 12:10:28 [INFO] Epoch 018 | Train Loss: 0.4599 | Train Acc: 0.8302 | Val Loss: 0.3690 | Val Acc: 0.8926
2026-08-25 12:10:29 [INFO] Epoch 019 | Train Loss: 0.4201 | Train Acc: 0.8492 | Val Loss: 1.0596 | Val Acc: 0.5741
2026-08-25 12:10:31 [INFO] Epoch 020 | Train Loss: 0.4317 | Train Acc: 0.8500 | Val Loss: 0.4020 | Val Acc: 0.8444
2026-08-25 12:10:33 [INFO] Epoch 021 | Train Loss: 0.4192 | Train Acc: 0.8468 | Val Loss: 0.5203 | Val Acc: 0.8000
2026-08-25 12:10:34 [INFO] Epoch 022 | Train Loss: 0.4397 | Train Acc: 0.8317 | Val Loss: 0.3693 | Val Acc: 0.8370
2026-08-25 12:10:37 [INFO] Epoch 023 | Train Loss: 0.4000 | Train Acc: 0.8587 | Val Loss: 0.5100 | Val Acc: 0.7926
2026-08-25 12:10:41 [INFO] Epoch 024 | Train Loss: 0.4546 | Train Acc: 0.8317 | Val Loss: 0.4240 | Val Acc: 0.8296
2026-08-25 12:10:42 [INFO] Epoch 025 | Train Loss: 0.3701 | Train Acc: 0.8643 | Val Loss: 0.2288 | Val Acc: 0.9481
2026-08-25 12:10:42 [INFO] ✓ Saved best model: Val Acc=0.9481 at epoch 25
2026-08-25 12:10:44 [INFO] Epoch 026 | Train Loss: 0.3785 | Train Acc: 0.8675 | Val Loss: 0.3288 | Val Acc: 0.9037
2026-08-25 12:10:46 [INFO] Epoch 027 | Train Loss: 0.3730 | Train Acc: 0.8706 | Val Loss: 0.4284 | Val Acc: 0.8333
2026-08-25 12:10:48 [INFO] Epoch 028 | Train Loss: 0.3260 | Train Acc: 0.8825 | Val Loss: 0.2925 | Val Acc: 0.8926
2026-08-25 12:10:49 [INFO] Epoch 029 | Train Loss: 0.3549 | Train Acc: 0.8659 | Val Loss: 0.4700 | Val Acc: 0.7852
2026-08-25 12:10:52 [INFO] Epoch 030 | Train Loss: 0.3365 | Train Acc: 0.8849 | Val Loss: 0.4254 | Val Acc: 0.8296
2026-08-25 12:10:55 [INFO] Epoch 031 | Train Loss: 0.3145 | Train Acc: 0.8881 | Val Loss: 0.2384 | Val Acc: 0.9259
2026-08-25 12:10:57 [INFO] Epoch 032 | Train Loss: 0.3087 | Train Acc: 0.8889 | Val Loss: 0.1404 | Val Acc: 0.9481
2026-08-25 12:10:59 [INFO] Epoch 033 | Train Loss: 0.2805 | Train Acc: 0.8952 | Val Loss: 0.1427 | Val Acc: 0.9444
2026-08-25 12:11:00 [INFO] Epoch 034 | Train Loss: 0.2635 | Train Acc: 0.9040 | Val Loss: 0.2088 | Val Acc: 0.9259
2026-08-25 12:11:02 [INFO] Epoch 035 | Train Loss: 0.2613 | Train Acc: 0.9127 | Val Loss: 0.5799 | Val Acc: 0.7556
2026-08-25 12:11:04 [INFO] Epoch 036 | Train Loss: 0.2638 | Train Acc: 0.9127 | Val Loss: 0.1947 | Val Acc: 0.9222
2026-08-25 12:11:06 [INFO] Epoch 037 | Train Loss: 0.2667 | Train Acc: 0.8873 | Val Loss: 0.2411 | Val Acc: 0.8926
2026-08-25 12:11:10 [INFO] Epoch 038 | Train Loss: 0.2632 | Train Acc: 0.9008 | Val Loss: 0.6878 | Val Acc: 0.7667
2026-08-25 12:11:12 [INFO] Epoch 039 | Train Loss: 0.2392 | Train Acc: 0.9103 | Val Loss: 0.1837 | Val Acc: 0.9074
2026-08-25 12:11:14 [INFO] Epoch 040 | Train Loss: 0.2366 | Train Acc: 0.9175 | Val Loss: 0.1024 | Val Acc: 0.9630
2026-08-25 12:11:14 [INFO] ✓ Saved best model: Val Acc=0.9630 at epoch 40
2026-08-25 12:11:15 [INFO] Epoch 041 | Train Loss: 0.1861 | Train Acc: 0.9333 | Val Loss: 0.0995 | Val Acc: 0.9593
2026-08-25 12:11:17 [INFO] Epoch 042 | Train Loss: 0.1518 | Train Acc: 0.9452 | Val Loss: 0.0893 | Val Acc: 0.9630
2026-08-25 12:11:19 [INFO] Epoch 043 | Train Loss: 0.1580 | Train Acc: 0.9397 | Val Loss: 0.0768 | Val Acc: 0.9704
2026-08-25 12:11:19 [INFO] ✓ Saved best model: Val Acc=0.9704 at epoch 43
2026-08-25 12:11:21 [INFO] Epoch 044 | Train Loss: 0.1709 | Train Acc: 0.9381 | Val Loss: 0.0750 | Val Acc: 0.9704
2026-08-25 12:11:25 [INFO] Epoch 045 | Train Loss: 0.1429 | Train Acc: 0.9516 | Val Loss: 0.0713 | Val Acc: 0.9630
2026-08-25 12:11:27 [INFO] Epoch 046 | Train Loss: 0.1395 | Train Acc: 0.9508 | Val Loss: 0.0656 | Val Acc: 0.9704
2026-08-25 12:11:29 [INFO] Epoch 047 | Train Loss: 0.1504 | Train Acc: 0.9563 | Val Loss: 0.0613 | Val Acc: 0.9778
2026-08-25 12:11:29 [INFO] ✓ Saved best model: Val Acc=0.9778 at epoch 47
2026-08-25 12:11:30 [INFO] Epoch 048 | Train Loss: 0.1397 | Train Acc: 0.9508 | Val Loss: 0.0695 | Val Acc: 0.9704
2026-08-25 12:11:32 [INFO] Epoch 049 | Train Loss: 0.1524 | Train Acc: 0.9373 | Val Loss: 0.0698 | Val Acc: 0.9741
2026-08-25 12:11:34 [INFO] Epoch 050 | Train Loss: 0.1336 | Train Acc: 0.9540 | Val Loss: 0.0641 | Val Acc: 0.9778
2026-08-25 12:11:35 [INFO] Epoch 051 | Train Loss: 0.1511 | Train Acc: 0.9548 | Val Loss: 0.0686 | Val Acc: 0.9778
2026-08-25 12:11:40 [INFO] Epoch 052 | Train Loss: 0.1529 | Train Acc: 0.9460 | Val Loss: 0.0728 | Val Acc: 0.9741
2026-08-25 12:11:41 [INFO] Epoch 053 | Train Loss: 0.1382 | Train Acc: 0.9468 | Val Loss: 0.0644 | Val Acc: 0.9778
2026-08-25 12:11:43 [INFO] Epoch 054 | Train Loss: 0.1298 | Train Acc: 0.9571 | Val Loss: 0.0527 | Val Acc: 0.9852
2026-08-25 12:11:43 [INFO] ✓ Saved best model: Val Acc=0.9852 at epoch 54
2026-08-25 12:11:45 [INFO] Epoch 055 | Train Loss: 0.1087 | Train Acc: 0.9627 | Val Loss: 0.0499 | Val Acc: 0.9852
2026-08-25 12:11:47 [INFO] Epoch 056 | Train Loss: 0.1150 | Train Acc: 0.9579 | Val Loss: 0.0597 | Val Acc: 0.9815
2026-08-25 12:11:48 [INFO] Epoch 057 | Train Loss: 0.1275 | Train Acc: 0.9524 | Val Loss: 0.0595 | Val Acc: 0.9778
2026-08-25 12:11:50 [INFO] Epoch 058 | Train Loss: 0.1179 | Train Acc: 0.9675 | Val Loss: 0.0629 | Val Acc: 0.9815
2026-08-25 12:11:54 [INFO] Epoch 059 | Train Loss: 0.1331 | Train Acc: 0.9563 | Val Loss: 0.0590 | Val Acc: 0.9852
2026-08-25 12:11:56 [INFO] Epoch 060 | Train Loss: 0.1109 | Train Acc: 0.9603 | Val Loss: 0.0501 | Val Acc: 0.9926
2026-08-25 12:11:56 [INFO] ✓ Saved best model: Val Acc=0.9926 at epoch 60
2026-08-25 12:11:58 [INFO] Epoch 061 | Train Loss: 0.1057 | Train Acc: 0.9603 | Val Loss: 0.0588 | Val Acc: 0.9778
2026-08-25 12:12:00 [INFO] Epoch 062 | Train Loss: 0.1081 | Train Acc: 0.9635 | Val Loss: 0.0593 | Val Acc: 0.9815
2026-08-25 12:12:01 [INFO] Epoch 063 | Train Loss: 0.1316 | Train Acc: 0.9508 | Val Loss: 0.0539 | Val Acc: 0.9852
2026-08-25 12:12:03 [INFO] Epoch 064 | Train Loss: 0.1091 | Train Acc: 0.9659 | Val Loss: 0.0579 | Val Acc: 0.9852
2026-08-25 12:12:05 [INFO] Epoch 065 | Train Loss: 0.1088 | Train Acc: 0.9627 | Val Loss: 0.0549 | Val Acc: 0.9852
2026-08-25 12:12:09 [INFO] Epoch 066 | Train Loss: 0.1080 | Train Acc: 0.9635 | Val Loss: 0.0512 | Val Acc: 0.9815
2026-08-25 12:12:11 [INFO] Epoch 067 | Train Loss: 0.1069 | Train Acc: 0.9651 | Val Loss: 0.0549 | Val Acc: 0.9852
2026-08-25 12:12:13 [INFO] Epoch 068 | Train Loss: 0.1152 | Train Acc: 0.9571 | Val Loss: 0.0639 | Val Acc: 0.9852
2026-08-25 12:12:14 [INFO] Epoch 069 | Train Loss: 0.1036 | Train Acc: 0.9667 | Val Loss: 0.0601 | Val Acc: 0.9815
2026-08-25 12:12:16 [INFO] Epoch 070 | Train Loss: 0.1180 | Train Acc: 0.9643 | Val Loss: 0.0567 | Val Acc: 0.9852
2026-08-25 12:12:18 [INFO] Epoch 071 | Train Loss: 0.0953 | Train Acc: 0.9706 | Val Loss: 0.0490 | Val Acc: 0.9889
2026-08-25 12:12:20 [INFO] Epoch 072 | Train Loss: 0.1121 | Train Acc: 0.9635 | Val Loss: 0.0553 | Val Acc: 0.9889
2026-08-25 12:12:23 [INFO] Epoch 073 | Train Loss: 0.1154 | Train Acc: 0.9532 | Val Loss: 0.0451 | Val Acc: 0.9889
2026-08-25 12:12:26 [INFO] Epoch 074 | Train Loss: 0.0889 | Train Acc: 0.9714 | Val Loss: 0.0581 | Val Acc: 0.9815
2026-08-25 12:12:27 [INFO] Epoch 075 | Train Loss: 0.1019 | Train Acc: 0.9643 | Val Loss: 0.0563 | Val Acc: 0.9815
2026-08-25 12:12:29 [INFO] Epoch 076 | Train Loss: 0.1157 | Train Acc: 0.9643 | Val Loss: 0.0527 | Val Acc: 0.9852
2026-08-25 12:12:31 [INFO] Epoch 077 | Train Loss: 0.0799 | Train Acc: 0.9738 | Val Loss: 0.0528 | Val Acc: 0.9852
2026-08-25 12:12:32 [INFO] Epoch 078 | Train Loss: 0.0936 | Train Acc: 0.9659 | Val Loss: 0.0529 | Val Acc: 0.9852
2026-08-25 12:12:34 [INFO] Epoch 079 | Train Loss: 0.1139 | Train Acc: 0.9611 | Val Loss: 0.0518 | Val Acc: 0.9852
2026-08-25 12:12:36 [INFO] Epoch 080 | Train Loss: 0.0871 | Train Acc: 0.9730 | Val Loss: 0.0537 | Val Acc: 0.9815
2026-08-25 12:12:40 [INFO] Epoch 081 | Train Loss: 0.0897 | Train Acc: 0.9722 | Val Loss: 0.0587 | Val Acc: 0.9815
2026-08-25 12:12:42 [INFO] Epoch 082 | Train Loss: 0.0995 | Train Acc: 0.9667 | Val Loss: 0.0498 | Val Acc: 0.9852
2026-08-25 12:12:44 [INFO] Epoch 083 | Train Loss: 0.0783 | Train Acc: 0.9754 | Val Loss: 0.0508 | Val Acc: 0.9815
2026-08-25 12:12:45 [INFO] Epoch 084 | Train Loss: 0.0930 | Train Acc: 0.9683 | Val Loss: 0.0546 | Val Acc: 0.9852
2026-08-25 12:12:47 [INFO] Epoch 085 | Train Loss: 0.1049 | Train Acc: 0.9706 | Val Loss: 0.0530 | Val Acc: 0.9852
2026-08-25 12:12:49 [INFO] Epoch 086 | Train Loss: 0.0807 | Train Acc: 0.9754 | Val Loss: 0.0499 | Val Acc: 0.9815
2026-08-25 12:12:50 [INFO] Epoch 087 | Train Loss: 0.1046 | Train Acc: 0.9659 | Val Loss: 0.0503 | Val Acc: 0.9815
2026-08-25 12:12:55 [INFO] Epoch 088 | Train Loss: 0.0851 | Train Acc: 0.9698 | Val Loss: 0.0494 | Val Acc: 0.9852
2026-08-25 12:12:57 [INFO] Epoch 089 | Train Loss: 0.1017 | Train Acc: 0.9667 | Val Loss: 0.0497 | Val Acc: 0.9815
2026-08-25 12:12:58 [INFO] Epoch 090 | Train Loss: 0.1167 | Train Acc: 0.9595 | Val Loss: 0.0492 | Val Acc: 0.9815
2026-08-25 12:12:58 [INFO] ⏹ Early stopping tại epoch 90 (không cải thiện sau 30 epoch, best=0.9926)
2026-08-25 12:12:58 [INFO] Evaluating Best Model on TEST Set...
2026-08-25 12:12:58 [INFO] 
[RESUME] Đang nạp checkpoint từ: /home/biu-linux/DeepLearning_Projects/DoAnNganh/HybricMamba/Ressult/TFJ/SUPER_MAMBA_DEPT_3/NEU-DET_surface-dec/SUPER_MAMBA_DEPT_3_best.pth
2026-08-25 12:12:58 [INFO] 🎯 [TEST RESULT] Test Acc: 0.9963 | F1-Macro: 0.9963 | F1-Weighted: 0.9963
2026-09-07 22:30:12 [INFO] Dataset: NEU-DET_surface-dec | Số nhãn (classes): 6 | Tổng số ảnh: 1800
2026-09-07 22:30:12 [INFO] Dữ liệu đã chia -> Train (70%): 990 | Val (15%): 486 | Test (15%): 324
2026-09-07 22:30:12 [INFO] 
🔍 Kiểm tra phân bố class trong batch:
2026-09-07 22:30:12 [INFO]   Batch 0: 5 classes (first 5: [0, 1, 3, 4, 5])
2026-09-07 22:30:12 [INFO]   Batch 1: 5 classes (first 5: [1, 2, 3, 4, 5])
2026-09-07 22:30:12 [INFO]   Batch 2: 4 classes (first 5: [1, 3, 4, 5])
2026-09-07 22:30:12 [INFO]   Batch 3: 5 classes (first 5: [0, 1, 3, 4, 5])
2026-09-07 22:30:12 [INFO]   Batch 4: 5 classes (first 5: [0, 1, 2, 3, 5])
2026-09-07 22:30:12 [WARNING] ⚠️ WARNING: Trung bình 4.8 classes/batch - Dữ liệu chưa được trộn đều!
2026-09-07 22:30:12 [INFO] ============================================================
2026-09-07 22:30:12 [INFO] Starting training: SUPER_MAMBA_DEPT_3
2026-09-07 22:30:12 [INFO] Dataset: NEU-DET_surface-dec | Path: /home/biu-linux/DeepLearning_Projects/DoAnNganh/data/NEU-DET
2026-09-07 22:30:12 [INFO] Device: cuda
2026-09-07 22:30:12 [INFO] GPU: NVIDIA GeForce RTX 3050 Laptop GPU
2026-09-07 22:30:12 [INFO] ============================================================
2026-09-07 22:30:19 [INFO] Epoch 000 | Train Loss: 1.7426 | Train Acc: 0.3061 | Val Loss: 1.6333 | Val Acc: 0.3889
2026-09-07 22:30:19 [INFO] ✓ Saved best model: Val Acc=0.3889 at epoch 0
2026-09-07 22:30:23 [INFO] Epoch 001 | Train Loss: 1.5914 | Train Acc: 0.3960 | Val Loss: 1.4021 | Val Acc: 0.5226
2026-09-07 22:30:23 [INFO] ✓ Saved best model: Val Acc=0.5226 at epoch 1
2026-09-07 22:30:28 [INFO] Epoch 002 | Train Loss: 1.4518 | Train Acc: 0.4030 | Val Loss: 1.3075 | Val Acc: 0.4547
2026-09-07 22:30:33 [INFO] Epoch 003 | Train Loss: 1.3684 | Train Acc: 0.4364 | Val Loss: 1.3665 | Val Acc: 0.4033
2026-09-07 22:30:37 [INFO] Epoch 004 | Train Loss: 1.3891 | Train Acc: 0.4465 | Val Loss: 1.2153 | Val Acc: 0.5206
2026-09-07 22:30:42 [INFO] Epoch 005 | Train Loss: 1.2946 | Train Acc: 0.4727 | Val Loss: 1.0483 | Val Acc: 0.6008
2026-09-07 22:30:42 [INFO] ✓ Saved best model: Val Acc=0.6008 at epoch 5
2026-09-07 22:30:46 [INFO] Epoch 006 | Train Loss: 1.2521 | Train Acc: 0.5010 | Val Loss: 1.0581 | Val Acc: 0.6502
2026-09-07 22:30:46 [INFO] ✓ Saved best model: Val Acc=0.6502 at epoch 6
2026-09-07 22:30:51 [INFO] Epoch 007 | Train Loss: 1.2269 | Train Acc: 0.5222 | Val Loss: 0.8709 | Val Acc: 0.7366
2026-09-07 22:30:51 [INFO] ✓ Saved best model: Val Acc=0.7366 at epoch 7
2026-09-07 22:30:56 [INFO] Epoch 008 | Train Loss: 1.1642 | Train Acc: 0.5576 | Val Loss: 1.2072 | Val Acc: 0.4979
2026-09-07 22:31:00 [INFO] Epoch 009 | Train Loss: 1.0868 | Train Acc: 0.6121 | Val Loss: 0.7823 | Val Acc: 0.7366
2026-09-07 22:31:05 [INFO] Epoch 010 | Train Loss: 0.9713 | Train Acc: 0.6354 | Val Loss: 0.7198 | Val Acc: 0.7449
2026-09-07 22:31:05 [INFO] ✓ Saved best model: Val Acc=0.7449 at epoch 10
2026-09-07 22:31:10 [INFO] Epoch 011 | Train Loss: 0.9283 | Train Acc: 0.6515 | Val Loss: 0.9391 | Val Acc: 0.6358
2026-09-07 22:31:15 [INFO] Epoch 012 | Train Loss: 0.9379 | Train Acc: 0.6475 | Val Loss: 0.7736 | Val Acc: 0.7490
2026-09-07 22:31:15 [INFO] ✓ Saved best model: Val Acc=0.7490 at epoch 12
2026-09-07 22:31:20 [INFO] Epoch 013 | Train Loss: 0.8529 | Train Acc: 0.6586 | Val Loss: 0.6308 | Val Acc: 0.7613
2026-09-07 22:31:20 [INFO] ✓ Saved best model: Val Acc=0.7613 at epoch 13
2026-09-07 22:31:25 [INFO] Epoch 014 | Train Loss: 0.7331 | Train Acc: 0.7192 | Val Loss: 0.7027 | Val Acc: 0.7860
2026-09-07 22:31:25 [INFO] ✓ Saved best model: Val Acc=0.7860 at epoch 14
2026-09-07 22:31:30 [INFO] Epoch 015 | Train Loss: 0.7555 | Train Acc: 0.7111 | Val Loss: 0.4925 | Val Acc: 0.8107
2026-09-07 22:31:30 [INFO] ✓ Saved best model: Val Acc=0.8107 at epoch 15
2026-09-07 22:31:35 [INFO] Epoch 016 | Train Loss: 0.7504 | Train Acc: 0.7121 | Val Loss: 0.4403 | Val Acc: 0.8724
2026-09-07 22:31:35 [INFO] ✓ Saved best model: Val Acc=0.8724 at epoch 16
2026-09-07 22:31:40 [INFO] Epoch 017 | Train Loss: 0.7400 | Train Acc: 0.7303 | Val Loss: 0.4327 | Val Acc: 0.8745
2026-09-07 22:31:40 [INFO] ✓ Saved best model: Val Acc=0.8745 at epoch 17
2026-09-07 22:31:44 [INFO] Epoch 018 | Train Loss: 0.6829 | Train Acc: 0.7384 | Val Loss: 0.4081 | Val Acc: 0.8765
2026-09-07 22:31:44 [INFO] ✓ Saved best model: Val Acc=0.8765 at epoch 18
2026-09-07 22:31:50 [INFO] Epoch 019 | Train Loss: 0.6811 | Train Acc: 0.7333 | Val Loss: 0.3062 | Val Acc: 0.9259
2026-09-07 22:31:50 [INFO] ✓ Saved best model: Val Acc=0.9259 at epoch 19
2026-09-07 22:31:55 [INFO] Epoch 020 | Train Loss: 0.6837 | Train Acc: 0.7475 | Val Loss: 0.3190 | Val Acc: 0.8971
2026-09-07 22:32:01 [INFO] Epoch 021 | Train Loss: 0.5778 | Train Acc: 0.7798 | Val Loss: 0.4106 | Val Acc: 0.8539
2026-09-07 22:32:06 [INFO] Epoch 022 | Train Loss: 0.5308 | Train Acc: 0.7990 | Val Loss: 0.3378 | Val Acc: 0.8745
2026-09-07 22:32:11 [INFO] Epoch 023 | Train Loss: 0.5971 | Train Acc: 0.7717 | Val Loss: 0.3917 | Val Acc: 0.8560
2026-09-07 22:32:17 [INFO] Epoch 024 | Train Loss: 0.5129 | Train Acc: 0.8202 | Val Loss: 0.2668 | Val Acc: 0.9300
2026-09-07 22:32:17 [INFO] ✓ Saved best model: Val Acc=0.9300 at epoch 24
2026-09-07 22:32:22 [INFO] Epoch 025 | Train Loss: 0.5586 | Train Acc: 0.7848 | Val Loss: 0.2893 | Val Acc: 0.8765
2026-09-07 22:32:27 [INFO] Epoch 026 | Train Loss: 0.5346 | Train Acc: 0.8071 | Val Loss: 0.2447 | Val Acc: 0.9198
2026-09-07 22:32:32 [INFO] Epoch 027 | Train Loss: 0.4721 | Train Acc: 0.8323 | Val Loss: 0.2490 | Val Acc: 0.9012
2026-09-07 22:32:38 [INFO] Epoch 028 | Train Loss: 0.5122 | Train Acc: 0.8081 | Val Loss: 0.3159 | Val Acc: 0.8745
2026-09-07 22:32:44 [INFO] Epoch 029 | Train Loss: 0.4637 | Train Acc: 0.8263 | Val Loss: 0.4184 | Val Acc: 0.8313
2026-09-07 22:32:49 [INFO] Epoch 030 | Train Loss: 0.4406 | Train Acc: 0.8414 | Val Loss: 0.2021 | Val Acc: 0.9444
2026-09-07 22:32:49 [INFO] ✓ Saved best model: Val Acc=0.9444 at epoch 30
2026-09-07 22:32:55 [INFO] Epoch 031 | Train Loss: 0.4378 | Train Acc: 0.8444 | Val Loss: 0.1712 | Val Acc: 0.9465
2026-09-07 22:32:55 [INFO] ✓ Saved best model: Val Acc=0.9465 at epoch 31
2026-09-07 22:33:00 [INFO] Epoch 032 | Train Loss: 0.3984 | Train Acc: 0.8495 | Val Loss: 0.2451 | Val Acc: 0.9033
2026-09-07 22:33:04 [INFO] Epoch 033 | Train Loss: 0.3990 | Train Acc: 0.8556 | Val Loss: 0.2086 | Val Acc: 0.9259
2026-09-07 22:33:09 [INFO] Epoch 034 | Train Loss: 0.3767 | Train Acc: 0.8778 | Val Loss: 0.3255 | Val Acc: 0.8704
2026-09-07 22:33:13 [INFO] Epoch 035 | Train Loss: 0.4086 | Train Acc: 0.8636 | Val Loss: 0.1498 | Val Acc: 0.9527
2026-09-07 22:33:14 [INFO] ✓ Saved best model: Val Acc=0.9527 at epoch 35
2026-09-07 22:33:19 [INFO] Epoch 036 | Train Loss: 0.3491 | Train Acc: 0.8717 | Val Loss: 0.2252 | Val Acc: 0.9239
2026-09-07 22:33:23 [INFO] Epoch 037 | Train Loss: 0.4066 | Train Acc: 0.8556 | Val Loss: 0.1775 | Val Acc: 0.9403
2026-09-07 22:33:28 [INFO] Epoch 038 | Train Loss: 0.3254 | Train Acc: 0.8747 | Val Loss: 0.1470 | Val Acc: 0.9671
2026-09-07 22:33:28 [INFO] ✓ Saved best model: Val Acc=0.9671 at epoch 38
2026-09-07 22:33:35 [INFO] Epoch 039 | Train Loss: 0.3223 | Train Acc: 0.8788 | Val Loss: 0.1511 | Val Acc: 0.9547
2026-09-07 22:33:40 [INFO] Epoch 040 | Train Loss: 0.3076 | Train Acc: 0.8919 | Val Loss: 0.1618 | Val Acc: 0.9527
2026-09-07 22:33:46 [INFO] Epoch 041 | Train Loss: 0.3553 | Train Acc: 0.8737 | Val Loss: 0.2143 | Val Acc: 0.9218
2026-09-07 22:33:52 [INFO] Epoch 042 | Train Loss: 0.3022 | Train Acc: 0.8919 | Val Loss: 0.1412 | Val Acc: 0.9609
2026-09-07 22:33:57 [INFO] Epoch 043 | Train Loss: 0.3519 | Train Acc: 0.8707 | Val Loss: 0.1360 | Val Acc: 0.9527
2026-09-07 22:44:39 [INFO] Dataset: NEU-DET_surface-dec | Số nhãn (classes): 6 | Tổng số ảnh: 1800
2026-09-07 22:44:39 [INFO] Dữ liệu đã chia -> Train (70%): 1170 | Val (15%): 315 | Test (15%): 315
2026-09-07 22:44:39 [INFO] 
🔍 Kiểm tra phân bố class trong batch:
2026-09-07 22:44:39 [INFO]   Batch 0: 6 classes (first 5: [0, 1, 2, 3, 4])
2026-09-07 22:44:39 [INFO]   Batch 1: 6 classes (first 5: [0, 1, 2, 3, 4])
2026-09-07 22:44:39 [INFO]   Batch 2: 6 classes (first 5: [0, 1, 2, 3, 4])
2026-09-07 22:44:39 [INFO]   Batch 3: 6 classes (first 5: [0, 1, 2, 3, 4])
2026-09-07 22:44:39 [INFO]   Batch 4: 6 classes (first 5: [0, 1, 2, 3, 4])
2026-09-07 22:44:39 [WARNING] ⚠️ WARNING: Trung bình 6.0 classes/batch - Dữ liệu chưa được trộn đều!
2026-09-07 22:44:39 [INFO] ============================================================
2026-09-07 22:44:39 [INFO] Starting training: SUPER_MAMBA_DEPT_3
2026-09-07 22:44:39 [INFO] Dataset: NEU-DET_surface-dec | Path: /home/biu-linux/DeepLearning_Projects/DoAnNganh/data/NEU-DET
2026-09-07 22:44:39 [INFO] Device: cuda
2026-09-07 22:44:39 [INFO] GPU: NVIDIA GeForce RTX 3050 Laptop GPU
2026-09-07 22:44:39 [INFO] ============================================================
2026-09-07 22:44:39 [INFO] 
[RESUME] Đang nạp checkpoint từ: /home/biu-linux/DeepLearning_Projects/DoAnNganh/HybricMamba/Ressult/TFJ/SUPER_MAMBA_DEPT_3/NEU-DET_surface-dec/SUPER_MAMBA_DEPT_3_best.pth
2026-09-07 22:44:44 [INFO] Epoch 039 | Train Loss: 0.2322 | Train Acc: 0.9214 | Val Loss: 0.1241 | Val Acc: 0.9683
2026-09-07 22:44:44 [INFO] ✓ Saved best model: Val Acc=0.9683 at epoch 39
2026-09-07 22:44:46 [INFO] Epoch 040 | Train Loss: 0.1991 | Train Acc: 0.9325 | Val Loss: 0.1194 | Val Acc: 0.9714
2026-09-07 22:44:46 [INFO] ✓ Saved best model: Val Acc=0.9714 at epoch 40
2026-09-07 22:44:48 [INFO] Epoch 041 | Train Loss: 0.2003 | Train Acc: 0.9308 | Val Loss: 0.1166 | Val Acc: 0.9714
2026-09-07 22:44:49 [INFO] Epoch 042 | Train Loss: 0.1874 | Train Acc: 0.9308 | Val Loss: 0.1143 | Val Acc: 0.9746
2026-09-07 22:44:49 [INFO] ✓ Saved best model: Val Acc=0.9746 at epoch 42
2026-09-07 22:44:51 [INFO] Epoch 043 | Train Loss: 0.1751 | Train Acc: 0.9402 | Val Loss: 0.1131 | Val Acc: 0.9746
2026-09-07 22:44:52 [INFO] Epoch 044 | Train Loss: 0.1715 | Train Acc: 0.9393 | Val Loss: 0.1134 | Val Acc: 0.9778
2026-09-07 22:44:52 [INFO] ✓ Saved best model: Val Acc=0.9778 at epoch 44
2026-09-07 22:44:54 [INFO] Epoch 045 | Train Loss: 0.1796 | Train Acc: 0.9410 | Val Loss: 0.1083 | Val Acc: 0.9778
2026-09-07 22:44:55 [INFO] Epoch 046 | Train Loss: 0.1645 | Train Acc: 0.9402 | Val Loss: 0.1106 | Val Acc: 0.9810
2026-09-07 22:44:55 [INFO] ✓ Saved best model: Val Acc=0.9810 at epoch 46
2026-09-07 22:44:57 [INFO] Epoch 047 | Train Loss: 0.1762 | Train Acc: 0.9376 | Val Loss: 0.1075 | Val Acc: 0.9746
2026-09-07 22:44:59 [INFO] Epoch 048 | Train Loss: 0.1555 | Train Acc: 0.9530 | Val Loss: 0.1050 | Val Acc: 0.9746
2026-09-07 22:45:00 [INFO] Epoch 049 | Train Loss: 0.1692 | Train Acc: 0.9402 | Val Loss: 0.1045 | Val Acc: 0.9746
2026-09-07 22:45:02 [INFO] Epoch 050 | Train Loss: 0.1678 | Train Acc: 0.9393 | Val Loss: 0.1031 | Val Acc: 0.9746
2026-09-07 22:45:03 [INFO] Epoch 051 | Train Loss: 0.1525 | Train Acc: 0.9487 | Val Loss: 0.1010 | Val Acc: 0.9746
2026-09-07 22:45:05 [INFO] Epoch 052 | Train Loss: 0.1565 | Train Acc: 0.9470 | Val Loss: 0.1035 | Val Acc: 0.9746
2026-09-07 22:45:07 [INFO] Epoch 053 | Train Loss: 0.1516 | Train Acc: 0.9487 | Val Loss: 0.0987 | Val Acc: 0.9746
2026-09-07 22:45:08 [INFO] Epoch 054 | Train Loss: 0.1709 | Train Acc: 0.9462 | Val Loss: 0.0986 | Val Acc: 0.9746
2026-09-07 22:45:10 [INFO] Epoch 055 | Train Loss: 0.1618 | Train Acc: 0.9462 | Val Loss: 0.0990 | Val Acc: 0.9746
2026-09-07 22:45:11 [INFO] Epoch 056 | Train Loss: 0.1548 | Train Acc: 0.9453 | Val Loss: 0.0997 | Val Acc: 0.9746
2026-09-07 22:45:13 [INFO] Epoch 057 | Train Loss: 0.1535 | Train Acc: 0.9444 | Val Loss: 0.0951 | Val Acc: 0.9746
2026-09-07 22:45:15 [INFO] Epoch 058 | Train Loss: 0.1704 | Train Acc: 0.9368 | Val Loss: 0.0963 | Val Acc: 0.9778
2026-09-07 22:45:16 [INFO] Epoch 059 | Train Loss: 0.1643 | Train Acc: 0.9462 | Val Loss: 0.0950 | Val Acc: 0.9778
2026-09-07 22:45:18 [INFO] Epoch 060 | Train Loss: 0.1479 | Train Acc: 0.9479 | Val Loss: 0.0972 | Val Acc: 0.9778
2026-09-07 22:45:19 [INFO] Epoch 061 | Train Loss: 0.1613 | Train Acc: 0.9427 | Val Loss: 0.0946 | Val Acc: 0.9746
2026-09-07 22:45:21 [INFO] Epoch 062 | Train Loss: 0.1594 | Train Acc: 0.9453 | Val Loss: 0.0939 | Val Acc: 0.9746
2026-09-07 22:45:23 [INFO] Epoch 063 | Train Loss: 0.1500 | Train Acc: 0.9487 | Val Loss: 0.0940 | Val Acc: 0.9714
2026-09-07 22:45:24 [INFO] Epoch 064 | Train Loss: 0.1607 | Train Acc: 0.9410 | Val Loss: 0.0943 | Val Acc: 0.9746
2026-09-07 22:45:26 [INFO] Epoch 065 | Train Loss: 0.1463 | Train Acc: 0.9436 | Val Loss: 0.0929 | Val Acc: 0.9746
2026-09-07 22:45:28 [INFO] Epoch 066 | Train Loss: 0.1570 | Train Acc: 0.9436 | Val Loss: 0.0950 | Val Acc: 0.9714
2026-09-07 22:45:29 [INFO] Epoch 067 | Train Loss: 0.1556 | Train Acc: 0.9410 | Val Loss: 0.0941 | Val Acc: 0.9746
2026-09-07 22:45:31 [INFO] Epoch 068 | Train Loss: 0.1418 | Train Acc: 0.9547 | Val Loss: 0.0935 | Val Acc: 0.9746
2026-09-07 22:45:33 [INFO] Epoch 069 | Train Loss: 0.1468 | Train Acc: 0.9504 | Val Loss: 0.0922 | Val Acc: 0.9746
2026-09-07 22:45:34 [INFO] Epoch 070 | Train Loss: 0.1551 | Train Acc: 0.9436 | Val Loss: 0.0902 | Val Acc: 0.9746
2026-09-07 22:45:36 [INFO] Epoch 071 | Train Loss: 0.1514 | Train Acc: 0.9479 | Val Loss: 0.0892 | Val Acc: 0.9746
2026-09-07 22:45:37 [INFO] Epoch 072 | Train Loss: 0.1397 | Train Acc: 0.9538 | Val Loss: 0.0912 | Val Acc: 0.9746
2026-09-07 22:45:39 [INFO] Epoch 073 | Train Loss: 0.1457 | Train Acc: 0.9521 | Val Loss: 0.0909 | Val Acc: 0.9746
2026-09-07 22:45:40 [INFO] Epoch 074 | Train Loss: 0.1491 | Train Acc: 0.9487 | Val Loss: 0.0904 | Val Acc: 0.9746
2026-09-07 22:45:42 [INFO] Epoch 075 | Train Loss: 0.1453 | Train Acc: 0.9530 | Val Loss: 0.0898 | Val Acc: 0.9746
2026-09-07 22:45:44 [INFO] Epoch 076 | Train Loss: 0.1464 | Train Acc: 0.9487 | Val Loss: 0.0896 | Val Acc: 0.9746
2026-09-07 22:45:45 [INFO] Epoch 077 | Train Loss: 0.1401 | Train Acc: 0.9530 | Val Loss: 0.0889 | Val Acc: 0.9746
2026-09-07 22:45:47 [INFO] Epoch 078 | Train Loss: 0.1483 | Train Acc: 0.9496 | Val Loss: 0.0894 | Val Acc: 0.9746
2026-09-07 22:45:49 [INFO] Epoch 079 | Train Loss: 0.1462 | Train Acc: 0.9444 | Val Loss: 0.0906 | Val Acc: 0.9746
2026-09-07 22:45:50 [INFO] Epoch 080 | Train Loss: 0.1384 | Train Acc: 0.9487 | Val Loss: 0.0879 | Val Acc: 0.9746
2026-09-07 22:45:52 [INFO] Epoch 081 | Train Loss: 0.1394 | Train Acc: 0.9513 | Val Loss: 0.0883 | Val Acc: 0.9746
2026-09-07 22:45:53 [INFO] Epoch 082 | Train Loss: 0.1520 | Train Acc: 0.9427 | Val Loss: 0.0874 | Val Acc: 0.9746
2026-09-07 22:45:55 [INFO] Epoch 083 | Train Loss: 0.1425 | Train Acc: 0.9470 | Val Loss: 0.0881 | Val Acc: 0.9746
2026-09-07 22:45:56 [INFO] Epoch 084 | Train Loss: 0.1593 | Train Acc: 0.9436 | Val Loss: 0.0891 | Val Acc: 0.9746
2026-09-07 22:45:58 [INFO] Epoch 085 | Train Loss: 0.1439 | Train Acc: 0.9470 | Val Loss: 0.0855 | Val Acc: 0.9746
2026-09-07 22:45:59 [INFO] Epoch 086 | Train Loss: 0.1397 | Train Acc: 0.9538 | Val Loss: 0.0874 | Val Acc: 0.9746
2026-09-07 22:46:01 [INFO] Epoch 087 | Train Loss: 0.1471 | Train Acc: 0.9513 | Val Loss: 0.0882 | Val Acc: 0.9714
2026-09-07 22:46:02 [INFO] Epoch 088 | Train Loss: 0.1319 | Train Acc: 0.9581 | Val Loss: 0.0864 | Val Acc: 0.9746
2026-09-07 22:46:04 [INFO] Epoch 089 | Train Loss: 0.1350 | Train Acc: 0.9496 | Val Loss: 0.0866 | Val Acc: 0.9746
2026-09-07 22:46:06 [INFO] Epoch 090 | Train Loss: 0.1487 | Train Acc: 0.9436 | Val Loss: 0.0866 | Val Acc: 0.9746
