2026-09-10 00:10:25 [INFO] Dataset: belgium_ar_new_1 | Số nhãn (classes): 62 | Tổng số ảnh: 92235
2026-09-10 00:10:25 [INFO] Dữ liệu đã chia -> Train (70%): 59952 | Val (15%): 16141 | Test (15%): 16142
2026-09-10 00:10:25 [INFO] 
🔍 Kiểm tra phân bố class trong batch:
2026-09-10 00:10:25 [INFO]   Batch 0: 28 classes (first 5: [1, 2, 7, 8, 9])
2026-09-10 00:10:25 [INFO]   Batch 1: 26 classes (first 5: [7, 8, 13, 14, 17])
2026-09-10 00:10:25 [INFO]   Batch 2: 27 classes (first 5: [1, 6, 12, 14, 17])
2026-09-10 00:10:25 [INFO]   Batch 3: 28 classes (first 5: [1, 7, 8, 10, 17])
2026-09-10 00:10:25 [INFO]   Batch 4: 28 classes (first 5: [0, 4, 7, 8, 9])
2026-09-10 00:10:25 [INFO] ✅ Shuffle tốt! Trung bình 27.4 classes/batch
2026-09-10 00:10:25 [INFO] ============================================================
2026-09-10 00:10:25 [INFO] Starting training: MEDIUM_HYBRIC_MAMBA
2026-09-10 00:10:25 [INFO] Dataset: belgium_ar_new_1 | Path: /home/biu-linux/DeepLearning_Projects/DoAnNganh/data/Belgium_ar_1
2026-09-10 00:10:25 [INFO] Device: cuda
2026-09-10 00:10:25 [INFO] GPU: NVIDIA GeForce RTX 3050 Laptop GPU
2026-09-10 00:10:25 [INFO] ============================================================
2026-09-10 00:10:56 [INFO] Epoch 000 | Train Loss: 3.9314 | Train Acc: 0.3934 | Val Loss: 1.2345 | Val Acc: 0.6275
2026-09-10 00:10:56 [INFO] ✓ Saved best model: Val Acc=0.6275 at epoch 0
2026-09-10 00:11:24 [INFO] Epoch 001 | Train Loss: 2.1048 | Train Acc: 0.7091 | Val Loss: 0.4594 | Val Acc: 0.8623
2026-09-10 00:11:24 [INFO] ✓ Saved best model: Val Acc=0.8623 at epoch 1
2026-09-10 00:11:51 [INFO] Epoch 002 | Train Loss: 1.2269 | Train Acc: 0.8301 | Val Loss: 0.2644 | Val Acc: 0.9183
2026-09-10 00:11:51 [INFO] ✓ Saved best model: Val Acc=0.9183 at epoch 2
2026-09-10 00:12:19 [INFO] Epoch 003 | Train Loss: 0.8511 | Train Acc: 0.8737 | Val Loss: 0.1954 | Val Acc: 0.9402
2026-09-10 00:12:19 [INFO] ✓ Saved best model: Val Acc=0.9402 at epoch 3
2026-09-10 00:12:47 [INFO] Epoch 004 | Train Loss: 0.6739 | Train Acc: 0.8995 | Val Loss: 0.1570 | Val Acc: 0.9538
2026-09-10 00:12:47 [INFO] ✓ Saved best model: Val Acc=0.9538 at epoch 4
2026-09-10 00:13:14 [INFO] Epoch 005 | Train Loss: 0.5512 | Train Acc: 0.9159 | Val Loss: 0.1377 | Val Acc: 0.9617
2026-09-10 00:13:14 [INFO] ✓ Saved best model: Val Acc=0.9617 at epoch 5
2026-09-10 00:13:42 [INFO] Epoch 006 | Train Loss: 0.4760 | Train Acc: 0.9280 | Val Loss: 0.1219 | Val Acc: 0.9652
2026-09-10 00:13:42 [INFO] ✓ Saved best model: Val Acc=0.9652 at epoch 6
2026-09-10 00:14:11 [INFO] Epoch 007 | Train Loss: 0.4202 | Train Acc: 0.9373 | Val Loss: 0.1149 | Val Acc: 0.9671
2026-09-10 00:14:11 [INFO] ✓ Saved best model: Val Acc=0.9671 at epoch 7
2026-09-10 00:14:39 [INFO] Epoch 008 | Train Loss: 0.3869 | Train Acc: 0.9406 | Val Loss: 0.1146 | Val Acc: 0.9665
2026-09-10 00:15:07 [INFO] Epoch 009 | Train Loss: 0.3581 | Train Acc: 0.9446 | Val Loss: 0.0966 | Val Acc: 0.9721
2026-09-10 00:15:07 [INFO] ✓ Saved best model: Val Acc=0.9721 at epoch 9
2026-09-10 00:15:35 [INFO] Epoch 010 | Train Loss: 0.3383 | Train Acc: 0.9477 | Val Loss: 0.0882 | Val Acc: 0.9752
2026-09-10 00:15:35 [INFO] ✓ Saved best model: Val Acc=0.9752 at epoch 10
2026-09-10 00:16:03 [INFO] Epoch 011 | Train Loss: 0.3164 | Train Acc: 0.9513 | Val Loss: 0.0848 | Val Acc: 0.9757
2026-09-10 00:16:03 [INFO] ✓ Saved best model: Val Acc=0.9757 at epoch 11
2026-09-10 00:16:32 [INFO] Epoch 012 | Train Loss: 0.3073 | Train Acc: 0.9518 | Val Loss: 0.0834 | Val Acc: 0.9751
2026-09-10 00:17:00 [INFO] Epoch 013 | Train Loss: 0.2898 | Train Acc: 0.9551 | Val Loss: 0.0760 | Val Acc: 0.9778
2026-09-10 00:17:00 [INFO] ✓ Saved best model: Val Acc=0.9778 at epoch 13
2026-09-10 00:17:28 [INFO] Epoch 014 | Train Loss: 0.2817 | Train Acc: 0.9567 | Val Loss: 0.0787 | Val Acc: 0.9768
2026-09-10 00:17:55 [INFO] Epoch 015 | Train Loss: 0.2710 | Train Acc: 0.9582 | Val Loss: 0.0772 | Val Acc: 0.9766
2026-09-10 00:18:24 [INFO] Epoch 016 | Train Loss: 0.2632 | Train Acc: 0.9590 | Val Loss: 0.0681 | Val Acc: 0.9790
2026-09-10 00:18:24 [INFO] ✓ Saved best model: Val Acc=0.9790 at epoch 16
2026-09-10 00:18:51 [INFO] Epoch 017 | Train Loss: 0.2548 | Train Acc: 0.9596 | Val Loss: 0.0815 | Val Acc: 0.9768
2026-09-10 00:19:19 [INFO] Epoch 018 | Train Loss: 0.2438 | Train Acc: 0.9623 | Val Loss: 0.0709 | Val Acc: 0.9783
2026-09-10 00:19:47 [INFO] Epoch 019 | Train Loss: 0.2343 | Train Acc: 0.9630 | Val Loss: 0.0682 | Val Acc: 0.9782
2026-09-10 00:20:15 [INFO] Epoch 020 | Train Loss: 0.1825 | Train Acc: 0.9718 | Val Loss: 0.0526 | Val Acc: 0.9835
2026-09-10 00:20:15 [INFO] ✓ Saved best model: Val Acc=0.9835 at epoch 20
2026-09-10 00:20:43 [INFO] Epoch 021 | Train Loss: 0.1647 | Train Acc: 0.9759 | Val Loss: 0.0492 | Val Acc: 0.9852
2026-09-10 00:20:43 [INFO] ✓ Saved best model: Val Acc=0.9852 at epoch 21
2026-09-10 00:21:11 [INFO] Epoch 022 | Train Loss: 0.1609 | Train Acc: 0.9755 | Val Loss: 0.0477 | Val Acc: 0.9854
2026-09-10 00:21:11 [INFO] ✓ Saved best model: Val Acc=0.9854 at epoch 22
2026-09-10 00:21:39 [INFO] Epoch 023 | Train Loss: 0.1589 | Train Acc: 0.9771 | Val Loss: 0.0476 | Val Acc: 0.9851
2026-09-10 00:22:07 [INFO] Epoch 024 | Train Loss: 0.1514 | Train Acc: 0.9777 | Val Loss: 0.0467 | Val Acc: 0.9859
2026-09-10 00:22:07 [INFO] ✓ Saved best model: Val Acc=0.9859 at epoch 24
2026-09-10 00:22:35 [INFO] Epoch 025 | Train Loss: 0.1489 | Train Acc: 0.9783 | Val Loss: 0.0469 | Val Acc: 0.9862
2026-09-10 00:22:35 [INFO] ✓ Saved best model: Val Acc=0.9862 at epoch 25
2026-09-10 00:23:02 [INFO] Epoch 026 | Train Loss: 0.1502 | Train Acc: 0.9778 | Val Loss: 0.0452 | Val Acc: 0.9863
2026-09-10 00:23:02 [INFO] ✓ Saved best model: Val Acc=0.9863 at epoch 26
2026-09-10 00:23:31 [INFO] Epoch 027 | Train Loss: 0.1452 | Train Acc: 0.9794 | Val Loss: 0.0454 | Val Acc: 0.9861
2026-09-10 00:23:59 [INFO] Epoch 028 | Train Loss: 0.1455 | Train Acc: 0.9788 | Val Loss: 0.0448 | Val Acc: 0.9864
2026-09-10 00:23:59 [INFO] ✓ Saved best model: Val Acc=0.9864 at epoch 28
2026-09-10 00:24:28 [INFO] Epoch 029 | Train Loss: 0.1471 | Train Acc: 0.9784 | Val Loss: 0.0434 | Val Acc: 0.9869
2026-09-10 00:24:28 [INFO] ✓ Saved best model: Val Acc=0.9869 at epoch 29
2026-09-10 00:24:55 [INFO] Epoch 030 | Train Loss: 0.1348 | Train Acc: 0.9802 | Val Loss: 0.0432 | Val Acc: 0.9869
2026-09-10 00:24:55 [INFO] ✓ Saved best model: Val Acc=0.9869 at epoch 30
2026-09-10 00:25:23 [INFO] Epoch 031 | Train Loss: 0.1389 | Train Acc: 0.9798 | Val Loss: 0.0429 | Val Acc: 0.9872
2026-09-10 00:25:24 [INFO] ✓ Saved best model: Val Acc=0.9872 at epoch 31
2026-09-10 00:25:52 [INFO] Epoch 032 | Train Loss: 0.1360 | Train Acc: 0.9803 | Val Loss: 0.0427 | Val Acc: 0.9872
2026-09-10 00:26:20 [INFO] Epoch 033 | Train Loss: 0.1348 | Train Acc: 0.9808 | Val Loss: 0.0424 | Val Acc: 0.9871
2026-09-10 00:26:49 [INFO] Epoch 034 | Train Loss: 0.1319 | Train Acc: 0.9817 | Val Loss: 0.0429 | Val Acc: 0.9874
2026-09-10 00:26:49 [INFO] ✓ Saved best model: Val Acc=0.9874 at epoch 34
2026-09-10 00:27:17 [INFO] Epoch 035 | Train Loss: 0.1334 | Train Acc: 0.9806 | Val Loss: 0.0429 | Val Acc: 0.9869
2026-09-10 00:27:45 [INFO] Epoch 036 | Train Loss: 0.1317 | Train Acc: 0.9807 | Val Loss: 0.0428 | Val Acc: 0.9869
2026-09-10 00:31:52 [INFO] Dataset: belgium_ar_new_1 | Số nhãn (classes): 62 | Tổng số ảnh: 92235
2026-09-10 00:31:52 [INFO] Dữ liệu đã chia -> Train (70%): 59952 | Val (15%): 16141 | Test (15%): 16142
2026-09-10 00:31:52 [INFO] 
🔍 Kiểm tra phân bố class trong batch:
2026-09-10 00:31:52 [INFO]   Batch 0: 26 classes (first 5: [1, 7, 10, 13, 14])
2026-09-10 00:31:52 [INFO]   Batch 1: 27 classes (first 5: [0, 1, 3, 7, 14])
2026-09-10 00:31:52 [INFO]   Batch 2: 28 classes (first 5: [0, 1, 7, 13, 14])
2026-09-10 00:31:52 [INFO]   Batch 3: 30 classes (first 5: [1, 6, 7, 9, 12])
2026-09-10 00:31:52 [INFO]   Batch 4: 27 classes (first 5: [0, 1, 2, 7, 13])
2026-09-10 00:31:52 [INFO] ✅ Shuffle tốt! Trung bình 27.6 classes/batch
2026-09-10 00:31:52 [INFO] ============================================================
2026-09-10 00:31:52 [INFO] Starting training: MEDIUM_HYBRIC_MAMBA
2026-09-10 00:31:52 [INFO] Dataset: belgium_ar_new_1 | Path: /home/biu-linux/DeepLearning_Projects/DoAnNganh/data/Belgium_ar_1
2026-09-10 00:31:52 [INFO] Device: cuda
2026-09-10 00:31:52 [INFO] GPU: NVIDIA GeForce RTX 3050 Laptop GPU
2026-09-10 00:31:52 [INFO] ============================================================
2026-09-10 00:31:52 [INFO] 
[RESUME] Đang nạp checkpoint từ: /home/biu-linux/DeepLearning_Projects/DoAnNganh/HybricMamba/Ressult/TFJ/MEDIUM_HYBRIC_MAMBA/belgium_ar_new_1/MEDIUM_HYBRIC_MAMBA_best.pth
2026-09-10 00:32:23 [INFO] Epoch 035 | Train Loss: 0.1357 | Train Acc: 0.9805 | Val Loss: 0.0424 | Val Acc: 0.9871
2026-09-10 00:32:50 [INFO] Epoch 036 | Train Loss: 0.1335 | Train Acc: 0.9807 | Val Loss: 0.0421 | Val Acc: 0.9870
2026-09-10 00:33:18 [INFO] Epoch 037 | Train Loss: 0.1392 | Train Acc: 0.9797 | Val Loss: 0.0422 | Val Acc: 0.9873
2026-09-10 00:33:45 [INFO] Epoch 038 | Train Loss: 0.1343 | Train Acc: 0.9802 | Val Loss: 0.0421 | Val Acc: 0.9870
2026-09-10 00:34:14 [INFO] Epoch 039 | Train Loss: 0.1294 | Train Acc: 0.9820 | Val Loss: 0.0420 | Val Acc: 0.9875
2026-09-10 00:34:14 [INFO] ✓ Saved best model: Val Acc=0.9875 at epoch 39
2026-09-10 00:34:43 [INFO] Epoch 040 | Train Loss: 0.1307 | Train Acc: 0.9816 | Val Loss: 0.0420 | Val Acc: 0.9872
2026-09-10 00:35:11 [INFO] Epoch 041 | Train Loss: 0.1323 | Train Acc: 0.9814 | Val Loss: 0.0422 | Val Acc: 0.9872
2026-09-10 00:35:40 [INFO] Epoch 042 | Train Loss: 0.1304 | Train Acc: 0.9818 | Val Loss: 0.0421 | Val Acc: 0.9874
2026-09-10 00:36:08 [INFO] Epoch 043 | Train Loss: 0.1287 | Train Acc: 0.9821 | Val Loss: 0.0422 | Val Acc: 0.9873
2026-09-10 00:36:36 [INFO] Epoch 044 | Train Loss: 0.1286 | Train Acc: 0.9822 | Val Loss: 0.0420 | Val Acc: 0.9871
2026-09-10 00:37:04 [INFO] Epoch 045 | Train Loss: 0.1246 | Train Acc: 0.9828 | Val Loss: 0.0419 | Val Acc: 0.9873
2026-09-10 00:37:32 [INFO] Epoch 046 | Train Loss: 0.1239 | Train Acc: 0.9832 | Val Loss: 0.0422 | Val Acc: 0.9871
2026-09-10 00:38:00 [INFO] Epoch 047 | Train Loss: 0.1252 | Train Acc: 0.9833 | Val Loss: 0.0420 | Val Acc: 0.9873
2026-09-10 00:38:28 [INFO] Epoch 048 | Train Loss: 0.1257 | Train Acc: 0.9832 | Val Loss: 0.0420 | Val Acc: 0.9872
2026-09-10 00:38:57 [INFO] Epoch 049 | Train Loss: 0.1222 | Train Acc: 0.9841 | Val Loss: 0.0422 | Val Acc: 0.9871
2026-09-10 00:38:57 [INFO] ⏹ Early stopping tại epoch 49 (không cải thiện sau 10 epoch, best=0.9875)
2026-09-10 00:38:57 [INFO] Evaluating Best Model on TEST Set...
2026-09-10 00:38:57 [INFO] 
[RESUME] Đang nạp checkpoint từ: /home/biu-linux/DeepLearning_Projects/DoAnNganh/HybricMamba/Ressult/TFJ/MEDIUM_HYBRIC_MAMBA/belgium_ar_new_1/MEDIUM_HYBRIC_MAMBA_best.pth
2026-09-10 00:38:59 [INFO] 🎯 [TEST RESULT] Test Acc: 0.9877 | F1-Macro: 0.9850 | F1-Weighted: 0.9877
