2026-09-10 05:44:49 [INFO] Dataset: belgium_ar_new_3 | Số nhãn (classes): 62 | Tổng số ảnh: 99330
2026-09-10 05:44:49 [INFO] Dữ liệu đã chia -> Train (70%): 64564 | Val (15%): 17383 | Test (15%): 17383
2026-09-10 05:44:49 [INFO] 
🔍 Kiểm tra phân bố class trong batch:
2026-09-10 05:44:50 [INFO]   Batch 0: 29 classes (first 5: [1, 7, 10, 13, 17])
2026-09-10 05:44:50 [INFO]   Batch 1: 31 classes (first 5: [0, 3, 4, 6, 7])
2026-09-10 05:44:50 [INFO]   Batch 2: 30 classes (first 5: [1, 6, 7, 13, 14])
2026-09-10 05:44:50 [INFO]   Batch 3: 30 classes (first 5: [1, 3, 10, 13, 14])
2026-09-10 05:44:50 [INFO]   Batch 4: 24 classes (first 5: [1, 7, 9, 14, 17])
2026-09-10 05:44:50 [INFO] ✅ Shuffle tốt! Trung bình 28.8 classes/batch
2026-09-10 05:44:50 [INFO] ============================================================
2026-09-10 05:44:50 [INFO] Starting training: SUPER_MAMBA_DEPT_4
2026-09-10 05:44:50 [INFO] Dataset: belgium_ar_new_3 | Path: /home/biu-linux/DeepLearning_Projects/DoAnNganh/data/Belgium_ar_3
2026-09-10 05:44:50 [INFO] Device: cuda
2026-09-10 05:44:50 [INFO] GPU: NVIDIA GeForce RTX 3050 Laptop GPU
2026-09-10 05:44:50 [INFO] ============================================================
2026-09-10 05:45:27 [INFO] Epoch 000 | Train Loss: 2.7670 | Train Acc: 0.3032 | Val Loss: 2.0126 | Val Acc: 0.4268
2026-09-10 05:45:27 [INFO] ✓ Saved best model: Val Acc=0.4268 at epoch 0
2026-09-10 05:46:04 [INFO] Epoch 001 | Train Loss: 1.7621 | Train Acc: 0.4947 | Val Loss: 1.3365 | Val Acc: 0.6054
2026-09-10 05:46:04 [INFO] ✓ Saved best model: Val Acc=0.6054 at epoch 1
2026-09-10 05:46:40 [INFO] Epoch 002 | Train Loss: 1.3264 | Train Acc: 0.6131 | Val Loss: 1.0710 | Val Acc: 0.7002
2026-09-10 05:46:40 [INFO] ✓ Saved best model: Val Acc=0.7002 at epoch 2
2026-09-10 05:47:17 [INFO] Epoch 003 | Train Loss: 1.0038 | Train Acc: 0.7099 | Val Loss: 0.6797 | Val Acc: 0.8004
2026-09-10 05:47:17 [INFO] ✓ Saved best model: Val Acc=0.8004 at epoch 3
2026-09-10 05:47:54 [INFO] Epoch 004 | Train Loss: 0.8213 | Train Acc: 0.7617 | Val Loss: 0.6914 | Val Acc: 0.8058
2026-09-10 05:47:54 [INFO] ✓ Saved best model: Val Acc=0.8058 at epoch 4
2026-09-10 05:48:30 [INFO] Epoch 005 | Train Loss: 0.6811 | Train Acc: 0.7997 | Val Loss: 0.6569 | Val Acc: 0.8173
2026-09-10 05:48:30 [INFO] ✓ Saved best model: Val Acc=0.8173 at epoch 5
2026-09-10 05:49:07 [INFO] Epoch 006 | Train Loss: 0.5931 | Train Acc: 0.8262 | Val Loss: 0.5321 | Val Acc: 0.8490
2026-09-10 05:49:07 [INFO] ✓ Saved best model: Val Acc=0.8490 at epoch 6
2026-09-10 05:49:44 [INFO] Epoch 007 | Train Loss: 0.5333 | Train Acc: 0.8434 | Val Loss: 0.3813 | Val Acc: 0.8894
2026-09-10 05:49:44 [INFO] ✓ Saved best model: Val Acc=0.8894 at epoch 7
2026-09-10 05:50:20 [INFO] Epoch 008 | Train Loss: 0.5009 | Train Acc: 0.8521 | Val Loss: 0.3553 | Val Acc: 0.9017
2026-09-10 05:50:20 [INFO] ✓ Saved best model: Val Acc=0.9017 at epoch 8
2026-09-10 05:50:57 [INFO] Epoch 009 | Train Loss: 0.4632 | Train Acc: 0.8638 | Val Loss: 0.6952 | Val Acc: 0.8533
2026-09-10 05:51:33 [INFO] Epoch 010 | Train Loss: 0.4399 | Train Acc: 0.8705 | Val Loss: 0.4423 | Val Acc: 0.8964
2026-09-10 05:52:10 [INFO] Epoch 011 | Train Loss: 0.4166 | Train Acc: 0.8784 | Val Loss: 0.3156 | Val Acc: 0.9100
2026-09-10 05:52:10 [INFO] ✓ Saved best model: Val Acc=0.9100 at epoch 11
2026-09-10 05:52:47 [INFO] Epoch 012 | Train Loss: 0.4025 | Train Acc: 0.8811 | Val Loss: 0.6636 | Val Acc: 0.8396
2026-09-10 05:53:23 [INFO] Epoch 013 | Train Loss: 0.3821 | Train Acc: 0.8874 | Val Loss: 0.2619 | Val Acc: 0.9249
2026-09-10 05:53:23 [INFO] ✓ Saved best model: Val Acc=0.9249 at epoch 13
2026-09-10 05:54:00 [INFO] Epoch 014 | Train Loss: 0.3763 | Train Acc: 0.8887 | Val Loss: 0.2347 | Val Acc: 0.9319
2026-09-10 05:54:00 [INFO] ✓ Saved best model: Val Acc=0.9319 at epoch 14
2026-09-10 05:54:37 [INFO] Epoch 015 | Train Loss: 0.3616 | Train Acc: 0.8932 | Val Loss: 0.2374 | Val Acc: 0.9330
2026-09-10 05:54:37 [INFO] ✓ Saved best model: Val Acc=0.9330 at epoch 15
2026-09-10 05:55:13 [INFO] Epoch 016 | Train Loss: 0.3523 | Train Acc: 0.8959 | Val Loss: 0.2508 | Val Acc: 0.9287
2026-09-10 05:55:50 [INFO] Epoch 017 | Train Loss: 0.3395 | Train Acc: 0.8993 | Val Loss: 0.3655 | Val Acc: 0.9073
2026-09-10 05:56:26 [INFO] Epoch 018 | Train Loss: 0.3347 | Train Acc: 0.9010 | Val Loss: 0.3448 | Val Acc: 0.9103
2026-09-10 05:57:03 [INFO] Epoch 019 | Train Loss: 0.3276 | Train Acc: 0.9036 | Val Loss: 0.5466 | Val Acc: 0.8849
2026-09-10 05:57:40 [INFO] Epoch 020 | Train Loss: 0.2525 | Train Acc: 0.9251 | Val Loss: 0.1706 | Val Acc: 0.9506
2026-09-10 05:57:40 [INFO] ✓ Saved best model: Val Acc=0.9506 at epoch 20
2026-09-10 05:58:17 [INFO] Epoch 021 | Train Loss: 0.2349 | Train Acc: 0.9303 | Val Loss: 0.1605 | Val Acc: 0.9546
2026-09-10 05:58:17 [INFO] ✓ Saved best model: Val Acc=0.9546 at epoch 21
2026-09-10 05:58:53 [INFO] Epoch 022 | Train Loss: 0.2255 | Train Acc: 0.9336 | Val Loss: 0.1565 | Val Acc: 0.9559
2026-09-10 05:58:53 [INFO] ✓ Saved best model: Val Acc=0.9559 at epoch 22
2026-09-10 05:59:30 [INFO] Epoch 023 | Train Loss: 0.2180 | Train Acc: 0.9359 | Val Loss: 0.2639 | Val Acc: 0.9428
2026-09-10 06:00:06 [INFO] Epoch 024 | Train Loss: 0.2122 | Train Acc: 0.9376 | Val Loss: 0.1526 | Val Acc: 0.9558
2026-09-10 06:00:43 [INFO] Epoch 025 | Train Loss: 0.2110 | Train Acc: 0.9379 | Val Loss: 0.1557 | Val Acc: 0.9562
2026-09-10 06:00:43 [INFO] ✓ Saved best model: Val Acc=0.9562 at epoch 25
2026-09-10 06:01:19 [INFO] Epoch 026 | Train Loss: 0.2085 | Train Acc: 0.9384 | Val Loss: 0.1516 | Val Acc: 0.9570
2026-09-10 06:01:19 [INFO] ✓ Saved best model: Val Acc=0.9570 at epoch 26
2026-09-10 06:01:56 [INFO] Epoch 027 | Train Loss: 0.2023 | Train Acc: 0.9396 | Val Loss: 0.1544 | Val Acc: 0.9570
2026-09-10 06:02:32 [INFO] Epoch 028 | Train Loss: 0.2042 | Train Acc: 0.9392 | Val Loss: 0.1576 | Val Acc: 0.9560
2026-09-10 06:03:09 [INFO] Epoch 029 | Train Loss: 0.2029 | Train Acc: 0.9395 | Val Loss: 0.1478 | Val Acc: 0.9575
2026-09-10 06:03:09 [INFO] ✓ Saved best model: Val Acc=0.9575 at epoch 29
2026-09-10 06:03:46 [INFO] Epoch 030 | Train Loss: 0.1922 | Train Acc: 0.9426 | Val Loss: 0.1448 | Val Acc: 0.9587
2026-09-10 06:03:46 [INFO] ✓ Saved best model: Val Acc=0.9587 at epoch 30
2026-09-10 06:04:22 [INFO] Epoch 031 | Train Loss: 0.1936 | Train Acc: 0.9431 | Val Loss: 0.1436 | Val Acc: 0.9596
2026-09-10 06:04:22 [INFO] ✓ Saved best model: Val Acc=0.9596 at epoch 31
2026-09-10 06:04:59 [INFO] Epoch 032 | Train Loss: 0.1905 | Train Acc: 0.9439 | Val Loss: 0.1428 | Val Acc: 0.9593
2026-09-10 06:05:35 [INFO] Epoch 033 | Train Loss: 0.1893 | Train Acc: 0.9439 | Val Loss: 0.1430 | Val Acc: 0.9589
2026-09-10 06:06:12 [INFO] Epoch 034 | Train Loss: 0.1905 | Train Acc: 0.9437 | Val Loss: 0.1423 | Val Acc: 0.9594
2026-09-10 06:06:48 [INFO] Epoch 035 | Train Loss: 0.1875 | Train Acc: 0.9439 | Val Loss: 0.1417 | Val Acc: 0.9593
2026-09-10 06:07:25 [INFO] Epoch 036 | Train Loss: 0.1866 | Train Acc: 0.9439 | Val Loss: 0.1432 | Val Acc: 0.9596
2026-09-10 06:08:01 [INFO] Epoch 037 | Train Loss: 0.1879 | Train Acc: 0.9437 | Val Loss: 0.1413 | Val Acc: 0.9599
2026-09-10 06:08:02 [INFO] ✓ Saved best model: Val Acc=0.9599 at epoch 37
2026-09-10 06:08:38 [INFO] Epoch 038 | Train Loss: 0.1880 | Train Acc: 0.9445 | Val Loss: 0.1418 | Val Acc: 0.9590
2026-09-10 06:09:15 [INFO] Epoch 039 | Train Loss: 0.1868 | Train Acc: 0.9444 | Val Loss: 0.1419 | Val Acc: 0.9601
2026-09-10 06:09:15 [INFO] ✓ Saved best model: Val Acc=0.9601 at epoch 39
2026-09-10 06:09:51 [INFO] Epoch 040 | Train Loss: 0.1873 | Train Acc: 0.9448 | Val Loss: 0.1416 | Val Acc: 0.9592
2026-09-10 06:10:28 [INFO] Epoch 041 | Train Loss: 0.1881 | Train Acc: 0.9434 | Val Loss: 0.1411 | Val Acc: 0.9598
2026-09-10 06:11:04 [INFO] Epoch 042 | Train Loss: 0.1848 | Train Acc: 0.9452 | Val Loss: 0.1411 | Val Acc: 0.9600
2026-09-10 06:11:41 [INFO] Epoch 043 | Train Loss: 0.1854 | Train Acc: 0.9455 | Val Loss: 0.1407 | Val Acc: 0.9601
2026-09-10 06:12:17 [INFO] Epoch 044 | Train Loss: 0.1859 | Train Acc: 0.9442 | Val Loss: 0.1417 | Val Acc: 0.9589
2026-09-10 06:12:54 [INFO] Epoch 045 | Train Loss: 0.1868 | Train Acc: 0.9449 | Val Loss: 0.1412 | Val Acc: 0.9605
2026-09-10 06:12:54 [INFO] ✓ Saved best model: Val Acc=0.9605 at epoch 45
2026-09-10 06:13:30 [INFO] Epoch 046 | Train Loss: 0.1875 | Train Acc: 0.9445 | Val Loss: 0.1409 | Val Acc: 0.9590
2026-09-10 06:14:07 [INFO] Epoch 047 | Train Loss: 0.1859 | Train Acc: 0.9448 | Val Loss: 0.1413 | Val Acc: 0.9604
2026-09-10 06:14:43 [INFO] Epoch 048 | Train Loss: 0.1851 | Train Acc: 0.9454 | Val Loss: 0.1408 | Val Acc: 0.9596
2026-09-10 06:15:20 [INFO] Epoch 049 | Train Loss: 0.1858 | Train Acc: 0.9458 | Val Loss: 0.1405 | Val Acc: 0.9593
2026-09-10 06:15:20 [INFO] Evaluating Best Model on TEST Set...
2026-09-10 06:15:20 [INFO] 
[RESUME] Đang nạp checkpoint từ: /home/biu-linux/DeepLearning_Projects/DoAnNganh/HybricMamba/Ressult/TFJ/SUPER_MAMBA_DEPT_4/belgium_ar_new_3/SUPER_MAMBA_DEPT_4_best.pth
2026-09-10 06:15:24 [INFO] 🎯 [TEST RESULT] Test Acc: 0.9605 | F1-Macro: 0.9484 | F1-Weighted: 0.9606
