2026-08-25 00:34:05 [INFO] Dataset: German_51k | Số nhãn (classes): 43 | Tổng số ảnh: 51839
2026-08-25 00:34:05 [INFO] Dữ liệu đã chia -> Train (70%): 36287 | Val (15%): 7776 | Test (15%): 7776
2026-08-25 00:34:05 [INFO] 
🔍 Kiểm tra phân bố class trong batch:
2026-08-25 00:34:05 [INFO]   Batch 0: 24 classes (first 5: [1, 2, 3, 4, 5])
2026-08-25 00:34:05 [INFO]   Batch 1: 24 classes (first 5: [1, 2, 3, 4, 5])
2026-08-25 00:34:05 [INFO]   Batch 2: 25 classes (first 5: [0, 1, 2, 3, 4])
2026-08-25 00:34:05 [INFO]   Batch 3: 27 classes (first 5: [0, 1, 2, 3, 4])
2026-08-25 00:34:05 [INFO]   Batch 4: 27 classes (first 5: [0, 1, 2, 3, 4])
2026-08-25 00:34:05 [INFO] ✅ Shuffle tốt! Trung bình 25.4 classes/batch
2026-08-25 00:34:05 [INFO] ============================================================
2026-08-25 00:34:05 [INFO] Starting training: MEDIUM_HYBRIC_MAMBA
2026-08-25 00:34:05 [INFO] Dataset: German_51k | Path: /home/biu-linux/DeepLearning_Projects/DoAnNganh/data/German_51k
2026-08-25 00:34:05 [INFO] Device: cuda
2026-08-25 00:34:05 [INFO] GPU: NVIDIA GeForce RTX 3050 Laptop GPU
2026-08-25 00:34:05 [INFO] ============================================================
2026-08-25 00:34:26 [INFO] Epoch 000 | Train Loss: 3.4887 | Train Acc: 0.4081 | Val Loss: 0.8311 | Val Acc: 0.7442
2026-08-25 00:34:26 [INFO] ✓ Saved best model: Val Acc=0.7442 at epoch 0
2026-08-25 00:34:45 [INFO] Epoch 001 | Train Loss: 1.5301 | Train Acc: 0.7556 | Val Loss: 0.2470 | Val Acc: 0.9307
2026-08-25 00:34:45 [INFO] ✓ Saved best model: Val Acc=0.9307 at epoch 1
2026-08-25 00:35:03 [INFO] Epoch 002 | Train Loss: 0.8801 | Train Acc: 0.8651 | Val Loss: 0.1453 | Val Acc: 0.9533
2026-08-25 00:35:03 [INFO] ✓ Saved best model: Val Acc=0.9533 at epoch 2
2026-08-25 00:35:23 [INFO] Epoch 003 | Train Loss: 0.6320 | Train Acc: 0.9026 | Val Loss: 0.1190 | Val Acc: 0.9609
2026-08-25 00:35:23 [INFO] ✓ Saved best model: Val Acc=0.9609 at epoch 3
2026-08-25 00:35:41 [INFO] Epoch 004 | Train Loss: 0.5096 | Train Acc: 0.9203 | Val Loss: 0.0751 | Val Acc: 0.9794
2026-08-25 00:35:41 [INFO] ✓ Saved best model: Val Acc=0.9794 at epoch 4
2026-08-25 00:36:01 [INFO] Epoch 005 | Train Loss: 0.4311 | Train Acc: 0.9323 | Val Loss: 0.0631 | Val Acc: 0.9807
2026-08-25 00:36:01 [INFO] ✓ Saved best model: Val Acc=0.9807 at epoch 5
2026-08-25 00:36:21 [INFO] Epoch 006 | Train Loss: 0.3884 | Train Acc: 0.9380 | Val Loss: 0.0641 | Val Acc: 0.9815
2026-08-25 00:36:21 [INFO] ✓ Saved best model: Val Acc=0.9815 at epoch 6
2026-08-25 00:36:40 [INFO] Epoch 007 | Train Loss: 0.3448 | Train Acc: 0.9455 | Val Loss: 0.0618 | Val Acc: 0.9814
2026-08-25 00:36:59 [INFO] Epoch 008 | Train Loss: 0.3239 | Train Acc: 0.9487 | Val Loss: 0.0454 | Val Acc: 0.9860
2026-08-25 00:36:59 [INFO] ✓ Saved best model: Val Acc=0.9860 at epoch 8
2026-08-25 00:37:19 [INFO] Epoch 009 | Train Loss: 0.2947 | Train Acc: 0.9521 | Val Loss: 0.0446 | Val Acc: 0.9868
2026-08-25 00:37:19 [INFO] ✓ Saved best model: Val Acc=0.9868 at epoch 9
2026-08-25 00:37:37 [INFO] Epoch 010 | Train Loss: 0.2686 | Train Acc: 0.9576 | Val Loss: 0.0334 | Val Acc: 0.9902
2026-08-25 00:37:37 [INFO] ✓ Saved best model: Val Acc=0.9902 at epoch 10
2026-08-25 00:37:56 [INFO] Epoch 011 | Train Loss: 0.2603 | Train Acc: 0.9579 | Val Loss: 0.0344 | Val Acc: 0.9888
2026-08-25 00:38:16 [INFO] Epoch 012 | Train Loss: 0.2449 | Train Acc: 0.9601 | Val Loss: 0.0398 | Val Acc: 0.9855
2026-08-25 00:38:36 [INFO] Epoch 013 | Train Loss: 0.2384 | Train Acc: 0.9605 | Val Loss: 0.0335 | Val Acc: 0.9892
2026-08-25 00:38:55 [INFO] Epoch 014 | Train Loss: 0.2123 | Train Acc: 0.9664 | Val Loss: 0.0250 | Val Acc: 0.9925
2026-08-25 00:38:55 [INFO] ✓ Saved best model: Val Acc=0.9925 at epoch 14
2026-08-25 00:39:15 [INFO] Epoch 015 | Train Loss: 0.2078 | Train Acc: 0.9681 | Val Loss: 0.0253 | Val Acc: 0.9918
2026-08-25 00:39:35 [INFO] Epoch 016 | Train Loss: 0.2055 | Train Acc: 0.9670 | Val Loss: 0.0256 | Val Acc: 0.9924
2026-08-25 00:39:53 [INFO] Epoch 017 | Train Loss: 0.1875 | Train Acc: 0.9703 | Val Loss: 0.0297 | Val Acc: 0.9905
2026-08-25 00:40:14 [INFO] Epoch 018 | Train Loss: 0.1981 | Train Acc: 0.9684 | Val Loss: 0.0190 | Val Acc: 0.9938
2026-08-25 00:40:14 [INFO] ✓ Saved best model: Val Acc=0.9938 at epoch 18
2026-08-25 00:40:34 [INFO] Epoch 019 | Train Loss: 0.1816 | Train Acc: 0.9713 | Val Loss: 0.0246 | Val Acc: 0.9918
2026-08-25 00:40:53 [INFO] Epoch 020 | Train Loss: 0.1722 | Train Acc: 0.9717 | Val Loss: 0.0220 | Val Acc: 0.9927
2026-08-25 00:41:10 [INFO] Epoch 021 | Train Loss: 0.1741 | Train Acc: 0.9726 | Val Loss: 0.0353 | Val Acc: 0.9880
2026-08-25 00:41:27 [INFO] Epoch 022 | Train Loss: 0.1742 | Train Acc: 0.9718 | Val Loss: 0.0195 | Val Acc: 0.9942
2026-08-25 00:41:27 [INFO] ✓ Saved best model: Val Acc=0.9942 at epoch 22
2026-08-25 00:41:41 [INFO] Epoch 023 | Train Loss: 0.1587 | Train Acc: 0.9746 | Val Loss: 0.0209 | Val Acc: 0.9937
2026-08-25 00:41:58 [INFO] Epoch 024 | Train Loss: 0.1565 | Train Acc: 0.9746 | Val Loss: 0.0237 | Val Acc: 0.9928
2026-08-25 00:42:11 [INFO] Epoch 025 | Train Loss: 0.1582 | Train Acc: 0.9743 | Val Loss: 0.0222 | Val Acc: 0.9937
2026-08-25 00:42:30 [INFO] Epoch 026 | Train Loss: 0.1523 | Train Acc: 0.9761 | Val Loss: 0.0121 | Val Acc: 0.9956
2026-08-25 00:42:30 [INFO] ✓ Saved best model: Val Acc=0.9956 at epoch 26
2026-08-25 00:42:51 [INFO] Epoch 027 | Train Loss: 0.1522 | Train Acc: 0.9752 | Val Loss: 0.0135 | Val Acc: 0.9960
2026-08-25 00:42:51 [INFO] ✓ Saved best model: Val Acc=0.9960 at epoch 27
2026-08-25 00:43:11 [INFO] Epoch 028 | Train Loss: 0.1513 | Train Acc: 0.9760 | Val Loss: 0.0154 | Val Acc: 0.9954
2026-08-25 00:43:31 [INFO] Epoch 029 | Train Loss: 0.1403 | Train Acc: 0.9772 | Val Loss: 0.0214 | Val Acc: 0.9927
2026-08-25 00:43:53 [INFO] Epoch 030 | Train Loss: 0.1426 | Train Acc: 0.9767 | Val Loss: 0.0193 | Val Acc: 0.9932
2026-08-25 00:44:12 [INFO] Epoch 031 | Train Loss: 0.1319 | Train Acc: 0.9780 | Val Loss: 0.0166 | Val Acc: 0.9941
2026-08-25 00:44:31 [INFO] Epoch 032 | Train Loss: 0.1394 | Train Acc: 0.9777 | Val Loss: 0.0182 | Val Acc: 0.9933
2026-08-25 00:44:51 [INFO] Epoch 033 | Train Loss: 0.1305 | Train Acc: 0.9791 | Val Loss: 0.0122 | Val Acc: 0.9961
2026-08-25 00:44:52 [INFO] ✓ Saved best model: Val Acc=0.9961 at epoch 33
2026-08-25 00:45:10 [INFO] Epoch 034 | Train Loss: 0.1306 | Train Acc: 0.9798 | Val Loss: 0.0122 | Val Acc: 0.9970
2026-08-25 00:45:10 [INFO] ✓ Saved best model: Val Acc=0.9970 at epoch 34
2026-08-25 00:45:29 [INFO] Epoch 035 | Train Loss: 0.1269 | Train Acc: 0.9798 | Val Loss: 0.0102 | Val Acc: 0.9972
2026-08-25 00:45:29 [INFO] ✓ Saved best model: Val Acc=0.9972 at epoch 35
2026-08-25 00:45:48 [INFO] Epoch 036 | Train Loss: 0.1296 | Train Acc: 0.9786 | Val Loss: 0.0167 | Val Acc: 0.9959
2026-08-25 00:46:07 [INFO] Epoch 037 | Train Loss: 0.1277 | Train Acc: 0.9796 | Val Loss: 0.0164 | Val Acc: 0.9954
2026-08-25 00:46:27 [INFO] Epoch 038 | Train Loss: 0.1248 | Train Acc: 0.9797 | Val Loss: 0.0178 | Val Acc: 0.9947
2026-08-25 00:46:43 [INFO] Epoch 039 | Train Loss: 0.1157 | Train Acc: 0.9822 | Val Loss: 0.0101 | Val Acc: 0.9968
2026-08-25 00:47:07 [INFO] Epoch 040 | Train Loss: 0.0908 | Train Acc: 0.9858 | Val Loss: 0.0057 | Val Acc: 0.9986
2026-08-25 00:47:07 [INFO] ✓ Saved best model: Val Acc=0.9986 at epoch 40
2026-08-25 00:47:27 [INFO] Epoch 041 | Train Loss: 0.0740 | Train Acc: 0.9897 | Val Loss: 0.0057 | Val Acc: 0.9986
2026-08-25 00:47:46 [INFO] Epoch 042 | Train Loss: 0.0760 | Train Acc: 0.9887 | Val Loss: 0.0050 | Val Acc: 0.9988
2026-08-25 00:47:46 [INFO] ✓ Saved best model: Val Acc=0.9988 at epoch 42
2026-08-25 00:48:09 [INFO] Epoch 043 | Train Loss: 0.0715 | Train Acc: 0.9890 | Val Loss: 0.0048 | Val Acc: 0.9990
2026-08-25 00:48:09 [INFO] ✓ Saved best model: Val Acc=0.9990 at epoch 43
2026-08-25 00:48:30 [INFO] Epoch 044 | Train Loss: 0.0720 | Train Acc: 0.9889 | Val Loss: 0.0053 | Val Acc: 0.9987
2026-08-25 00:48:51 [INFO] Epoch 045 | Train Loss: 0.0715 | Train Acc: 0.9893 | Val Loss: 0.0053 | Val Acc: 0.9987
2026-08-25 00:49:11 [INFO] Epoch 046 | Train Loss: 0.0667 | Train Acc: 0.9901 | Val Loss: 0.0056 | Val Acc: 0.9987
2026-08-25 00:49:32 [INFO] Epoch 047 | Train Loss: 0.0688 | Train Acc: 0.9900 | Val Loss: 0.0055 | Val Acc: 0.9987
2026-08-25 00:49:53 [INFO] Epoch 048 | Train Loss: 0.0663 | Train Acc: 0.9902 | Val Loss: 0.0052 | Val Acc: 0.9987
2026-08-25 00:50:15 [INFO] Epoch 049 | Train Loss: 0.0669 | Train Acc: 0.9899 | Val Loss: 0.0052 | Val Acc: 0.9983
2026-08-25 00:50:36 [INFO] Epoch 050 | Train Loss: 0.0656 | Train Acc: 0.9907 | Val Loss: 0.0046 | Val Acc: 0.9982
2026-08-25 00:50:55 [INFO] Epoch 051 | Train Loss: 0.0632 | Train Acc: 0.9910 | Val Loss: 0.0048 | Val Acc: 0.9988
2026-08-25 00:51:14 [INFO] Epoch 052 | Train Loss: 0.0614 | Train Acc: 0.9909 | Val Loss: 0.0050 | Val Acc: 0.9988
2026-08-25 00:51:27 [INFO] Epoch 053 | Train Loss: 0.0699 | Train Acc: 0.9896 | Val Loss: 0.0044 | Val Acc: 0.9988
2026-08-25 00:51:48 [INFO] Epoch 054 | Train Loss: 0.0598 | Train Acc: 0.9910 | Val Loss: 0.0042 | Val Acc: 0.9987
2026-08-25 00:52:07 [INFO] Epoch 055 | Train Loss: 0.0611 | Train Acc: 0.9909 | Val Loss: 0.0042 | Val Acc: 0.9988
2026-08-25 00:52:27 [INFO] Epoch 056 | Train Loss: 0.0624 | Train Acc: 0.9913 | Val Loss: 0.0046 | Val Acc: 0.9988
2026-08-25 00:52:42 [INFO] Epoch 057 | Train Loss: 0.0651 | Train Acc: 0.9904 | Val Loss: 0.0046 | Val Acc: 0.9990
2026-08-25 00:53:01 [INFO] Epoch 058 | Train Loss: 0.0600 | Train Acc: 0.9912 | Val Loss: 0.0044 | Val Acc: 0.9986
2026-08-25 00:53:21 [INFO] Epoch 059 | Train Loss: 0.0633 | Train Acc: 0.9907 | Val Loss: 0.0049 | Val Acc: 0.9987
2026-08-25 00:53:39 [INFO] Epoch 060 | Train Loss: 0.0595 | Train Acc: 0.9912 | Val Loss: 0.0044 | Val Acc: 0.9990
2026-08-25 00:53:59 [INFO] Epoch 061 | Train Loss: 0.0623 | Train Acc: 0.9912 | Val Loss: 0.0046 | Val Acc: 0.9987
2026-08-25 00:54:18 [INFO] Epoch 062 | Train Loss: 0.0569 | Train Acc: 0.9917 | Val Loss: 0.0047 | Val Acc: 0.9986
2026-08-25 00:54:37 [INFO] Epoch 063 | Train Loss: 0.0607 | Train Acc: 0.9913 | Val Loss: 0.0049 | Val Acc: 0.9987
2026-08-25 00:54:57 [INFO] Epoch 064 | Train Loss: 0.0601 | Train Acc: 0.9912 | Val Loss: 0.0049 | Val Acc: 0.9986
2026-08-25 00:55:14 [INFO] Epoch 065 | Train Loss: 0.0562 | Train Acc: 0.9916 | Val Loss: 0.0045 | Val Acc: 0.9988
2026-08-25 00:55:36 [INFO] Epoch 066 | Train Loss: 0.0615 | Train Acc: 0.9909 | Val Loss: 0.0042 | Val Acc: 0.9988
2026-08-25 00:55:55 [INFO] Epoch 067 | Train Loss: 0.0589 | Train Acc: 0.9916 | Val Loss: 0.0043 | Val Acc: 0.9990
2026-08-25 00:56:14 [INFO] Epoch 068 | Train Loss: 0.0569 | Train Acc: 0.9917 | Val Loss: 0.0045 | Val Acc: 0.9987
2026-08-25 00:56:34 [INFO] Epoch 069 | Train Loss: 0.0618 | Train Acc: 0.9905 | Val Loss: 0.0044 | Val Acc: 0.9986
2026-08-25 00:56:53 [INFO] Epoch 070 | Train Loss: 0.0619 | Train Acc: 0.9908 | Val Loss: 0.0037 | Val Acc: 0.9988
2026-08-25 00:57:13 [INFO] Epoch 071 | Train Loss: 0.0562 | Train Acc: 0.9920 | Val Loss: 0.0037 | Val Acc: 0.9990
2026-08-25 00:57:32 [INFO] Epoch 072 | Train Loss: 0.0530 | Train Acc: 0.9932 | Val Loss: 0.0037 | Val Acc: 0.9988
2026-08-25 00:57:52 [INFO] Epoch 073 | Train Loss: 0.0568 | Train Acc: 0.9918 | Val Loss: 0.0038 | Val Acc: 0.9990
2026-08-25 00:58:10 [INFO] Epoch 074 | Train Loss: 0.0533 | Train Acc: 0.9924 | Val Loss: 0.0037 | Val Acc: 0.9988
2026-08-25 00:58:30 [INFO] Epoch 075 | Train Loss: 0.0550 | Train Acc: 0.9919 | Val Loss: 0.0037 | Val Acc: 0.9990
2026-08-25 00:58:49 [INFO] Epoch 076 | Train Loss: 0.0549 | Train Acc: 0.9920 | Val Loss: 0.0037 | Val Acc: 0.9990
2026-08-25 00:59:12 [INFO] Epoch 077 | Train Loss: 0.0547 | Train Acc: 0.9926 | Val Loss: 0.0037 | Val Acc: 0.9990
2026-08-25 00:59:29 [INFO] Epoch 078 | Train Loss: 0.0561 | Train Acc: 0.9919 | Val Loss: 0.0036 | Val Acc: 0.9991
2026-08-25 00:59:29 [INFO] ✓ Saved best model: Val Acc=0.9991 at epoch 78
2026-08-25 00:59:51 [INFO] Epoch 079 | Train Loss: 0.0511 | Train Acc: 0.9934 | Val Loss: 0.0036 | Val Acc: 0.9988
2026-08-25 01:00:11 [INFO] Epoch 080 | Train Loss: 0.0555 | Train Acc: 0.9919 | Val Loss: 0.0038 | Val Acc: 0.9990
2026-08-25 01:00:30 [INFO] Epoch 081 | Train Loss: 0.0541 | Train Acc: 0.9926 | Val Loss: 0.0037 | Val Acc: 0.9990
2026-08-25 01:00:51 [INFO] Epoch 082 | Train Loss: 0.0534 | Train Acc: 0.9926 | Val Loss: 0.0040 | Val Acc: 0.9990
2026-08-25 01:01:08 [INFO] Epoch 083 | Train Loss: 0.0520 | Train Acc: 0.9926 | Val Loss: 0.0037 | Val Acc: 0.9990
2026-08-25 01:01:27 [INFO] Epoch 084 | Train Loss: 0.0569 | Train Acc: 0.9921 | Val Loss: 0.0038 | Val Acc: 0.9990
2026-08-25 01:01:45 [INFO] Epoch 085 | Train Loss: 0.0532 | Train Acc: 0.9927 | Val Loss: 0.0035 | Val Acc: 0.9990
2026-08-25 01:02:05 [INFO] Epoch 086 | Train Loss: 0.0532 | Train Acc: 0.9922 | Val Loss: 0.0036 | Val Acc: 0.9990
2026-08-25 01:02:23 [INFO] Epoch 087 | Train Loss: 0.0536 | Train Acc: 0.9928 | Val Loss: 0.0036 | Val Acc: 0.9991
2026-08-25 01:02:42 [INFO] Epoch 088 | Train Loss: 0.0508 | Train Acc: 0.9926 | Val Loss: 0.0036 | Val Acc: 0.9990
2026-08-25 01:02:58 [INFO] Epoch 089 | Train Loss: 0.0541 | Train Acc: 0.9925 | Val Loss: 0.0039 | Val Acc: 0.9991
2026-08-25 01:03:20 [INFO] Epoch 090 | Train Loss: 0.0565 | Train Acc: 0.9919 | Val Loss: 0.0037 | Val Acc: 0.9991
2026-08-25 01:03:39 [INFO] Epoch 091 | Train Loss: 0.0536 | Train Acc: 0.9924 | Val Loss: 0.0037 | Val Acc: 0.9990
2026-08-25 01:03:57 [INFO] Epoch 092 | Train Loss: 0.0532 | Train Acc: 0.9923 | Val Loss: 0.0038 | Val Acc: 0.9990
2026-08-25 01:04:16 [INFO] Epoch 093 | Train Loss: 0.0510 | Train Acc: 0.9929 | Val Loss: 0.0037 | Val Acc: 0.9988
2026-08-25 01:04:35 [INFO] Epoch 094 | Train Loss: 0.0573 | Train Acc: 0.9916 | Val Loss: 0.0036 | Val Acc: 0.9991
2026-08-25 01:04:54 [INFO] Epoch 095 | Train Loss: 0.0514 | Train Acc: 0.9928 | Val Loss: 0.0037 | Val Acc: 0.9988
2026-08-25 01:05:13 [INFO] Epoch 096 | Train Loss: 0.0526 | Train Acc: 0.9930 | Val Loss: 0.0038 | Val Acc: 0.9990
2026-08-25 01:05:29 [INFO] Epoch 097 | Train Loss: 0.0542 | Train Acc: 0.9925 | Val Loss: 0.0037 | Val Acc: 0.9990
2026-08-25 01:05:51 [INFO] Epoch 098 | Train Loss: 0.0496 | Train Acc: 0.9932 | Val Loss: 0.0038 | Val Acc: 0.9990
2026-08-25 01:06:09 [INFO] Epoch 099 | Train Loss: 0.0545 | Train Acc: 0.9922 | Val Loss: 0.0038 | Val Acc: 0.9990
2026-08-25 01:06:09 [INFO] Evaluating Best Model on TEST Set...
2026-08-25 01:06:09 [INFO] 
[RESUME] Đang nạp checkpoint từ: /home/biu-linux/DeepLearning_Projects/DoAnNganh/HybricMamba/Ressult/TFJ/MEDIUM_HYBRIC_MAMBA/German_51k/MEDIUM_HYBRIC_MAMBA_best.pth
2026-08-25 01:06:10 [INFO] 🎯 [TEST RESULT] Test Acc: 0.9985 | F1-Macro: 0.9988 | F1-Weighted: 0.9985
