2026-08-24 23:10:25 [INFO] Dataset: Belgium | Số nhãn (classes): 62 | Tổng số ảnh: 7095
2026-08-24 23:10:25 [INFO] Dữ liệu đã chia -> Train (70%): 4966 | Val (15%): 1064 | Test (15%): 1065
2026-08-24 23:10:25 [INFO] 
🔍 Kiểm tra phân bố class trong batch:
2026-08-24 23:10:26 [INFO]   Batch 0: 28 classes (first 5: [0, 3, 4, 8, 10])
2026-08-24 23:10:26 [INFO]   Batch 1: 29 classes (first 5: [2, 7, 13, 17, 18])
2026-08-24 23:10:26 [INFO]   Batch 2: 32 classes (first 5: [1, 7, 8, 9, 10])
2026-08-24 23:10:26 [INFO]   Batch 3: 31 classes (first 5: [0, 7, 12, 13, 17])
2026-08-24 23:10:26 [INFO]   Batch 4: 31 classes (first 5: [7, 13, 14, 15, 18])
2026-08-24 23:10:27 [INFO] ✅ Shuffle tốt! Trung bình 30.2 classes/batch
2026-08-24 23:10:27 [INFO] ============================================================
2026-08-24 23:10:27 [INFO] Starting training: SUPER_MAMBA_DEPT_3
2026-08-24 23:10:27 [INFO] Dataset: Belgium | Path: /home/biu-linux/DeepLearning_Projects/DoAnNganh/data/Belgium_TFS
2026-08-24 23:10:27 [INFO] Device: cuda
2026-08-24 23:10:27 [INFO] GPU: NVIDIA GeForce RTX 3050 Laptop GPU
2026-08-24 23:10:27 [INFO] ============================================================
2026-08-24 23:10:32 [INFO] Epoch 000 | Train Loss: 3.7323 | Train Acc: 0.0886 | Val Loss: 3.4555 | Val Acc: 0.1664
2026-08-24 23:10:32 [INFO] ✓ Saved best model: Val Acc=0.1664 at epoch 0
2026-08-24 23:10:36 [INFO] Epoch 001 | Train Loss: 3.1780 | Train Acc: 0.1722 | Val Loss: 2.9502 | Val Acc: 0.2058
2026-08-24 23:10:36 [INFO] ✓ Saved best model: Val Acc=0.2058 at epoch 1
2026-08-24 23:10:40 [INFO] Epoch 002 | Train Loss: 2.7802 | Train Acc: 0.2541 | Val Loss: 2.6574 | Val Acc: 0.2688
2026-08-24 23:10:40 [INFO] ✓ Saved best model: Val Acc=0.2688 at epoch 2
2026-08-24 23:10:43 [INFO] Epoch 003 | Train Loss: 2.3548 | Train Acc: 0.3621 | Val Loss: 2.2663 | Val Acc: 0.3308
2026-08-24 23:10:43 [INFO] ✓ Saved best model: Val Acc=0.3308 at epoch 3
2026-08-24 23:10:46 [INFO] Epoch 004 | Train Loss: 2.0283 | Train Acc: 0.4319 | Val Loss: 1.8429 | Val Acc: 0.4746
2026-08-24 23:10:46 [INFO] ✓ Saved best model: Val Acc=0.4746 at epoch 4
2026-08-24 23:10:50 [INFO] Epoch 005 | Train Loss: 1.7434 | Train Acc: 0.4895 | Val Loss: 1.6497 | Val Acc: 0.5169
2026-08-24 23:10:50 [INFO] ✓ Saved best model: Val Acc=0.5169 at epoch 5
2026-08-24 23:10:52 [INFO] Epoch 006 | Train Loss: 1.5567 | Train Acc: 0.5330 | Val Loss: 1.4450 | Val Acc: 0.6053
2026-08-24 23:10:52 [INFO] ✓ Saved best model: Val Acc=0.6053 at epoch 6
2026-08-24 23:10:55 [INFO] Epoch 007 | Train Loss: 1.3981 | Train Acc: 0.5952 | Val Loss: 1.2578 | Val Acc: 0.6570
2026-08-24 23:10:55 [INFO] ✓ Saved best model: Val Acc=0.6570 at epoch 7
2026-08-24 23:10:57 [INFO] Epoch 008 | Train Loss: 1.2612 | Train Acc: 0.6494 | Val Loss: 1.1215 | Val Acc: 0.6833
2026-08-24 23:10:57 [INFO] ✓ Saved best model: Val Acc=0.6833 at epoch 8
2026-08-24 23:11:00 [INFO] Epoch 009 | Train Loss: 1.1194 | Train Acc: 0.6883 | Val Loss: 1.0620 | Val Acc: 0.6917
2026-08-24 23:11:00 [INFO] ✓ Saved best model: Val Acc=0.6917 at epoch 9
2026-08-24 23:11:03 [INFO] Epoch 010 | Train Loss: 0.9863 | Train Acc: 0.7471 | Val Loss: 0.9184 | Val Acc: 0.7566
2026-08-24 23:11:03 [INFO] ✓ Saved best model: Val Acc=0.7566 at epoch 10
2026-08-24 23:11:07 [INFO] Epoch 011 | Train Loss: 0.8665 | Train Acc: 0.7666 | Val Loss: 0.7708 | Val Acc: 0.7857
2026-08-24 23:11:07 [INFO] ✓ Saved best model: Val Acc=0.7857 at epoch 11
2026-08-24 23:11:10 [INFO] Epoch 012 | Train Loss: 0.7692 | Train Acc: 0.7970 | Val Loss: 0.6664 | Val Acc: 0.8355
2026-08-24 23:11:10 [INFO] ✓ Saved best model: Val Acc=0.8355 at epoch 12
2026-08-24 23:11:12 [INFO] Epoch 013 | Train Loss: 0.7068 | Train Acc: 0.8119 | Val Loss: 0.6162 | Val Acc: 0.8336
2026-08-24 23:11:15 [INFO] Epoch 014 | Train Loss: 0.6295 | Train Acc: 0.8333 | Val Loss: 0.5884 | Val Acc: 0.8289
2026-08-24 23:11:18 [INFO] Epoch 015 | Train Loss: 0.5647 | Train Acc: 0.8409 | Val Loss: 0.5029 | Val Acc: 0.8694
2026-08-24 23:11:18 [INFO] ✓ Saved best model: Val Acc=0.8694 at epoch 15
2026-08-24 23:11:22 [INFO] Epoch 016 | Train Loss: 0.5003 | Train Acc: 0.8600 | Val Loss: 0.4684 | Val Acc: 0.8656
2026-08-24 23:11:24 [INFO] Epoch 017 | Train Loss: 0.4815 | Train Acc: 0.8564 | Val Loss: 0.3943 | Val Acc: 0.8835
2026-08-24 23:11:24 [INFO] ✓ Saved best model: Val Acc=0.8835 at epoch 17
2026-08-24 23:11:27 [INFO] Epoch 018 | Train Loss: 0.4451 | Train Acc: 0.8715 | Val Loss: 0.4527 | Val Acc: 0.8684
2026-08-24 23:11:29 [INFO] Epoch 019 | Train Loss: 0.4288 | Train Acc: 0.8747 | Val Loss: 0.3594 | Val Acc: 0.8863
2026-08-24 23:11:29 [INFO] ✓ Saved best model: Val Acc=0.8863 at epoch 19
2026-08-24 23:11:32 [INFO] Epoch 020 | Train Loss: 0.3755 | Train Acc: 0.8872 | Val Loss: 0.3590 | Val Acc: 0.8900
2026-08-24 23:11:32 [INFO] ✓ Saved best model: Val Acc=0.8900 at epoch 20
2026-08-24 23:11:37 [INFO] Epoch 021 | Train Loss: 0.3652 | Train Acc: 0.8933 | Val Loss: 0.3049 | Val Acc: 0.9145
2026-08-24 23:11:37 [INFO] ✓ Saved best model: Val Acc=0.9145 at epoch 21
2026-08-24 23:11:39 [INFO] Epoch 022 | Train Loss: 0.3655 | Train Acc: 0.8915 | Val Loss: 0.3009 | Val Acc: 0.9117
2026-08-24 23:11:41 [INFO] Epoch 023 | Train Loss: 0.3162 | Train Acc: 0.9068 | Val Loss: 0.3126 | Val Acc: 0.9107
2026-08-24 23:11:44 [INFO] Epoch 024 | Train Loss: 0.3013 | Train Acc: 0.9146 | Val Loss: 0.2764 | Val Acc: 0.9239
2026-08-24 23:11:44 [INFO] ✓ Saved best model: Val Acc=0.9239 at epoch 24
2026-08-24 23:11:46 [INFO] Epoch 025 | Train Loss: 0.3076 | Train Acc: 0.9156 | Val Loss: 0.2534 | Val Acc: 0.9229
2026-08-24 23:11:51 [INFO] Epoch 026 | Train Loss: 0.2884 | Train Acc: 0.9152 | Val Loss: 0.2548 | Val Acc: 0.9248
2026-08-24 23:11:51 [INFO] ✓ Saved best model: Val Acc=0.9248 at epoch 26
2026-08-24 23:11:53 [INFO] Epoch 027 | Train Loss: 0.2759 | Train Acc: 0.9213 | Val Loss: 0.2964 | Val Acc: 0.9126
2026-08-24 23:11:56 [INFO] Epoch 028 | Train Loss: 0.2671 | Train Acc: 0.9231 | Val Loss: 0.2725 | Val Acc: 0.9201
2026-08-24 23:11:58 [INFO] Epoch 029 | Train Loss: 0.2547 | Train Acc: 0.9247 | Val Loss: 0.2352 | Val Acc: 0.9436
2026-08-24 23:11:58 [INFO] ✓ Saved best model: Val Acc=0.9436 at epoch 29
2026-08-24 23:12:01 [INFO] Epoch 030 | Train Loss: 0.2124 | Train Acc: 0.9362 | Val Loss: 0.2473 | Val Acc: 0.9389
2026-08-24 23:12:06 [INFO] Epoch 031 | Train Loss: 0.2242 | Train Acc: 0.9370 | Val Loss: 0.2078 | Val Acc: 0.9511
2026-08-24 23:12:06 [INFO] ✓ Saved best model: Val Acc=0.9511 at epoch 31
2026-08-24 23:12:08 [INFO] Epoch 032 | Train Loss: 0.2224 | Train Acc: 0.9370 | Val Loss: 0.2569 | Val Acc: 0.9220
2026-08-24 23:12:11 [INFO] Epoch 033 | Train Loss: 0.2125 | Train Acc: 0.9380 | Val Loss: 0.1998 | Val Acc: 0.9492
2026-08-24 23:12:13 [INFO] Epoch 034 | Train Loss: 0.1936 | Train Acc: 0.9462 | Val Loss: 0.2142 | Val Acc: 0.9398
2026-08-24 23:12:16 [INFO] Epoch 035 | Train Loss: 0.2021 | Train Acc: 0.9424 | Val Loss: 0.1697 | Val Acc: 0.9605
2026-08-24 23:12:16 [INFO] ✓ Saved best model: Val Acc=0.9605 at epoch 35
2026-08-24 23:12:20 [INFO] Epoch 036 | Train Loss: 0.2009 | Train Acc: 0.9388 | Val Loss: 0.1639 | Val Acc: 0.9530
2026-08-24 23:12:22 [INFO] Epoch 037 | Train Loss: 0.1804 | Train Acc: 0.9517 | Val Loss: 0.1768 | Val Acc: 0.9521
2026-08-24 23:12:24 [INFO] Epoch 038 | Train Loss: 0.1658 | Train Acc: 0.9535 | Val Loss: 0.1436 | Val Acc: 0.9652
2026-08-24 23:12:24 [INFO] ✓ Saved best model: Val Acc=0.9652 at epoch 38
2026-08-24 23:12:27 [INFO] Epoch 039 | Train Loss: 0.1677 | Train Acc: 0.9537 | Val Loss: 0.1645 | Val Acc: 0.9577
2026-08-24 23:12:29 [INFO] Epoch 040 | Train Loss: 0.1187 | Train Acc: 0.9672 | Val Loss: 0.1157 | Val Acc: 0.9709
2026-08-24 23:12:29 [INFO] ✓ Saved best model: Val Acc=0.9709 at epoch 40
2026-08-24 23:12:32 [INFO] Epoch 041 | Train Loss: 0.1063 | Train Acc: 0.9712 | Val Loss: 0.1150 | Val Acc: 0.9718
2026-08-24 23:12:32 [INFO] ✓ Saved best model: Val Acc=0.9718 at epoch 41
2026-08-24 23:12:36 [INFO] Epoch 042 | Train Loss: 0.1101 | Train Acc: 0.9710 | Val Loss: 0.1075 | Val Acc: 0.9756
2026-08-24 23:12:36 [INFO] ✓ Saved best model: Val Acc=0.9756 at epoch 42
2026-08-24 23:12:38 [INFO] Epoch 043 | Train Loss: 0.0984 | Train Acc: 0.9772 | Val Loss: 0.1099 | Val Acc: 0.9737
2026-08-24 23:12:41 [INFO] Epoch 044 | Train Loss: 0.0978 | Train Acc: 0.9748 | Val Loss: 0.1065 | Val Acc: 0.9718
2026-08-24 23:12:43 [INFO] Epoch 045 | Train Loss: 0.0998 | Train Acc: 0.9754 | Val Loss: 0.1089 | Val Acc: 0.9727
2026-08-24 23:12:46 [INFO] Epoch 046 | Train Loss: 0.1006 | Train Acc: 0.9740 | Val Loss: 0.1040 | Val Acc: 0.9756
2026-08-24 23:12:50 [INFO] Epoch 047 | Train Loss: 0.0884 | Train Acc: 0.9787 | Val Loss: 0.1015 | Val Acc: 0.9727
2026-08-24 23:12:52 [INFO] Epoch 048 | Train Loss: 0.0931 | Train Acc: 0.9746 | Val Loss: 0.0970 | Val Acc: 0.9774
2026-08-24 23:12:52 [INFO] ✓ Saved best model: Val Acc=0.9774 at epoch 48
2026-08-24 23:12:55 [INFO] Epoch 049 | Train Loss: 0.0870 | Train Acc: 0.9793 | Val Loss: 0.0979 | Val Acc: 0.9746
2026-08-24 23:12:57 [INFO] Epoch 050 | Train Loss: 0.0923 | Train Acc: 0.9785 | Val Loss: 0.0942 | Val Acc: 0.9774
2026-08-24 23:12:59 [INFO] Epoch 051 | Train Loss: 0.0810 | Train Acc: 0.9799 | Val Loss: 0.0932 | Val Acc: 0.9784
2026-08-24 23:12:59 [INFO] ✓ Saved best model: Val Acc=0.9784 at epoch 51
2026-08-24 23:13:02 [INFO] Epoch 052 | Train Loss: 0.0838 | Train Acc: 0.9776 | Val Loss: 0.0935 | Val Acc: 0.9774
2026-08-24 23:13:06 [INFO] Epoch 053 | Train Loss: 0.0870 | Train Acc: 0.9778 | Val Loss: 0.0938 | Val Acc: 0.9784
2026-08-24 23:13:08 [INFO] Epoch 054 | Train Loss: 0.0854 | Train Acc: 0.9785 | Val Loss: 0.0980 | Val Acc: 0.9784
2026-08-24 23:13:11 [INFO] Epoch 055 | Train Loss: 0.0852 | Train Acc: 0.9774 | Val Loss: 0.0940 | Val Acc: 0.9774
2026-08-24 23:13:13 [INFO] Epoch 056 | Train Loss: 0.0870 | Train Acc: 0.9754 | Val Loss: 0.0951 | Val Acc: 0.9774
2026-08-24 23:13:15 [INFO] Epoch 057 | Train Loss: 0.0849 | Train Acc: 0.9791 | Val Loss: 0.0911 | Val Acc: 0.9793
2026-08-24 23:13:16 [INFO] ✓ Saved best model: Val Acc=0.9793 at epoch 57
2026-08-24 23:13:20 [INFO] Epoch 058 | Train Loss: 0.0871 | Train Acc: 0.9783 | Val Loss: 0.0931 | Val Acc: 0.9803
2026-08-24 23:13:20 [INFO] ✓ Saved best model: Val Acc=0.9803 at epoch 58
2026-08-24 23:13:22 [INFO] Epoch 059 | Train Loss: 0.0856 | Train Acc: 0.9793 | Val Loss: 0.0906 | Val Acc: 0.9793
2026-08-24 23:13:25 [INFO] Epoch 060 | Train Loss: 0.0788 | Train Acc: 0.9819 | Val Loss: 0.0898 | Val Acc: 0.9793
2026-08-24 23:13:27 [INFO] Epoch 061 | Train Loss: 0.0800 | Train Acc: 0.9803 | Val Loss: 0.0871 | Val Acc: 0.9774
2026-08-24 23:13:29 [INFO] Epoch 062 | Train Loss: 0.0828 | Train Acc: 0.9781 | Val Loss: 0.0941 | Val Acc: 0.9765
2026-08-24 23:13:33 [INFO] Epoch 063 | Train Loss: 0.0784 | Train Acc: 0.9789 | Val Loss: 0.0817 | Val Acc: 0.9803
2026-08-24 23:13:37 [INFO] Epoch 064 | Train Loss: 0.0862 | Train Acc: 0.9785 | Val Loss: 0.0858 | Val Acc: 0.9803
2026-08-24 23:13:39 [INFO] Epoch 065 | Train Loss: 0.0796 | Train Acc: 0.9778 | Val Loss: 0.0837 | Val Acc: 0.9803
2026-08-24 23:13:42 [INFO] Epoch 066 | Train Loss: 0.0782 | Train Acc: 0.9821 | Val Loss: 0.0840 | Val Acc: 0.9831
2026-08-24 23:13:42 [INFO] ✓ Saved best model: Val Acc=0.9831 at epoch 66
2026-08-24 23:13:44 [INFO] Epoch 067 | Train Loss: 0.0742 | Train Acc: 0.9833 | Val Loss: 0.0812 | Val Acc: 0.9812
2026-08-24 23:13:46 [INFO] Epoch 068 | Train Loss: 0.0818 | Train Acc: 0.9801 | Val Loss: 0.0784 | Val Acc: 0.9821
2026-08-24 23:13:51 [INFO] Epoch 069 | Train Loss: 0.0794 | Train Acc: 0.9799 | Val Loss: 0.0824 | Val Acc: 0.9812
2026-08-24 23:13:54 [INFO] Epoch 070 | Train Loss: 0.0713 | Train Acc: 0.9825 | Val Loss: 0.0806 | Val Acc: 0.9812
2026-08-24 23:13:56 [INFO] Epoch 071 | Train Loss: 0.0700 | Train Acc: 0.9845 | Val Loss: 0.0793 | Val Acc: 0.9812
2026-08-24 23:13:58 [INFO] Epoch 072 | Train Loss: 0.0700 | Train Acc: 0.9849 | Val Loss: 0.0799 | Val Acc: 0.9812
2026-08-24 23:14:01 [INFO] Epoch 073 | Train Loss: 0.0699 | Train Acc: 0.9847 | Val Loss: 0.0816 | Val Acc: 0.9812
2026-08-24 23:14:06 [INFO] Epoch 074 | Train Loss: 0.0726 | Train Acc: 0.9843 | Val Loss: 0.0804 | Val Acc: 0.9831
2026-08-24 23:14:08 [INFO] Epoch 075 | Train Loss: 0.0734 | Train Acc: 0.9831 | Val Loss: 0.0787 | Val Acc: 0.9831
2026-08-24 23:14:10 [INFO] Epoch 076 | Train Loss: 0.0705 | Train Acc: 0.9821 | Val Loss: 0.0783 | Val Acc: 0.9831
2026-08-24 23:14:13 [INFO] Epoch 077 | Train Loss: 0.0668 | Train Acc: 0.9847 | Val Loss: 0.0793 | Val Acc: 0.9831
2026-08-24 23:14:15 [INFO] Epoch 078 | Train Loss: 0.0745 | Train Acc: 0.9819 | Val Loss: 0.0800 | Val Acc: 0.9831
2026-08-24 23:14:20 [INFO] Epoch 079 | Train Loss: 0.0670 | Train Acc: 0.9871 | Val Loss: 0.0763 | Val Acc: 0.9821
2026-08-24 23:14:23 [INFO] Epoch 080 | Train Loss: 0.0684 | Train Acc: 0.9851 | Val Loss: 0.0761 | Val Acc: 0.9840
2026-08-24 23:14:23 [INFO] ✓ Saved best model: Val Acc=0.9840 at epoch 80
2026-08-24 23:14:25 [INFO] Epoch 081 | Train Loss: 0.0701 | Train Acc: 0.9833 | Val Loss: 0.0776 | Val Acc: 0.9821
2026-08-24 23:14:28 [INFO] Epoch 082 | Train Loss: 0.0623 | Train Acc: 0.9851 | Val Loss: 0.0755 | Val Acc: 0.9840
2026-08-24 23:14:30 [INFO] Epoch 083 | Train Loss: 0.0694 | Train Acc: 0.9839 | Val Loss: 0.0780 | Val Acc: 0.9831
2026-08-24 23:14:34 [INFO] Epoch 084 | Train Loss: 0.0703 | Train Acc: 0.9847 | Val Loss: 0.0773 | Val Acc: 0.9821
2026-08-24 23:14:37 [INFO] Epoch 085 | Train Loss: 0.0646 | Train Acc: 0.9859 | Val Loss: 0.0764 | Val Acc: 0.9831
2026-08-24 23:14:40 [INFO] Epoch 086 | Train Loss: 0.0691 | Train Acc: 0.9843 | Val Loss: 0.0753 | Val Acc: 0.9840
2026-08-24 23:14:42 [INFO] Epoch 087 | Train Loss: 0.0674 | Train Acc: 0.9835 | Val Loss: 0.0775 | Val Acc: 0.9831
2026-08-24 23:14:45 [INFO] Epoch 088 | Train Loss: 0.0649 | Train Acc: 0.9849 | Val Loss: 0.0750 | Val Acc: 0.9831
2026-08-24 23:14:48 [INFO] Epoch 089 | Train Loss: 0.0702 | Train Acc: 0.9851 | Val Loss: 0.0770 | Val Acc: 0.9821
2026-08-24 23:14:52 [INFO] Epoch 090 | Train Loss: 0.0647 | Train Acc: 0.9845 | Val Loss: 0.0753 | Val Acc: 0.9831
2026-08-24 23:14:54 [INFO] Epoch 091 | Train Loss: 0.0666 | Train Acc: 0.9851 | Val Loss: 0.0762 | Val Acc: 0.9831
2026-08-24 23:14:57 [INFO] Epoch 092 | Train Loss: 0.0635 | Train Acc: 0.9857 | Val Loss: 0.0750 | Val Acc: 0.9831
2026-08-24 23:14:59 [INFO] Epoch 093 | Train Loss: 0.0737 | Train Acc: 0.9827 | Val Loss: 0.0755 | Val Acc: 0.9831
2026-08-24 23:15:02 [INFO] Epoch 094 | Train Loss: 0.0747 | Train Acc: 0.9827 | Val Loss: 0.0772 | Val Acc: 0.9831
2026-08-24 23:15:07 [INFO] Epoch 095 | Train Loss: 0.0705 | Train Acc: 0.9839 | Val Loss: 0.0774 | Val Acc: 0.9831
2026-08-24 23:15:09 [INFO] Epoch 096 | Train Loss: 0.0658 | Train Acc: 0.9857 | Val Loss: 0.0767 | Val Acc: 0.9831
2026-08-24 23:15:11 [INFO] Epoch 097 | Train Loss: 0.0714 | Train Acc: 0.9841 | Val Loss: 0.0762 | Val Acc: 0.9821
2026-08-24 23:15:14 [INFO] Epoch 098 | Train Loss: 0.0692 | Train Acc: 0.9859 | Val Loss: 0.0791 | Val Acc: 0.9831
2026-08-24 23:15:16 [INFO] Epoch 099 | Train Loss: 0.0653 | Train Acc: 0.9831 | Val Loss: 0.0763 | Val Acc: 0.9840
2026-08-24 23:15:16 [INFO] Evaluating Best Model on TEST Set...
2026-08-24 23:15:16 [INFO] 
[RESUME] Đang nạp checkpoint từ: /home/biu-linux/DeepLearning_Projects/DoAnNganh/HybricMamba/Ressult/TFJ/SUPER_MAMBA_DEPT_3/Belgium/SUPER_MAMBA_DEPT_3_best.pth
2026-08-24 23:15:18 [INFO] 🎯 [TEST RESULT] Test Acc: 0.9878 | F1-Macro: 0.9607 | F1-Weighted: 0.9874
2026-08-24 23:15:21 [INFO] Dataset: Belgium | Số nhãn (classes): 62 | Tổng số ảnh: 7095
2026-08-24 23:15:21 [INFO] Dữ liệu đã chia -> Train (70%): 4966 | Val (15%): 1064 | Test (15%): 1065
2026-08-24 23:15:21 [INFO] 
🔍 Kiểm tra phân bố class trong batch:
2026-08-24 23:15:22 [INFO]   Batch 0: 32 classes (first 5: [4, 6, 7, 13, 14])
2026-08-24 23:15:22 [INFO]   Batch 1: 27 classes (first 5: [0, 1, 5, 7, 13])
2026-08-24 23:15:22 [INFO]   Batch 2: 29 classes (first 5: [7, 8, 9, 11, 14])
2026-08-24 23:15:22 [INFO]   Batch 3: 26 classes (first 5: [0, 7, 12, 14, 17])
2026-08-24 23:15:22 [INFO]   Batch 4: 29 classes (first 5: [1, 4, 7, 8, 13])
2026-08-24 23:15:22 [INFO] ✅ Shuffle tốt! Trung bình 28.6 classes/batch
2026-08-24 23:15:22 [INFO] Downloading: "https://storage.googleapis.com/vit_models/augreg/B_16-i21k-300ep-lr_0.001-aug_medium1-wd_0.1-do_0.0-sd_0.0--imagenet2012-steps_20k-lr_0.01-res_224.npz" to /home/biu-linux/.cache/torch/hub/checkpoints/B_16-i21k-300ep-lr_0.001-aug_medium1-wd_0.1-do_0.0-sd_0.0--imagenet2012-steps_20k-lr_0.01-res_224.npz

2026-08-24 23:16:24 [INFO] Resized position embedding: torch.Size([1, 197, 768]) to torch.Size([1, 5, 768])
2026-08-24 23:16:24 [INFO] Position embedding grid-size from [14, 14] to (2, 2)
2026-08-24 23:16:24 [INFO] ============================================================
2026-08-24 23:16:24 [INFO] Starting training: VIT_B
2026-08-24 23:16:24 [INFO] Dataset: Belgium | Path: /home/biu-linux/DeepLearning_Projects/DoAnNganh/data/Belgium_TFS
2026-08-24 23:16:24 [INFO] Device: cuda
2026-08-24 23:16:24 [INFO] GPU: NVIDIA GeForce RTX 3050 Laptop GPU
2026-08-24 23:16:24 [INFO] ============================================================
2026-08-24 23:16:31 [INFO] Epoch 000 | Train Loss: 3.5652 | Train Acc: 0.1925 | Val Loss: 2.3213 | Val Acc: 0.3553
2026-08-24 23:16:32 [INFO] ✓ Saved best model: Val Acc=0.3553 at epoch 0
2026-08-24 23:16:40 [INFO] Epoch 001 | Train Loss: 1.8167 | Train Acc: 0.4903 | Val Loss: 1.3677 | Val Acc: 0.5695
2026-08-24 23:16:41 [INFO] ✓ Saved best model: Val Acc=0.5695 at epoch 1
2026-08-24 23:16:49 [INFO] Epoch 002 | Train Loss: 1.4259 | Train Acc: 0.5816 | Val Loss: 1.1453 | Val Acc: 0.6410
2026-08-24 23:16:51 [INFO] ✓ Saved best model: Val Acc=0.6410 at epoch 2
2026-08-24 23:16:58 [INFO] Epoch 003 | Train Loss: 1.2130 | Train Acc: 0.6285 | Val Loss: 1.0177 | Val Acc: 0.6701
2026-08-24 23:17:05 [INFO] ✓ Saved best model: Val Acc=0.6701 at epoch 3
2026-08-24 23:17:11 [INFO] Epoch 004 | Train Loss: 1.1719 | Train Acc: 0.6395 | Val Loss: 1.0255 | Val Acc: 0.6645
2026-08-24 23:17:19 [INFO] Epoch 005 | Train Loss: 1.1296 | Train Acc: 0.6549 | Val Loss: 0.9658 | Val Acc: 0.7096
2026-08-24 23:17:24 [INFO] ✓ Saved best model: Val Acc=0.7096 at epoch 5
2026-08-24 23:17:31 [INFO] Epoch 006 | Train Loss: 1.0981 | Train Acc: 0.6687 | Val Loss: 0.9073 | Val Acc: 0.7162
2026-08-24 23:18:08 [INFO] ✓ Saved best model: Val Acc=0.7162 at epoch 6
2026-08-24 23:18:15 [INFO] Epoch 007 | Train Loss: 0.9855 | Train Acc: 0.6861 | Val Loss: 0.8216 | Val Acc: 0.7453
2026-08-24 23:18:16 [INFO] ✓ Saved best model: Val Acc=0.7453 at epoch 7
2026-08-24 23:18:23 [INFO] Epoch 008 | Train Loss: 0.9945 | Train Acc: 0.6937 | Val Loss: 0.8791 | Val Acc: 0.7519
2026-08-24 23:18:27 [INFO] ✓ Saved best model: Val Acc=0.7519 at epoch 8
2026-08-24 23:18:35 [INFO] Epoch 009 | Train Loss: 0.9118 | Train Acc: 0.7201 | Val Loss: 0.8626 | Val Acc: 0.7660
2026-08-24 23:18:39 [INFO] ✓ Saved best model: Val Acc=0.7660 at epoch 9
2026-08-24 23:18:47 [INFO] Epoch 010 | Train Loss: 0.9232 | Train Acc: 0.7098 | Val Loss: 0.8486 | Val Acc: 0.7331
2026-08-24 23:18:54 [INFO] Epoch 011 | Train Loss: 0.9434 | Train Acc: 0.7006 | Val Loss: 0.7262 | Val Acc: 0.7989
2026-08-24 23:19:02 [INFO] ✓ Saved best model: Val Acc=0.7989 at epoch 11
2026-08-24 23:19:09 [INFO] Epoch 012 | Train Loss: 0.8548 | Train Acc: 0.7302 | Val Loss: 0.7535 | Val Acc: 0.7669
2026-08-24 23:19:16 [INFO] Epoch 013 | Train Loss: 0.8604 | Train Acc: 0.7237 | Val Loss: 0.8288 | Val Acc: 0.7613
2026-08-24 23:19:24 [INFO] Epoch 014 | Train Loss: 0.8210 | Train Acc: 0.7429 | Val Loss: 0.7906 | Val Acc: 0.7679
2026-08-24 23:19:31 [INFO] Epoch 015 | Train Loss: 0.8815 | Train Acc: 0.7243 | Val Loss: 0.7822 | Val Acc: 0.7491
2026-08-24 23:19:39 [INFO] Epoch 016 | Train Loss: 0.8725 | Train Acc: 0.7209 | Val Loss: 0.7712 | Val Acc: 0.7838
2026-08-24 23:19:46 [INFO] Epoch 017 | Train Loss: 0.9001 | Train Acc: 0.7181 | Val Loss: 0.7819 | Val Acc: 0.7791
2026-08-24 23:19:54 [INFO] Epoch 018 | Train Loss: 0.8709 | Train Acc: 0.7294 | Val Loss: 0.9477 | Val Acc: 0.6889
2026-08-24 23:20:01 [INFO] Epoch 019 | Train Loss: 0.9316 | Train Acc: 0.7153 | Val Loss: 0.8921 | Val Acc: 0.7077
2026-08-24 23:20:09 [INFO] Epoch 020 | Train Loss: 0.9811 | Train Acc: 0.6943 | Val Loss: 0.7811 | Val Acc: 0.7754
2026-08-24 23:20:16 [INFO] Epoch 021 | Train Loss: 0.8289 | Train Acc: 0.7320 | Val Loss: 0.7764 | Val Acc: 0.7904
2026-08-24 23:20:24 [INFO] Epoch 022 | Train Loss: 0.8373 | Train Acc: 0.7412 | Val Loss: 0.7475 | Val Acc: 0.7679
2026-08-24 23:20:31 [INFO] Epoch 023 | Train Loss: 0.8354 | Train Acc: 0.7396 | Val Loss: 0.7330 | Val Acc: 0.7782
2026-08-24 23:20:39 [INFO] Epoch 024 | Train Loss: 0.8151 | Train Acc: 0.7396 | Val Loss: 0.7492 | Val Acc: 0.7650
2026-08-24 23:20:46 [INFO] Epoch 025 | Train Loss: 0.8381 | Train Acc: 0.7390 | Val Loss: 0.6674 | Val Acc: 0.7942
2026-08-24 23:20:55 [INFO] Epoch 026 | Train Loss: 0.8295 | Train Acc: 0.7380 | Val Loss: 0.7403 | Val Acc: 0.7594
2026-08-24 23:21:02 [INFO] Epoch 027 | Train Loss: 0.9413 | Train Acc: 0.6986 | Val Loss: 0.8643 | Val Acc: 0.7397
2026-08-24 23:21:10 [INFO] Epoch 028 | Train Loss: 0.9191 | Train Acc: 0.7024 | Val Loss: 0.7603 | Val Acc: 0.7763
2026-08-24 23:21:18 [INFO] Epoch 029 | Train Loss: 0.7849 | Train Acc: 0.7499 | Val Loss: 0.6780 | Val Acc: 0.7829
2026-08-24 23:21:26 [INFO] Epoch 030 | Train Loss: 0.8026 | Train Acc: 0.7429 | Val Loss: 0.7460 | Val Acc: 0.7829
2026-08-24 23:21:34 [INFO] Epoch 031 | Train Loss: 0.8224 | Train Acc: 0.7366 | Val Loss: 0.7758 | Val Acc: 0.7679
2026-08-24 23:21:41 [INFO] Epoch 032 | Train Loss: 0.9360 | Train Acc: 0.7133 | Val Loss: 0.8515 | Val Acc: 0.7303
2026-08-24 23:21:49 [INFO] Epoch 033 | Train Loss: 0.9481 | Train Acc: 0.7114 | Val Loss: 0.8330 | Val Acc: 0.7613
2026-08-24 23:21:56 [INFO] Epoch 034 | Train Loss: 0.8839 | Train Acc: 0.7253 | Val Loss: 0.7983 | Val Acc: 0.7491
2026-08-24 23:22:04 [INFO] Epoch 035 | Train Loss: 0.8658 | Train Acc: 0.7273 | Val Loss: 0.7149 | Val Acc: 0.7932
2026-08-24 23:22:12 [INFO] Epoch 036 | Train Loss: 1.0688 | Train Acc: 0.6905 | Val Loss: 0.9489 | Val Acc: 0.7453
2026-08-24 23:22:20 [INFO] Epoch 037 | Train Loss: 1.0845 | Train Acc: 0.6718 | Val Loss: 0.9143 | Val Acc: 0.7218
2026-08-24 23:22:27 [INFO] Epoch 038 | Train Loss: 0.9688 | Train Acc: 0.7060 | Val Loss: 0.8734 | Val Acc: 0.7246
2026-08-24 23:22:35 [INFO] Epoch 039 | Train Loss: 0.9638 | Train Acc: 0.7048 | Val Loss: 0.8201 | Val Acc: 0.7632
2026-08-24 23:22:42 [INFO] Epoch 040 | Train Loss: 0.7368 | Train Acc: 0.7767 | Val Loss: 0.6552 | Val Acc: 0.8242
2026-08-24 23:22:43 [INFO] ✓ Saved best model: Val Acc=0.8242 at epoch 40
2026-08-24 23:22:51 [INFO] Epoch 041 | Train Loss: 0.6598 | Train Acc: 0.7950 | Val Loss: 0.6109 | Val Acc: 0.8289
2026-08-24 23:22:52 [INFO] ✓ Saved best model: Val Acc=0.8289 at epoch 41
2026-08-24 23:22:59 [INFO] Epoch 042 | Train Loss: 0.6268 | Train Acc: 0.8043 | Val Loss: 0.6007 | Val Acc: 0.8327
2026-08-24 23:23:36 [INFO] ✓ Saved best model: Val Acc=0.8327 at epoch 42
2026-08-24 23:23:43 [INFO] Epoch 043 | Train Loss: 0.6074 | Train Acc: 0.8149 | Val Loss: 0.5746 | Val Acc: 0.8468
2026-08-24 23:23:44 [INFO] ✓ Saved best model: Val Acc=0.8468 at epoch 43
2026-08-24 23:23:52 [INFO] Epoch 044 | Train Loss: 0.5544 | Train Acc: 0.8242 | Val Loss: 0.5642 | Val Acc: 0.8421
2026-08-24 23:23:59 [INFO] Epoch 045 | Train Loss: 0.5822 | Train Acc: 0.8141 | Val Loss: 0.5470 | Val Acc: 0.8487
2026-08-24 23:23:59 [INFO] ✓ Saved best model: Val Acc=0.8487 at epoch 45
2026-08-24 23:24:07 [INFO] Epoch 046 | Train Loss: 0.5561 | Train Acc: 0.8244 | Val Loss: 0.5524 | Val Acc: 0.8496
2026-08-24 23:24:12 [INFO] ✓ Saved best model: Val Acc=0.8496 at epoch 46
2026-08-24 23:24:19 [INFO] Epoch 047 | Train Loss: 0.5318 | Train Acc: 0.8280 | Val Loss: 0.5397 | Val Acc: 0.8515
2026-08-24 23:24:25 [INFO] ✓ Saved best model: Val Acc=0.8515 at epoch 47
2026-08-24 23:24:32 [INFO] Epoch 048 | Train Loss: 0.5192 | Train Acc: 0.8329 | Val Loss: 0.5301 | Val Acc: 0.8506
2026-08-24 23:24:40 [INFO] Epoch 049 | Train Loss: 0.5275 | Train Acc: 0.8325 | Val Loss: 0.5239 | Val Acc: 0.8515
2026-08-24 23:24:47 [INFO] Epoch 050 | Train Loss: 0.4940 | Train Acc: 0.8484 | Val Loss: 0.5045 | Val Acc: 0.8562
2026-08-24 23:24:50 [INFO] ✓ Saved best model: Val Acc=0.8562 at epoch 50
2026-08-24 23:24:57 [INFO] Epoch 051 | Train Loss: 0.4857 | Train Acc: 0.8486 | Val Loss: 0.5112 | Val Acc: 0.8543
2026-08-24 23:25:05 [INFO] Epoch 052 | Train Loss: 0.4730 | Train Acc: 0.8443 | Val Loss: 0.5067 | Val Acc: 0.8684
2026-08-24 23:25:08 [INFO] ✓ Saved best model: Val Acc=0.8684 at epoch 52
2026-08-24 23:25:15 [INFO] Epoch 053 | Train Loss: 0.4886 | Train Acc: 0.8437 | Val Loss: 0.5008 | Val Acc: 0.8656
2026-08-24 23:25:23 [INFO] Epoch 054 | Train Loss: 0.4697 | Train Acc: 0.8490 | Val Loss: 0.5066 | Val Acc: 0.8675
2026-08-24 23:25:30 [INFO] Epoch 055 | Train Loss: 0.4652 | Train Acc: 0.8518 | Val Loss: 0.4999 | Val Acc: 0.8694
2026-08-24 23:26:03 [INFO] ✓ Saved best model: Val Acc=0.8694 at epoch 55
2026-08-24 23:26:10 [INFO] Epoch 056 | Train Loss: 0.4680 | Train Acc: 0.8500 | Val Loss: 0.4826 | Val Acc: 0.8684
2026-08-24 23:26:17 [INFO] Epoch 057 | Train Loss: 0.4448 | Train Acc: 0.8562 | Val Loss: 0.4864 | Val Acc: 0.8647
2026-08-24 23:26:25 [INFO] Epoch 058 | Train Loss: 0.4640 | Train Acc: 0.8518 | Val Loss: 0.4812 | Val Acc: 0.8703
2026-08-24 23:26:26 [INFO] ✓ Saved best model: Val Acc=0.8703 at epoch 58
2026-08-24 23:26:34 [INFO] Epoch 059 | Train Loss: 0.4436 | Train Acc: 0.8590 | Val Loss: 0.4671 | Val Acc: 0.8712
2026-08-24 23:26:35 [INFO] ✓ Saved best model: Val Acc=0.8712 at epoch 59
2026-08-24 23:26:43 [INFO] Epoch 060 | Train Loss: 0.4289 | Train Acc: 0.8625 | Val Loss: 0.4640 | Val Acc: 0.8731
2026-08-24 23:26:45 [INFO] ✓ Saved best model: Val Acc=0.8731 at epoch 60
2026-08-24 23:26:52 [INFO] Epoch 061 | Train Loss: 0.4078 | Train Acc: 0.8701 | Val Loss: 0.4603 | Val Acc: 0.8722
2026-08-24 23:27:00 [INFO] Epoch 062 | Train Loss: 0.4241 | Train Acc: 0.8669 | Val Loss: 0.4604 | Val Acc: 0.8703
2026-08-24 23:27:07 [INFO] Epoch 063 | Train Loss: 0.4316 | Train Acc: 0.8639 | Val Loss: 0.4439 | Val Acc: 0.8759
2026-08-24 23:27:11 [INFO] ✓ Saved best model: Val Acc=0.8759 at epoch 63
2026-08-24 23:27:18 [INFO] Epoch 064 | Train Loss: 0.4280 | Train Acc: 0.8594 | Val Loss: 0.4465 | Val Acc: 0.8835
2026-08-24 23:27:27 [INFO] ✓ Saved best model: Val Acc=0.8835 at epoch 64
2026-08-24 23:27:34 [INFO] Epoch 065 | Train Loss: 0.4307 | Train Acc: 0.8568 | Val Loss: 0.4347 | Val Acc: 0.8853
2026-08-24 23:27:40 [INFO] ✓ Saved best model: Val Acc=0.8853 at epoch 65
2026-08-24 23:27:47 [INFO] Epoch 066 | Train Loss: 0.4141 | Train Acc: 0.8667 | Val Loss: 0.4451 | Val Acc: 0.8759
2026-08-24 23:27:55 [INFO] Epoch 067 | Train Loss: 0.4149 | Train Acc: 0.8657 | Val Loss: 0.4228 | Val Acc: 0.8825
2026-08-24 23:28:02 [INFO] Epoch 068 | Train Loss: 0.4040 | Train Acc: 0.8665 | Val Loss: 0.4461 | Val Acc: 0.8703
2026-08-24 23:28:10 [INFO] Epoch 069 | Train Loss: 0.4154 | Train Acc: 0.8675 | Val Loss: 0.4411 | Val Acc: 0.8797
2026-08-24 23:28:17 [INFO] Epoch 070 | Train Loss: 0.3955 | Train Acc: 0.8737 | Val Loss: 0.4281 | Val Acc: 0.8844
2026-08-24 23:28:25 [INFO] Epoch 071 | Train Loss: 0.3670 | Train Acc: 0.8808 | Val Loss: 0.4205 | Val Acc: 0.8853
2026-08-24 23:28:31 [INFO] Epoch 072 | Train Loss: 0.3940 | Train Acc: 0.8770 | Val Loss: 0.4220 | Val Acc: 0.8835
2026-08-24 23:28:39 [INFO] Epoch 073 | Train Loss: 0.3675 | Train Acc: 0.8832 | Val Loss: 0.4235 | Val Acc: 0.8806
2026-08-24 23:28:46 [INFO] Epoch 074 | Train Loss: 0.4037 | Train Acc: 0.8749 | Val Loss: 0.4226 | Val Acc: 0.8806
2026-08-24 23:28:54 [INFO] Epoch 075 | Train Loss: 0.3711 | Train Acc: 0.8796 | Val Loss: 0.4165 | Val Acc: 0.8797
2026-08-24 23:29:01 [INFO] Epoch 076 | Train Loss: 0.3706 | Train Acc: 0.8836 | Val Loss: 0.4194 | Val Acc: 0.8835
2026-08-24 23:29:09 [INFO] Epoch 077 | Train Loss: 0.3773 | Train Acc: 0.8848 | Val Loss: 0.4130 | Val Acc: 0.8825
2026-08-24 23:29:16 [INFO] Epoch 078 | Train Loss: 0.3725 | Train Acc: 0.8836 | Val Loss: 0.4141 | Val Acc: 0.8853
2026-08-24 23:29:24 [INFO] Epoch 079 | Train Loss: 0.3525 | Train Acc: 0.8844 | Val Loss: 0.4118 | Val Acc: 0.8844
2026-08-24 23:29:32 [INFO] Epoch 080 | Train Loss: 0.3687 | Train Acc: 0.8758 | Val Loss: 0.4138 | Val Acc: 0.8853
2026-08-24 23:29:40 [INFO] Epoch 081 | Train Loss: 0.3791 | Train Acc: 0.8870 | Val Loss: 0.4157 | Val Acc: 0.8825
2026-08-24 23:29:47 [INFO] Epoch 082 | Train Loss: 0.3760 | Train Acc: 0.8774 | Val Loss: 0.4102 | Val Acc: 0.8882
2026-08-24 23:29:48 [INFO] ✓ Saved best model: Val Acc=0.8882 at epoch 82
2026-08-24 23:29:56 [INFO] Epoch 083 | Train Loss: 0.3619 | Train Acc: 0.8844 | Val Loss: 0.4094 | Val Acc: 0.8872
2026-08-24 23:30:03 [INFO] Epoch 084 | Train Loss: 0.3583 | Train Acc: 0.8824 | Val Loss: 0.4028 | Val Acc: 0.8938
2026-08-24 23:30:04 [INFO] ✓ Saved best model: Val Acc=0.8938 at epoch 84
2026-08-24 23:30:11 [INFO] Epoch 085 | Train Loss: 0.3625 | Train Acc: 0.8846 | Val Loss: 0.4010 | Val Acc: 0.8900
2026-08-24 23:30:18 [INFO] Epoch 086 | Train Loss: 0.3558 | Train Acc: 0.8874 | Val Loss: 0.3957 | Val Acc: 0.8919
2026-08-24 23:30:26 [INFO] Epoch 087 | Train Loss: 0.3778 | Train Acc: 0.8802 | Val Loss: 0.3937 | Val Acc: 0.8891
2026-08-24 23:30:33 [INFO] Epoch 088 | Train Loss: 0.3492 | Train Acc: 0.8850 | Val Loss: 0.3993 | Val Acc: 0.8900
2026-08-24 23:30:41 [INFO] Epoch 089 | Train Loss: 0.3701 | Train Acc: 0.8824 | Val Loss: 0.3949 | Val Acc: 0.8891
2026-08-24 23:30:48 [INFO] Epoch 090 | Train Loss: 0.3480 | Train Acc: 0.8939 | Val Loss: 0.3935 | Val Acc: 0.8891
2026-08-24 23:30:55 [INFO] Epoch 091 | Train Loss: 0.3611 | Train Acc: 0.8834 | Val Loss: 0.3937 | Val Acc: 0.8891
2026-08-24 23:31:02 [INFO] Epoch 092 | Train Loss: 0.3481 | Train Acc: 0.8901 | Val Loss: 0.3946 | Val Acc: 0.8891
2026-08-24 23:31:10 [INFO] Epoch 093 | Train Loss: 0.3583 | Train Acc: 0.8846 | Val Loss: 0.3945 | Val Acc: 0.8891
2026-08-24 23:31:17 [INFO] Epoch 094 | Train Loss: 0.3394 | Train Acc: 0.8852 | Val Loss: 0.3950 | Val Acc: 0.8882
2026-08-24 23:31:25 [INFO] Epoch 095 | Train Loss: 0.3611 | Train Acc: 0.8858 | Val Loss: 0.3943 | Val Acc: 0.8900
2026-08-24 23:31:32 [INFO] Epoch 096 | Train Loss: 0.3580 | Train Acc: 0.8852 | Val Loss: 0.3928 | Val Acc: 0.8900
2026-08-24 23:31:40 [INFO] Epoch 097 | Train Loss: 0.3507 | Train Acc: 0.8858 | Val Loss: 0.3933 | Val Acc: 0.8900
2026-08-24 23:31:47 [INFO] Epoch 098 | Train Loss: 0.3672 | Train Acc: 0.8830 | Val Loss: 0.3937 | Val Acc: 0.8900
2026-08-24 23:31:55 [INFO] Epoch 099 | Train Loss: 0.3427 | Train Acc: 0.8888 | Val Loss: 0.3937 | Val Acc: 0.8910
2026-08-24 23:31:55 [INFO] Evaluating Best Model on TEST Set...
2026-08-24 23:31:55 [INFO] 
[RESUME] Đang nạp checkpoint từ: /home/biu-linux/DeepLearning_Projects/DoAnNganh/HybricMamba/Ressult/TFJ/VIT_B/Belgium/VIT_B_best.pth
2026-08-24 23:31:56 [INFO] 🎯 [TEST RESULT] Test Acc: 0.8789 | F1-Macro: 0.7658 | F1-Weighted: 0.8749
2026-08-24 23:31:59 [INFO] Dataset: Belgium | Số nhãn (classes): 62 | Tổng số ảnh: 7095
2026-08-24 23:31:59 [INFO] Dữ liệu đã chia -> Train (70%): 4966 | Val (15%): 1064 | Test (15%): 1065
2026-08-24 23:31:59 [INFO] 
🔍 Kiểm tra phân bố class trong batch:
2026-08-24 23:31:59 [INFO]   Batch 0: 32 classes (first 5: [4, 6, 7, 13, 14])
2026-08-24 23:31:59 [INFO]   Batch 1: 27 classes (first 5: [0, 1, 5, 7, 13])
2026-08-24 23:31:59 [INFO]   Batch 2: 29 classes (first 5: [7, 8, 9, 11, 14])
2026-08-24 23:31:59 [INFO]   Batch 3: 26 classes (first 5: [0, 7, 12, 14, 17])
2026-08-24 23:31:59 [INFO]   Batch 4: 29 classes (first 5: [1, 4, 7, 8, 13])
2026-08-24 23:31:59 [INFO] ✅ Shuffle tốt! Trung bình 28.6 classes/batch
2026-08-24 23:31:59 [INFO] Downloading: "https://storage.googleapis.com/vit_models/augreg/S_16-i21k-300ep-lr_0.001-aug_light1-wd_0.03-do_0.0-sd_0.0--imagenet2012-steps_20k-lr_0.03-res_224.npz" to /home/biu-linux/.cache/torch/hub/checkpoints/S_16-i21k-300ep-lr_0.001-aug_light1-wd_0.03-do_0.0-sd_0.0--imagenet2012-steps_20k-lr_0.03-res_224.npz

2026-08-24 23:32:19 [INFO] Resized position embedding: torch.Size([1, 197, 384]) to torch.Size([1, 5, 384])
2026-08-24 23:32:19 [INFO] Position embedding grid-size from [14, 14] to (2, 2)
2026-08-24 23:32:19 [INFO] ============================================================
2026-08-24 23:32:19 [INFO] Starting training: VIT_S
2026-08-24 23:32:19 [INFO] Dataset: Belgium | Path: /home/biu-linux/DeepLearning_Projects/DoAnNganh/data/Belgium_TFS
2026-08-24 23:32:19 [INFO] Device: cuda
2026-08-24 23:32:19 [INFO] GPU: NVIDIA GeForce RTX 3050 Laptop GPU
2026-08-24 23:32:19 [INFO] ============================================================
2026-08-24 23:32:21 [INFO] Epoch 000 | Train Loss: 2.7136 | Train Acc: 0.2998 | Val Loss: 1.4876 | Val Acc: 0.5686
2026-08-24 23:32:21 [INFO] ✓ Saved best model: Val Acc=0.5686 at epoch 0
2026-08-24 23:32:25 [INFO] Epoch 001 | Train Loss: 1.2959 | Train Acc: 0.6110 | Val Loss: 0.9679 | Val Acc: 0.7105
2026-08-24 23:32:26 [INFO] ✓ Saved best model: Val Acc=0.7105 at epoch 1
2026-08-24 23:32:30 [INFO] Epoch 002 | Train Loss: 0.9547 | Train Acc: 0.7094 | Val Loss: 0.6757 | Val Acc: 0.7932
2026-08-24 23:32:30 [INFO] ✓ Saved best model: Val Acc=0.7932 at epoch 2
2026-08-24 23:32:33 [INFO] Epoch 003 | Train Loss: 0.7267 | Train Acc: 0.7729 | Val Loss: 0.4681 | Val Acc: 0.8477
2026-08-24 23:32:33 [INFO] ✓ Saved best model: Val Acc=0.8477 at epoch 3
2026-08-24 23:32:36 [INFO] Epoch 004 | Train Loss: 0.6083 | Train Acc: 0.8045 | Val Loss: 0.4284 | Val Acc: 0.8618
2026-08-24 23:32:36 [INFO] ✓ Saved best model: Val Acc=0.8618 at epoch 4
2026-08-24 23:32:39 [INFO] Epoch 005 | Train Loss: 0.5404 | Train Acc: 0.8278 | Val Loss: 0.4166 | Val Acc: 0.8647
2026-08-24 23:32:39 [INFO] ✓ Saved best model: Val Acc=0.8647 at epoch 5
2026-08-24 23:32:44 [INFO] Epoch 006 | Train Loss: 0.4782 | Train Acc: 0.8494 | Val Loss: 0.3392 | Val Acc: 0.9023
2026-08-24 23:32:45 [INFO] ✓ Saved best model: Val Acc=0.9023 at epoch 6
2026-08-24 23:32:47 [INFO] Epoch 007 | Train Loss: 0.4717 | Train Acc: 0.8492 | Val Loss: 0.3300 | Val Acc: 0.9041
2026-08-24 23:32:48 [INFO] ✓ Saved best model: Val Acc=0.9041 at epoch 7
2026-08-24 23:32:50 [INFO] Epoch 008 | Train Loss: 0.4289 | Train Acc: 0.8731 | Val Loss: 0.2779 | Val Acc: 0.9154
2026-08-24 23:32:51 [INFO] ✓ Saved best model: Val Acc=0.9154 at epoch 8
2026-08-24 23:32:53 [INFO] Epoch 009 | Train Loss: 0.3560 | Train Acc: 0.8872 | Val Loss: 0.2793 | Val Acc: 0.9060
2026-08-24 23:32:58 [INFO] Epoch 010 | Train Loss: 0.3590 | Train Acc: 0.8884 | Val Loss: 0.2920 | Val Acc: 0.9126
2026-08-24 23:33:01 [INFO] Epoch 011 | Train Loss: 0.3541 | Train Acc: 0.8884 | Val Loss: 0.2369 | Val Acc: 0.9305
2026-08-24 23:33:02 [INFO] ✓ Saved best model: Val Acc=0.9305 at epoch 11
2026-08-24 23:33:04 [INFO] Epoch 012 | Train Loss: 0.3239 | Train Acc: 0.8945 | Val Loss: 0.2822 | Val Acc: 0.9060
2026-08-24 23:33:07 [INFO] Epoch 013 | Train Loss: 0.3257 | Train Acc: 0.8993 | Val Loss: 0.2328 | Val Acc: 0.9352
2026-08-24 23:33:07 [INFO] ✓ Saved best model: Val Acc=0.9352 at epoch 13
2026-08-24 23:33:10 [INFO] Epoch 014 | Train Loss: 0.2982 | Train Acc: 0.9072 | Val Loss: 0.2295 | Val Acc: 0.9342
2026-08-24 23:33:15 [INFO] Epoch 015 | Train Loss: 0.2715 | Train Acc: 0.9124 | Val Loss: 0.2416 | Val Acc: 0.9352
2026-08-24 23:33:17 [INFO] Epoch 016 | Train Loss: 0.2749 | Train Acc: 0.9168 | Val Loss: 0.2118 | Val Acc: 0.9342
2026-08-24 23:33:20 [INFO] Epoch 017 | Train Loss: 0.2793 | Train Acc: 0.9120 | Val Loss: 0.2340 | Val Acc: 0.9417
2026-08-24 23:33:20 [INFO] ✓ Saved best model: Val Acc=0.9417 at epoch 17
2026-08-24 23:33:23 [INFO] Epoch 018 | Train Loss: 0.2783 | Train Acc: 0.9096 | Val Loss: 0.2434 | Val Acc: 0.9229
2026-08-24 23:33:27 [INFO] Epoch 019 | Train Loss: 0.2524 | Train Acc: 0.9225 | Val Loss: 0.2039 | Val Acc: 0.9427
2026-08-24 23:33:28 [INFO] ✓ Saved best model: Val Acc=0.9427 at epoch 19
2026-08-24 23:33:31 [INFO] Epoch 020 | Train Loss: 0.2440 | Train Acc: 0.9229 | Val Loss: 0.2221 | Val Acc: 0.9258
2026-08-24 23:33:33 [INFO] Epoch 021 | Train Loss: 0.2518 | Train Acc: 0.9172 | Val Loss: 0.2159 | Val Acc: 0.9398
2026-08-24 23:33:36 [INFO] Epoch 022 | Train Loss: 0.2096 | Train Acc: 0.9333 | Val Loss: 0.2193 | Val Acc: 0.9389
2026-08-24 23:33:39 [INFO] Epoch 023 | Train Loss: 0.2326 | Train Acc: 0.9261 | Val Loss: 0.1926 | Val Acc: 0.9464
2026-08-24 23:33:39 [INFO] ✓ Saved best model: Val Acc=0.9464 at epoch 23
2026-08-24 23:33:44 [INFO] Epoch 024 | Train Loss: 0.2207 | Train Acc: 0.9323 | Val Loss: 0.2034 | Val Acc: 0.9408
2026-08-24 23:33:49 [INFO] Epoch 025 | Train Loss: 0.2252 | Train Acc: 0.9285 | Val Loss: 0.2369 | Val Acc: 0.9267
2026-08-24 23:33:52 [INFO] Epoch 026 | Train Loss: 0.2317 | Train Acc: 0.9229 | Val Loss: 0.2269 | Val Acc: 0.9314
2026-08-24 23:33:55 [INFO] Epoch 027 | Train Loss: 0.1997 | Train Acc: 0.9354 | Val Loss: 0.2061 | Val Acc: 0.9408
2026-08-24 23:33:58 [INFO] Epoch 028 | Train Loss: 0.2124 | Train Acc: 0.9358 | Val Loss: 0.1691 | Val Acc: 0.9530
2026-08-24 23:33:58 [INFO] ✓ Saved best model: Val Acc=0.9530 at epoch 28
2026-08-24 23:34:01 [INFO] Epoch 029 | Train Loss: 0.2180 | Train Acc: 0.9301 | Val Loss: 0.2101 | Val Acc: 0.9492
2026-08-24 23:34:04 [INFO] Epoch 030 | Train Loss: 0.1781 | Train Acc: 0.9416 | Val Loss: 0.1825 | Val Acc: 0.9455
2026-08-24 23:34:08 [INFO] Epoch 031 | Train Loss: 0.2127 | Train Acc: 0.9283 | Val Loss: 0.1948 | Val Acc: 0.9361
2026-08-24 23:34:11 [INFO] Epoch 032 | Train Loss: 0.1994 | Train Acc: 0.9337 | Val Loss: 0.1613 | Val Acc: 0.9455
2026-08-24 23:34:14 [INFO] Epoch 033 | Train Loss: 0.1880 | Train Acc: 0.9372 | Val Loss: 0.1797 | Val Acc: 0.9483
2026-08-24 23:34:17 [INFO] Epoch 034 | Train Loss: 0.1782 | Train Acc: 0.9424 | Val Loss: 0.1725 | Val Acc: 0.9455
2026-08-24 23:34:20 [INFO] Epoch 035 | Train Loss: 0.1713 | Train Acc: 0.9478 | Val Loss: 0.1805 | Val Acc: 0.9511
2026-08-24 23:34:23 [INFO] Epoch 036 | Train Loss: 0.1919 | Train Acc: 0.9378 | Val Loss: 0.2091 | Val Acc: 0.9389
2026-08-24 23:34:25 [INFO] Epoch 037 | Train Loss: 0.2245 | Train Acc: 0.9293 | Val Loss: 0.1663 | Val Acc: 0.9464
2026-08-24 23:34:28 [INFO] Epoch 038 | Train Loss: 0.1790 | Train Acc: 0.9406 | Val Loss: 0.1493 | Val Acc: 0.9521
2026-08-24 23:34:31 [INFO] Epoch 039 | Train Loss: 0.1825 | Train Acc: 0.9410 | Val Loss: 0.1966 | Val Acc: 0.9398
2026-08-24 23:34:34 [INFO] Epoch 040 | Train Loss: 0.1097 | Train Acc: 0.9654 | Val Loss: 0.1170 | Val Acc: 0.9662
2026-08-24 23:34:34 [INFO] ✓ Saved best model: Val Acc=0.9662 at epoch 40
2026-08-24 23:34:37 [INFO] Epoch 041 | Train Loss: 0.0830 | Train Acc: 0.9736 | Val Loss: 0.1128 | Val Acc: 0.9709
2026-08-24 23:34:37 [INFO] ✓ Saved best model: Val Acc=0.9709 at epoch 41
2026-08-24 23:34:40 [INFO] Epoch 042 | Train Loss: 0.0585 | Train Acc: 0.9827 | Val Loss: 0.1078 | Val Acc: 0.9662
2026-08-24 23:34:42 [INFO] Epoch 043 | Train Loss: 0.0549 | Train Acc: 0.9827 | Val Loss: 0.1054 | Val Acc: 0.9671
2026-08-24 23:34:45 [INFO] Epoch 044 | Train Loss: 0.0467 | Train Acc: 0.9875 | Val Loss: 0.1089 | Val Acc: 0.9709
2026-08-24 23:34:48 [INFO] Epoch 045 | Train Loss: 0.0660 | Train Acc: 0.9825 | Val Loss: 0.1032 | Val Acc: 0.9718
2026-08-24 23:34:48 [INFO] ✓ Saved best model: Val Acc=0.9718 at epoch 45
2026-08-24 23:34:51 [INFO] Epoch 046 | Train Loss: 0.0506 | Train Acc: 0.9861 | Val Loss: 0.1004 | Val Acc: 0.9737
2026-08-24 23:34:51 [INFO] ✓ Saved best model: Val Acc=0.9737 at epoch 46
2026-08-24 23:34:54 [INFO] Epoch 047 | Train Loss: 0.0481 | Train Acc: 0.9867 | Val Loss: 0.1054 | Val Acc: 0.9718
2026-08-24 23:34:56 [INFO] Epoch 048 | Train Loss: 0.0515 | Train Acc: 0.9845 | Val Loss: 0.1075 | Val Acc: 0.9718
