2026-09-05 14:41:58 [INFO] Dataset: German | Số nhãn (classes): 43 | Tổng số ảnh: 557483
2026-09-05 14:41:59 [INFO] Dữ liệu đã chia -> Train (70%): 390238 | Val (15%): 83622 | Test (15%): 83623
2026-09-05 14:41:59 [INFO] 
🔍 Kiểm tra phân bố class trong batch:
2026-09-05 14:42:02 [INFO]   Batch 0: 37 classes (first 5: [0, 1, 2, 3, 4])
2026-09-05 14:42:02 [INFO]   Batch 1: 36 classes (first 5: [1, 2, 3, 4, 5])
2026-09-05 14:42:02 [INFO]   Batch 2: 34 classes (first 5: [1, 2, 3, 4, 5])
2026-09-05 14:42:02 [INFO]   Batch 3: 35 classes (first 5: [1, 2, 3, 4, 5])
2026-09-05 14:42:02 [INFO]   Batch 4: 35 classes (first 5: [0, 1, 2, 3, 4])
2026-09-05 14:42:03 [INFO] ✅ Shuffle tốt! Trung bình 35.4 classes/batch
2026-09-05 14:42:07 [INFO] ============================================================
2026-09-05 14:42:07 [INFO] Starting training: VIT_S
2026-09-05 14:42:07 [INFO] Dataset: German | Path: /kaggle/input/datasets/thanhsangtrn/german-trafic-sign/dataset_reOrgan
2026-09-05 14:42:07 [INFO] Device: cuda
2026-09-05 14:42:07 [INFO] GPU: Tesla T4
2026-09-05 14:42:07 [INFO] ============================================================
2026-09-05 14:48:48 [INFO] Epoch 000 | Train Loss: 0.6252 | Train Acc: 0.8107 | Val Loss: 0.2236 | Val Acc: 0.9355
2026-09-05 14:48:49 [INFO] ✓ Saved best model: Val Acc=0.9355 at epoch 0
2026-09-05 14:53:52 [INFO] Epoch 001 | Train Loss: 0.4523 | Train Acc: 0.8655 | Val Loss: 0.2439 | Val Acc: 0.9289
2026-09-05 14:58:59 [INFO] Epoch 002 | Train Loss: 0.4467 | Train Acc: 0.8675 | Val Loss: 0.2450 | Val Acc: 0.9284
2026-09-05 15:04:00 [INFO] Epoch 003 | Train Loss: 0.4369 | Train Acc: 0.8702 | Val Loss: 0.2422 | Val Acc: 0.9307
2026-09-05 15:08:56 [INFO] Epoch 004 | Train Loss: 0.4207 | Train Acc: 0.8750 | Val Loss: 0.2527 | Val Acc: 0.9254
2026-09-05 15:13:59 [INFO] Epoch 005 | Train Loss: 0.3618 | Train Acc: 0.8933 | Val Loss: 0.2113 | Val Acc: 0.9415
2026-09-05 15:13:59 [INFO] ✓ Saved best model: Val Acc=0.9415 at epoch 5
2026-09-05 15:19:01 [INFO] Epoch 006 | Train Loss: 0.3248 | Train Acc: 0.9040 | Val Loss: 0.1809 | Val Acc: 0.9477
2026-09-05 15:19:02 [INFO] ✓ Saved best model: Val Acc=0.9477 at epoch 6
2026-09-05 15:24:00 [INFO] Epoch 007 | Train Loss: 0.2978 | Train Acc: 0.9125 | Val Loss: 0.1655 | Val Acc: 0.9534
2026-09-05 15:24:01 [INFO] ✓ Saved best model: Val Acc=0.9534 at epoch 7
2026-09-05 15:29:05 [INFO] Epoch 008 | Train Loss: 0.2764 | Train Acc: 0.9188 | Val Loss: 0.1695 | Val Acc: 0.9523
2026-09-05 15:34:14 [INFO] Epoch 009 | Train Loss: 0.2584 | Train Acc: 0.9244 | Val Loss: 0.1604 | Val Acc: 0.9548
2026-09-05 15:34:15 [INFO] ✓ Saved best model: Val Acc=0.9548 at epoch 9
2026-09-05 15:39:22 [INFO] Epoch 010 | Train Loss: 0.2444 | Train Acc: 0.9286 | Val Loss: 0.1712 | Val Acc: 0.9515
2026-09-05 15:44:26 [INFO] Epoch 011 | Train Loss: 0.2361 | Train Acc: 0.9315 | Val Loss: 0.1542 | Val Acc: 0.9572
2026-09-05 15:44:27 [INFO] ✓ Saved best model: Val Acc=0.9572 at epoch 11
2026-09-05 15:49:29 [INFO] Epoch 012 | Train Loss: 0.2253 | Train Acc: 0.9344 | Val Loss: 0.1513 | Val Acc: 0.9577
2026-09-05 15:49:29 [INFO] ✓ Saved best model: Val Acc=0.9577 at epoch 12
2026-09-05 15:54:34 [INFO] Epoch 013 | Train Loss: 0.2180 | Train Acc: 0.9365 | Val Loss: 0.1335 | Val Acc: 0.9624
2026-09-05 15:54:35 [INFO] ✓ Saved best model: Val Acc=0.9624 at epoch 13
2026-09-05 15:59:41 [INFO] Epoch 014 | Train Loss: 0.2096 | Train Acc: 0.9393 | Val Loss: 0.1382 | Val Acc: 0.9621
2026-09-05 16:04:44 [INFO] Epoch 015 | Train Loss: 0.2027 | Train Acc: 0.9414 | Val Loss: 0.1398 | Val Acc: 0.9617
2026-09-05 16:09:48 [INFO] Epoch 016 | Train Loss: 0.1955 | Train Acc: 0.9438 | Val Loss: 0.1269 | Val Acc: 0.9637
2026-09-05 16:09:48 [INFO] ✓ Saved best model: Val Acc=0.9637 at epoch 16
2026-09-05 16:14:51 [INFO] Epoch 017 | Train Loss: 0.1901 | Train Acc: 0.9454 | Val Loss: 0.1328 | Val Acc: 0.9626
2026-09-05 16:19:56 [INFO] Epoch 018 | Train Loss: 0.1855 | Train Acc: 0.9463 | Val Loss: 0.1344 | Val Acc: 0.9619
2026-09-05 16:25:02 [INFO] Epoch 019 | Train Loss: 0.1806 | Train Acc: 0.9480 | Val Loss: 0.1248 | Val Acc: 0.9659
2026-09-05 16:25:02 [INFO] ✓ Saved best model: Val Acc=0.9659 at epoch 19
2026-09-05 16:30:07 [INFO] Epoch 020 | Train Loss: 0.1745 | Train Acc: 0.9501 | Val Loss: 0.1251 | Val Acc: 0.9648
2026-09-05 16:35:13 [INFO] Epoch 021 | Train Loss: 0.1705 | Train Acc: 0.9514 | Val Loss: 0.1167 | Val Acc: 0.9672
2026-09-05 16:35:14 [INFO] ✓ Saved best model: Val Acc=0.9672 at epoch 21
2026-09-05 16:40:18 [INFO] Epoch 022 | Train Loss: 0.1653 | Train Acc: 0.9530 | Val Loss: 0.1178 | Val Acc: 0.9675
2026-09-05 16:40:19 [INFO] ✓ Saved best model: Val Acc=0.9675 at epoch 22
2026-09-05 16:45:28 [INFO] Epoch 023 | Train Loss: 0.1616 | Train Acc: 0.9540 | Val Loss: 0.1175 | Val Acc: 0.9677
2026-09-05 16:45:29 [INFO] ✓ Saved best model: Val Acc=0.9677 at epoch 23
2026-09-05 16:50:36 [INFO] Epoch 024 | Train Loss: 0.1564 | Train Acc: 0.9556 | Val Loss: 0.0992 | Val Acc: 0.9730
2026-09-05 16:50:36 [INFO] ✓ Saved best model: Val Acc=0.9730 at epoch 24
2026-09-05 16:55:40 [INFO] Epoch 025 | Train Loss: 0.1520 | Train Acc: 0.9569 | Val Loss: 0.1090 | Val Acc: 0.9712
2026-09-05 17:00:41 [INFO] Epoch 026 | Train Loss: 0.1481 | Train Acc: 0.9580 | Val Loss: 0.1016 | Val Acc: 0.9718
2026-09-05 17:05:46 [INFO] Epoch 027 | Train Loss: 0.1441 | Train Acc: 0.9594 | Val Loss: 0.1041 | Val Acc: 0.9713
2026-09-05 17:10:52 [INFO] Epoch 028 | Train Loss: 0.1406 | Train Acc: 0.9604 | Val Loss: 0.1024 | Val Acc: 0.9718
2026-09-05 17:16:01 [INFO] Epoch 029 | Train Loss: 0.1362 | Train Acc: 0.9617 | Val Loss: 0.0955 | Val Acc: 0.9745
2026-09-05 17:16:02 [INFO] ✓ Saved best model: Val Acc=0.9745 at epoch 29
2026-09-05 17:21:15 [INFO] Epoch 030 | Train Loss: 0.1323 | Train Acc: 0.9628 | Val Loss: 0.0951 | Val Acc: 0.9739
2026-09-05 17:26:29 [INFO] Epoch 031 | Train Loss: 0.1285 | Train Acc: 0.9640 | Val Loss: 0.0901 | Val Acc: 0.9754
2026-09-05 17:26:30 [INFO] ✓ Saved best model: Val Acc=0.9754 at epoch 31
2026-09-05 17:31:48 [INFO] Epoch 032 | Train Loss: 0.1247 | Train Acc: 0.9653 | Val Loss: 0.0861 | Val Acc: 0.9760
2026-09-05 17:31:48 [INFO] ✓ Saved best model: Val Acc=0.9760 at epoch 32
2026-09-05 17:37:04 [INFO] Epoch 033 | Train Loss: 0.1209 | Train Acc: 0.9663 | Val Loss: 0.0900 | Val Acc: 0.9758
2026-09-05 17:42:24 [INFO] Epoch 034 | Train Loss: 0.1179 | Train Acc: 0.9673 | Val Loss: 0.0840 | Val Acc: 0.9770
2026-09-05 17:42:24 [INFO] ✓ Saved best model: Val Acc=0.9770 at epoch 34
2026-09-05 17:47:31 [INFO] Epoch 035 | Train Loss: 0.1136 | Train Acc: 0.9687 | Val Loss: 0.0818 | Val Acc: 0.9776
2026-09-05 17:47:32 [INFO] ✓ Saved best model: Val Acc=0.9776 at epoch 35
2026-09-05 17:52:45 [INFO] Epoch 036 | Train Loss: 0.1108 | Train Acc: 0.9693 | Val Loss: 0.0727 | Val Acc: 0.9796
2026-09-05 17:52:46 [INFO] ✓ Saved best model: Val Acc=0.9796 at epoch 36
2026-09-05 17:58:03 [INFO] Epoch 037 | Train Loss: 0.1072 | Train Acc: 0.9703 | Val Loss: 0.0671 | Val Acc: 0.9807
2026-09-05 17:58:03 [INFO] ✓ Saved best model: Val Acc=0.9807 at epoch 37
2026-09-05 18:03:36 [INFO] Epoch 038 | Train Loss: 0.1035 | Train Acc: 0.9713 | Val Loss: 0.0693 | Val Acc: 0.9805
2026-09-05 18:08:53 [INFO] Epoch 039 | Train Loss: 0.1017 | Train Acc: 0.9720 | Val Loss: 0.0646 | Val Acc: 0.9813
2026-09-05 18:08:53 [INFO] ✓ Saved best model: Val Acc=0.9813 at epoch 39
2026-09-05 18:14:03 [INFO] Epoch 040 | Train Loss: 0.0985 | Train Acc: 0.9727 | Val Loss: 0.0654 | Val Acc: 0.9812
2026-09-05 18:19:21 [INFO] Epoch 041 | Train Loss: 0.0951 | Train Acc: 0.9737 | Val Loss: 0.0608 | Val Acc: 0.9822
2026-09-05 18:19:21 [INFO] ✓ Saved best model: Val Acc=0.9822 at epoch 41
2026-09-05 18:24:40 [INFO] Epoch 042 | Train Loss: 0.0923 | Train Acc: 0.9746 | Val Loss: 0.0570 | Val Acc: 0.9834
2026-09-05 18:24:41 [INFO] ✓ Saved best model: Val Acc=0.9834 at epoch 42
2026-09-05 18:30:03 [INFO] Epoch 043 | Train Loss: 0.0888 | Train Acc: 0.9754 | Val Loss: 0.0535 | Val Acc: 0.9848
2026-09-05 18:30:04 [INFO] ✓ Saved best model: Val Acc=0.9848 at epoch 43
2026-09-05 18:35:27 [INFO] Epoch 044 | Train Loss: 0.0867 | Train Acc: 0.9759 | Val Loss: 0.0515 | Val Acc: 0.9851
2026-09-05 18:35:28 [INFO] ✓ Saved best model: Val Acc=0.9851 at epoch 44
2026-09-05 18:40:45 [INFO] Epoch 045 | Train Loss: 0.0842 | Train Acc: 0.9767 | Val Loss: 0.0486 | Val Acc: 0.9859
2026-09-05 18:40:46 [INFO] ✓ Saved best model: Val Acc=0.9859 at epoch 45
2026-09-05 18:46:12 [INFO] Epoch 046 | Train Loss: 0.0819 | Train Acc: 0.9772 | Val Loss: 0.0466 | Val Acc: 0.9864
2026-09-05 18:46:12 [INFO] ✓ Saved best model: Val Acc=0.9864 at epoch 46
2026-09-05 18:51:30 [INFO] Epoch 047 | Train Loss: 0.0797 | Train Acc: 0.9779 | Val Loss: 0.0467 | Val Acc: 0.9864
2026-09-05 18:51:31 [INFO] ✓ Saved best model: Val Acc=0.9864 at epoch 47
2026-09-05 18:56:51 [INFO] Epoch 048 | Train Loss: 0.0782 | Train Acc: 0.9783 | Val Loss: 0.0451 | Val Acc: 0.9869
2026-09-05 18:56:52 [INFO] ✓ Saved best model: Val Acc=0.9869 at epoch 48
2026-09-05 19:02:09 [INFO] Epoch 049 | Train Loss: 0.0772 | Train Acc: 0.9786 | Val Loss: 0.0449 | Val Acc: 0.9869
2026-09-05 19:02:09 [INFO] Evaluating Best Model on TEST Set...
2026-09-05 19:02:09 [INFO] 
[RESUME] Đang nạp checkpoint từ: /kaggle/working/VIT_S/German/VIT_S_best.pth
2026-09-05 19:03:13 [INFO] 🎯 [TEST RESULT] Test Acc: 0.9877 | F1-Macro: 0.9888 | F1-Weighted: 0.9877

