2026-09-06 11:24:35 [INFO] Dataset: DCID | Số nhãn (classes): 35 | Tổng số ảnh: 35000
2026-09-06 11:24:35 [INFO] Dữ liệu đã chia -> Train (70%): 24500 | Val (15%): 5250 | Test (15%): 5250
2026-09-06 11:24:35 [INFO] 
🔍 Kiểm tra phân bố class trong batch:
2026-09-06 11:24:35 [INFO]   Batch 0: 31 classes (first 5: [0, 1, 2, 3, 4])
2026-09-06 11:24:35 [INFO]   Batch 1: 32 classes (first 5: [0, 1, 2, 3, 4])
2026-09-06 11:24:35 [INFO]   Batch 2: 29 classes (first 5: [0, 1, 4, 5, 6])
2026-09-06 11:24:35 [INFO]   Batch 3: 31 classes (first 5: [0, 1, 2, 3, 4])
2026-09-06 11:24:35 [INFO]   Batch 4: 32 classes (first 5: [0, 1, 2, 4, 5])
2026-09-06 11:24:35 [INFO] ✅ Shuffle tốt! Trung bình 31.0 classes/batch
2026-09-06 11:24:35 [INFO] ============================================================
2026-09-06 11:24:35 [INFO] Starting training: MEDIUM_HYBRIC_MAMBA
2026-09-06 11:24:35 [INFO] Dataset: DCID | Path: /home/biu-linux/DeepLearning_Projects/DoAnNganh/data/DCID/DCID-512-35
2026-09-06 11:24:35 [INFO] Device: cuda
2026-09-06 11:24:35 [INFO] GPU: NVIDIA GeForce RTX 3050 Laptop GPU
2026-09-06 11:24:35 [INFO] ============================================================
2026-09-06 11:24:55 [INFO] Epoch 000 | Train Loss: 4.1806 | Train Acc: 0.2874 | Val Loss: 1.3879 | Val Acc: 0.6571
2026-09-06 11:24:55 [INFO] ✓ Saved best model: Val Acc=0.6571 at epoch 0
2026-09-06 11:25:12 [INFO] Epoch 001 | Train Loss: 2.3288 | Train Acc: 0.5803 | Val Loss: 0.6373 | Val Acc: 0.8371
2026-09-06 11:25:12 [INFO] ✓ Saved best model: Val Acc=0.8371 at epoch 1
2026-09-06 11:25:45 [INFO] Dataset: DCID | Số nhãn (classes): 35 | Tổng số ảnh: 35000
2026-09-06 11:25:45 [INFO] Dữ liệu đã chia -> Train (70%): 24500 | Val (15%): 5250 | Test (15%): 5250
2026-09-06 11:25:45 [INFO] 
🔍 Kiểm tra phân bố class trong batch:
2026-09-06 11:25:46 [INFO]   Batch 0: 21 classes (first 5: [0, 1, 2, 3, 4])
2026-09-06 11:25:46 [INFO]   Batch 1: 22 classes (first 5: [0, 1, 3, 4, 5])
2026-09-06 11:25:46 [INFO]   Batch 2: 21 classes (first 5: [0, 2, 3, 6, 7])
2026-09-06 11:25:46 [INFO]   Batch 3: 24 classes (first 5: [1, 2, 3, 4, 7])
2026-09-06 11:25:46 [INFO]   Batch 4: 20 classes (first 5: [0, 4, 5, 7, 8])
2026-09-06 11:25:46 [INFO] ✅ Shuffle tốt! Trung bình 21.6 classes/batch
2026-09-06 11:25:46 [INFO] ============================================================
2026-09-06 11:25:46 [INFO] Starting training: MEDIUM_HYBRIC_MAMBA
2026-09-06 11:25:46 [INFO] Dataset: DCID | Path: /home/biu-linux/DeepLearning_Projects/DoAnNganh/data/DCID/DCID-512-35
2026-09-06 11:25:46 [INFO] Device: cuda
2026-09-06 11:25:46 [INFO] GPU: NVIDIA GeForce RTX 3050 Laptop GPU
2026-09-06 11:25:46 [INFO] ============================================================
2026-09-06 11:25:46 [INFO] 
[RESUME] Đang nạp checkpoint từ: /home/biu-linux/DeepLearning_Projects/DoAnNganh/HybricMamba/Ressult/TFJ/MEDIUM_HYBRIC_MAMBA/DCID/MEDIUM_HYBRIC_MAMBA_best.pth
2026-09-06 11:26:12 [INFO] Epoch 002 | Train Loss: 1.6816 | Train Acc: 0.6883 | Val Loss: 0.3836 | Val Acc: 0.8775
2026-09-06 11:26:12 [INFO] ✓ Saved best model: Val Acc=0.8775 at epoch 2
2026-09-06 11:26:38 [INFO] Epoch 003 | Train Loss: 1.2591 | Train Acc: 0.7652 | Val Loss: 0.2559 | Val Acc: 0.9177
2026-09-06 11:26:38 [INFO] ✓ Saved best model: Val Acc=0.9177 at epoch 3
2026-09-06 11:27:06 [INFO] Epoch 004 | Train Loss: 1.1058 | Train Acc: 0.7924 | Val Loss: 0.1957 | Val Acc: 0.9390
2026-09-06 11:27:07 [INFO] ✓ Saved best model: Val Acc=0.9390 at epoch 4
2026-09-06 11:27:33 [INFO] Epoch 005 | Train Loss: 0.9206 | Train Acc: 0.8286 | Val Loss: 0.1552 | Val Acc: 0.9476
2026-09-06 11:27:33 [INFO] ✓ Saved best model: Val Acc=0.9476 at epoch 5
2026-09-06 11:28:07 [INFO] Epoch 006 | Train Loss: 0.7688 | Train Acc: 0.8579 | Val Loss: 0.1845 | Val Acc: 0.9394
2026-09-06 11:28:24 [INFO] Dataset: DCID | Số nhãn (classes): 35 | Tổng số ảnh: 35000
2026-09-06 11:28:24 [INFO] Dữ liệu đã chia -> Train (70%): 24500 | Val (15%): 5250 | Test (15%): 5250
2026-09-06 11:28:24 [INFO] 
🔍 Kiểm tra phân bố class trong batch:
2026-09-06 11:28:25 [INFO]   Batch 0: 26 classes (first 5: [0, 1, 2, 3, 4])
2026-09-06 11:28:25 [INFO]   Batch 1: 25 classes (first 5: [0, 1, 2, 3, 5])
2026-09-06 11:28:25 [INFO]   Batch 2: 27 classes (first 5: [0, 1, 2, 3, 4])
2026-09-06 11:28:25 [INFO]   Batch 3: 25 classes (first 5: [0, 1, 4, 5, 6])
2026-09-06 11:28:25 [INFO]   Batch 4: 28 classes (first 5: [0, 1, 2, 3, 5])
2026-09-06 11:28:25 [INFO] ✅ Shuffle tốt! Trung bình 26.2 classes/batch
2026-09-06 11:28:25 [INFO] ============================================================
2026-09-06 11:28:25 [INFO] Starting training: MEDIUM_HYBRIC_MAMBA
2026-09-06 11:28:25 [INFO] Dataset: DCID | Path: /home/biu-linux/DeepLearning_Projects/DoAnNganh/data/DCID/DCID-512-35
2026-09-06 11:28:25 [INFO] Device: cuda
2026-09-06 11:28:25 [INFO] GPU: NVIDIA GeForce RTX 3050 Laptop GPU
2026-09-06 11:28:25 [INFO] ============================================================
2026-09-06 11:28:25 [INFO] 
[RESUME] Đang nạp checkpoint từ: /home/biu-linux/DeepLearning_Projects/DoAnNganh/HybricMamba/Ressult/TFJ/MEDIUM_HYBRIC_MAMBA/DCID/MEDIUM_HYBRIC_MAMBA_best.pth
2026-09-06 11:28:47 [INFO] Epoch 006 | Train Loss: 0.6660 | Train Acc: 0.8778 | Val Loss: 0.1338 | Val Acc: 0.9539
2026-09-06 11:28:47 [INFO] ✓ Saved best model: Val Acc=0.9539 at epoch 6
2026-09-06 11:29:07 [INFO] Epoch 007 | Train Loss: 0.5795 | Train Acc: 0.8941 | Val Loss: 0.1321 | Val Acc: 0.9558
2026-09-06 11:29:07 [INFO] ✓ Saved best model: Val Acc=0.9558 at epoch 7
2026-09-06 11:29:27 [INFO] Epoch 008 | Train Loss: 0.5252 | Train Acc: 0.9051 | Val Loss: 0.1181 | Val Acc: 0.9606
2026-09-06 11:29:27 [INFO] ✓ Saved best model: Val Acc=0.9606 at epoch 8
2026-09-06 11:29:50 [INFO] Epoch 009 | Train Loss: 0.4729 | Train Acc: 0.9150 | Val Loss: 0.0901 | Val Acc: 0.9695
2026-09-06 11:29:50 [INFO] ✓ Saved best model: Val Acc=0.9695 at epoch 9
2026-09-06 11:30:12 [INFO] Epoch 010 | Train Loss: 0.4428 | Train Acc: 0.9207 | Val Loss: 0.0880 | Val Acc: 0.9720
2026-09-06 11:30:12 [INFO] ✓ Saved best model: Val Acc=0.9720 at epoch 10
2026-09-06 11:30:33 [INFO] Epoch 011 | Train Loss: 0.4106 | Train Acc: 0.9248 | Val Loss: 0.0982 | Val Acc: 0.9659
2026-09-06 11:30:55 [INFO] Epoch 012 | Train Loss: 0.3728 | Train Acc: 0.9341 | Val Loss: 0.0723 | Val Acc: 0.9760
2026-09-06 11:30:55 [INFO] ✓ Saved best model: Val Acc=0.9760 at epoch 12
2026-09-06 11:31:16 [INFO] Epoch 013 | Train Loss: 0.3635 | Train Acc: 0.9344 | Val Loss: 0.0647 | Val Acc: 0.9798
2026-09-06 11:31:16 [INFO] ✓ Saved best model: Val Acc=0.9798 at epoch 13
2026-09-06 11:31:38 [INFO] Epoch 014 | Train Loss: 0.3380 | Train Acc: 0.9391 | Val Loss: 0.1153 | Val Acc: 0.9627
2026-09-06 11:32:00 [INFO] Epoch 015 | Train Loss: 0.3126 | Train Acc: 0.9429 | Val Loss: 0.0719 | Val Acc: 0.9766
2026-09-06 11:32:21 [INFO] Epoch 016 | Train Loss: 0.2974 | Train Acc: 0.9455 | Val Loss: 0.0565 | Val Acc: 0.9810
2026-09-06 11:32:21 [INFO] ✓ Saved best model: Val Acc=0.9810 at epoch 16
2026-09-06 11:32:42 [INFO] Epoch 017 | Train Loss: 0.2777 | Train Acc: 0.9491 | Val Loss: 0.0635 | Val Acc: 0.9794
2026-09-06 11:33:03 [INFO] Epoch 018 | Train Loss: 0.2655 | Train Acc: 0.9528 | Val Loss: 0.0463 | Val Acc: 0.9865
2026-09-06 11:33:03 [INFO] ✓ Saved best model: Val Acc=0.9865 at epoch 18
2026-09-06 11:33:26 [INFO] Epoch 019 | Train Loss: 0.2567 | Train Acc: 0.9531 | Val Loss: 0.0577 | Val Acc: 0.9794
2026-09-06 11:33:47 [INFO] Epoch 020 | Train Loss: 0.2481 | Train Acc: 0.9548 | Val Loss: 0.0560 | Val Acc: 0.9808
2026-09-06 11:34:09 [INFO] Epoch 021 | Train Loss: 0.2233 | Train Acc: 0.9595 | Val Loss: 0.0391 | Val Acc: 0.9872
2026-09-06 11:34:09 [INFO] ✓ Saved best model: Val Acc=0.9872 at epoch 21
2026-09-06 11:34:30 [INFO] Epoch 022 | Train Loss: 0.2216 | Train Acc: 0.9607 | Val Loss: 0.0508 | Val Acc: 0.9832
2026-09-06 11:34:51 [INFO] Epoch 023 | Train Loss: 0.2100 | Train Acc: 0.9640 | Val Loss: 0.0407 | Val Acc: 0.9844
2026-09-06 11:35:14 [INFO] Epoch 024 | Train Loss: 0.2023 | Train Acc: 0.9647 | Val Loss: 0.0484 | Val Acc: 0.9840
2026-09-06 11:35:35 [INFO] Epoch 025 | Train Loss: 0.2007 | Train Acc: 0.9648 | Val Loss: 0.0365 | Val Acc: 0.9872
2026-09-06 11:35:57 [INFO] Epoch 026 | Train Loss: 0.1904 | Train Acc: 0.9669 | Val Loss: 0.0371 | Val Acc: 0.9878
2026-09-06 11:35:57 [INFO] ✓ Saved best model: Val Acc=0.9878 at epoch 26
2026-09-06 11:36:18 [INFO] Epoch 027 | Train Loss: 0.1832 | Train Acc: 0.9682 | Val Loss: 0.0353 | Val Acc: 0.9869
2026-09-06 11:36:40 [INFO] Epoch 028 | Train Loss: 0.1660 | Train Acc: 0.9714 | Val Loss: 0.0324 | Val Acc: 0.9895
2026-09-06 11:36:40 [INFO] ✓ Saved best model: Val Acc=0.9895 at epoch 28
2026-09-06 11:37:08 [INFO] Epoch 029 | Train Loss: 0.1663 | Train Acc: 0.9713 | Val Loss: 0.0352 | Val Acc: 0.9880
2026-09-06 11:37:32 [INFO] Epoch 030 | Train Loss: 0.1575 | Train Acc: 0.9718 | Val Loss: 0.0347 | Val Acc: 0.9882
2026-09-06 11:37:56 [INFO] Epoch 031 | Train Loss: 0.1531 | Train Acc: 0.9738 | Val Loss: 0.0291 | Val Acc: 0.9890
2026-09-06 11:38:16 [INFO] Epoch 032 | Train Loss: 0.1495 | Train Acc: 0.9749 | Val Loss: 0.0272 | Val Acc: 0.9914
2026-09-06 11:38:16 [INFO] ✓ Saved best model: Val Acc=0.9914 at epoch 32
2026-09-06 11:38:40 [INFO] Epoch 033 | Train Loss: 0.1395 | Train Acc: 0.9766 | Val Loss: 0.0317 | Val Acc: 0.9893
2026-09-06 11:39:04 [INFO] Epoch 034 | Train Loss: 0.1311 | Train Acc: 0.9780 | Val Loss: 0.0276 | Val Acc: 0.9895
2026-09-06 11:39:31 [INFO] Epoch 035 | Train Loss: 0.1342 | Train Acc: 0.9769 | Val Loss: 0.0301 | Val Acc: 0.9893
2026-09-06 11:39:54 [INFO] Epoch 036 | Train Loss: 0.1276 | Train Acc: 0.9796 | Val Loss: 0.0273 | Val Acc: 0.9905
2026-09-06 11:40:23 [INFO] Epoch 037 | Train Loss: 0.1203 | Train Acc: 0.9798 | Val Loss: 0.0326 | Val Acc: 0.9882
2026-09-06 11:40:45 [INFO] Epoch 038 | Train Loss: 0.1172 | Train Acc: 0.9807 | Val Loss: 0.0252 | Val Acc: 0.9916
2026-09-06 11:40:45 [INFO] ✓ Saved best model: Val Acc=0.9916 at epoch 38
2026-09-06 11:41:12 [INFO] Epoch 039 | Train Loss: 0.1097 | Train Acc: 0.9824 | Val Loss: 0.0276 | Val Acc: 0.9910
2026-09-06 11:41:35 [INFO] Epoch 040 | Train Loss: 0.1106 | Train Acc: 0.9829 | Val Loss: 0.0250 | Val Acc: 0.9918
2026-09-06 11:41:35 [INFO] ✓ Saved best model: Val Acc=0.9918 at epoch 40
2026-09-06 11:42:00 [INFO] Epoch 041 | Train Loss: 0.1103 | Train Acc: 0.9817 | Val Loss: 0.0228 | Val Acc: 0.9930
2026-09-06 11:42:00 [INFO] ✓ Saved best model: Val Acc=0.9930 at epoch 41
2026-09-06 11:42:30 [INFO] Epoch 042 | Train Loss: 0.1125 | Train Acc: 0.9822 | Val Loss: 0.0232 | Val Acc: 0.9926
2026-09-06 11:42:53 [INFO] Epoch 043 | Train Loss: 0.1020 | Train Acc: 0.9837 | Val Loss: 0.0213 | Val Acc: 0.9930
2026-09-06 11:43:21 [INFO] Epoch 044 | Train Loss: 0.0998 | Train Acc: 0.9847 | Val Loss: 0.0227 | Val Acc: 0.9926
2026-09-06 11:43:44 [INFO] Epoch 045 | Train Loss: 0.0965 | Train Acc: 0.9854 | Val Loss: 0.0207 | Val Acc: 0.9928
2026-09-06 11:44:07 [INFO] Epoch 046 | Train Loss: 0.0978 | Train Acc: 0.9853 | Val Loss: 0.0213 | Val Acc: 0.9931
2026-09-06 11:44:07 [INFO] ✓ Saved best model: Val Acc=0.9931 at epoch 46
2026-09-06 11:44:30 [INFO] Epoch 047 | Train Loss: 0.1053 | Train Acc: 0.9831 | Val Loss: 0.0220 | Val Acc: 0.9933
2026-09-06 11:44:30 [INFO] ✓ Saved best model: Val Acc=0.9933 at epoch 47
2026-09-06 11:44:55 [INFO] Epoch 048 | Train Loss: 0.1001 | Train Acc: 0.9843 | Val Loss: 0.0223 | Val Acc: 0.9928
2026-09-06 11:45:15 [INFO] Epoch 049 | Train Loss: 0.1028 | Train Acc: 0.9841 | Val Loss: 0.0233 | Val Acc: 0.9930
2026-09-06 11:45:38 [INFO] Epoch 050 | Train Loss: 0.0969 | Train Acc: 0.9854 | Val Loss: 0.0217 | Val Acc: 0.9935
2026-09-06 11:45:38 [INFO] ✓ Saved best model: Val Acc=0.9935 at epoch 50
2026-09-06 11:45:38 [INFO] Evaluating Best Model on TEST Set...
2026-09-06 11:45:38 [INFO] 
[RESUME] Đang nạp checkpoint từ: /home/biu-linux/DeepLearning_Projects/DoAnNganh/HybricMamba/Ressult/TFJ/MEDIUM_HYBRIC_MAMBA/DCID/MEDIUM_HYBRIC_MAMBA_best.pth
2026-09-06 11:45:40 [INFO] 🎯 [TEST RESULT] Test Acc: 0.9903 | F1-Macro: 0.9903 | F1-Weighted: 0.9903
