2026-08-25 09:49:51 [INFO] Dataset: NEU-DET_surface-dec | Số nhãn (classes): 6 | Tổng số ảnh: 1800
2026-08-25 09:49:51 [INFO] Dữ liệu đã chia -> Train (70%): 1260 | Val (15%): 270 | Test (15%): 270
2026-08-25 09:49:51 [INFO] 
🔍 Kiểm tra phân bố class trong batch:
2026-08-25 09:49:51 [INFO]   Batch 0: 6 classes (first 5: [0, 1, 2, 3, 4])
2026-08-25 09:49:51 [INFO]   Batch 1: 6 classes (first 5: [0, 1, 2, 3, 4])
2026-08-25 09:49:51 [INFO]   Batch 2: 6 classes (first 5: [0, 1, 2, 3, 4])
2026-08-25 09:49:51 [INFO]   Batch 3: 6 classes (first 5: [0, 1, 2, 3, 4])
2026-08-25 09:49:51 [INFO]   Batch 4: 6 classes (first 5: [0, 1, 2, 3, 4])
2026-08-25 09:49:51 [WARNING] ⚠️ WARNING: Trung bình 6.0 classes/batch - Dữ liệu chưa được trộn đều!
2026-08-25 09:49:51 [INFO] ============================================================
2026-08-25 09:49:51 [INFO] Starting training: HEAVY_HYBRIC_MAMBA
2026-08-25 09:49:51 [INFO] Dataset: NEU-DET_surface-dec | Path: /home/biu-linux/DeepLearning_Projects/DoAnNganh/data/NEU-DET
2026-08-25 09:49:51 [INFO] Device: cuda
2026-08-25 09:49:51 [INFO] GPU: NVIDIA GeForce RTX 3050 Laptop GPU
2026-08-25 09:49:51 [INFO] ============================================================
2026-08-25 09:49:56 [INFO] Epoch 000 | Train Loss: 2.3806 | Train Acc: 0.4286 | Val Loss: 2.2215 | Val Acc: 0.2481
2026-08-25 09:49:56 [INFO] ✓ Saved best model: Val Acc=0.2481 at epoch 0
2026-08-25 09:49:57 [INFO] Epoch 001 | Train Loss: 1.8395 | Train Acc: 0.6048 | Val Loss: 1.5817 | Val Acc: 0.4185
2026-08-25 09:49:57 [INFO] ✓ Saved best model: Val Acc=0.4185 at epoch 1
2026-08-25 09:49:58 [INFO] Epoch 002 | Train Loss: 1.6246 | Train Acc: 0.6595 | Val Loss: 0.7611 | Val Acc: 0.7000
2026-08-25 09:49:58 [INFO] ✓ Saved best model: Val Acc=0.7000 at epoch 2
2026-08-25 09:50:00 [INFO] Epoch 003 | Train Loss: 1.3132 | Train Acc: 0.7349 | Val Loss: 0.5242 | Val Acc: 0.8333
2026-08-25 09:50:00 [INFO] ✓ Saved best model: Val Acc=0.8333 at epoch 3
2026-08-25 09:50:01 [INFO] Epoch 004 | Train Loss: 1.1805 | Train Acc: 0.7651 | Val Loss: 0.5464 | Val Acc: 0.8111
2026-08-25 09:50:03 [INFO] Epoch 005 | Train Loss: 1.0479 | Train Acc: 0.8000 | Val Loss: 0.4014 | Val Acc: 0.8593
2026-08-25 09:50:03 [INFO] ✓ Saved best model: Val Acc=0.8593 at epoch 5
2026-08-25 09:50:06 [INFO] Epoch 006 | Train Loss: 0.9341 | Train Acc: 0.8127 | Val Loss: 0.4712 | Val Acc: 0.8074
2026-08-25 09:50:07 [INFO] Epoch 007 | Train Loss: 0.8807 | Train Acc: 0.8286 | Val Loss: 0.3471 | Val Acc: 0.8778
2026-08-25 09:50:08 [INFO] ✓ Saved best model: Val Acc=0.8778 at epoch 7
2026-08-25 09:50:09 [INFO] Epoch 008 | Train Loss: 0.7150 | Train Acc: 0.8579 | Val Loss: 0.2857 | Val Acc: 0.8889
2026-08-25 09:50:09 [INFO] ✓ Saved best model: Val Acc=0.8889 at epoch 8
2026-08-25 09:50:10 [INFO] Epoch 009 | Train Loss: 0.7207 | Train Acc: 0.8611 | Val Loss: 0.3157 | Val Acc: 0.8704
2026-08-25 09:50:12 [INFO] Epoch 010 | Train Loss: 0.7223 | Train Acc: 0.8595 | Val Loss: 0.3362 | Val Acc: 0.8630
2026-08-25 09:50:13 [INFO] Epoch 011 | Train Loss: 0.6703 | Train Acc: 0.8619 | Val Loss: 0.2763 | Val Acc: 0.8889
2026-08-25 09:50:15 [INFO] Epoch 012 | Train Loss: 0.6245 | Train Acc: 0.8627 | Val Loss: 0.3268 | Val Acc: 0.8630
2026-08-25 09:50:16 [INFO] Epoch 013 | Train Loss: 0.5769 | Train Acc: 0.8810 | Val Loss: 0.2048 | Val Acc: 0.9148
2026-08-25 09:50:16 [INFO] ✓ Saved best model: Val Acc=0.9148 at epoch 13
2026-08-25 09:50:18 [INFO] Epoch 014 | Train Loss: 0.5306 | Train Acc: 0.8889 | Val Loss: 0.2134 | Val Acc: 0.9333
2026-08-25 09:50:18 [INFO] ✓ Saved best model: Val Acc=0.9333 at epoch 14
2026-08-25 09:50:20 [INFO] Epoch 015 | Train Loss: 0.4929 | Train Acc: 0.8960 | Val Loss: 0.1815 | Val Acc: 0.9222
2026-08-25 09:50:22 [INFO] Epoch 016 | Train Loss: 0.4949 | Train Acc: 0.9008 | Val Loss: 0.2273 | Val Acc: 0.9000
2026-08-25 09:50:23 [INFO] Epoch 017 | Train Loss: 0.4185 | Train Acc: 0.9143 | Val Loss: 0.2013 | Val Acc: 0.9185
2026-08-25 09:50:25 [INFO] Epoch 018 | Train Loss: 0.4306 | Train Acc: 0.9127 | Val Loss: 0.2305 | Val Acc: 0.9000
2026-08-25 09:50:26 [INFO] Epoch 019 | Train Loss: 0.4558 | Train Acc: 0.8937 | Val Loss: 0.2067 | Val Acc: 0.9111
2026-08-25 09:50:27 [INFO] Epoch 020 | Train Loss: 0.3756 | Train Acc: 0.9278 | Val Loss: 0.2240 | Val Acc: 0.9259
2026-08-25 09:50:29 [INFO] Epoch 021 | Train Loss: 0.4035 | Train Acc: 0.9206 | Val Loss: 0.1649 | Val Acc: 0.9259
2026-08-25 09:50:30 [INFO] Epoch 022 | Train Loss: 0.3505 | Train Acc: 0.9294 | Val Loss: 0.1466 | Val Acc: 0.9481
2026-08-25 09:50:30 [INFO] ✓ Saved best model: Val Acc=0.9481 at epoch 22
2026-08-25 09:50:32 [INFO] Epoch 023 | Train Loss: 0.4012 | Train Acc: 0.9103 | Val Loss: 0.1680 | Val Acc: 0.9370
2026-08-25 09:50:33 [INFO] Epoch 024 | Train Loss: 0.3789 | Train Acc: 0.9230 | Val Loss: 0.1470 | Val Acc: 0.9407
2026-08-25 09:50:36 [INFO] Epoch 025 | Train Loss: 0.3358 | Train Acc: 0.9214 | Val Loss: 0.1227 | Val Acc: 0.9593
2026-08-25 09:50:36 [INFO] ✓ Saved best model: Val Acc=0.9593 at epoch 25
2026-08-25 09:50:37 [INFO] Epoch 026 | Train Loss: 0.3005 | Train Acc: 0.9452 | Val Loss: 0.1025 | Val Acc: 0.9519
2026-08-25 09:50:39 [INFO] Epoch 027 | Train Loss: 0.3345 | Train Acc: 0.9278 | Val Loss: 0.1318 | Val Acc: 0.9519
2026-08-25 09:50:40 [INFO] Epoch 028 | Train Loss: 0.3006 | Train Acc: 0.9413 | Val Loss: 0.1171 | Val Acc: 0.9519
2026-08-25 09:50:42 [INFO] Epoch 029 | Train Loss: 0.3080 | Train Acc: 0.9310 | Val Loss: 0.1129 | Val Acc: 0.9667
2026-08-25 09:50:42 [INFO] ✓ Saved best model: Val Acc=0.9667 at epoch 29
2026-08-25 09:50:43 [INFO] Epoch 030 | Train Loss: 0.3044 | Train Acc: 0.9429 | Val Loss: 0.1225 | Val Acc: 0.9556
2026-08-25 09:50:45 [INFO] Epoch 031 | Train Loss: 0.3071 | Train Acc: 0.9310 | Val Loss: 0.1101 | Val Acc: 0.9407
2026-08-25 09:50:46 [INFO] Epoch 032 | Train Loss: 0.3537 | Train Acc: 0.9294 | Val Loss: 0.1658 | Val Acc: 0.9296
2026-08-25 09:50:47 [INFO] Epoch 033 | Train Loss: 0.3108 | Train Acc: 0.9381 | Val Loss: 0.1059 | Val Acc: 0.9630
2026-08-25 09:50:50 [INFO] Epoch 034 | Train Loss: 0.2677 | Train Acc: 0.9405 | Val Loss: 0.1047 | Val Acc: 0.9481
2026-08-25 09:50:52 [INFO] Epoch 035 | Train Loss: 0.2346 | Train Acc: 0.9476 | Val Loss: 0.1085 | Val Acc: 0.9556
2026-08-25 09:50:53 [INFO] Epoch 036 | Train Loss: 0.2663 | Train Acc: 0.9492 | Val Loss: 0.0982 | Val Acc: 0.9519
2026-08-25 09:50:55 [INFO] Epoch 037 | Train Loss: 0.2248 | Train Acc: 0.9508 | Val Loss: 0.0818 | Val Acc: 0.9667
2026-08-25 09:50:56 [INFO] Epoch 038 | Train Loss: 0.2360 | Train Acc: 0.9476 | Val Loss: 0.1067 | Val Acc: 0.9444
2026-08-25 09:50:58 [INFO] Epoch 039 | Train Loss: 0.2512 | Train Acc: 0.9532 | Val Loss: 0.0730 | Val Acc: 0.9704
2026-08-25 09:50:58 [INFO] ✓ Saved best model: Val Acc=0.9704 at epoch 39
2026-08-25 09:50:59 [INFO] Epoch 040 | Train Loss: 0.2716 | Train Acc: 0.9421 | Val Loss: 0.1142 | Val Acc: 0.9370
2026-08-25 09:51:00 [INFO] Epoch 041 | Train Loss: 0.2362 | Train Acc: 0.9460 | Val Loss: 0.1117 | Val Acc: 0.9481
2026-08-25 09:51:02 [INFO] Epoch 042 | Train Loss: 0.2819 | Train Acc: 0.9429 | Val Loss: 0.1189 | Val Acc: 0.9481
2026-08-25 09:51:04 [INFO] Epoch 043 | Train Loss: 0.2412 | Train Acc: 0.9563 | Val Loss: 0.1408 | Val Acc: 0.9481
2026-08-25 09:51:06 [INFO] Epoch 044 | Train Loss: 0.2599 | Train Acc: 0.9444 | Val Loss: 0.1589 | Val Acc: 0.9222
2026-08-25 09:51:08 [INFO] Epoch 045 | Train Loss: 0.2504 | Train Acc: 0.9444 | Val Loss: 0.1667 | Val Acc: 0.9407
2026-08-25 09:51:09 [INFO] Epoch 046 | Train Loss: 0.2561 | Train Acc: 0.9508 | Val Loss: 0.1146 | Val Acc: 0.9630
2026-08-25 09:51:11 [INFO] Epoch 047 | Train Loss: 0.2083 | Train Acc: 0.9579 | Val Loss: 0.1507 | Val Acc: 0.9481
2026-08-25 09:51:12 [INFO] Epoch 048 | Train Loss: 0.1952 | Train Acc: 0.9556 | Val Loss: 0.1090 | Val Acc: 0.9444
2026-08-25 09:51:13 [INFO] Epoch 049 | Train Loss: 0.1770 | Train Acc: 0.9627 | Val Loss: 0.0948 | Val Acc: 0.9593
2026-08-25 09:51:15 [INFO] Epoch 050 | Train Loss: 0.1512 | Train Acc: 0.9706 | Val Loss: 0.0807 | Val Acc: 0.9704
2026-08-25 09:51:16 [INFO] Epoch 051 | Train Loss: 0.1758 | Train Acc: 0.9683 | Val Loss: 0.0768 | Val Acc: 0.9630
2026-08-25 09:51:18 [INFO] Epoch 052 | Train Loss: 0.1492 | Train Acc: 0.9738 | Val Loss: 0.0713 | Val Acc: 0.9667
2026-08-25 09:51:20 [INFO] Epoch 053 | Train Loss: 0.1650 | Train Acc: 0.9627 | Val Loss: 0.0740 | Val Acc: 0.9667
2026-08-25 09:51:22 [INFO] Epoch 054 | Train Loss: 0.1572 | Train Acc: 0.9690 | Val Loss: 0.0699 | Val Acc: 0.9667
2026-08-25 09:51:24 [INFO] Epoch 055 | Train Loss: 0.1417 | Train Acc: 0.9730 | Val Loss: 0.0644 | Val Acc: 0.9741
2026-08-25 09:51:24 [INFO] ✓ Saved best model: Val Acc=0.9741 at epoch 55
2026-08-25 09:51:25 [INFO] Epoch 056 | Train Loss: 0.1611 | Train Acc: 0.9627 | Val Loss: 0.0639 | Val Acc: 0.9704
2026-08-25 09:51:27 [INFO] Epoch 057 | Train Loss: 0.1295 | Train Acc: 0.9738 | Val Loss: 0.0643 | Val Acc: 0.9630
2026-08-25 09:51:28 [INFO] Epoch 058 | Train Loss: 0.1519 | Train Acc: 0.9698 | Val Loss: 0.0629 | Val Acc: 0.9741
2026-08-25 09:51:29 [INFO] Epoch 059 | Train Loss: 0.1552 | Train Acc: 0.9667 | Val Loss: 0.0654 | Val Acc: 0.9741
2026-08-25 09:51:31 [INFO] Epoch 060 | Train Loss: 0.1294 | Train Acc: 0.9817 | Val Loss: 0.0675 | Val Acc: 0.9704
2026-08-25 09:51:32 [INFO] Epoch 061 | Train Loss: 0.1391 | Train Acc: 0.9706 | Val Loss: 0.0614 | Val Acc: 0.9741
2026-08-25 09:51:34 [INFO] Epoch 062 | Train Loss: 0.1389 | Train Acc: 0.9762 | Val Loss: 0.0713 | Val Acc: 0.9667
2026-08-25 09:51:37 [INFO] Epoch 063 | Train Loss: 0.1497 | Train Acc: 0.9667 | Val Loss: 0.0673 | Val Acc: 0.9704
2026-08-25 09:51:38 [INFO] Epoch 064 | Train Loss: 0.1240 | Train Acc: 0.9754 | Val Loss: 0.0624 | Val Acc: 0.9741
2026-08-25 09:51:40 [INFO] Epoch 065 | Train Loss: 0.1290 | Train Acc: 0.9738 | Val Loss: 0.0675 | Val Acc: 0.9778
2026-08-25 09:51:40 [INFO] ✓ Saved best model: Val Acc=0.9778 at epoch 65
2026-08-25 09:51:41 [INFO] Epoch 066 | Train Loss: 0.1127 | Train Acc: 0.9825 | Val Loss: 0.0620 | Val Acc: 0.9704
2026-08-25 09:51:43 [INFO] Epoch 067 | Train Loss: 0.1266 | Train Acc: 0.9770 | Val Loss: 0.0643 | Val Acc: 0.9704
2026-08-25 09:51:44 [INFO] Epoch 068 | Train Loss: 0.1435 | Train Acc: 0.9786 | Val Loss: 0.0610 | Val Acc: 0.9704
2026-08-25 09:51:45 [INFO] Epoch 069 | Train Loss: 0.1327 | Train Acc: 0.9746 | Val Loss: 0.0628 | Val Acc: 0.9704
2026-08-25 09:51:47 [INFO] Epoch 070 | Train Loss: 0.1270 | Train Acc: 0.9786 | Val Loss: 0.0635 | Val Acc: 0.9667
2026-08-25 09:51:48 [INFO] Epoch 071 | Train Loss: 0.1258 | Train Acc: 0.9770 | Val Loss: 0.0660 | Val Acc: 0.9704
2026-08-25 09:51:51 [INFO] Epoch 072 | Train Loss: 0.1438 | Train Acc: 0.9722 | Val Loss: 0.0621 | Val Acc: 0.9815
2026-08-25 09:51:51 [INFO] ✓ Saved best model: Val Acc=0.9815 at epoch 72
2026-08-25 09:51:53 [INFO] Epoch 073 | Train Loss: 0.1352 | Train Acc: 0.9730 | Val Loss: 0.0595 | Val Acc: 0.9815
2026-08-25 09:51:54 [INFO] Epoch 074 | Train Loss: 0.1249 | Train Acc: 0.9786 | Val Loss: 0.0668 | Val Acc: 0.9704
2026-08-25 09:51:56 [INFO] Epoch 075 | Train Loss: 0.1387 | Train Acc: 0.9778 | Val Loss: 0.0696 | Val Acc: 0.9741
2026-08-25 09:51:57 [INFO] Epoch 076 | Train Loss: 0.1286 | Train Acc: 0.9738 | Val Loss: 0.0672 | Val Acc: 0.9667
2026-08-25 09:51:58 [INFO] Epoch 077 | Train Loss: 0.1322 | Train Acc: 0.9746 | Val Loss: 0.0648 | Val Acc: 0.9704
2026-08-25 09:52:00 [INFO] Epoch 078 | Train Loss: 0.1372 | Train Acc: 0.9722 | Val Loss: 0.0673 | Val Acc: 0.9741
2026-08-25 09:52:01 [INFO] Epoch 079 | Train Loss: 0.1317 | Train Acc: 0.9722 | Val Loss: 0.0679 | Val Acc: 0.9704
2026-08-25 09:52:03 [INFO] Epoch 080 | Train Loss: 0.1147 | Train Acc: 0.9738 | Val Loss: 0.0661 | Val Acc: 0.9741
2026-08-25 09:52:05 [INFO] Epoch 081 | Train Loss: 0.1192 | Train Acc: 0.9833 | Val Loss: 0.0664 | Val Acc: 0.9704
2026-08-25 09:52:08 [INFO] Epoch 082 | Train Loss: 0.1333 | Train Acc: 0.9738 | Val Loss: 0.0692 | Val Acc: 0.9704
2026-08-25 09:52:09 [INFO] Epoch 083 | Train Loss: 0.1128 | Train Acc: 0.9778 | Val Loss: 0.0696 | Val Acc: 0.9667
2026-08-25 09:52:10 [INFO] Epoch 084 | Train Loss: 0.1371 | Train Acc: 0.9722 | Val Loss: 0.0712 | Val Acc: 0.9704
2026-08-25 09:52:12 [INFO] Epoch 085 | Train Loss: 0.1367 | Train Acc: 0.9714 | Val Loss: 0.0677 | Val Acc: 0.9704
2026-08-25 09:52:13 [INFO] Epoch 086 | Train Loss: 0.1125 | Train Acc: 0.9810 | Val Loss: 0.0661 | Val Acc: 0.9704
2026-08-25 09:52:15 [INFO] Epoch 087 | Train Loss: 0.1211 | Train Acc: 0.9762 | Val Loss: 0.0655 | Val Acc: 0.9704
2026-08-25 09:52:16 [INFO] Epoch 088 | Train Loss: 0.1393 | Train Acc: 0.9762 | Val Loss: 0.0646 | Val Acc: 0.9741
2026-08-25 09:52:17 [INFO] Epoch 089 | Train Loss: 0.1281 | Train Acc: 0.9754 | Val Loss: 0.0641 | Val Acc: 0.9704
2026-08-25 09:52:20 [INFO] Epoch 090 | Train Loss: 0.1367 | Train Acc: 0.9746 | Val Loss: 0.0655 | Val Acc: 0.9704
2026-08-25 09:52:22 [INFO] Epoch 091 | Train Loss: 0.0929 | Train Acc: 0.9833 | Val Loss: 0.0667 | Val Acc: 0.9704
2026-08-25 09:52:23 [INFO] Epoch 092 | Train Loss: 0.1288 | Train Acc: 0.9762 | Val Loss: 0.0644 | Val Acc: 0.9704
2026-08-25 09:52:25 [INFO] Epoch 093 | Train Loss: 0.1232 | Train Acc: 0.9754 | Val Loss: 0.0646 | Val Acc: 0.9704
2026-08-25 09:52:26 [INFO] Epoch 094 | Train Loss: 0.1223 | Train Acc: 0.9778 | Val Loss: 0.0631 | Val Acc: 0.9741
2026-08-25 09:52:28 [INFO] Epoch 095 | Train Loss: 0.1173 | Train Acc: 0.9825 | Val Loss: 0.0672 | Val Acc: 0.9667
2026-08-25 09:52:29 [INFO] Epoch 096 | Train Loss: 0.1293 | Train Acc: 0.9722 | Val Loss: 0.0644 | Val Acc: 0.9741
2026-08-25 09:52:31 [INFO] Epoch 097 | Train Loss: 0.1292 | Train Acc: 0.9706 | Val Loss: 0.0618 | Val Acc: 0.9741
2026-08-25 09:52:32 [INFO] Epoch 098 | Train Loss: 0.1115 | Train Acc: 0.9778 | Val Loss: 0.0640 | Val Acc: 0.9704
2026-08-25 09:52:34 [INFO] Epoch 099 | Train Loss: 0.1195 | Train Acc: 0.9802 | Val Loss: 0.0656 | Val Acc: 0.9741
2026-08-25 09:52:36 [INFO] Epoch 100 | Train Loss: 0.0986 | Train Acc: 0.9810 | Val Loss: 0.0635 | Val Acc: 0.9704
2026-08-25 09:52:38 [INFO] Epoch 101 | Train Loss: 0.1234 | Train Acc: 0.9730 | Val Loss: 0.0627 | Val Acc: 0.9741
2026-08-25 09:52:39 [INFO] Epoch 102 | Train Loss: 0.1037 | Train Acc: 0.9778 | Val Loss: 0.0690 | Val Acc: 0.9667
2026-08-25 09:52:41 [INFO] Epoch 103 | Train Loss: 0.1026 | Train Acc: 0.9794 | Val Loss: 0.0667 | Val Acc: 0.9704
2026-08-25 09:52:42 [INFO] Epoch 104 | Train Loss: 0.1015 | Train Acc: 0.9810 | Val Loss: 0.0686 | Val Acc: 0.9704
2026-08-25 09:52:43 [INFO] Epoch 105 | Train Loss: 0.1041 | Train Acc: 0.9770 | Val Loss: 0.0660 | Val Acc: 0.9741
2026-08-25 09:52:45 [INFO] Epoch 106 | Train Loss: 0.1312 | Train Acc: 0.9730 | Val Loss: 0.0632 | Val Acc: 0.9704
2026-08-25 09:52:46 [INFO] Epoch 107 | Train Loss: 0.1309 | Train Acc: 0.9770 | Val Loss: 0.0676 | Val Acc: 0.9704
2026-08-25 09:52:48 [INFO] Epoch 108 | Train Loss: 0.1052 | Train Acc: 0.9817 | Val Loss: 0.0622 | Val Acc: 0.9778
2026-08-25 09:52:50 [INFO] Epoch 109 | Train Loss: 0.1204 | Train Acc: 0.9746 | Val Loss: 0.0602 | Val Acc: 0.9741
2026-08-25 09:52:53 [INFO] Epoch 110 | Train Loss: 0.0830 | Train Acc: 0.9849 | Val Loss: 0.0627 | Val Acc: 0.9741
2026-08-25 09:52:54 [INFO] Epoch 111 | Train Loss: 0.1094 | Train Acc: 0.9817 | Val Loss: 0.0644 | Val Acc: 0.9741
2026-08-25 09:52:56 [INFO] Epoch 112 | Train Loss: 0.1236 | Train Acc: 0.9770 | Val Loss: 0.0646 | Val Acc: 0.9704
2026-08-25 09:52:57 [INFO] Epoch 113 | Train Loss: 0.0990 | Train Acc: 0.9833 | Val Loss: 0.0617 | Val Acc: 0.9778
2026-08-25 09:52:58 [INFO] Epoch 114 | Train Loss: 0.1235 | Train Acc: 0.9817 | Val Loss: 0.0625 | Val Acc: 0.9741
2026-08-25 09:53:00 [INFO] Epoch 115 | Train Loss: 0.0943 | Train Acc: 0.9833 | Val Loss: 0.0643 | Val Acc: 0.9704
2026-08-25 09:53:01 [INFO] Epoch 116 | Train Loss: 0.1178 | Train Acc: 0.9802 | Val Loss: 0.0613 | Val Acc: 0.9741
2026-08-25 09:53:03 [INFO] Epoch 117 | Train Loss: 0.0938 | Train Acc: 0.9841 | Val Loss: 0.0645 | Val Acc: 0.9741
2026-08-25 09:53:05 [INFO] Epoch 118 | Train Loss: 0.1109 | Train Acc: 0.9794 | Val Loss: 0.0630 | Val Acc: 0.9704
2026-08-25 09:53:07 [INFO] Epoch 119 | Train Loss: 0.1061 | Train Acc: 0.9802 | Val Loss: 0.0618 | Val Acc: 0.9778
2026-08-25 09:53:09 [INFO] Epoch 120 | Train Loss: 0.1230 | Train Acc: 0.9770 | Val Loss: 0.0622 | Val Acc: 0.9741
2026-08-25 09:53:10 [INFO] Epoch 121 | Train Loss: 0.1207 | Train Acc: 0.9746 | Val Loss: 0.0632 | Val Acc: 0.9778
2026-08-25 09:53:12 [INFO] Epoch 122 | Train Loss: 0.1203 | Train Acc: 0.9770 | Val Loss: 0.0624 | Val Acc: 0.9741
2026-08-25 09:53:13 [INFO] Epoch 123 | Train Loss: 0.0990 | Train Acc: 0.9849 | Val Loss: 0.0635 | Val Acc: 0.9741
2026-08-25 09:53:15 [INFO] Epoch 124 | Train Loss: 0.1136 | Train Acc: 0.9810 | Val Loss: 0.0630 | Val Acc: 0.9778
2026-08-25 09:53:16 [INFO] Epoch 125 | Train Loss: 0.1183 | Train Acc: 0.9778 | Val Loss: 0.0631 | Val Acc: 0.9741
2026-08-25 09:53:17 [INFO] Epoch 126 | Train Loss: 0.0999 | Train Acc: 0.9825 | Val Loss: 0.0642 | Val Acc: 0.9704
2026-08-25 09:53:20 [INFO] Epoch 127 | Train Loss: 0.1373 | Train Acc: 0.9754 | Val Loss: 0.0599 | Val Acc: 0.9778
2026-08-25 09:53:22 [INFO] Epoch 128 | Train Loss: 0.1195 | Train Acc: 0.9762 | Val Loss: 0.0633 | Val Acc: 0.9741
2026-08-25 09:53:23 [INFO] Epoch 129 | Train Loss: 0.1194 | Train Acc: 0.9817 | Val Loss: 0.0628 | Val Acc: 0.9704
2026-08-25 09:53:23 [INFO] Evaluating Best Model on TEST Set...
2026-08-25 09:53:23 [INFO] 
[RESUME] Đang nạp checkpoint từ: /home/biu-linux/DeepLearning_Projects/DoAnNganh/HybricMamba/Ressult/TFJ/HEAVY_HYBRIC_MAMBA/NEU-DET_surface-dec/HEAVY_HYBRIC_MAMBA_best.pth
2026-08-25 09:53:24 [INFO] 🎯 [TEST RESULT] Test Acc: 0.9704 | F1-Macro: 0.9702 | F1-Weighted: 0.9702
2026-08-25 10:36:48 [INFO] Dataset: NEU-DET_surface-dec | Số nhãn (classes): 6 | Tổng số ảnh: 1800
2026-08-25 10:36:48 [INFO] Dữ liệu đã chia -> Train (70%): 1260 | Val (15%): 270 | Test (15%): 270
2026-08-25 10:36:48 [INFO] 
🔍 Kiểm tra phân bố class trong batch:
2026-08-25 10:36:48 [INFO]   Batch 0: 6 classes (first 5: [0, 1, 2, 3, 4])
2026-08-25 10:36:48 [INFO]   Batch 1: 6 classes (first 5: [0, 1, 2, 3, 4])
2026-08-25 10:36:48 [INFO]   Batch 2: 6 classes (first 5: [0, 1, 2, 3, 4])
2026-08-25 10:36:48 [INFO]   Batch 3: 6 classes (first 5: [0, 1, 2, 3, 4])
2026-08-25 10:36:48 [INFO]   Batch 4: 6 classes (first 5: [0, 1, 2, 3, 4])
2026-08-25 10:36:48 [WARNING] ⚠️ WARNING: Trung bình 6.0 classes/batch - Dữ liệu chưa được trộn đều!
2026-08-25 10:36:48 [INFO] ============================================================
2026-08-25 10:36:48 [INFO] Starting training: HEAVY_HYBRIC_MAMBA
2026-08-25 10:36:48 [INFO] Dataset: NEU-DET_surface-dec | Path: /home/biu-linux/DeepLearning_Projects/DoAnNganh/data/NEU-DET
2026-08-25 10:36:48 [INFO] Device: cuda
2026-08-25 10:36:48 [INFO] GPU: NVIDIA GeForce RTX 3050 Laptop GPU
2026-08-25 10:36:48 [INFO] ============================================================
2026-08-25 10:36:54 [INFO] Epoch 000 | Train Loss: 2.3947 | Train Acc: 0.4254 | Val Loss: 2.8320 | Val Acc: 0.2444
2026-08-25 10:36:54 [INFO] ✓ Saved best model: Val Acc=0.2444 at epoch 0
2026-08-25 10:36:55 [INFO] Epoch 001 | Train Loss: 1.8093 | Train Acc: 0.6151 | Val Loss: 1.9120 | Val Acc: 0.3444
2026-08-25 10:36:56 [INFO] ✓ Saved best model: Val Acc=0.3444 at epoch 1
2026-08-25 10:40:16 [INFO] Dataset: NEU-DET_surface-dec | Số nhãn (classes): 6 | Tổng số ảnh: 1800
2026-08-25 10:40:16 [INFO] Dữ liệu đã chia -> Train (70%): 1260 | Val (15%): 270 | Test (15%): 270
2026-08-25 10:40:16 [INFO] 
🔍 Kiểm tra phân bố class trong batch:
2026-08-25 10:40:16 [INFO]   Batch 0: 6 classes (first 5: [0, 1, 2, 3, 4])
2026-08-25 10:40:17 [INFO]   Batch 1: 6 classes (first 5: [0, 1, 2, 3, 4])
2026-08-25 10:40:17 [INFO]   Batch 2: 6 classes (first 5: [0, 1, 2, 3, 4])
2026-08-25 10:40:17 [INFO]   Batch 3: 6 classes (first 5: [0, 1, 2, 3, 4])
2026-08-25 10:40:17 [INFO]   Batch 4: 6 classes (first 5: [0, 1, 2, 3, 4])
2026-08-25 10:40:17 [WARNING] ⚠️ WARNING: Trung bình 6.0 classes/batch - Dữ liệu chưa được trộn đều!
2026-08-25 10:40:17 [INFO] ============================================================
2026-08-25 10:40:17 [INFO] Starting training: HEAVY_HYBRIC_MAMBA
2026-08-25 10:40:17 [INFO] Dataset: NEU-DET_surface-dec | Path: /home/biu-linux/DeepLearning_Projects/DoAnNganh/data/NEU-DET
2026-08-25 10:40:17 [INFO] Device: cuda
2026-08-25 10:40:17 [INFO] GPU: NVIDIA GeForce RTX 3050 Laptop GPU
2026-08-25 10:40:17 [INFO] ============================================================
2026-08-25 10:40:21 [INFO] Epoch 000 | Train Loss: 2.3991 | Train Acc: 0.4063 | Val Loss: 2.1261 | Val Acc: 0.2519
2026-08-25 10:40:21 [INFO] ✓ Saved best model: Val Acc=0.2519 at epoch 0
2026-08-25 10:40:23 [INFO] Epoch 001 | Train Loss: 1.8745 | Train Acc: 0.5683 | Val Loss: 1.4888 | Val Acc: 0.4185
2026-08-25 10:40:23 [INFO] ✓ Saved best model: Val Acc=0.4185 at epoch 1
2026-08-25 10:40:24 [INFO] Epoch 002 | Train Loss: 1.7005 | Train Acc: 0.6325 | Val Loss: 0.6125 | Val Acc: 0.8185
2026-08-25 10:40:24 [INFO] ✓ Saved best model: Val Acc=0.8185 at epoch 2
2026-08-25 10:40:26 [INFO] Epoch 003 | Train Loss: 1.4260 | Train Acc: 0.7127 | Val Loss: 0.5639 | Val Acc: 0.8037
2026-08-25 10:40:27 [INFO] Epoch 004 | Train Loss: 1.2530 | Train Acc: 0.7476 | Val Loss: 0.4236 | Val Acc: 0.8407
2026-08-25 10:40:27 [INFO] ✓ Saved best model: Val Acc=0.8407 at epoch 4
2026-08-25 10:40:28 [INFO] Epoch 005 | Train Loss: 1.0810 | Train Acc: 0.7881 | Val Loss: 0.4505 | Val Acc: 0.8407
2026-08-25 10:40:30 [INFO] Epoch 006 | Train Loss: 1.0088 | Train Acc: 0.7976 | Val Loss: 0.3620 | Val Acc: 0.8593
2026-08-25 10:40:30 [INFO] ✓ Saved best model: Val Acc=0.8593 at epoch 6
2026-08-25 10:40:33 [INFO] Epoch 007 | Train Loss: 0.9381 | Train Acc: 0.8119 | Val Loss: 0.4041 | Val Acc: 0.8333
2026-08-25 10:40:35 [INFO] Epoch 008 | Train Loss: 0.8244 | Train Acc: 0.8429 | Val Loss: 0.3270 | Val Acc: 0.8704
2026-08-25 10:40:35 [INFO] ✓ Saved best model: Val Acc=0.8704 at epoch 8
2026-08-25 10:40:36 [INFO] Epoch 009 | Train Loss: 0.8094 | Train Acc: 0.8460 | Val Loss: 0.3198 | Val Acc: 0.8741
2026-08-25 10:40:36 [INFO] ✓ Saved best model: Val Acc=0.8741 at epoch 9
2026-08-25 10:40:37 [INFO] Epoch 010 | Train Loss: 0.6824 | Train Acc: 0.8659 | Val Loss: 0.2134 | Val Acc: 0.9222
2026-08-25 10:40:37 [INFO] ✓ Saved best model: Val Acc=0.9222 at epoch 10
2026-08-25 10:40:39 [INFO] Epoch 011 | Train Loss: 0.6465 | Train Acc: 0.8762 | Val Loss: 0.2212 | Val Acc: 0.9259
2026-08-25 10:40:39 [INFO] ✓ Saved best model: Val Acc=0.9259 at epoch 11
2026-08-25 10:40:40 [INFO] Epoch 012 | Train Loss: 0.6264 | Train Acc: 0.8786 | Val Loss: 0.4012 | Val Acc: 0.8667
2026-08-25 10:40:42 [INFO] Epoch 013 | Train Loss: 0.5506 | Train Acc: 0.8913 | Val Loss: 0.2011 | Val Acc: 0.9148
2026-08-25 10:40:43 [INFO] Epoch 014 | Train Loss: 0.5398 | Train Acc: 0.8992 | Val Loss: 0.1997 | Val Acc: 0.9333
2026-08-25 10:40:43 [INFO] ✓ Saved best model: Val Acc=0.9333 at epoch 14
2026-08-25 10:40:45 [INFO] Epoch 015 | Train Loss: 0.5003 | Train Acc: 0.8992 | Val Loss: 0.1891 | Val Acc: 0.9185
2026-08-25 10:40:47 [INFO] Epoch 016 | Train Loss: 0.4882 | Train Acc: 0.8968 | Val Loss: 0.1982 | Val Acc: 0.9148
2026-08-25 10:40:49 [INFO] Epoch 017 | Train Loss: 0.4353 | Train Acc: 0.9063 | Val Loss: 0.1578 | Val Acc: 0.9259
2026-08-25 10:40:50 [INFO] Epoch 018 | Train Loss: 0.4160 | Train Acc: 0.9198 | Val Loss: 0.1385 | Val Acc: 0.9444
2026-08-25 10:40:50 [INFO] ✓ Saved best model: Val Acc=0.9444 at epoch 18
2026-08-25 10:40:52 [INFO] Epoch 019 | Train Loss: 0.4118 | Train Acc: 0.9119 | Val Loss: 0.1788 | Val Acc: 0.9148
2026-08-25 10:40:53 [INFO] Epoch 020 | Train Loss: 0.3808 | Train Acc: 0.9238 | Val Loss: 0.2209 | Val Acc: 0.9111
2026-08-25 10:40:55 [INFO] Epoch 021 | Train Loss: 0.3691 | Train Acc: 0.9286 | Val Loss: 0.1355 | Val Acc: 0.9296
2026-08-25 10:40:56 [INFO] Epoch 022 | Train Loss: 0.2965 | Train Acc: 0.9421 | Val Loss: 0.1041 | Val Acc: 0.9519
2026-08-25 10:40:56 [INFO] ✓ Saved best model: Val Acc=0.9519 at epoch 22
2026-08-25 10:40:58 [INFO] Epoch 023 | Train Loss: 0.3522 | Train Acc: 0.9159 | Val Loss: 0.3051 | Val Acc: 0.8630
2026-08-25 10:40:59 [INFO] Epoch 024 | Train Loss: 0.3743 | Train Acc: 0.9206 | Val Loss: 0.1285 | Val Acc: 0.9481
2026-08-25 10:41:01 [INFO] Epoch 025 | Train Loss: 0.3295 | Train Acc: 0.9317 | Val Loss: 0.0906 | Val Acc: 0.9630
2026-08-25 10:41:01 [INFO] ✓ Saved best model: Val Acc=0.9630 at epoch 25
2026-08-25 10:41:04 [INFO] Epoch 026 | Train Loss: 0.2724 | Train Acc: 0.9437 | Val Loss: 0.0925 | Val Acc: 0.9667
2026-08-25 10:41:04 [INFO] ✓ Saved best model: Val Acc=0.9667 at epoch 26
2026-08-25 10:41:05 [INFO] Epoch 027 | Train Loss: 0.2871 | Train Acc: 0.9397 | Val Loss: 0.0887 | Val Acc: 0.9667
2026-08-25 10:41:07 [INFO] Epoch 028 | Train Loss: 0.2693 | Train Acc: 0.9437 | Val Loss: 0.1329 | Val Acc: 0.9259
2026-08-25 10:41:08 [INFO] Epoch 029 | Train Loss: 0.2788 | Train Acc: 0.9405 | Val Loss: 0.0813 | Val Acc: 0.9667
2026-08-25 10:41:10 [INFO] Epoch 030 | Train Loss: 0.2683 | Train Acc: 0.9444 | Val Loss: 0.1166 | Val Acc: 0.9444
2026-08-25 10:41:11 [INFO] Epoch 031 | Train Loss: 0.2992 | Train Acc: 0.9333 | Val Loss: 0.1589 | Val Acc: 0.9259
2026-08-25 10:41:12 [INFO] Epoch 032 | Train Loss: 0.2556 | Train Acc: 0.9476 | Val Loss: 0.1171 | Val Acc: 0.9370
2026-08-25 10:41:14 [INFO] Epoch 033 | Train Loss: 0.2460 | Train Acc: 0.9540 | Val Loss: 0.0993 | Val Acc: 0.9519
2026-08-25 10:41:16 [INFO] Epoch 034 | Train Loss: 0.2488 | Train Acc: 0.9532 | Val Loss: 0.1269 | Val Acc: 0.9370
2026-08-25 10:41:19 [INFO] Epoch 035 | Train Loss: 0.1973 | Train Acc: 0.9579 | Val Loss: 0.0967 | Val Acc: 0.9741
2026-08-25 10:41:19 [INFO] ✓ Saved best model: Val Acc=0.9741 at epoch 35
2026-08-25 10:41:21 [INFO] Epoch 036 | Train Loss: 0.2497 | Train Acc: 0.9548 | Val Loss: 0.1056 | Val Acc: 0.9593
2026-08-25 10:41:22 [INFO] Epoch 037 | Train Loss: 0.2089 | Train Acc: 0.9563 | Val Loss: 0.0745 | Val Acc: 0.9667
2026-08-25 10:41:23 [INFO] Epoch 038 | Train Loss: 0.1927 | Train Acc: 0.9579 | Val Loss: 0.0960 | Val Acc: 0.9519
2026-08-25 10:41:25 [INFO] Epoch 039 | Train Loss: 0.2253 | Train Acc: 0.9444 | Val Loss: 0.1058 | Val Acc: 0.9593
2026-08-25 10:41:26 [INFO] Epoch 040 | Train Loss: 0.2284 | Train Acc: 0.9508 | Val Loss: 0.2084 | Val Acc: 0.9037
2026-08-25 10:41:28 [INFO] Epoch 041 | Train Loss: 0.2175 | Train Acc: 0.9548 | Val Loss: 0.1131 | Val Acc: 0.9556
2026-08-25 10:41:29 [INFO] Epoch 042 | Train Loss: 0.1820 | Train Acc: 0.9651 | Val Loss: 0.0885 | Val Acc: 0.9704
2026-08-25 10:41:31 [INFO] Epoch 043 | Train Loss: 0.1961 | Train Acc: 0.9556 | Val Loss: 0.1057 | Val Acc: 0.9481
2026-08-25 10:41:34 [INFO] Epoch 044 | Train Loss: 0.2014 | Train Acc: 0.9556 | Val Loss: 0.0884 | Val Acc: 0.9778
2026-08-25 10:41:34 [INFO] ✓ Saved best model: Val Acc=0.9778 at epoch 44
2026-08-25 10:41:36 [INFO] Epoch 045 | Train Loss: 0.1837 | Train Acc: 0.9675 | Val Loss: 0.1324 | Val Acc: 0.9556
2026-08-25 10:41:37 [INFO] Epoch 046 | Train Loss: 0.1936 | Train Acc: 0.9587 | Val Loss: 0.0784 | Val Acc: 0.9741
2026-08-25 10:41:39 [INFO] Epoch 047 | Train Loss: 0.1709 | Train Acc: 0.9651 | Val Loss: 0.1261 | Val Acc: 0.9519
2026-08-25 10:41:40 [INFO] Epoch 048 | Train Loss: 0.1560 | Train Acc: 0.9730 | Val Loss: 0.0811 | Val Acc: 0.9778
2026-08-25 10:41:41 [INFO] Epoch 049 | Train Loss: 0.1806 | Train Acc: 0.9683 | Val Loss: 0.1046 | Val Acc: 0.9556
2026-08-25 10:41:43 [INFO] Epoch 050 | Train Loss: 0.1379 | Train Acc: 0.9722 | Val Loss: 0.0763 | Val Acc: 0.9556
2026-08-25 10:41:44 [INFO] Epoch 051 | Train Loss: 0.1343 | Train Acc: 0.9722 | Val Loss: 0.0586 | Val Acc: 0.9852
2026-08-25 10:41:44 [INFO] ✓ Saved best model: Val Acc=0.9852 at epoch 51
2026-08-25 10:41:48 [INFO] Epoch 052 | Train Loss: 0.1328 | Train Acc: 0.9762 | Val Loss: 0.0547 | Val Acc: 0.9852
2026-08-25 10:41:50 [INFO] Epoch 053 | Train Loss: 0.1454 | Train Acc: 0.9746 | Val Loss: 0.0524 | Val Acc: 0.9852
2026-08-25 10:41:51 [INFO] Epoch 054 | Train Loss: 0.1240 | Train Acc: 0.9770 | Val Loss: 0.0547 | Val Acc: 0.9852
2026-08-25 10:41:53 [INFO] Epoch 055 | Train Loss: 0.1184 | Train Acc: 0.9786 | Val Loss: 0.0481 | Val Acc: 0.9852
2026-08-25 10:41:54 [INFO] Epoch 056 | Train Loss: 0.1304 | Train Acc: 0.9762 | Val Loss: 0.0501 | Val Acc: 0.9852
2026-08-25 10:41:56 [INFO] Epoch 057 | Train Loss: 0.1146 | Train Acc: 0.9762 | Val Loss: 0.0508 | Val Acc: 0.9815
2026-08-25 10:41:57 [INFO] Epoch 058 | Train Loss: 0.1050 | Train Acc: 0.9770 | Val Loss: 0.0487 | Val Acc: 0.9815
2026-08-25 10:41:58 [INFO] Epoch 059 | Train Loss: 0.1122 | Train Acc: 0.9770 | Val Loss: 0.0506 | Val Acc: 0.9815
2026-08-25 10:42:00 [INFO] Epoch 060 | Train Loss: 0.0885 | Train Acc: 0.9849 | Val Loss: 0.0525 | Val Acc: 0.9852
2026-08-25 10:42:02 [INFO] Epoch 061 | Train Loss: 0.1205 | Train Acc: 0.9770 | Val Loss: 0.0509 | Val Acc: 0.9889
2026-08-25 10:42:02 [INFO] ✓ Saved best model: Val Acc=0.9889 at epoch 61
2026-08-25 10:42:05 [INFO] Epoch 062 | Train Loss: 0.0988 | Train Acc: 0.9849 | Val Loss: 0.0518 | Val Acc: 0.9852
2026-08-25 10:42:06 [INFO] Epoch 063 | Train Loss: 0.1067 | Train Acc: 0.9794 | Val Loss: 0.0522 | Val Acc: 0.9852
2026-08-25 10:42:09 [INFO] Epoch 064 | Train Loss: 0.1078 | Train Acc: 0.9817 | Val Loss: 0.0465 | Val Acc: 0.9852
2026-08-25 10:42:12 [INFO] Epoch 065 | Train Loss: 0.1010 | Train Acc: 0.9817 | Val Loss: 0.0445 | Val Acc: 0.9889
2026-08-25 10:42:13 [INFO] Epoch 066 | Train Loss: 0.0921 | Train Acc: 0.9841 | Val Loss: 0.0448 | Val Acc: 0.9852
2026-08-25 10:42:15 [INFO] Epoch 067 | Train Loss: 0.1012 | Train Acc: 0.9794 | Val Loss: 0.0453 | Val Acc: 0.9852
2026-08-25 10:42:16 [INFO] Epoch 068 | Train Loss: 0.0942 | Train Acc: 0.9833 | Val Loss: 0.0455 | Val Acc: 0.9852
2026-08-25 10:42:18 [INFO] Epoch 069 | Train Loss: 0.1190 | Train Acc: 0.9754 | Val Loss: 0.0462 | Val Acc: 0.9852
2026-08-25 10:42:19 [INFO] Epoch 070 | Train Loss: 0.0976 | Train Acc: 0.9786 | Val Loss: 0.0449 | Val Acc: 0.9852
2026-08-25 10:42:20 [INFO] Epoch 071 | Train Loss: 0.0864 | Train Acc: 0.9833 | Val Loss: 0.0418 | Val Acc: 0.9852
2026-08-25 10:42:22 [INFO] Epoch 072 | Train Loss: 0.1146 | Train Acc: 0.9778 | Val Loss: 0.0409 | Val Acc: 0.9889
2026-08-25 10:42:24 [INFO] Epoch 073 | Train Loss: 0.0851 | Train Acc: 0.9865 | Val Loss: 0.0420 | Val Acc: 0.9852
2026-08-25 10:42:27 [INFO] Epoch 074 | Train Loss: 0.0861 | Train Acc: 0.9825 | Val Loss: 0.0431 | Val Acc: 0.9852
2026-08-25 10:42:28 [INFO] Epoch 075 | Train Loss: 0.0929 | Train Acc: 0.9794 | Val Loss: 0.0411 | Val Acc: 0.9852
2026-08-25 10:42:30 [INFO] Epoch 076 | Train Loss: 0.1010 | Train Acc: 0.9825 | Val Loss: 0.0528 | Val Acc: 0.9778
2026-08-25 10:42:31 [INFO] Epoch 077 | Train Loss: 0.0939 | Train Acc: 0.9865 | Val Loss: 0.0508 | Val Acc: 0.9815
2026-08-25 10:42:33 [INFO] Epoch 078 | Train Loss: 0.1095 | Train Acc: 0.9802 | Val Loss: 0.0400 | Val Acc: 0.9889
2026-08-25 10:42:34 [INFO] Epoch 079 | Train Loss: 0.0877 | Train Acc: 0.9833 | Val Loss: 0.0401 | Val Acc: 0.9889
2026-08-25 10:42:35 [INFO] Epoch 080 | Train Loss: 0.0937 | Train Acc: 0.9849 | Val Loss: 0.0387 | Val Acc: 0.9889
2026-08-25 10:42:37 [INFO] Epoch 081 | Train Loss: 0.0822 | Train Acc: 0.9833 | Val Loss: 0.0412 | Val Acc: 0.9852
2026-08-25 10:42:39 [INFO] Epoch 082 | Train Loss: 0.1024 | Train Acc: 0.9817 | Val Loss: 0.0420 | Val Acc: 0.9852
2026-08-25 10:42:42 [INFO] Epoch 083 | Train Loss: 0.0837 | Train Acc: 0.9857 | Val Loss: 0.0428 | Val Acc: 0.9852
2026-08-25 10:42:43 [INFO] Epoch 084 | Train Loss: 0.0949 | Train Acc: 0.9817 | Val Loss: 0.0420 | Val Acc: 0.9852
2026-08-25 10:42:44 [INFO] Epoch 085 | Train Loss: 0.0792 | Train Acc: 0.9873 | Val Loss: 0.0420 | Val Acc: 0.9852
2026-08-25 10:42:46 [INFO] Epoch 086 | Train Loss: 0.0818 | Train Acc: 0.9873 | Val Loss: 0.0414 | Val Acc: 0.9852
2026-08-25 10:42:46 [INFO] ⏹ Early stopping tại epoch 86 (không cải thiện sau 25 epoch, best=0.9889)
2026-08-25 10:42:46 [INFO] Evaluating Best Model on TEST Set...
2026-08-25 10:42:46 [INFO] 
[RESUME] Đang nạp checkpoint từ: /home/biu-linux/DeepLearning_Projects/DoAnNganh/HybricMamba/Ressult/TFJ/HEAVY_HYBRIC_MAMBA/NEU-DET_surface-dec/HEAVY_HYBRIC_MAMBA_best.pth
2026-08-25 10:42:46 [INFO] 🎯 [TEST RESULT] Test Acc: 0.9815 | F1-Macro: 0.9814 | F1-Weighted: 0.9814
2026-08-25 10:47:32 [INFO] Dataset: NEU-DET_surface-dec | Số nhãn (classes): 6 | Tổng số ảnh: 1800
2026-08-25 10:47:32 [INFO] Dữ liệu đã chia -> Train (70%): 1260 | Val (15%): 270 | Test (15%): 270
2026-08-25 10:47:32 [INFO] 
🔍 Kiểm tra phân bố class trong batch:
2026-08-25 10:47:32 [INFO]   Batch 0: 6 classes (first 5: [0, 1, 2, 3, 4])
2026-08-25 10:47:32 [INFO]   Batch 1: 6 classes (first 5: [0, 1, 2, 3, 4])
2026-08-25 10:47:32 [INFO]   Batch 2: 6 classes (first 5: [0, 1, 2, 3, 4])
2026-08-25 10:47:32 [INFO]   Batch 3: 6 classes (first 5: [0, 1, 2, 3, 4])
2026-08-25 10:47:32 [INFO]   Batch 4: 6 classes (first 5: [0, 1, 2, 3, 4])
2026-08-25 10:47:32 [WARNING] ⚠️ WARNING: Trung bình 6.0 classes/batch - Dữ liệu chưa được trộn đều!
2026-08-25 10:47:32 [INFO] ============================================================
2026-08-25 10:47:32 [INFO] Starting training: HEAVY_HYBRIC_MAMBA
2026-08-25 10:47:32 [INFO] Dataset: NEU-DET_surface-dec | Path: /home/biu-linux/DeepLearning_Projects/DoAnNganh/data/NEU-DET
2026-08-25 10:47:32 [INFO] Device: cuda
2026-08-25 10:47:32 [INFO] GPU: NVIDIA GeForce RTX 3050 Laptop GPU
2026-08-25 10:47:32 [INFO] ============================================================
2026-08-25 10:47:38 [INFO] Epoch 000 | Train Loss: 2.6871 | Train Acc: 0.3381 | Val Loss: 1.8448 | Val Acc: 0.2519
2026-08-25 10:47:38 [INFO] ✓ Saved best model: Val Acc=0.2519 at epoch 0
2026-08-25 10:47:40 [INFO] Epoch 001 | Train Loss: 2.3147 | Train Acc: 0.4873 | Val Loss: 1.5388 | Val Acc: 0.3148
2026-08-25 10:47:40 [INFO] ✓ Saved best model: Val Acc=0.3148 at epoch 1
2026-08-25 10:47:42 [INFO] Epoch 002 | Train Loss: 1.9689 | Train Acc: 0.5683 | Val Loss: 0.8913 | Val Acc: 0.7000
2026-08-25 10:47:42 [INFO] ✓ Saved best model: Val Acc=0.7000 at epoch 2
2026-08-25 10:47:44 [INFO] Epoch 003 | Train Loss: 1.5598 | Train Acc: 0.6865 | Val Loss: 0.6697 | Val Acc: 0.7963
2026-08-25 10:47:44 [INFO] ✓ Saved best model: Val Acc=0.7963 at epoch 3
2026-08-25 10:47:46 [INFO] Epoch 004 | Train Loss: 1.3655 | Train Acc: 0.7262 | Val Loss: 0.5498 | Val Acc: 0.7963
2026-08-25 10:47:49 [INFO] Epoch 005 | Train Loss: 1.1979 | Train Acc: 0.7571 | Val Loss: 0.4484 | Val Acc: 0.8444
2026-08-25 10:47:49 [INFO] ✓ Saved best model: Val Acc=0.8444 at epoch 5
2026-08-25 10:47:51 [INFO] Epoch 006 | Train Loss: 1.1089 | Train Acc: 0.7603 | Val Loss: 0.4887 | Val Acc: 0.7778
2026-08-25 10:47:54 [INFO] Epoch 007 | Train Loss: 1.0450 | Train Acc: 0.7841 | Val Loss: 0.4364 | Val Acc: 0.8630
2026-08-25 10:47:54 [INFO] ✓ Saved best model: Val Acc=0.8630 at epoch 7
2026-08-25 10:47:57 [INFO] Epoch 008 | Train Loss: 0.8503 | Train Acc: 0.8325 | Val Loss: 0.3365 | Val Acc: 0.8815
2026-08-25 10:47:57 [INFO] ✓ Saved best model: Val Acc=0.8815 at epoch 8
2026-08-25 10:47:59 [INFO] Epoch 009 | Train Loss: 0.7587 | Train Acc: 0.8397 | Val Loss: 0.3356 | Val Acc: 0.8630
2026-08-25 10:48:00 [INFO] Epoch 010 | Train Loss: 0.7016 | Train Acc: 0.8579 | Val Loss: 0.2836 | Val Acc: 0.9000
2026-08-25 10:48:00 [INFO] ✓ Saved best model: Val Acc=0.9000 at epoch 10
2026-08-25 10:48:02 [INFO] Epoch 011 | Train Loss: 0.7061 | Train Acc: 0.8587 | Val Loss: 0.2476 | Val Acc: 0.9222
2026-08-25 10:48:02 [INFO] ✓ Saved best model: Val Acc=0.9222 at epoch 11
2026-08-25 10:48:03 [INFO] Epoch 012 | Train Loss: 0.6584 | Train Acc: 0.8675 | Val Loss: 0.2250 | Val Acc: 0.9074
2026-08-25 10:48:05 [INFO] Epoch 013 | Train Loss: 0.6274 | Train Acc: 0.8722 | Val Loss: 0.2132 | Val Acc: 0.9185
2026-08-25 10:48:06 [INFO] Epoch 014 | Train Loss: 0.5607 | Train Acc: 0.8810 | Val Loss: 0.2657 | Val Acc: 0.9000
2026-08-25 10:48:08 [INFO] Epoch 015 | Train Loss: 0.5535 | Train Acc: 0.8817 | Val Loss: 0.2197 | Val Acc: 0.9111
2026-08-25 10:48:11 [INFO] Epoch 016 | Train Loss: 0.5528 | Train Acc: 0.8802 | Val Loss: 0.1931 | Val Acc: 0.9333
2026-08-25 10:48:11 [INFO] ✓ Saved best model: Val Acc=0.9333 at epoch 16
2026-08-25 10:48:13 [INFO] Epoch 017 | Train Loss: 0.5149 | Train Acc: 0.8944 | Val Loss: 0.3618 | Val Acc: 0.8370
2026-08-25 10:48:14 [INFO] Epoch 018 | Train Loss: 0.4859 | Train Acc: 0.9040 | Val Loss: 0.1767 | Val Acc: 0.9259
2026-08-25 10:48:15 [INFO] Epoch 019 | Train Loss: 0.4821 | Train Acc: 0.8960 | Val Loss: 0.2645 | Val Acc: 0.9111
2026-08-25 10:48:17 [INFO] Epoch 020 | Train Loss: 0.4317 | Train Acc: 0.9119 | Val Loss: 0.1944 | Val Acc: 0.9333
2026-08-25 10:48:18 [INFO] Epoch 021 | Train Loss: 0.3787 | Train Acc: 0.9198 | Val Loss: 0.1789 | Val Acc: 0.9296
2026-08-25 10:48:20 [INFO] Epoch 022 | Train Loss: 0.3657 | Train Acc: 0.9230 | Val Loss: 0.1376 | Val Acc: 0.9481
2026-08-25 10:48:20 [INFO] ✓ Saved best model: Val Acc=0.9481 at epoch 22
2026-08-25 10:48:21 [INFO] Epoch 023 | Train Loss: 0.4345 | Train Acc: 0.9048 | Val Loss: 0.1301 | Val Acc: 0.9519
2026-08-25 10:48:21 [INFO] ✓ Saved best model: Val Acc=0.9519 at epoch 23
2026-08-25 10:48:24 [INFO] Epoch 024 | Train Loss: 0.3778 | Train Acc: 0.9206 | Val Loss: 0.1864 | Val Acc: 0.9148
2026-08-25 10:48:26 [INFO] Epoch 025 | Train Loss: 0.3716 | Train Acc: 0.9143 | Val Loss: 0.1301 | Val Acc: 0.9519
2026-08-25 10:48:28 [INFO] Epoch 026 | Train Loss: 0.3264 | Train Acc: 0.9365 | Val Loss: 0.1375 | Val Acc: 0.9481
2026-08-25 10:48:29 [INFO] Epoch 027 | Train Loss: 0.3532 | Train Acc: 0.9143 | Val Loss: 0.1170 | Val Acc: 0.9519
2026-08-25 10:48:31 [INFO] Epoch 028 | Train Loss: 0.3336 | Train Acc: 0.9294 | Val Loss: 0.1535 | Val Acc: 0.9370
2026-08-25 10:48:32 [INFO] Epoch 029 | Train Loss: 0.3144 | Train Acc: 0.9286 | Val Loss: 0.1242 | Val Acc: 0.9556
2026-08-25 10:48:32 [INFO] ✓ Saved best model: Val Acc=0.9556 at epoch 29
2026-08-25 10:48:34 [INFO] Epoch 030 | Train Loss: 0.3286 | Train Acc: 0.9310 | Val Loss: 0.1487 | Val Acc: 0.9333
2026-08-25 10:48:35 [INFO] Epoch 031 | Train Loss: 0.3342 | Train Acc: 0.9230 | Val Loss: 0.1342 | Val Acc: 0.9519
2026-08-25 10:48:36 [INFO] Epoch 032 | Train Loss: 0.2850 | Train Acc: 0.9405 | Val Loss: 0.1678 | Val Acc: 0.9333
2026-08-25 10:48:39 [INFO] Epoch 033 | Train Loss: 0.2964 | Train Acc: 0.9357 | Val Loss: 0.1361 | Val Acc: 0.9630
2026-08-25 10:48:39 [INFO] ✓ Saved best model: Val Acc=0.9630 at epoch 33
2026-08-25 10:48:41 [INFO] Epoch 034 | Train Loss: 0.2760 | Train Acc: 0.9413 | Val Loss: 0.1427 | Val Acc: 0.9481
2026-08-25 10:48:43 [INFO] Epoch 035 | Train Loss: 0.2542 | Train Acc: 0.9429 | Val Loss: 0.1182 | Val Acc: 0.9481
2026-08-25 10:48:45 [INFO] Epoch 036 | Train Loss: 0.2307 | Train Acc: 0.9563 | Val Loss: 0.1045 | Val Acc: 0.9519
2026-08-25 10:48:48 [INFO] Epoch 037 | Train Loss: 0.2300 | Train Acc: 0.9492 | Val Loss: 0.1009 | Val Acc: 0.9481
2026-08-25 10:48:49 [INFO] Epoch 038 | Train Loss: 0.2058 | Train Acc: 0.9532 | Val Loss: 0.0978 | Val Acc: 0.9519
2026-08-25 10:48:51 [INFO] Epoch 039 | Train Loss: 0.2073 | Train Acc: 0.9548 | Val Loss: 0.0941 | Val Acc: 0.9556
2026-08-25 10:48:52 [INFO] Epoch 040 | Train Loss: 0.2236 | Train Acc: 0.9548 | Val Loss: 0.0896 | Val Acc: 0.9556
2026-08-25 10:48:54 [INFO] Epoch 041 | Train Loss: 0.2010 | Train Acc: 0.9595 | Val Loss: 0.0936 | Val Acc: 0.9556
2026-08-25 10:48:55 [INFO] Epoch 042 | Train Loss: 0.1858 | Train Acc: 0.9611 | Val Loss: 0.0850 | Val Acc: 0.9704
2026-08-25 10:48:55 [INFO] ✓ Saved best model: Val Acc=0.9704 at epoch 42
2026-08-25 10:48:57 [INFO] Epoch 043 | Train Loss: 0.1831 | Train Acc: 0.9651 | Val Loss: 0.0862 | Val Acc: 0.9593
2026-08-25 10:48:58 [INFO] Epoch 044 | Train Loss: 0.2025 | Train Acc: 0.9659 | Val Loss: 0.0813 | Val Acc: 0.9667
2026-08-25 10:49:00 [INFO] Epoch 045 | Train Loss: 0.1896 | Train Acc: 0.9659 | Val Loss: 0.0871 | Val Acc: 0.9630
2026-08-25 10:49:03 [INFO] Epoch 046 | Train Loss: 0.2166 | Train Acc: 0.9579 | Val Loss: 0.0887 | Val Acc: 0.9667
2026-08-25 10:49:05 [INFO] Epoch 047 | Train Loss: 0.1761 | Train Acc: 0.9659 | Val Loss: 0.0817 | Val Acc: 0.9630
2026-08-25 10:49:08 [INFO] Epoch 048 | Train Loss: 0.1864 | Train Acc: 0.9603 | Val Loss: 0.0888 | Val Acc: 0.9630
2026-08-25 10:49:10 [INFO] Epoch 049 | Train Loss: 0.1692 | Train Acc: 0.9659 | Val Loss: 0.0785 | Val Acc: 0.9667
2026-08-25 10:49:12 [INFO] Epoch 050 | Train Loss: 0.1623 | Train Acc: 0.9667 | Val Loss: 0.0758 | Val Acc: 0.9667
2026-08-25 10:49:15 [INFO] Epoch 051 | Train Loss: 0.1833 | Train Acc: 0.9635 | Val Loss: 0.0681 | Val Acc: 0.9778
2026-08-25 10:49:15 [INFO] ✓ Saved best model: Val Acc=0.9778 at epoch 51
2026-08-25 10:49:17 [INFO] Epoch 052 | Train Loss: 0.1903 | Train Acc: 0.9563 | Val Loss: 0.0671 | Val Acc: 0.9741
2026-08-25 10:49:19 [INFO] Epoch 053 | Train Loss: 0.1900 | Train Acc: 0.9563 | Val Loss: 0.0704 | Val Acc: 0.9741
2026-08-25 10:49:20 [INFO] Epoch 054 | Train Loss: 0.1852 | Train Acc: 0.9595 | Val Loss: 0.0664 | Val Acc: 0.9778
2026-08-25 10:49:22 [INFO] Epoch 055 | Train Loss: 0.1568 | Train Acc: 0.9698 | Val Loss: 0.0719 | Val Acc: 0.9667
2026-08-25 10:49:23 [INFO] Epoch 056 | Train Loss: 0.1712 | Train Acc: 0.9635 | Val Loss: 0.0776 | Val Acc: 0.9704
2026-08-25 10:49:24 [INFO] Epoch 057 | Train Loss: 0.1644 | Train Acc: 0.9651 | Val Loss: 0.0701 | Val Acc: 0.9704
2026-08-25 10:49:26 [INFO] Epoch 058 | Train Loss: 0.1784 | Train Acc: 0.9611 | Val Loss: 0.0646 | Val Acc: 0.9741
2026-08-25 10:49:28 [INFO] Epoch 059 | Train Loss: 0.1891 | Train Acc: 0.9579 | Val Loss: 0.0641 | Val Acc: 0.9741
2026-08-25 10:49:30 [INFO] Epoch 060 | Train Loss: 0.1567 | Train Acc: 0.9683 | Val Loss: 0.0704 | Val Acc: 0.9704
2026-08-25 10:49:32 [INFO] Epoch 061 | Train Loss: 0.1538 | Train Acc: 0.9659 | Val Loss: 0.0746 | Val Acc: 0.9630
2026-08-25 10:49:33 [INFO] Epoch 062 | Train Loss: 0.1892 | Train Acc: 0.9675 | Val Loss: 0.0664 | Val Acc: 0.9815
2026-08-25 10:49:33 [INFO] ✓ Saved best model: Val Acc=0.9815 at epoch 62
2026-08-25 10:49:35 [INFO] Epoch 063 | Train Loss: 0.1544 | Train Acc: 0.9706 | Val Loss: 0.0710 | Val Acc: 0.9741
2026-08-25 10:49:36 [INFO] Epoch 064 | Train Loss: 0.1705 | Train Acc: 0.9651 | Val Loss: 0.0734 | Val Acc: 0.9704
2026-08-25 10:49:38 [INFO] Epoch 065 | Train Loss: 0.1832 | Train Acc: 0.9619 | Val Loss: 0.0757 | Val Acc: 0.9704
2026-08-25 10:49:39 [INFO] Epoch 066 | Train Loss: 0.1466 | Train Acc: 0.9683 | Val Loss: 0.0767 | Val Acc: 0.9704
2026-08-25 10:49:41 [INFO] Epoch 067 | Train Loss: 0.1515 | Train Acc: 0.9698 | Val Loss: 0.0700 | Val Acc: 0.9667
2026-08-25 10:49:43 [INFO] Epoch 068 | Train Loss: 0.1429 | Train Acc: 0.9722 | Val Loss: 0.0741 | Val Acc: 0.9630
2026-08-25 10:49:46 [INFO] Epoch 069 | Train Loss: 0.1520 | Train Acc: 0.9690 | Val Loss: 0.0653 | Val Acc: 0.9741
2026-08-25 10:49:47 [INFO] Epoch 070 | Train Loss: 0.1511 | Train Acc: 0.9706 | Val Loss: 0.0663 | Val Acc: 0.9704
2026-08-25 10:49:49 [INFO] Epoch 071 | Train Loss: 0.1360 | Train Acc: 0.9770 | Val Loss: 0.0670 | Val Acc: 0.9704
2026-08-25 10:49:50 [INFO] Epoch 072 | Train Loss: 0.1756 | Train Acc: 0.9635 | Val Loss: 0.0618 | Val Acc: 0.9815
2026-08-25 10:49:52 [INFO] Epoch 073 | Train Loss: 0.1276 | Train Acc: 0.9754 | Val Loss: 0.0627 | Val Acc: 0.9778
2026-08-25 10:49:53 [INFO] Epoch 074 | Train Loss: 0.1453 | Train Acc: 0.9706 | Val Loss: 0.0634 | Val Acc: 0.9741
2026-08-25 10:49:54 [INFO] Epoch 075 | Train Loss: 0.1794 | Train Acc: 0.9627 | Val Loss: 0.0605 | Val Acc: 0.9815
2026-08-25 10:49:56 [INFO] Epoch 076 | Train Loss: 0.1672 | Train Acc: 0.9690 | Val Loss: 0.0654 | Val Acc: 0.9778
2026-08-25 10:49:58 [INFO] Epoch 077 | Train Loss: 0.1348 | Train Acc: 0.9770 | Val Loss: 0.0636 | Val Acc: 0.9741
2026-08-25 10:50:00 [INFO] Epoch 078 | Train Loss: 0.1743 | Train Acc: 0.9603 | Val Loss: 0.0616 | Val Acc: 0.9778
2026-08-25 10:50:02 [INFO] Epoch 079 | Train Loss: 0.1551 | Train Acc: 0.9730 | Val Loss: 0.0607 | Val Acc: 0.9815
2026-08-25 10:50:03 [INFO] Epoch 080 | Train Loss: 0.1317 | Train Acc: 0.9762 | Val Loss: 0.0596 | Val Acc: 0.9778
2026-08-25 10:50:05 [INFO] Epoch 081 | Train Loss: 0.1404 | Train Acc: 0.9690 | Val Loss: 0.0624 | Val Acc: 0.9741
2026-08-25 10:50:06 [INFO] Epoch 082 | Train Loss: 0.1636 | Train Acc: 0.9659 | Val Loss: 0.0646 | Val Acc: 0.9778
2026-08-25 10:50:08 [INFO] Epoch 083 | Train Loss: 0.1501 | Train Acc: 0.9659 | Val Loss: 0.0651 | Val Acc: 0.9778
2026-08-25 10:50:09 [INFO] Epoch 084 | Train Loss: 0.1590 | Train Acc: 0.9706 | Val Loss: 0.0636 | Val Acc: 0.9778
2026-08-25 10:50:11 [INFO] Epoch 085 | Train Loss: 0.1448 | Train Acc: 0.9690 | Val Loss: 0.0612 | Val Acc: 0.9778
2026-08-25 10:50:13 [INFO] Epoch 086 | Train Loss: 0.1369 | Train Acc: 0.9746 | Val Loss: 0.0624 | Val Acc: 0.9741
2026-08-25 10:50:16 [INFO] Epoch 087 | Train Loss: 0.1677 | Train Acc: 0.9675 | Val Loss: 0.0621 | Val Acc: 0.9741
2026-08-25 10:50:16 [INFO] ⏹ Early stopping tại epoch 87 (không cải thiện sau 25 epoch, best=0.9815)
2026-08-25 10:50:16 [INFO] Evaluating Best Model on TEST Set...
2026-08-25 10:50:16 [INFO] 
[RESUME] Đang nạp checkpoint từ: /home/biu-linux/DeepLearning_Projects/DoAnNganh/HybricMamba/Ressult/TFJ/HEAVY_HYBRIC_MAMBA/NEU-DET_surface-dec/HEAVY_HYBRIC_MAMBA_best.pth
2026-08-25 10:50:17 [INFO] 🎯 [TEST RESULT] Test Acc: 0.9815 | F1-Macro: 0.9814 | F1-Weighted: 0.9814
2026-08-25 10:59:41 [INFO] Dataset: NEU-DET_surface-dec | Số nhãn (classes): 6 | Tổng số ảnh: 1800
2026-08-25 10:59:41 [INFO] Dữ liệu đã chia -> Train (70%): 1260 | Val (15%): 270 | Test (15%): 270
2026-08-25 10:59:41 [INFO] 
🔍 Kiểm tra phân bố class trong batch:
2026-08-25 10:59:41 [INFO]   Batch 0: 6 classes (first 5: [0, 1, 2, 3, 4])
2026-08-25 10:59:41 [INFO]   Batch 1: 6 classes (first 5: [0, 1, 2, 3, 4])
2026-08-25 10:59:41 [INFO]   Batch 2: 5 classes (first 5: [0, 2, 3, 4, 5])
2026-08-25 10:59:41 [INFO]   Batch 3: 6 classes (first 5: [0, 1, 2, 3, 4])
2026-08-25 10:59:41 [INFO]   Batch 4: 5 classes (first 5: [0, 1, 2, 3, 5])
2026-08-25 10:59:41 [WARNING] ⚠️ WARNING: Trung bình 5.6 classes/batch - Dữ liệu chưa được trộn đều!
2026-08-25 10:59:41 [INFO] ============================================================
2026-08-25 10:59:41 [INFO] Starting training: HEAVY_HYBRIC_MAMBA
2026-08-25 10:59:41 [INFO] Dataset: NEU-DET_surface-dec | Path: /home/biu-linux/DeepLearning_Projects/DoAnNganh/data/NEU-DET
2026-08-25 10:59:41 [INFO] Device: cuda
2026-08-25 10:59:41 [INFO] GPU: NVIDIA GeForce RTX 3050 Laptop GPU
2026-08-25 10:59:41 [INFO] ============================================================
2026-08-25 10:59:46 [INFO] Epoch 000 | Train Loss: 2.5664 | Train Acc: 0.3778 | Val Loss: 1.1633 | Val Acc: 0.6630
2026-08-25 10:59:46 [INFO] ✓ Saved best model: Val Acc=0.6630 at epoch 0
2026-08-25 10:59:49 [INFO] Epoch 001 | Train Loss: 1.9673 | Train Acc: 0.5722 | Val Loss: 0.7753 | Val Acc: 0.7185
2026-08-25 10:59:49 [INFO] ✓ Saved best model: Val Acc=0.7185 at epoch 1
2026-08-25 10:59:51 [INFO] Epoch 002 | Train Loss: 1.6252 | Train Acc: 0.6429 | Val Loss: 0.5357 | Val Acc: 0.8370
2026-08-25 10:59:51 [INFO] ✓ Saved best model: Val Acc=0.8370 at epoch 2
2026-08-25 10:59:54 [INFO] Epoch 003 | Train Loss: 1.3511 | Train Acc: 0.7008 | Val Loss: 0.5386 | Val Acc: 0.8148
2026-08-25 10:59:58 [INFO] Epoch 004 | Train Loss: 1.2359 | Train Acc: 0.7238 | Val Loss: 0.4311 | Val Acc: 0.8481
2026-08-25 10:59:58 [INFO] ✓ Saved best model: Val Acc=0.8481 at epoch 4
2026-08-25 11:00:00 [INFO] Epoch 005 | Train Loss: 0.9954 | Train Acc: 0.7833 | Val Loss: 0.3598 | Val Acc: 0.8741
2026-08-25 11:00:00 [INFO] ✓ Saved best model: Val Acc=0.8741 at epoch 5
2026-08-25 11:00:02 [INFO] Epoch 006 | Train Loss: 0.8708 | Train Acc: 0.8079 | Val Loss: 0.3093 | Val Acc: 0.8778
2026-08-25 11:00:02 [INFO] ✓ Saved best model: Val Acc=0.8778 at epoch 6
2026-08-25 11:00:04 [INFO] Epoch 007 | Train Loss: 0.8145 | Train Acc: 0.8206 | Val Loss: 0.2727 | Val Acc: 0.9000
2026-08-25 11:00:05 [INFO] ✓ Saved best model: Val Acc=0.9000 at epoch 7
2026-08-25 11:00:07 [INFO] Epoch 008 | Train Loss: 0.8121 | Train Acc: 0.8143 | Val Loss: 0.2641 | Val Acc: 0.9074
2026-08-25 11:00:07 [INFO] ✓ Saved best model: Val Acc=0.9074 at epoch 8
2026-08-25 11:00:11 [INFO] Epoch 009 | Train Loss: 0.7394 | Train Acc: 0.8381 | Val Loss: 0.2419 | Val Acc: 0.9222
2026-08-25 11:00:11 [INFO] ✓ Saved best model: Val Acc=0.9222 at epoch 9
2026-08-25 11:00:13 [INFO] Epoch 010 | Train Loss: 0.6953 | Train Acc: 0.8468 | Val Loss: 0.2150 | Val Acc: 0.9185
2026-08-25 11:00:16 [INFO] Epoch 011 | Train Loss: 0.6618 | Train Acc: 0.8524 | Val Loss: 0.2109 | Val Acc: 0.9185
2026-08-25 11:00:18 [INFO] Epoch 012 | Train Loss: 0.6087 | Train Acc: 0.8730 | Val Loss: 0.2335 | Val Acc: 0.9148
2026-08-25 11:00:20 [INFO] Epoch 013 | Train Loss: 0.5961 | Train Acc: 0.8738 | Val Loss: 0.2377 | Val Acc: 0.9222
2026-08-25 11:00:23 [INFO] Epoch 014 | Train Loss: 0.5486 | Train Acc: 0.8762 | Val Loss: 0.1633 | Val Acc: 0.9407
2026-08-25 11:00:23 [INFO] ✓ Saved best model: Val Acc=0.9407 at epoch 14
2026-08-25 11:00:27 [INFO] Epoch 015 | Train Loss: 0.4791 | Train Acc: 0.8937 | Val Loss: 0.2082 | Val Acc: 0.9222
2026-08-25 11:00:30 [INFO] Epoch 016 | Train Loss: 0.5297 | Train Acc: 0.8952 | Val Loss: 0.1751 | Val Acc: 0.9444
2026-08-25 11:00:30 [INFO] ✓ Saved best model: Val Acc=0.9444 at epoch 16
2026-08-25 11:00:32 [INFO] Epoch 017 | Train Loss: 0.5357 | Train Acc: 0.8794 | Val Loss: 0.2019 | Val Acc: 0.9148
2026-08-25 11:00:34 [INFO] Epoch 018 | Train Loss: 0.4990 | Train Acc: 0.8929 | Val Loss: 0.2415 | Val Acc: 0.9074
2026-08-25 11:00:37 [INFO] Epoch 019 | Train Loss: 0.4460 | Train Acc: 0.9119 | Val Loss: 0.1881 | Val Acc: 0.9444
2026-08-25 11:00:41 [INFO] Epoch 020 | Train Loss: 0.4630 | Train Acc: 0.9008 | Val Loss: 0.1525 | Val Acc: 0.9444
2026-08-25 11:00:44 [INFO] Epoch 021 | Train Loss: 0.4168 | Train Acc: 0.9143 | Val Loss: 0.1737 | Val Acc: 0.9333
2026-08-25 11:00:46 [INFO] Epoch 022 | Train Loss: 0.4192 | Train Acc: 0.9040 | Val Loss: 0.1722 | Val Acc: 0.9333
2026-08-25 11:00:48 [INFO] Epoch 023 | Train Loss: 0.4091 | Train Acc: 0.9206 | Val Loss: 0.1441 | Val Acc: 0.9407
2026-08-25 11:00:50 [INFO] Epoch 024 | Train Loss: 0.4263 | Train Acc: 0.9087 | Val Loss: 0.1173 | Val Acc: 0.9556
2026-08-25 11:00:50 [INFO] ✓ Saved best model: Val Acc=0.9556 at epoch 24
2026-08-25 11:00:53 [INFO] Epoch 025 | Train Loss: 0.3188 | Train Acc: 0.9302 | Val Loss: 0.1696 | Val Acc: 0.9407
2026-08-25 11:00:57 [INFO] Epoch 026 | Train Loss: 0.3041 | Train Acc: 0.9341 | Val Loss: 0.1249 | Val Acc: 0.9556
2026-08-25 11:00:59 [INFO] Epoch 027 | Train Loss: 0.4083 | Train Acc: 0.9119 | Val Loss: 0.1530 | Val Acc: 0.9407
2026-08-25 11:01:02 [INFO] Epoch 028 | Train Loss: 0.3432 | Train Acc: 0.9349 | Val Loss: 0.1424 | Val Acc: 0.9407
2026-08-25 11:01:04 [INFO] Epoch 029 | Train Loss: 0.3185 | Train Acc: 0.9341 | Val Loss: 0.1974 | Val Acc: 0.9222
2026-08-25 11:01:06 [INFO] Epoch 030 | Train Loss: 0.2957 | Train Acc: 0.9317 | Val Loss: 0.1483 | Val Acc: 0.9444
2026-08-25 11:01:09 [INFO] Epoch 031 | Train Loss: 0.3507 | Train Acc: 0.9198 | Val Loss: 0.1141 | Val Acc: 0.9444
2026-08-25 11:01:13 [INFO] Epoch 032 | Train Loss: 0.3012 | Train Acc: 0.9325 | Val Loss: 0.1355 | Val Acc: 0.9593
2026-08-25 11:01:13 [INFO] ✓ Saved best model: Val Acc=0.9593 at epoch 32
2026-08-25 11:01:16 [INFO] Epoch 033 | Train Loss: 0.2916 | Train Acc: 0.9389 | Val Loss: 0.1347 | Val Acc: 0.9481
2026-08-25 11:01:18 [INFO] Epoch 034 | Train Loss: 0.2883 | Train Acc: 0.9421 | Val Loss: 0.1121 | Val Acc: 0.9556
2026-08-25 11:01:20 [INFO] Epoch 035 | Train Loss: 0.2581 | Train Acc: 0.9444 | Val Loss: 0.1273 | Val Acc: 0.9481
2026-08-25 11:01:22 [INFO] Epoch 036 | Train Loss: 0.3385 | Train Acc: 0.9317 | Val Loss: 0.1184 | Val Acc: 0.9519
2026-08-25 11:01:27 [INFO] Epoch 037 | Train Loss: 0.2774 | Train Acc: 0.9397 | Val Loss: 0.1629 | Val Acc: 0.9370
2026-08-25 11:01:29 [INFO] Epoch 038 | Train Loss: 0.2558 | Train Acc: 0.9357 | Val Loss: 0.1983 | Val Acc: 0.9370
2026-08-25 11:01:32 [INFO] Epoch 039 | Train Loss: 0.2953 | Train Acc: 0.9413 | Val Loss: 0.1133 | Val Acc: 0.9630
2026-08-25 11:01:32 [INFO] ✓ Saved best model: Val Acc=0.9630 at epoch 39
2026-08-25 11:01:34 [INFO] Epoch 040 | Train Loss: 0.2400 | Train Acc: 0.9500 | Val Loss: 0.0741 | Val Acc: 0.9741
2026-08-25 11:01:34 [INFO] ✓ Saved best model: Val Acc=0.9741 at epoch 40
2026-08-25 11:01:36 [INFO] Epoch 041 | Train Loss: 0.1993 | Train Acc: 0.9571 | Val Loss: 0.0805 | Val Acc: 0.9741
2026-08-25 11:01:40 [INFO] Epoch 042 | Train Loss: 0.2002 | Train Acc: 0.9563 | Val Loss: 0.0694 | Val Acc: 0.9667
2026-08-25 11:01:43 [INFO] Epoch 043 | Train Loss: 0.1982 | Train Acc: 0.9603 | Val Loss: 0.0752 | Val Acc: 0.9778
2026-08-25 11:01:43 [INFO] ✓ Saved best model: Val Acc=0.9778 at epoch 43
2026-08-25 11:01:45 [INFO] Epoch 044 | Train Loss: 0.1827 | Train Acc: 0.9587 | Val Loss: 0.0619 | Val Acc: 0.9667
2026-08-25 11:01:47 [INFO] Epoch 045 | Train Loss: 0.1647 | Train Acc: 0.9611 | Val Loss: 0.0629 | Val Acc: 0.9741
2026-08-25 11:01:50 [INFO] Epoch 046 | Train Loss: 0.2086 | Train Acc: 0.9532 | Val Loss: 0.0785 | Val Acc: 0.9704
2026-08-25 11:01:52 [INFO] Epoch 047 | Train Loss: 0.1712 | Train Acc: 0.9659 | Val Loss: 0.0639 | Val Acc: 0.9778
2026-08-25 11:01:57 [INFO] Epoch 048 | Train Loss: 0.1589 | Train Acc: 0.9683 | Val Loss: 0.0709 | Val Acc: 0.9704
2026-08-25 11:01:59 [INFO] Epoch 049 | Train Loss: 0.1594 | Train Acc: 0.9651 | Val Loss: 0.0653 | Val Acc: 0.9593
2026-08-25 11:02:01 [INFO] Epoch 050 | Train Loss: 0.1449 | Train Acc: 0.9746 | Val Loss: 0.0703 | Val Acc: 0.9704
2026-08-25 11:02:03 [INFO] Epoch 051 | Train Loss: 0.1342 | Train Acc: 0.9754 | Val Loss: 0.0608 | Val Acc: 0.9704
2026-08-25 11:02:06 [INFO] Epoch 052 | Train Loss: 0.1655 | Train Acc: 0.9659 | Val Loss: 0.0574 | Val Acc: 0.9741
2026-08-25 11:02:08 [INFO] Epoch 053 | Train Loss: 0.1914 | Train Acc: 0.9635 | Val Loss: 0.0578 | Val Acc: 0.9704
2026-08-25 11:02:13 [INFO] Epoch 054 | Train Loss: 0.1715 | Train Acc: 0.9595 | Val Loss: 0.0663 | Val Acc: 0.9741
2026-08-25 11:02:15 [INFO] Epoch 055 | Train Loss: 0.1414 | Train Acc: 0.9667 | Val Loss: 0.0578 | Val Acc: 0.9741
2026-08-25 11:02:17 [INFO] Epoch 056 | Train Loss: 0.1617 | Train Acc: 0.9690 | Val Loss: 0.0564 | Val Acc: 0.9704
2026-08-25 11:02:19 [INFO] Epoch 057 | Train Loss: 0.1375 | Train Acc: 0.9754 | Val Loss: 0.0550 | Val Acc: 0.9741
2026-08-25 11:02:22 [INFO] Epoch 058 | Train Loss: 0.1412 | Train Acc: 0.9730 | Val Loss: 0.0566 | Val Acc: 0.9815
2026-08-25 11:02:22 [INFO] ✓ Saved best model: Val Acc=0.9815 at epoch 58
2026-08-25 11:02:26 [INFO] Epoch 059 | Train Loss: 0.1524 | Train Acc: 0.9714 | Val Loss: 0.0554 | Val Acc: 0.9741
2026-08-25 11:02:28 [INFO] Epoch 060 | Train Loss: 0.1554 | Train Acc: 0.9667 | Val Loss: 0.0551 | Val Acc: 0.9704
2026-08-25 11:02:31 [INFO] Epoch 061 | Train Loss: 0.1340 | Train Acc: 0.9762 | Val Loss: 0.0550 | Val Acc: 0.9741
2026-08-25 11:02:33 [INFO] Epoch 062 | Train Loss: 0.1245 | Train Acc: 0.9738 | Val Loss: 0.0558 | Val Acc: 0.9741
2026-08-25 11:02:35 [INFO] Epoch 063 | Train Loss: 0.1517 | Train Acc: 0.9667 | Val Loss: 0.0557 | Val Acc: 0.9815
2026-08-25 11:02:38 [INFO] Epoch 064 | Train Loss: 0.1516 | Train Acc: 0.9683 | Val Loss: 0.0482 | Val Acc: 0.9815
2026-08-25 11:02:42 [INFO] Epoch 065 | Train Loss: 0.1650 | Train Acc: 0.9619 | Val Loss: 0.0478 | Val Acc: 0.9741
2026-08-25 11:02:45 [INFO] Epoch 066 | Train Loss: 0.1419 | Train Acc: 0.9738 | Val Loss: 0.0512 | Val Acc: 0.9815
2026-08-25 11:02:47 [INFO] Epoch 067 | Train Loss: 0.1377 | Train Acc: 0.9698 | Val Loss: 0.0535 | Val Acc: 0.9778
2026-08-25 11:02:49 [INFO] Epoch 068 | Train Loss: 0.1551 | Train Acc: 0.9698 | Val Loss: 0.0553 | Val Acc: 0.9815
2026-08-25 11:02:52 [INFO] Epoch 069 | Train Loss: 0.1189 | Train Acc: 0.9730 | Val Loss: 0.0588 | Val Acc: 0.9778
2026-08-25 11:02:56 [INFO] Epoch 070 | Train Loss: 0.1228 | Train Acc: 0.9746 | Val Loss: 0.0564 | Val Acc: 0.9778
2026-08-25 11:02:59 [INFO] Epoch 071 | Train Loss: 0.1231 | Train Acc: 0.9770 | Val Loss: 0.0537 | Val Acc: 0.9815
2026-08-25 11:03:01 [INFO] Epoch 072 | Train Loss: 0.1606 | Train Acc: 0.9698 | Val Loss: 0.0523 | Val Acc: 0.9852
2026-08-25 11:03:01 [INFO] ✓ Saved best model: Val Acc=0.9852 at epoch 72
2026-08-25 11:03:03 [INFO] Epoch 073 | Train Loss: 0.1115 | Train Acc: 0.9778 | Val Loss: 0.0552 | Val Acc: 0.9815
2026-08-25 11:03:05 [INFO] Epoch 074 | Train Loss: 0.1028 | Train Acc: 0.9770 | Val Loss: 0.0519 | Val Acc: 0.9815
2026-08-25 11:03:08 [INFO] Epoch 075 | Train Loss: 0.1321 | Train Acc: 0.9730 | Val Loss: 0.0465 | Val Acc: 0.9815
2026-08-25 11:03:12 [INFO] Epoch 076 | Train Loss: 0.1023 | Train Acc: 0.9825 | Val Loss: 0.0534 | Val Acc: 0.9778
2026-08-25 11:03:14 [INFO] Epoch 077 | Train Loss: 0.1138 | Train Acc: 0.9778 | Val Loss: 0.0505 | Val Acc: 0.9815
2026-08-25 11:03:17 [INFO] Epoch 078 | Train Loss: 0.1418 | Train Acc: 0.9738 | Val Loss: 0.0465 | Val Acc: 0.9815
2026-08-25 11:03:19 [INFO] Epoch 079 | Train Loss: 0.1380 | Train Acc: 0.9698 | Val Loss: 0.0469 | Val Acc: 0.9815
2026-08-25 11:03:21 [INFO] Epoch 080 | Train Loss: 0.1140 | Train Acc: 0.9778 | Val Loss: 0.0459 | Val Acc: 0.9778
2026-08-25 11:03:24 [INFO] Epoch 081 | Train Loss: 0.1358 | Train Acc: 0.9690 | Val Loss: 0.0508 | Val Acc: 0.9778
2026-08-25 11:03:28 [INFO] Epoch 082 | Train Loss: 0.1363 | Train Acc: 0.9730 | Val Loss: 0.0472 | Val Acc: 0.9741
2026-08-25 11:03:30 [INFO] Epoch 083 | Train Loss: 0.1493 | Train Acc: 0.9675 | Val Loss: 0.0482 | Val Acc: 0.9741
2026-08-25 11:03:33 [INFO] Epoch 084 | Train Loss: 0.1130 | Train Acc: 0.9786 | Val Loss: 0.0481 | Val Acc: 0.9778
2026-08-25 11:03:35 [INFO] Epoch 085 | Train Loss: 0.1172 | Train Acc: 0.9762 | Val Loss: 0.0490 | Val Acc: 0.9778
2026-08-25 11:03:37 [INFO] Epoch 086 | Train Loss: 0.1041 | Train Acc: 0.9786 | Val Loss: 0.0489 | Val Acc: 0.9815
2026-08-25 11:03:42 [INFO] Epoch 087 | Train Loss: 0.1386 | Train Acc: 0.9746 | Val Loss: 0.0462 | Val Acc: 0.9815
2026-08-25 11:03:44 [INFO] Epoch 088 | Train Loss: 0.0912 | Train Acc: 0.9865 | Val Loss: 0.0500 | Val Acc: 0.9741
2026-08-25 11:03:46 [INFO] Epoch 089 | Train Loss: 0.1357 | Train Acc: 0.9706 | Val Loss: 0.0448 | Val Acc: 0.9778
2026-08-25 11:03:48 [INFO] Epoch 090 | Train Loss: 0.0956 | Train Acc: 0.9849 | Val Loss: 0.0520 | Val Acc: 0.9778
2026-08-25 11:03:51 [INFO] Epoch 091 | Train Loss: 0.1195 | Train Acc: 0.9722 | Val Loss: 0.0554 | Val Acc: 0.9778
2026-08-25 11:03:53 [INFO] Epoch 092 | Train Loss: 0.1206 | Train Acc: 0.9778 | Val Loss: 0.0520 | Val Acc: 0.9815
2026-08-25 11:03:58 [INFO] Epoch 093 | Train Loss: 0.1193 | Train Acc: 0.9754 | Val Loss: 0.0477 | Val Acc: 0.9741
2026-08-25 11:04:00 [INFO] Epoch 094 | Train Loss: 0.1349 | Train Acc: 0.9683 | Val Loss: 0.0510 | Val Acc: 0.9778
2026-08-25 11:04:02 [INFO] Epoch 095 | Train Loss: 0.1184 | Train Acc: 0.9762 | Val Loss: 0.0541 | Val Acc: 0.9778
2026-08-25 11:04:05 [INFO] Epoch 096 | Train Loss: 0.1026 | Train Acc: 0.9810 | Val Loss: 0.0535 | Val Acc: 0.9778
2026-08-25 11:04:07 [INFO] Epoch 097 | Train Loss: 0.1298 | Train Acc: 0.9722 | Val Loss: 0.0513 | Val Acc: 0.9778
2026-08-25 11:04:07 [INFO] ⏹ Early stopping tại epoch 97 (không cải thiện sau 25 epoch, best=0.9852)
2026-08-25 11:04:07 [INFO] Evaluating Best Model on TEST Set...
2026-08-25 11:04:07 [INFO] 
[RESUME] Đang nạp checkpoint từ: /home/biu-linux/DeepLearning_Projects/DoAnNganh/HybricMamba/Ressult/TFJ/HEAVY_HYBRIC_MAMBA/NEU-DET_surface-dec/HEAVY_HYBRIC_MAMBA_best.pth
2026-08-25 11:04:07 [INFO] 🎯 [TEST RESULT] Test Acc: 0.9778 | F1-Macro: 0.9776 | F1-Weighted: 0.9776
2026-08-25 11:43:03 [INFO] Dataset: NEU-DET_surface-dec | Số nhãn (classes): 6 | Tổng số ảnh: 1800
2026-08-25 11:43:03 [INFO] Dữ liệu đã chia -> Train (70%): 1260 | Val (15%): 270 | Test (15%): 270
2026-08-25 11:43:03 [INFO] 
🔍 Kiểm tra phân bố class trong batch:
2026-08-25 11:43:04 [INFO]   Batch 0: 5 classes (first 5: [0, 1, 2, 4, 5])
2026-08-25 11:43:04 [INFO]   Batch 1: 6 classes (first 5: [0, 1, 2, 3, 4])
2026-08-25 11:43:04 [INFO]   Batch 2: 6 classes (first 5: [0, 1, 2, 3, 4])
2026-08-25 11:43:04 [INFO]   Batch 3: 6 classes (first 5: [0, 1, 2, 3, 4])
2026-08-25 11:43:04 [INFO]   Batch 4: 6 classes (first 5: [0, 1, 2, 3, 4])
2026-08-25 11:43:04 [WARNING] ⚠️ WARNING: Trung bình 5.8 classes/batch - Dữ liệu chưa được trộn đều!
2026-08-25 11:43:04 [INFO] ============================================================
2026-08-25 11:43:04 [INFO] Starting training: HEAVY_HYBRIC_MAMBA
2026-08-25 11:43:04 [INFO] Dataset: NEU-DET_surface-dec | Path: /home/biu-linux/DeepLearning_Projects/DoAnNganh/data/NEU-DET
2026-08-25 11:43:04 [INFO] Device: cuda
2026-08-25 11:43:04 [INFO] GPU: NVIDIA GeForce RTX 3050 Laptop GPU
2026-08-25 11:43:04 [INFO] ============================================================
2026-08-25 11:43:11 [INFO] Epoch 000 | Train Loss: 2.5938 | Train Acc: 0.3492 | Val Loss: 1.2691 | Val Acc: 0.5444
2026-08-25 11:43:11 [INFO] ✓ Saved best model: Val Acc=0.5444 at epoch 0
2026-08-25 11:43:13 [INFO] Epoch 001 | Train Loss: 2.0186 | Train Acc: 0.5516 | Val Loss: 0.7855 | Val Acc: 0.7259
2026-08-25 11:43:13 [INFO] ✓ Saved best model: Val Acc=0.7259 at epoch 1
2026-08-25 11:43:16 [INFO] Epoch 002 | Train Loss: 1.6443 | Train Acc: 0.6492 | Val Loss: 0.7080 | Val Acc: 0.7407
2026-08-25 11:43:16 [INFO] ✓ Saved best model: Val Acc=0.7407 at epoch 2
2026-08-25 11:43:18 [INFO] Epoch 003 | Train Loss: 1.5210 | Train Acc: 0.6373 | Val Loss: 0.6757 | Val Acc: 0.7370
2026-08-25 11:43:21 [INFO] Epoch 004 | Train Loss: 1.3338 | Train Acc: 0.6984 | Val Loss: 0.4418 | Val Acc: 0.8852
2026-08-25 11:43:21 [INFO] ✓ Saved best model: Val Acc=0.8852 at epoch 4
2026-08-25 11:43:24 [INFO] Epoch 005 | Train Loss: 1.2052 | Train Acc: 0.7167 | Val Loss: 0.4405 | Val Acc: 0.8444
2026-08-25 11:43:27 [INFO] Epoch 006 | Train Loss: 1.1095 | Train Acc: 0.7365 | Val Loss: 0.4252 | Val Acc: 0.8222
2026-08-25 11:43:29 [INFO] Epoch 007 | Train Loss: 0.9382 | Train Acc: 0.7857 | Val Loss: 0.3970 | Val Acc: 0.8333
2026-08-25 11:43:31 [INFO] Epoch 008 | Train Loss: 0.8509 | Train Acc: 0.8103 | Val Loss: 0.2214 | Val Acc: 0.9222
2026-08-25 11:43:31 [INFO] ✓ Saved best model: Val Acc=0.9222 at epoch 8
2026-08-25 11:43:34 [INFO] Epoch 009 | Train Loss: 0.8239 | Train Acc: 0.8254 | Val Loss: 0.2395 | Val Acc: 0.9111
2026-08-25 11:43:38 [INFO] Epoch 010 | Train Loss: 0.7827 | Train Acc: 0.8286 | Val Loss: 0.2103 | Val Acc: 0.9296
2026-08-25 11:43:38 [INFO] ✓ Saved best model: Val Acc=0.9296 at epoch 10
2026-08-25 11:43:40 [INFO] Epoch 011 | Train Loss: 0.7121 | Train Acc: 0.8444 | Val Loss: 0.2414 | Val Acc: 0.9185
2026-08-25 11:43:43 [INFO] Epoch 012 | Train Loss: 0.6303 | Train Acc: 0.8746 | Val Loss: 0.1734 | Val Acc: 0.9222
2026-08-25 11:43:45 [INFO] Epoch 013 | Train Loss: 0.6087 | Train Acc: 0.8667 | Val Loss: 0.1385 | Val Acc: 0.9519
2026-08-25 11:43:45 [INFO] ✓ Saved best model: Val Acc=0.9519 at epoch 13
2026-08-25 11:43:47 [INFO] Epoch 014 | Train Loss: 0.6035 | Train Acc: 0.8706 | Val Loss: 0.1506 | Val Acc: 0.9407
2026-08-25 11:43:50 [INFO] Epoch 015 | Train Loss: 0.5385 | Train Acc: 0.8817 | Val Loss: 0.1224 | Val Acc: 0.9593
2026-08-25 11:43:50 [INFO] ✓ Saved best model: Val Acc=0.9593 at epoch 15
2026-08-25 11:43:54 [INFO] Epoch 016 | Train Loss: 0.5190 | Train Acc: 0.8889 | Val Loss: 0.2466 | Val Acc: 0.8963
2026-08-25 11:43:56 [INFO] Epoch 017 | Train Loss: 0.5641 | Train Acc: 0.8754 | Val Loss: 0.1243 | Val Acc: 0.9630
2026-08-25 11:43:56 [INFO] ✓ Saved best model: Val Acc=0.9630 at epoch 17
2026-08-25 11:43:59 [INFO] Epoch 018 | Train Loss: 0.5309 | Train Acc: 0.8921 | Val Loss: 0.1283 | Val Acc: 0.9481
2026-08-25 11:44:01 [INFO] Epoch 019 | Train Loss: 0.4726 | Train Acc: 0.8960 | Val Loss: 0.1903 | Val Acc: 0.9296
2026-08-25 11:44:03 [INFO] Epoch 020 | Train Loss: 0.4541 | Train Acc: 0.9071 | Val Loss: 0.1371 | Val Acc: 0.9556
2026-08-25 11:44:07 [INFO] Epoch 021 | Train Loss: 0.5345 | Train Acc: 0.8913 | Val Loss: 0.0941 | Val Acc: 0.9704
2026-08-25 11:44:07 [INFO] ✓ Saved best model: Val Acc=0.9704 at epoch 21
2026-08-25 11:44:10 [INFO] Epoch 022 | Train Loss: 0.4150 | Train Acc: 0.9119 | Val Loss: 0.1185 | Val Acc: 0.9630
2026-08-25 11:44:12 [INFO] Epoch 023 | Train Loss: 0.4715 | Train Acc: 0.8913 | Val Loss: 0.2026 | Val Acc: 0.9296
2026-08-25 11:44:14 [INFO] Epoch 024 | Train Loss: 0.4590 | Train Acc: 0.8968 | Val Loss: 0.0765 | Val Acc: 0.9741
2026-08-25 11:44:15 [INFO] ✓ Saved best model: Val Acc=0.9741 at epoch 24
2026-08-25 11:44:17 [INFO] Epoch 025 | Train Loss: 0.3853 | Train Acc: 0.9103 | Val Loss: 0.1445 | Val Acc: 0.9481
2026-08-25 11:44:19 [INFO] Epoch 026 | Train Loss: 0.3800 | Train Acc: 0.9183 | Val Loss: 0.1041 | Val Acc: 0.9704
2026-08-25 11:44:24 [INFO] Epoch 027 | Train Loss: 0.4214 | Train Acc: 0.9143 | Val Loss: 0.0655 | Val Acc: 0.9630
2026-08-25 11:44:26 [INFO] Epoch 028 | Train Loss: 0.3482 | Train Acc: 0.9079 | Val Loss: 0.1291 | Val Acc: 0.9556
2026-08-25 11:44:29 [INFO] Epoch 029 | Train Loss: 0.4371 | Train Acc: 0.9111 | Val Loss: 0.0639 | Val Acc: 0.9815
2026-08-25 11:44:29 [INFO] ✓ Saved best model: Val Acc=0.9815 at epoch 29
2026-08-25 11:44:31 [INFO] Epoch 030 | Train Loss: 0.3040 | Train Acc: 0.9341 | Val Loss: 0.0704 | Val Acc: 0.9704
2026-08-25 11:44:33 [INFO] Epoch 031 | Train Loss: 0.3350 | Train Acc: 0.9286 | Val Loss: 0.0762 | Val Acc: 0.9778
2026-08-25 11:44:37 [INFO] Epoch 032 | Train Loss: 0.3455 | Train Acc: 0.9230 | Val Loss: 0.1641 | Val Acc: 0.9556
2026-08-25 11:44:40 [INFO] Epoch 033 | Train Loss: 0.3453 | Train Acc: 0.9190 | Val Loss: 0.0972 | Val Acc: 0.9630
2026-08-25 11:44:42 [INFO] Epoch 034 | Train Loss: 0.3096 | Train Acc: 0.9333 | Val Loss: 0.0552 | Val Acc: 0.9815
2026-08-25 11:44:44 [INFO] Epoch 035 | Train Loss: 0.2647 | Train Acc: 0.9484 | Val Loss: 0.0557 | Val Acc: 0.9778
2026-08-25 11:44:47 [INFO] Epoch 036 | Train Loss: 0.2600 | Train Acc: 0.9405 | Val Loss: 0.0381 | Val Acc: 0.9889
2026-08-25 11:44:47 [INFO] ✓ Saved best model: Val Acc=0.9889 at epoch 36
2026-08-25 11:44:49 [INFO] Epoch 037 | Train Loss: 0.2899 | Train Acc: 0.9365 | Val Loss: 0.0607 | Val Acc: 0.9852
2026-08-25 11:44:54 [INFO] Epoch 038 | Train Loss: 0.3207 | Train Acc: 0.9294 | Val Loss: 0.0339 | Val Acc: 0.9889
2026-08-25 11:44:56 [INFO] Epoch 039 | Train Loss: 0.2777 | Train Acc: 0.9444 | Val Loss: 0.0754 | Val Acc: 0.9630
2026-08-25 11:44:58 [INFO] Epoch 040 | Train Loss: 0.2480 | Train Acc: 0.9460 | Val Loss: 0.0349 | Val Acc: 0.9963
2026-08-25 11:44:58 [INFO] ✓ Saved best model: Val Acc=0.9963 at epoch 40
2026-08-25 11:45:00 [INFO] Epoch 041 | Train Loss: 0.2157 | Train Acc: 0.9603 | Val Loss: 0.0371 | Val Acc: 0.9926
2026-08-25 11:45:03 [INFO] Epoch 042 | Train Loss: 0.1730 | Train Acc: 0.9619 | Val Loss: 0.0375 | Val Acc: 0.9889
2026-08-25 11:45:05 [INFO] Epoch 043 | Train Loss: 0.1597 | Train Acc: 0.9667 | Val Loss: 0.0297 | Val Acc: 0.9926
2026-08-25 11:45:10 [INFO] Epoch 044 | Train Loss: 0.1591 | Train Acc: 0.9651 | Val Loss: 0.0288 | Val Acc: 0.9926
2026-08-25 11:45:12 [INFO] Epoch 045 | Train Loss: 0.1652 | Train Acc: 0.9635 | Val Loss: 0.0256 | Val Acc: 0.9926
2026-08-25 11:45:14 [INFO] Epoch 046 | Train Loss: 0.1732 | Train Acc: 0.9635 | Val Loss: 0.0308 | Val Acc: 0.9926
2026-08-25 11:45:16 [INFO] Epoch 047 | Train Loss: 0.1661 | Train Acc: 0.9643 | Val Loss: 0.0306 | Val Acc: 0.9926
2026-08-25 11:45:19 [INFO] Epoch 048 | Train Loss: 0.1432 | Train Acc: 0.9714 | Val Loss: 0.0268 | Val Acc: 0.9926
2026-08-25 11:45:23 [INFO] Epoch 049 | Train Loss: 0.1300 | Train Acc: 0.9690 | Val Loss: 0.0229 | Val Acc: 0.9926
2026-08-25 11:45:25 [INFO] Epoch 050 | Train Loss: 0.1593 | Train Acc: 0.9635 | Val Loss: 0.0243 | Val Acc: 0.9926
2026-08-25 11:45:28 [INFO] Epoch 051 | Train Loss: 0.1755 | Train Acc: 0.9627 | Val Loss: 0.0234 | Val Acc: 0.9926
2026-08-25 11:45:30 [INFO] Epoch 052 | Train Loss: 0.1750 | Train Acc: 0.9643 | Val Loss: 0.0264 | Val Acc: 0.9926
2026-08-25 11:45:32 [INFO] Epoch 053 | Train Loss: 0.1552 | Train Acc: 0.9675 | Val Loss: 0.0232 | Val Acc: 0.9926
2026-08-25 11:45:34 [INFO] Epoch 054 | Train Loss: 0.1528 | Train Acc: 0.9683 | Val Loss: 0.0192 | Val Acc: 0.9963
2026-08-25 11:45:39 [INFO] Epoch 055 | Train Loss: 0.1206 | Train Acc: 0.9810 | Val Loss: 0.0185 | Val Acc: 0.9963
2026-08-25 11:45:41 [INFO] Epoch 056 | Train Loss: 0.1314 | Train Acc: 0.9675 | Val Loss: 0.0192 | Val Acc: 0.9963
2026-08-25 11:45:44 [INFO] Epoch 057 | Train Loss: 0.1558 | Train Acc: 0.9675 | Val Loss: 0.0184 | Val Acc: 0.9963
2026-08-25 11:45:46 [INFO] Epoch 058 | Train Loss: 0.1727 | Train Acc: 0.9675 | Val Loss: 0.0214 | Val Acc: 0.9926
2026-08-25 11:45:48 [INFO] Epoch 059 | Train Loss: 0.1644 | Train Acc: 0.9651 | Val Loss: 0.0215 | Val Acc: 0.9926
2026-08-25 11:45:52 [INFO] Epoch 060 | Train Loss: 0.1285 | Train Acc: 0.9770 | Val Loss: 0.0204 | Val Acc: 0.9963
2026-08-25 11:45:55 [INFO] Epoch 061 | Train Loss: 0.1216 | Train Acc: 0.9746 | Val Loss: 0.0230 | Val Acc: 0.9926
2026-08-25 11:45:57 [INFO] Epoch 062 | Train Loss: 0.1361 | Train Acc: 0.9698 | Val Loss: 0.0221 | Val Acc: 0.9926
2026-08-25 11:46:00 [INFO] Epoch 063 | Train Loss: 0.1478 | Train Acc: 0.9667 | Val Loss: 0.0226 | Val Acc: 0.9926
2026-08-25 11:46:02 [INFO] Epoch 064 | Train Loss: 0.1297 | Train Acc: 0.9698 | Val Loss: 0.0220 | Val Acc: 0.9926
2026-08-25 11:46:04 [INFO] Epoch 065 | Train Loss: 0.1414 | Train Acc: 0.9698 | Val Loss: 0.0174 | Val Acc: 0.9963
2026-08-25 11:46:09 [INFO] Epoch 066 | Train Loss: 0.1384 | Train Acc: 0.9706 | Val Loss: 0.0214 | Val Acc: 0.9963
2026-08-25 11:46:11 [INFO] Epoch 067 | Train Loss: 0.1188 | Train Acc: 0.9778 | Val Loss: 0.0206 | Val Acc: 0.9926
2026-08-25 11:46:13 [INFO] Epoch 068 | Train Loss: 0.1410 | Train Acc: 0.9722 | Val Loss: 0.0224 | Val Acc: 0.9963
2026-08-25 11:46:16 [INFO] Epoch 069 | Train Loss: 0.1309 | Train Acc: 0.9746 | Val Loss: 0.0268 | Val Acc: 0.9926
2026-08-25 11:46:18 [INFO] Epoch 070 | Train Loss: 0.1148 | Train Acc: 0.9770 | Val Loss: 0.0280 | Val Acc: 0.9889
2026-08-25 11:46:18 [INFO] ⏹ Early stopping tại epoch 70 (không cải thiện sau 30 epoch, best=0.9963)
2026-08-25 11:46:18 [INFO] Evaluating Best Model on TEST Set...
2026-08-25 11:46:18 [INFO] 
[RESUME] Đang nạp checkpoint từ: /home/biu-linux/DeepLearning_Projects/DoAnNganh/HybricMamba/Ressult/TFJ/HEAVY_HYBRIC_MAMBA/NEU-DET_surface-dec/HEAVY_HYBRIC_MAMBA_best.pth
2026-08-25 11:46:18 [INFO] 🎯 [TEST RESULT] Test Acc: 0.9889 | F1-Macro: 0.9889 | F1-Weighted: 0.9889
2026-09-05 22:54:49 [INFO] Dataset: NEU-DET_surface-dec | Số nhãn (classes): 6 | Tổng số ảnh: 1800
2026-09-05 22:54:49 [INFO] Dữ liệu đã chia -> Train (70%): 1260 | Val (15%): 270 | Test (15%): 270
2026-09-05 22:54:49 [INFO] 
🔍 Kiểm tra phân bố class trong batch:
2026-09-05 22:54:51 [INFO]   Batch 0: 6 classes (first 5: [0, 1, 2, 3, 4])
2026-09-05 22:54:51 [INFO]   Batch 1: 6 classes (first 5: [0, 1, 2, 3, 4])
2026-09-05 22:54:51 [INFO]   Batch 2: 6 classes (first 5: [0, 1, 2, 3, 4])
2026-09-05 22:54:51 [INFO]   Batch 3: 6 classes (first 5: [0, 1, 2, 3, 4])
2026-09-05 22:54:51 [INFO]   Batch 4: 6 classes (first 5: [0, 1, 2, 3, 4])
2026-09-05 22:54:51 [WARNING] ⚠️ WARNING: Trung bình 6.0 classes/batch - Dữ liệu chưa được trộn đều!
2026-09-05 22:54:51 [INFO] ============================================================
2026-09-05 22:54:51 [INFO] Starting training: HEAVY_HYBRIC_MAMBA
2026-09-05 22:54:51 [INFO] Dataset: NEU-DET_surface-dec | Path: /home/biu-linux/DeepLearning_Projects/DoAnNganh/data/NEU-DET
2026-09-05 22:54:51 [INFO] Device: cuda
2026-09-05 22:54:51 [INFO] GPU: NVIDIA GeForce RTX 3050 Laptop GPU
2026-09-05 22:54:51 [INFO] ============================================================
2026-09-05 22:54:56 [INFO] Epoch 000 | Train Loss: 2.7337 | Train Acc: 0.2929 | Val Loss: 1.7348 | Val Acc: 0.2852
2026-09-05 22:54:56 [INFO] ✓ Saved best model: Val Acc=0.2852 at epoch 0
2026-09-05 22:55:08 [INFO] Dataset: NEU-DET_surface-dec | Số nhãn (classes): 6 | Tổng số ảnh: 1800
2026-09-05 22:55:08 [INFO] Dữ liệu đã chia -> Train (70%): 1260 | Val (15%): 270 | Test (15%): 270
2026-09-05 22:55:08 [INFO] 
🔍 Kiểm tra phân bố class trong batch:
2026-09-05 22:55:09 [INFO]   Batch 0: 4 classes (first 5: [0, 1, 3, 4])
2026-09-05 22:55:09 [INFO]   Batch 1: 4 classes (first 5: [0, 2, 3, 4])
2026-09-05 22:55:09 [INFO]   Batch 2: 5 classes (first 5: [0, 1, 2, 3, 4])
2026-09-05 22:55:09 [INFO]   Batch 3: 6 classes (first 5: [0, 1, 2, 3, 4])
2026-09-05 22:55:09 [INFO]   Batch 4: 5 classes (first 5: [0, 1, 3, 4, 5])
2026-09-05 22:55:09 [WARNING] ⚠️ WARNING: Trung bình 4.8 classes/batch - Dữ liệu chưa được trộn đều!
2026-09-05 22:55:09 [INFO] ============================================================
2026-09-05 22:55:09 [INFO] Starting training: HEAVY_HYBRIC_MAMBA
2026-09-05 22:55:09 [INFO] Dataset: NEU-DET_surface-dec | Path: /home/biu-linux/DeepLearning_Projects/DoAnNganh/data/NEU-DET
2026-09-05 22:55:09 [INFO] Device: cuda
2026-09-05 22:55:09 [INFO] GPU: NVIDIA GeForce RTX 3050 Laptop GPU
2026-09-05 22:55:09 [INFO] ============================================================
2026-09-05 22:55:14 [INFO] Epoch 000 | Train Loss: 2.5576 | Train Acc: 0.3849 | Val Loss: 1.0785 | Val Acc: 0.6852
2026-09-05 22:55:14 [INFO] ✓ Saved best model: Val Acc=0.6852 at epoch 0
2026-09-05 22:55:16 [INFO] Epoch 001 | Train Loss: 2.0180 | Train Acc: 0.5357 | Val Loss: 0.7691 | Val Acc: 0.7407
2026-09-05 22:55:16 [INFO] ✓ Saved best model: Val Acc=0.7407 at epoch 1
2026-09-05 22:55:19 [INFO] Epoch 002 | Train Loss: 1.6201 | Train Acc: 0.6405 | Val Loss: 0.6006 | Val Acc: 0.7556
2026-09-05 22:55:19 [INFO] ✓ Saved best model: Val Acc=0.7556 at epoch 2
2026-09-05 22:55:24 [INFO] Epoch 003 | Train Loss: 1.3685 | Train Acc: 0.7087 | Val Loss: 0.4681 | Val Acc: 0.8519
2026-09-05 22:55:24 [INFO] ✓ Saved best model: Val Acc=0.8519 at epoch 3
2026-09-05 22:55:27 [INFO] Epoch 004 | Train Loss: 1.2705 | Train Acc: 0.7032 | Val Loss: 0.5464 | Val Acc: 0.8222
2026-09-05 22:55:30 [INFO] Epoch 005 | Train Loss: 1.1445 | Train Acc: 0.7286 | Val Loss: 0.4488 | Val Acc: 0.8185
2026-09-05 22:55:33 [INFO] Epoch 006 | Train Loss: 1.0268 | Train Acc: 0.7595 | Val Loss: 0.3581 | Val Acc: 0.8667
2026-09-05 22:55:33 [INFO] ✓ Saved best model: Val Acc=0.8667 at epoch 6
2026-09-05 22:55:39 [INFO] Epoch 007 | Train Loss: 0.9538 | Train Acc: 0.7905 | Val Loss: 0.2544 | Val Acc: 0.9037
2026-09-05 22:55:39 [INFO] ✓ Saved best model: Val Acc=0.9037 at epoch 7
2026-09-05 22:55:41 [INFO] Epoch 008 | Train Loss: 0.8872 | Train Acc: 0.8063 | Val Loss: 0.2825 | Val Acc: 0.9148
2026-09-05 22:55:41 [INFO] ✓ Saved best model: Val Acc=0.9148 at epoch 8
2026-09-05 22:55:44 [INFO] Epoch 009 | Train Loss: 0.8343 | Train Acc: 0.8206 | Val Loss: 0.3066 | Val Acc: 0.9000
2026-09-05 22:55:47 [INFO] Epoch 010 | Train Loss: 0.8178 | Train Acc: 0.8111 | Val Loss: 0.2364 | Val Acc: 0.9185
2026-09-05 22:55:47 [INFO] ✓ Saved best model: Val Acc=0.9185 at epoch 10
2026-09-05 22:55:50 [INFO] Epoch 011 | Train Loss: 0.6982 | Train Acc: 0.8452 | Val Loss: 0.2436 | Val Acc: 0.9185
2026-09-05 22:55:55 [INFO] Epoch 012 | Train Loss: 0.6446 | Train Acc: 0.8627 | Val Loss: 0.2105 | Val Acc: 0.9111
2026-09-05 22:55:58 [INFO] Epoch 013 | Train Loss: 0.6495 | Train Acc: 0.8587 | Val Loss: 0.2609 | Val Acc: 0.9111
2026-09-05 22:56:01 [INFO] Epoch 014 | Train Loss: 0.5750 | Train Acc: 0.8762 | Val Loss: 0.1681 | Val Acc: 0.9444
2026-09-05 22:56:01 [INFO] ✓ Saved best model: Val Acc=0.9444 at epoch 14
2026-09-05 22:56:03 [INFO] Epoch 015 | Train Loss: 0.5047 | Train Acc: 0.8944 | Val Loss: 0.1615 | Val Acc: 0.9481
2026-09-05 22:56:03 [INFO] ✓ Saved best model: Val Acc=0.9481 at epoch 15
2026-09-05 22:56:09 [INFO] Epoch 016 | Train Loss: 0.5009 | Train Acc: 0.8881 | Val Loss: 0.1801 | Val Acc: 0.9444
2026-09-05 22:56:11 [INFO] Epoch 017 | Train Loss: 0.5278 | Train Acc: 0.8897 | Val Loss: 0.1429 | Val Acc: 0.9407
2026-09-05 22:56:14 [INFO] Epoch 018 | Train Loss: 0.4446 | Train Acc: 0.9040 | Val Loss: 0.1567 | Val Acc: 0.9370
2026-09-05 22:56:17 [INFO] Epoch 019 | Train Loss: 0.4687 | Train Acc: 0.9040 | Val Loss: 0.1487 | Val Acc: 0.9481
2026-09-05 22:56:20 [INFO] Epoch 020 | Train Loss: 0.4530 | Train Acc: 0.8968 | Val Loss: 0.1626 | Val Acc: 0.9444
2026-09-05 22:56:25 [INFO] Epoch 021 | Train Loss: 0.4399 | Train Acc: 0.8937 | Val Loss: 0.1225 | Val Acc: 0.9556
2026-09-05 22:56:25 [INFO] ✓ Saved best model: Val Acc=0.9556 at epoch 21
2026-09-05 22:56:28 [INFO] Epoch 022 | Train Loss: 0.4270 | Train Acc: 0.9008 | Val Loss: 0.1618 | Val Acc: 0.9481
2026-09-05 22:56:30 [INFO] Epoch 023 | Train Loss: 0.4594 | Train Acc: 0.9063 | Val Loss: 0.1347 | Val Acc: 0.9593
2026-09-05 22:56:30 [INFO] ✓ Saved best model: Val Acc=0.9593 at epoch 23
2026-09-05 22:56:33 [INFO] Epoch 024 | Train Loss: 0.3636 | Train Acc: 0.9222 | Val Loss: 0.1347 | Val Acc: 0.9593
2026-09-05 22:56:39 [INFO] Epoch 025 | Train Loss: 0.3871 | Train Acc: 0.9183 | Val Loss: 0.1359 | Val Acc: 0.9481
2026-09-05 22:56:42 [INFO] Epoch 026 | Train Loss: 0.3524 | Train Acc: 0.9111 | Val Loss: 0.1182 | Val Acc: 0.9519
2026-09-05 22:56:45 [INFO] Epoch 027 | Train Loss: 0.3778 | Train Acc: 0.9151 | Val Loss: 0.0842 | Val Acc: 0.9704
2026-09-05 22:56:45 [INFO] ✓ Saved best model: Val Acc=0.9704 at epoch 27
2026-09-05 22:56:48 [INFO] Epoch 028 | Train Loss: 0.3389 | Train Acc: 0.9286 | Val Loss: 0.0928 | Val Acc: 0.9593
2026-09-05 22:56:54 [INFO] Epoch 029 | Train Loss: 0.3108 | Train Acc: 0.9357 | Val Loss: 0.1111 | Val Acc: 0.9519
2026-09-05 22:56:57 [INFO] Epoch 030 | Train Loss: 0.3044 | Train Acc: 0.9341 | Val Loss: 0.1058 | Val Acc: 0.9593
2026-09-05 22:57:00 [INFO] Epoch 031 | Train Loss: 0.3217 | Train Acc: 0.9405 | Val Loss: 0.0810 | Val Acc: 0.9667
2026-09-05 22:57:03 [INFO] Epoch 032 | Train Loss: 0.3280 | Train Acc: 0.9270 | Val Loss: 0.1259 | Val Acc: 0.9593
2026-09-05 22:57:09 [INFO] Epoch 033 | Train Loss: 0.3059 | Train Acc: 0.9429 | Val Loss: 0.1096 | Val Acc: 0.9630
2026-09-05 22:57:13 [INFO] Epoch 034 | Train Loss: 0.2512 | Train Acc: 0.9500 | Val Loss: 0.1208 | Val Acc: 0.9630
2026-09-05 22:57:16 [INFO] Epoch 035 | Train Loss: 0.2448 | Train Acc: 0.9468 | Val Loss: 0.1305 | Val Acc: 0.9556
2026-09-05 22:57:19 [INFO] Epoch 036 | Train Loss: 0.2564 | Train Acc: 0.9500 | Val Loss: 0.1200 | Val Acc: 0.9556
2026-09-05 22:57:25 [INFO] Epoch 037 | Train Loss: 0.2473 | Train Acc: 0.9516 | Val Loss: 0.0884 | Val Acc: 0.9667
2026-09-05 22:57:25 [INFO] ⏹ Early stopping tại epoch 37 (không cải thiện sau 10 epoch, best=0.9704)
2026-09-05 22:57:25 [INFO] Evaluating Best Model on TEST Set...
2026-09-05 22:57:25 [INFO] 
[RESUME] Đang nạp checkpoint từ: /home/biu-linux/DeepLearning_Projects/DoAnNganh/HybricMamba/Ressult/TFJ/HEAVY_HYBRIC_MAMBA/NEU-DET_surface-dec/HEAVY_HYBRIC_MAMBA_best.pth
2026-09-05 22:57:25 [INFO] 🎯 [TEST RESULT] Test Acc: 0.9593 | F1-Macro: 0.9593 | F1-Weighted: 0.9593
2026-09-05 23:56:40 [INFO] Dataset: NEU-DET_surface-dec | Số nhãn (classes): 6 | Tổng số ảnh: 1800
2026-09-05 23:56:40 [INFO] Dữ liệu đã chia -> Train (70%): 1260 | Val (15%): 270 | Test (15%): 270
2026-09-05 23:56:40 [INFO] 
🔍 Kiểm tra phân bố class trong batch:
2026-09-05 23:56:40 [INFO]   Batch 0: 4 classes (first 5: [1, 2, 3, 5])
2026-09-05 23:56:40 [INFO]   Batch 1: 4 classes (first 5: [0, 2, 3, 5])
2026-09-05 23:56:40 [INFO]   Batch 2: 4 classes (first 5: [1, 2, 3, 4])
2026-09-05 23:56:40 [INFO]   Batch 3: 6 classes (first 5: [0, 1, 2, 3, 4])
2026-09-05 23:56:40 [INFO]   Batch 4: 5 classes (first 5: [0, 1, 2, 3, 4])
2026-09-05 23:56:40 [WARNING] ⚠️ WARNING: Trung bình 4.6 classes/batch - Dữ liệu chưa được trộn đều!
2026-09-05 23:56:40 [INFO] ============================================================
2026-09-05 23:56:40 [INFO] Starting training: HEAVY_HYBRIC_MAMBA
2026-09-05 23:56:40 [INFO] Dataset: NEU-DET_surface-dec | Path: /home/biu-linux/DeepLearning_Projects/DoAnNganh/data/NEU-DET
2026-09-05 23:56:40 [INFO] Device: cuda
2026-09-05 23:56:40 [INFO] GPU: NVIDIA GeForce RTX 3050 Laptop GPU
2026-09-05 23:56:40 [INFO] ============================================================
2026-09-05 23:56:48 [INFO] Epoch 000 | Train Loss: 2.5957 | Train Acc: 0.3357 | Val Loss: 1.1299 | Val Acc: 0.6074
2026-09-05 23:56:48 [INFO] ✓ Saved best model: Val Acc=0.6074 at epoch 0
2026-09-05 23:56:52 [INFO] Epoch 001 | Train Loss: 2.2421 | Train Acc: 0.4730 | Val Loss: 0.8895 | Val Acc: 0.7296
2026-09-05 23:56:52 [INFO] ✓ Saved best model: Val Acc=0.7296 at epoch 1
2026-09-05 23:56:59 [INFO] Epoch 002 | Train Loss: 1.9748 | Train Acc: 0.5468 | Val Loss: 0.6446 | Val Acc: 0.8074
2026-09-05 23:56:59 [INFO] ✓ Saved best model: Val Acc=0.8074 at epoch 2
2026-09-05 23:57:03 [INFO] Epoch 003 | Train Loss: 1.7439 | Train Acc: 0.6032 | Val Loss: 0.5629 | Val Acc: 0.8296
2026-09-05 23:57:03 [INFO] ✓ Saved best model: Val Acc=0.8296 at epoch 3
2026-09-05 23:57:07 [INFO] Epoch 004 | Train Loss: 1.4792 | Train Acc: 0.6778 | Val Loss: 0.3972 | Val Acc: 0.8741
2026-09-05 23:57:07 [INFO] ✓ Saved best model: Val Acc=0.8741 at epoch 4
2026-09-05 23:57:15 [INFO] Epoch 005 | Train Loss: 1.3286 | Train Acc: 0.7063 | Val Loss: 0.4631 | Val Acc: 0.8519
2026-09-05 23:57:19 [INFO] Epoch 006 | Train Loss: 1.1920 | Train Acc: 0.7460 | Val Loss: 0.3060 | Val Acc: 0.9111
2026-09-05 23:57:19 [INFO] ✓ Saved best model: Val Acc=0.9111 at epoch 6
2026-09-05 23:57:25 [INFO] Epoch 007 | Train Loss: 1.0997 | Train Acc: 0.7540 | Val Loss: 0.2531 | Val Acc: 0.9111
2026-09-05 23:57:30 [INFO] Epoch 008 | Train Loss: 1.0059 | Train Acc: 0.7802 | Val Loss: 0.2533 | Val Acc: 0.9148
2026-09-05 23:57:30 [INFO] ✓ Saved best model: Val Acc=0.9148 at epoch 8
2026-09-05 23:57:34 [INFO] Epoch 009 | Train Loss: 0.9137 | Train Acc: 0.7968 | Val Loss: 0.1739 | Val Acc: 0.9444
2026-09-05 23:57:34 [INFO] ✓ Saved best model: Val Acc=0.9444 at epoch 9
2026-09-05 23:57:39 [INFO] Epoch 010 | Train Loss: 0.8944 | Train Acc: 0.8079 | Val Loss: 0.1665 | Val Acc: 0.9630
2026-09-05 23:57:39 [INFO] ✓ Saved best model: Val Acc=0.9630 at epoch 10
2026-09-05 23:57:45 [INFO] Epoch 011 | Train Loss: 0.7647 | Train Acc: 0.8302 | Val Loss: 0.2237 | Val Acc: 0.9222
2026-09-05 23:57:49 [INFO] Epoch 012 | Train Loss: 0.7892 | Train Acc: 0.8238 | Val Loss: 0.1582 | Val Acc: 0.9519
2026-09-05 23:57:55 [INFO] Epoch 013 | Train Loss: 0.6920 | Train Acc: 0.8476 | Val Loss: 0.1863 | Val Acc: 0.9407
2026-09-05 23:58:00 [INFO] Epoch 014 | Train Loss: 0.6698 | Train Acc: 0.8548 | Val Loss: 0.1861 | Val Acc: 0.9556
2026-09-05 23:58:04 [INFO] Epoch 015 | Train Loss: 0.6317 | Train Acc: 0.8548 | Val Loss: 0.1597 | Val Acc: 0.9370
2026-09-05 23:58:09 [INFO] Epoch 016 | Train Loss: 0.5923 | Train Acc: 0.8722 | Val Loss: 0.2497 | Val Acc: 0.9259
2026-09-05 23:58:15 [INFO] Epoch 017 | Train Loss: 0.5816 | Train Acc: 0.8770 | Val Loss: 0.1219 | Val Acc: 0.9593
2026-09-05 23:58:19 [INFO] Epoch 018 | Train Loss: 0.5111 | Train Acc: 0.8952 | Val Loss: 0.1489 | Val Acc: 0.9556
2026-09-05 23:58:23 [INFO] Epoch 019 | Train Loss: 0.5712 | Train Acc: 0.8889 | Val Loss: 0.1456 | Val Acc: 0.9519
2026-09-05 23:58:29 [INFO] Epoch 020 | Train Loss: 0.5287 | Train Acc: 0.8841 | Val Loss: 0.1410 | Val Acc: 0.9593
2026-09-05 23:58:33 [INFO] Epoch 021 | Train Loss: 0.5235 | Train Acc: 0.8921 | Val Loss: 0.1211 | Val Acc: 0.9593
2026-09-05 23:58:38 [INFO] Epoch 022 | Train Loss: 0.4249 | Train Acc: 0.9159 | Val Loss: 0.1005 | Val Acc: 0.9778
2026-09-05 23:58:38 [INFO] ✓ Saved best model: Val Acc=0.9778 at epoch 22
2026-09-05 23:58:44 [INFO] Epoch 023 | Train Loss: 0.4476 | Train Acc: 0.9024 | Val Loss: 0.0660 | Val Acc: 0.9741
2026-09-05 23:58:49 [INFO] Epoch 024 | Train Loss: 0.4546 | Train Acc: 0.9063 | Val Loss: 0.0874 | Val Acc: 0.9704
2026-09-05 23:58:53 [INFO] Epoch 025 | Train Loss: 0.4326 | Train Acc: 0.9206 | Val Loss: 0.1209 | Val Acc: 0.9556
2026-09-05 23:58:59 [INFO] Epoch 026 | Train Loss: 0.4167 | Train Acc: 0.9079 | Val Loss: 0.0855 | Val Acc: 0.9815
2026-09-05 23:58:59 [INFO] ✓ Saved best model: Val Acc=0.9815 at epoch 26
2026-09-05 23:59:03 [INFO] Epoch 027 | Train Loss: 0.3508 | Train Acc: 0.9294 | Val Loss: 0.1265 | Val Acc: 0.9630
2026-09-05 23:59:07 [INFO] Epoch 028 | Train Loss: 0.3517 | Train Acc: 0.9294 | Val Loss: 0.0823 | Val Acc: 0.9630
2026-09-05 23:59:14 [INFO] Epoch 029 | Train Loss: 0.3759 | Train Acc: 0.9206 | Val Loss: 0.1262 | Val Acc: 0.9593
2026-09-05 23:59:18 [INFO] Epoch 030 | Train Loss: 0.3404 | Train Acc: 0.9270 | Val Loss: 0.0772 | Val Acc: 0.9815
2026-09-05 23:59:22 [INFO] Epoch 031 | Train Loss: 0.3091 | Train Acc: 0.9302 | Val Loss: 0.1148 | Val Acc: 0.9593
2026-09-05 23:59:29 [INFO] Epoch 032 | Train Loss: 0.3945 | Train Acc: 0.9159 | Val Loss: 0.1359 | Val Acc: 0.9630
2026-09-05 23:59:33 [INFO] Epoch 033 | Train Loss: 0.3431 | Train Acc: 0.9302 | Val Loss: 0.1300 | Val Acc: 0.9667
2026-09-05 23:59:37 [INFO] Epoch 034 | Train Loss: 0.3420 | Train Acc: 0.9365 | Val Loss: 0.1937 | Val Acc: 0.9481
2026-09-05 23:59:44 [INFO] Epoch 035 | Train Loss: 0.3094 | Train Acc: 0.9444 | Val Loss: 0.1719 | Val Acc: 0.9667
2026-09-05 23:59:48 [INFO] Epoch 036 | Train Loss: 0.3057 | Train Acc: 0.9381 | Val Loss: 0.1355 | Val Acc: 0.9667
2026-09-05 23:59:52 [INFO] Epoch 037 | Train Loss: 0.3004 | Train Acc: 0.9492 | Val Loss: 0.0754 | Val Acc: 0.9778
2026-09-05 23:59:58 [INFO] Epoch 038 | Train Loss: 0.2307 | Train Acc: 0.9508 | Val Loss: 0.1216 | Val Acc: 0.9667
2026-09-06 00:00:02 [INFO] Epoch 039 | Train Loss: 0.2714 | Train Acc: 0.9437 | Val Loss: 0.1430 | Val Acc: 0.9667
2026-09-06 00:00:07 [INFO] Epoch 040 | Train Loss: 0.2323 | Train Acc: 0.9563 | Val Loss: 0.2099 | Val Acc: 0.9593
2026-09-06 00:00:13 [INFO] Epoch 041 | Train Loss: 0.2512 | Train Acc: 0.9437 | Val Loss: 0.1996 | Val Acc: 0.9519
2026-09-06 00:00:17 [INFO] Epoch 042 | Train Loss: 0.2196 | Train Acc: 0.9556 | Val Loss: 0.1395 | Val Acc: 0.9704
2026-09-06 00:00:22 [INFO] Epoch 043 | Train Loss: 0.2722 | Train Acc: 0.9460 | Val Loss: 0.1734 | Val Acc: 0.9667
2026-09-06 00:00:29 [INFO] Epoch 044 | Train Loss: 0.1978 | Train Acc: 0.9563 | Val Loss: 0.1957 | Val Acc: 0.9630
2026-09-06 00:00:33 [INFO] Epoch 045 | Train Loss: 0.2082 | Train Acc: 0.9563 | Val Loss: 0.1266 | Val Acc: 0.9778
2026-09-06 00:00:37 [INFO] Epoch 046 | Train Loss: 0.1931 | Train Acc: 0.9635 | Val Loss: 0.0752 | Val Acc: 0.9704
2026-09-06 00:00:44 [INFO] Epoch 047 | Train Loss: 0.2229 | Train Acc: 0.9524 | Val Loss: 0.0668 | Val Acc: 0.9704
2026-09-06 00:00:48 [INFO] Epoch 048 | Train Loss: 0.2408 | Train Acc: 0.9540 | Val Loss: 0.1325 | Val Acc: 0.9741
2026-09-06 00:00:53 [INFO] Epoch 049 | Train Loss: 0.1868 | Train Acc: 0.9627 | Val Loss: 0.0997 | Val Acc: 0.9778
2026-09-06 00:00:59 [INFO] Epoch 050 | Train Loss: 0.2458 | Train Acc: 0.9579 | Val Loss: 0.0620 | Val Acc: 0.9926
2026-09-06 00:00:59 [INFO] ✓ Saved best model: Val Acc=0.9926 at epoch 50
2026-09-06 00:01:04 [INFO] Epoch 051 | Train Loss: 0.1676 | Train Acc: 0.9659 | Val Loss: 0.0741 | Val Acc: 0.9815
2026-09-06 00:01:09 [INFO] Epoch 052 | Train Loss: 0.1554 | Train Acc: 0.9698 | Val Loss: 0.1662 | Val Acc: 0.9556
2026-09-06 00:01:15 [INFO] Epoch 053 | Train Loss: 0.1758 | Train Acc: 0.9690 | Val Loss: 0.0697 | Val Acc: 0.9852
2026-09-06 00:01:19 [INFO] Epoch 054 | Train Loss: 0.1781 | Train Acc: 0.9659 | Val Loss: 0.1113 | Val Acc: 0.9815
2026-09-06 00:01:25 [INFO] Epoch 055 | Train Loss: 0.1589 | Train Acc: 0.9683 | Val Loss: 0.0819 | Val Acc: 0.9815
2026-09-06 00:01:30 [INFO] Epoch 056 | Train Loss: 0.1889 | Train Acc: 0.9643 | Val Loss: 0.0948 | Val Acc: 0.9741
2026-09-06 00:01:34 [INFO] Epoch 057 | Train Loss: 0.1625 | Train Acc: 0.9667 | Val Loss: 0.1029 | Val Acc: 0.9741
2026-09-06 00:01:41 [INFO] Epoch 058 | Train Loss: 0.1761 | Train Acc: 0.9635 | Val Loss: 0.0732 | Val Acc: 0.9889
2026-09-06 00:01:45 [INFO] Epoch 059 | Train Loss: 0.1329 | Train Acc: 0.9762 | Val Loss: 0.0766 | Val Acc: 0.9778
2026-09-06 00:01:49 [INFO] Epoch 060 | Train Loss: 0.1080 | Train Acc: 0.9802 | Val Loss: 0.1191 | Val Acc: 0.9778
2026-09-06 00:01:56 [INFO] Epoch 061 | Train Loss: 0.1383 | Train Acc: 0.9738 | Val Loss: 0.0894 | Val Acc: 0.9778
2026-09-06 00:02:00 [INFO] Epoch 062 | Train Loss: 0.1536 | Train Acc: 0.9722 | Val Loss: 0.1005 | Val Acc: 0.9778
2026-09-06 00:02:04 [INFO] Epoch 063 | Train Loss: 0.1170 | Train Acc: 0.9778 | Val Loss: 0.0877 | Val Acc: 0.9852
2026-09-06 00:02:11 [INFO] Epoch 064 | Train Loss: 0.1419 | Train Acc: 0.9738 | Val Loss: 0.0864 | Val Acc: 0.9778
2026-09-06 00:02:15 [INFO] Epoch 065 | Train Loss: 0.1393 | Train Acc: 0.9698 | Val Loss: 0.0883 | Val Acc: 0.9852
2026-09-06 00:02:20 [INFO] Epoch 066 | Train Loss: 0.1267 | Train Acc: 0.9825 | Val Loss: 0.1136 | Val Acc: 0.9815
2026-09-06 00:02:27 [INFO] Epoch 067 | Train Loss: 0.1052 | Train Acc: 0.9786 | Val Loss: 0.1109 | Val Acc: 0.9815
2026-09-06 00:02:31 [INFO] Epoch 068 | Train Loss: 0.1180 | Train Acc: 0.9770 | Val Loss: 0.0936 | Val Acc: 0.9852
2026-09-06 00:02:35 [INFO] Epoch 069 | Train Loss: 0.1095 | Train Acc: 0.9770 | Val Loss: 0.1016 | Val Acc: 0.9778
2026-09-06 00:02:42 [INFO] Epoch 070 | Train Loss: 0.0908 | Train Acc: 0.9841 | Val Loss: 0.0911 | Val Acc: 0.9852
2026-09-06 00:02:46 [INFO] Epoch 071 | Train Loss: 0.1052 | Train Acc: 0.9841 | Val Loss: 0.1449 | Val Acc: 0.9741
2026-09-06 00:02:51 [INFO] Epoch 072 | Train Loss: 0.1011 | Train Acc: 0.9794 | Val Loss: 0.1005 | Val Acc: 0.9815
2026-09-06 00:02:57 [INFO] Epoch 073 | Train Loss: 0.0982 | Train Acc: 0.9802 | Val Loss: 0.0824 | Val Acc: 0.9852
2026-09-06 00:03:02 [INFO] Epoch 074 | Train Loss: 0.1326 | Train Acc: 0.9746 | Val Loss: 0.0985 | Val Acc: 0.9778
2026-09-06 00:03:06 [INFO] Epoch 075 | Train Loss: 0.0931 | Train Acc: 0.9857 | Val Loss: 0.1157 | Val Acc: 0.9778
2026-09-06 00:03:13 [INFO] Epoch 076 | Train Loss: 0.0879 | Train Acc: 0.9865 | Val Loss: 0.1119 | Val Acc: 0.9778
2026-09-06 00:03:18 [INFO] Epoch 077 | Train Loss: 0.1205 | Train Acc: 0.9762 | Val Loss: 0.0862 | Val Acc: 0.9889
2026-09-06 00:03:22 [INFO] Epoch 078 | Train Loss: 0.0897 | Train Acc: 0.9810 | Val Loss: 0.0941 | Val Acc: 0.9852
2026-09-06 00:03:29 [INFO] Epoch 079 | Train Loss: 0.0784 | Train Acc: 0.9849 | Val Loss: 0.1050 | Val Acc: 0.9852
2026-09-06 00:03:33 [INFO] Epoch 080 | Train Loss: 0.1010 | Train Acc: 0.9849 | Val Loss: 0.1027 | Val Acc: 0.9815
2026-09-06 00:03:33 [INFO] ⏹ Early stopping tại epoch 80 (không cải thiện sau 30 epoch, best=0.9926)
2026-09-06 00:03:33 [INFO] Evaluating Best Model on TEST Set...
2026-09-06 00:03:33 [INFO] 
[RESUME] Đang nạp checkpoint từ: /home/biu-linux/DeepLearning_Projects/DoAnNganh/HybricMamba/Ressult/TFJ/HEAVY_HYBRIC_MAMBA/NEU-DET_surface-dec/HEAVY_HYBRIC_MAMBA_best.pth
2026-09-06 00:03:34 [INFO] 🎯 [TEST RESULT] Test Acc: 0.9704 | F1-Macro: 0.9702 | F1-Weighted: 0.9702
