2026-09-05 19:03:19 [INFO] Dataset: German | Số nhãn (classes): 43 | Tổng số ảnh: 557483
2026-09-05 19:03:20 [INFO] Dữ liệu đã chia -> Train (70%): 390238 | Val (15%): 83622 | Test (15%): 83623
2026-09-05 19:03:20 [INFO] 
🔍 Kiểm tra phân bố class trong batch:
2026-09-05 19:03:21 [INFO]   Batch 0: 39 classes (first 5: [0, 1, 2, 3, 4])
2026-09-05 19:03:21 [INFO]   Batch 1: 35 classes (first 5: [1, 2, 3, 4, 5])
2026-09-05 19:03:21 [INFO]   Batch 2: 37 classes (first 5: [1, 2, 3, 4, 5])
2026-09-05 19:03:21 [INFO]   Batch 3: 34 classes (first 5: [1, 2, 3, 4, 5])
2026-09-05 19:03:21 [INFO]   Batch 4: 33 classes (first 5: [1, 2, 3, 4, 5])
2026-09-05 19:03:22 [INFO] ✅ Shuffle tốt! Trung bình 35.6 classes/batch
2026-09-05 19:03:32 [INFO] ============================================================
2026-09-05 19:03:32 [INFO] Starting training: VIT_B
2026-09-05 19:03:32 [INFO] Dataset: German | Path: /kaggle/input/datasets/thanhsangtrn/german-trafic-sign/dataset_reOrgan
2026-09-05 19:03:32 [INFO] Device: cuda
2026-09-05 19:03:32 [INFO] GPU: Tesla T4
2026-09-05 19:03:32 [INFO] ============================================================
2026-09-05 19:09:24 [INFO] Epoch 000 | Train Loss: 0.6623 | Train Acc: 0.8037 | Val Loss: 0.2498 | Val Acc: 0.9270
2026-09-05 19:09:25 [INFO] ✓ Saved best model: Val Acc=0.9270 at epoch 0
2026-09-05 19:15:23 [INFO] Epoch 001 | Train Loss: 0.5326 | Train Acc: 0.8414 | Val Loss: 0.2870 | Val Acc: 0.9145
2026-09-05 19:21:20 [INFO] Epoch 002 | Train Loss: 0.4972 | Train Acc: 0.8521 | Val Loss: 0.2873 | Val Acc: 0.9155
2026-09-05 19:27:22 [INFO] Epoch 003 | Train Loss: 0.4631 | Train Acc: 0.8619 | Val Loss: 0.2427 | Val Acc: 0.9292
2026-09-05 19:27:24 [INFO] ✓ Saved best model: Val Acc=0.9292 at epoch 3
2026-09-05 19:33:22 [INFO] Epoch 004 | Train Loss: 0.4352 | Train Acc: 0.8708 | Val Loss: 0.2239 | Val Acc: 0.9360
2026-09-05 19:33:24 [INFO] ✓ Saved best model: Val Acc=0.9360 at epoch 4
2026-09-05 19:39:36 [INFO] Epoch 005 | Train Loss: 0.3675 | Train Acc: 0.8911 | Val Loss: 0.2111 | Val Acc: 0.9390
2026-09-05 19:39:39 [INFO] ✓ Saved best model: Val Acc=0.9390 at epoch 5
2026-09-05 19:45:41 [INFO] Epoch 006 | Train Loss: 0.3299 | Train Acc: 0.9027 | Val Loss: 0.2007 | Val Acc: 0.9420
2026-09-05 19:45:43 [INFO] ✓ Saved best model: Val Acc=0.9420 at epoch 6
2026-09-05 19:51:52 [INFO] Epoch 007 | Train Loss: 0.2983 | Train Acc: 0.9124 | Val Loss: 0.1719 | Val Acc: 0.9510
2026-09-05 19:51:54 [INFO] ✓ Saved best model: Val Acc=0.9510 at epoch 7
2026-09-05 19:58:10 [INFO] Epoch 008 | Train Loss: 0.2792 | Train Acc: 0.9183 | Val Loss: 0.1756 | Val Acc: 0.9494
2026-09-05 20:04:23 [INFO] Epoch 009 | Train Loss: 0.2600 | Train Acc: 0.9241 | Val Loss: 0.1574 | Val Acc: 0.9559
2026-09-05 20:04:25 [INFO] ✓ Saved best model: Val Acc=0.9559 at epoch 9
2026-09-05 20:10:42 [INFO] Epoch 010 | Train Loss: 0.2458 | Train Acc: 0.9282 | Val Loss: 0.1577 | Val Acc: 0.9552
2026-09-05 20:16:59 [INFO] Epoch 011 | Train Loss: 0.2338 | Train Acc: 0.9318 | Val Loss: 0.1471 | Val Acc: 0.9588
2026-09-05 20:17:01 [INFO] ✓ Saved best model: Val Acc=0.9588 at epoch 11
2026-09-05 20:23:09 [INFO] Epoch 012 | Train Loss: 0.2261 | Train Acc: 0.9347 | Val Loss: 0.1460 | Val Acc: 0.9595
2026-09-05 20:23:11 [INFO] ✓ Saved best model: Val Acc=0.9595 at epoch 12
2026-09-05 20:29:25 [INFO] Epoch 013 | Train Loss: 0.2167 | Train Acc: 0.9370 | Val Loss: 0.1334 | Val Acc: 0.9633
2026-09-05 20:29:28 [INFO] ✓ Saved best model: Val Acc=0.9633 at epoch 13
2026-09-05 20:35:47 [INFO] Epoch 014 | Train Loss: 0.2107 | Train Acc: 0.9393 | Val Loss: 0.1363 | Val Acc: 0.9619
2026-09-05 20:42:09 [INFO] Epoch 015 | Train Loss: 0.2022 | Train Acc: 0.9415 | Val Loss: 0.1352 | Val Acc: 0.9624
2026-09-05 20:48:35 [INFO] Epoch 016 | Train Loss: 0.1964 | Train Acc: 0.9432 | Val Loss: 0.1341 | Val Acc: 0.9627
2026-09-05 20:54:51 [INFO] Epoch 017 | Train Loss: 0.1905 | Train Acc: 0.9449 | Val Loss: 0.1301 | Val Acc: 0.9635
2026-09-05 20:54:54 [INFO] ✓ Saved best model: Val Acc=0.9635 at epoch 17
2026-09-05 21:01:15 [INFO] Epoch 018 | Train Loss: 0.1848 | Train Acc: 0.9468 | Val Loss: 0.1281 | Val Acc: 0.9628
2026-09-05 21:07:29 [INFO] Epoch 019 | Train Loss: 0.1792 | Train Acc: 0.9485 | Val Loss: 0.1189 | Val Acc: 0.9677
2026-09-05 21:07:31 [INFO] ✓ Saved best model: Val Acc=0.9677 at epoch 19
2026-09-05 21:13:52 [INFO] Epoch 020 | Train Loss: 0.1760 | Train Acc: 0.9496 | Val Loss: 0.1217 | Val Acc: 0.9648
2026-09-05 21:20:30 [INFO] Epoch 021 | Train Loss: 0.1704 | Train Acc: 0.9513 | Val Loss: 0.1171 | Val Acc: 0.9671
2026-09-05 21:26:49 [INFO] Epoch 022 | Train Loss: 0.1649 | Train Acc: 0.9527 | Val Loss: 0.1097 | Val Acc: 0.9699
2026-09-05 21:26:51 [INFO] ✓ Saved best model: Val Acc=0.9699 at epoch 22
2026-09-05 21:33:05 [INFO] Epoch 023 | Train Loss: 0.1610 | Train Acc: 0.9542 | Val Loss: 0.1107 | Val Acc: 0.9693
2026-09-05 21:39:30 [INFO] Epoch 024 | Train Loss: 0.1566 | Train Acc: 0.9556 | Val Loss: 0.1047 | Val Acc: 0.9708
2026-09-05 21:39:32 [INFO] ✓ Saved best model: Val Acc=0.9708 at epoch 24
2026-09-05 21:45:48 [INFO] Epoch 025 | Train Loss: 0.1539 | Train Acc: 0.9565 | Val Loss: 0.1003 | Val Acc: 0.9722
2026-09-05 21:45:50 [INFO] ✓ Saved best model: Val Acc=0.9722 at epoch 25
2026-09-05 21:52:05 [INFO] Epoch 026 | Train Loss: 0.1487 | Train Acc: 0.9579 | Val Loss: 0.1135 | Val Acc: 0.9692
2026-09-05 21:58:25 [INFO] Epoch 027 | Train Loss: 0.1443 | Train Acc: 0.9591 | Val Loss: 0.0990 | Val Acc: 0.9721
2026-09-05 22:04:37 [INFO] Epoch 028 | Train Loss: 0.1403 | Train Acc: 0.9605 | Val Loss: 0.0953 | Val Acc: 0.9738
2026-09-05 22:04:40 [INFO] ✓ Saved best model: Val Acc=0.9738 at epoch 28
2026-09-05 22:10:55 [INFO] Epoch 029 | Train Loss: 0.1364 | Train Acc: 0.9615 | Val Loss: 0.0962 | Val Acc: 0.9734
2026-09-05 22:17:09 [INFO] Epoch 030 | Train Loss: 0.1330 | Train Acc: 0.9626 | Val Loss: 0.0902 | Val Acc: 0.9742
2026-09-05 22:17:12 [INFO] ✓ Saved best model: Val Acc=0.9742 at epoch 30
2026-09-05 22:23:27 [INFO] Epoch 031 | Train Loss: 0.1297 | Train Acc: 0.9636 | Val Loss: 0.0899 | Val Acc: 0.9749
2026-09-05 22:23:29 [INFO] ✓ Saved best model: Val Acc=0.9749 at epoch 31
2026-09-05 22:29:52 [INFO] Epoch 032 | Train Loss: 0.1253 | Train Acc: 0.9651 | Val Loss: 0.0890 | Val Acc: 0.9753
2026-09-05 22:29:54 [INFO] ✓ Saved best model: Val Acc=0.9753 at epoch 32
2026-09-05 22:36:13 [INFO] Epoch 033 | Train Loss: 0.1214 | Train Acc: 0.9661 | Val Loss: 0.0815 | Val Acc: 0.9774
2026-09-05 22:36:15 [INFO] ✓ Saved best model: Val Acc=0.9774 at epoch 33
2026-09-05 22:42:34 [INFO] Epoch 034 | Train Loss: 0.1175 | Train Acc: 0.9674 | Val Loss: 0.0775 | Val Acc: 0.9772
2026-09-05 22:49:00 [INFO] Epoch 035 | Train Loss: 0.1141 | Train Acc: 0.9683 | Val Loss: 0.0715 | Val Acc: 0.9796
2026-09-05 22:49:02 [INFO] ✓ Saved best model: Val Acc=0.9796 at epoch 35
2026-09-05 22:55:20 [INFO] Epoch 036 | Train Loss: 0.1107 | Train Acc: 0.9694 | Val Loss: 0.0731 | Val Acc: 0.9791
2026-09-05 23:01:44 [INFO] Epoch 037 | Train Loss: 0.1085 | Train Acc: 0.9699 | Val Loss: 0.0690 | Val Acc: 0.9806
2026-09-05 23:01:46 [INFO] ✓ Saved best model: Val Acc=0.9806 at epoch 37
2026-09-05 23:08:04 [INFO] Epoch 038 | Train Loss: 0.1037 | Train Acc: 0.9713 | Val Loss: 0.0663 | Val Acc: 0.9811
2026-09-05 23:08:06 [INFO] ✓ Saved best model: Val Acc=0.9811 at epoch 38
2026-09-05 23:14:21 [INFO] Epoch 039 | Train Loss: 0.1007 | Train Acc: 0.9722 | Val Loss: 0.0606 | Val Acc: 0.9823
2026-09-05 23:14:23 [INFO] ✓ Saved best model: Val Acc=0.9823 at epoch 39
2026-09-05 23:20:42 [INFO] Epoch 040 | Train Loss: 0.0984 | Train Acc: 0.9729 | Val Loss: 0.0593 | Val Acc: 0.9831
2026-09-05 23:20:44 [INFO] ✓ Saved best model: Val Acc=0.9831 at epoch 40
2026-09-05 23:27:01 [INFO] Epoch 041 | Train Loss: 0.0946 | Train Acc: 0.9740 | Val Loss: 0.0581 | Val Acc: 0.9833
2026-09-05 23:27:03 [INFO] ✓ Saved best model: Val Acc=0.9833 at epoch 41
2026-09-05 23:33:22 [INFO] Epoch 042 | Train Loss: 0.0919 | Train Acc: 0.9744 | Val Loss: 0.0559 | Val Acc: 0.9843
2026-09-05 23:33:25 [INFO] ✓ Saved best model: Val Acc=0.9843 at epoch 42
2026-09-05 23:39:50 [INFO] Epoch 043 | Train Loss: 0.0890 | Train Acc: 0.9753 | Val Loss: 0.0535 | Val Acc: 0.9848
2026-09-05 23:39:52 [INFO] ✓ Saved best model: Val Acc=0.9848 at epoch 43
2026-09-05 23:46:13 [INFO] Epoch 044 | Train Loss: 0.0867 | Train Acc: 0.9759 | Val Loss: 0.0513 | Val Acc: 0.9852
2026-09-05 23:46:15 [INFO] ✓ Saved best model: Val Acc=0.9852 at epoch 44
2026-09-05 23:52:40 [INFO] Epoch 045 | Train Loss: 0.0838 | Train Acc: 0.9767 | Val Loss: 0.0493 | Val Acc: 0.9858
2026-09-05 23:52:42 [INFO] ✓ Saved best model: Val Acc=0.9858 at epoch 45
2026-09-05 23:59:11 [INFO] Epoch 046 | Train Loss: 0.0818 | Train Acc: 0.9772 | Val Loss: 0.0453 | Val Acc: 0.9871
2026-09-05 23:59:14 [INFO] ✓ Saved best model: Val Acc=0.9871 at epoch 46
2026-09-06 00:05:41 [INFO] Epoch 047 | Train Loss: 0.0802 | Train Acc: 0.9775 | Val Loss: 0.0449 | Val Acc: 0.9871
2026-09-06 00:12:11 [INFO] Epoch 048 | Train Loss: 0.0792 | Train Acc: 0.9780 | Val Loss: 0.0444 | Val Acc: 0.9874
2026-09-06 00:12:14 [INFO] ✓ Saved best model: Val Acc=0.9874 at epoch 48
2026-09-06 00:18:37 [INFO] Epoch 049 | Train Loss: 0.0781 | Train Acc: 0.9783 | Val Loss: 0.0438 | Val Acc: 0.9875
2026-09-06 00:18:40 [INFO] ✓ Saved best model: Val Acc=0.9875 at epoch 49
2026-09-06 00:18:40 [INFO] Evaluating Best Model on TEST Set...
2026-09-06 00:18:40 [INFO] 
[RESUME] Đang nạp checkpoint từ: /kaggle/working/VIT_B/German/VIT_B_best.pth
2026-09-06 00:19:22 [INFO] 🎯 [TEST RESULT] Test Acc: 0.9881 | F1-Macro: 0.9894 | F1-Weighted: 0.9881

