2026-09-07 22:07:19 [INFO] Dataset: Belgium_ar | Số nhãn (classes): 62 | Tổng số ảnh: 92235
2026-09-07 22:07:20 [INFO] Dữ liệu đã chia -> Train (70%): 50729 | Val (15%): 24903 | Test (15%): 16603
2026-09-07 22:07:20 [INFO] 
🔍 Kiểm tra phân bố class trong batch:
2026-09-07 22:07:20 [INFO]   Batch 0: 29 classes (first 5: [0, 1, 2, 7, 13])
2026-09-07 22:07:20 [INFO]   Batch 1: 25 classes (first 5: [4, 6, 7, 13, 14])
2026-09-07 22:07:20 [INFO]   Batch 2: 24 classes (first 5: [1, 4, 7, 9, 17])
2026-09-07 22:07:20 [INFO]   Batch 3: 30 classes (first 5: [1, 6, 7, 9, 13])
2026-09-07 22:07:20 [INFO]   Batch 4: 27 classes (first 5: [1, 6, 7, 13, 17])
2026-09-07 22:07:20 [INFO] ✅ Shuffle tốt! Trung bình 27.0 classes/batch
2026-09-07 22:07:20 [INFO] ============================================================
2026-09-07 22:07:20 [INFO] Starting training: MEDIUM_HYBRIC_MAMBA
2026-09-07 22:07:20 [INFO] Dataset: Belgium_ar | Path: /home/biu-linux/DeepLearning_Projects/DoAnNganh/data/Belgium_ar
2026-09-07 22:07:20 [INFO] Device: cuda
2026-09-07 22:07:20 [INFO] GPU: NVIDIA GeForce RTX 3050 Laptop GPU
2026-09-07 22:07:20 [INFO] ============================================================
2026-09-07 22:52:38 [INFO] Dataset: Belgium_ar | Số nhãn (classes): 62 | Tổng số ảnh: 106425
2026-09-07 22:52:38 [INFO] Dữ liệu đã chia -> Train (70%): 69176 | Val (15%): 18624 | Test (15%): 18625
2026-09-07 22:52:38 [INFO] 
🔍 Kiểm tra phân bố class trong batch:
2026-09-07 22:52:39 [INFO]   Batch 0: 27 classes (first 5: [0, 7, 9, 12, 13])
2026-09-07 22:52:39 [INFO]   Batch 1: 30 classes (first 5: [1, 6, 7, 8, 14])
2026-09-07 22:52:39 [INFO]   Batch 2: 29 classes (first 5: [1, 2, 4, 7, 10])
2026-09-07 22:52:39 [INFO]   Batch 3: 24 classes (first 5: [7, 8, 16, 17, 18])
2026-09-07 22:52:39 [INFO]   Batch 4: 25 classes (first 5: [1, 7, 8, 13, 14])
2026-09-07 22:52:39 [INFO] ✅ Shuffle tốt! Trung bình 27.0 classes/batch
2026-09-07 22:52:39 [INFO] ============================================================
2026-09-07 22:52:39 [INFO] Starting training: MEDIUM_HYBRIC_MAMBA
2026-09-07 22:52:39 [INFO] Dataset: Belgium_ar | Path: /home/biu-linux/DeepLearning_Projects/DoAnNganh/data/Belgium_ar
2026-09-07 22:52:39 [INFO] Device: cuda
2026-09-07 22:52:39 [INFO] GPU: NVIDIA GeForce RTX 3050 Laptop GPU
2026-09-07 22:52:39 [INFO] ============================================================
2026-09-07 22:52:59 [INFO] Dataset: Belgium_ar | Số nhãn (classes): 62 | Tổng số ảnh: 106425
2026-09-07 22:53:00 [INFO] Dữ liệu đã chia -> Train (70%): 69176 | Val (15%): 18624 | Test (15%): 18625
2026-09-07 22:53:00 [INFO] 
🔍 Kiểm tra phân bố class trong batch:
2026-09-07 22:53:00 [INFO]   Batch 0: 30 classes (first 5: [0, 7, 9, 13, 14])
2026-09-07 22:53:00 [INFO]   Batch 1: 29 classes (first 5: [1, 7, 13, 14, 17])
2026-09-07 22:53:00 [INFO]   Batch 2: 31 classes (first 5: [4, 7, 9, 10, 16])
2026-09-07 22:53:00 [INFO]   Batch 3: 29 classes (first 5: [0, 1, 6, 7, 9])
2026-09-07 22:53:00 [INFO]   Batch 4: 26 classes (first 5: [1, 6, 7, 8, 17])
2026-09-07 22:53:00 [INFO] ✅ Shuffle tốt! Trung bình 29.0 classes/batch
2026-09-07 22:53:00 [INFO] ============================================================
2026-09-07 22:53:00 [INFO] Starting training: MEDIUM_HYBRIC_MAMBA
2026-09-07 22:53:00 [INFO] Dataset: Belgium_ar | Path: /home/biu-linux/DeepLearning_Projects/DoAnNganh/data/Belgium_ar
2026-09-07 22:53:00 [INFO] Device: cuda
2026-09-07 22:53:00 [INFO] GPU: NVIDIA GeForce RTX 3050 Laptop GPU
2026-09-07 22:53:00 [INFO] ============================================================
2026-09-07 22:53:50 [INFO] Epoch 000 | Train Loss: 3.7036 | Train Acc: 0.4408 | Val Loss: 1.0295 | Val Acc: 0.6890
2026-09-07 22:53:51 [INFO] ✓ Saved best model: Val Acc=0.6890 at epoch 0
2026-09-07 22:55:03 [INFO] Dataset: Belgium_ar | Số nhãn (classes): 62 | Tổng số ảnh: 106425
2026-09-07 22:55:03 [INFO] Dữ liệu đã chia -> Train (70%): 69176 | Val (15%): 18624 | Test (15%): 18625
2026-09-07 22:55:03 [INFO] 
🔍 Kiểm tra phân bố class trong batch:
2026-09-07 22:55:05 [INFO]   Batch 0: 30 classes (first 5: [0, 1, 4, 7, 8])
2026-09-07 22:55:05 [INFO]   Batch 1: 27 classes (first 5: [1, 7, 12, 14, 17])
2026-09-07 22:55:05 [INFO]   Batch 2: 26 classes (first 5: [7, 10, 17, 18, 19])
2026-09-07 22:55:05 [INFO]   Batch 3: 32 classes (first 5: [1, 4, 7, 9, 12])
2026-09-07 22:55:05 [INFO]   Batch 4: 31 classes (first 5: [1, 2, 5, 6, 7])
2026-09-07 22:55:05 [INFO] ✅ Shuffle tốt! Trung bình 29.2 classes/batch
2026-09-07 22:55:05 [INFO] ============================================================
2026-09-07 22:55:05 [INFO] Starting training: MEDIUM_HYBRIC_MAMBA
2026-09-07 22:55:05 [INFO] Dataset: Belgium_ar | Path: /home/biu-linux/DeepLearning_Projects/DoAnNganh/data/Belgium_ar
2026-09-07 22:55:05 [INFO] Device: cuda
2026-09-07 22:55:05 [INFO] GPU: NVIDIA GeForce RTX 3050 Laptop GPU
2026-09-07 22:55:05 [INFO] ============================================================
2026-09-07 22:55:05 [INFO] 
[RESUME] Đang nạp checkpoint từ: /home/biu-linux/DeepLearning_Projects/DoAnNganh/HybricMamba/Ressult/TFJ/MEDIUM_HYBRIC_MAMBA/Belgium_ar/MEDIUM_HYBRIC_MAMBA_best.pth
2026-09-07 22:55:40 [INFO] Epoch 001 | Train Loss: 1.9045 | Train Acc: 0.7394 | Val Loss: 0.4038 | Val Acc: 0.8765
2026-09-07 22:55:40 [INFO] ✓ Saved best model: Val Acc=0.8765 at epoch 1
2026-09-07 22:56:29 [INFO] Epoch 002 | Train Loss: 1.1715 | Train Acc: 0.8406 | Val Loss: 0.2529 | Val Acc: 0.9243
2026-09-07 22:56:29 [INFO] ✓ Saved best model: Val Acc=0.9243 at epoch 2
2026-09-07 22:57:10 [INFO] Epoch 003 | Train Loss: 0.8100 | Train Acc: 0.8848 | Val Loss: 0.1724 | Val Acc: 0.9529
2026-09-07 22:57:10 [INFO] ✓ Saved best model: Val Acc=0.9529 at epoch 3
2026-09-07 22:57:44 [INFO] Epoch 004 | Train Loss: 0.6412 | Train Acc: 0.9073 | Val Loss: 0.1617 | Val Acc: 0.9544
2026-09-07 22:57:44 [INFO] ✓ Saved best model: Val Acc=0.9544 at epoch 4
2026-09-07 22:58:19 [INFO] Epoch 005 | Train Loss: 0.5230 | Train Acc: 0.9232 | Val Loss: 0.1202 | Val Acc: 0.9646
2026-09-07 22:58:19 [INFO] ✓ Saved best model: Val Acc=0.9646 at epoch 5
2026-09-07 22:58:55 [INFO] Epoch 006 | Train Loss: 0.4549 | Train Acc: 0.9325 | Val Loss: 0.1093 | Val Acc: 0.9688
2026-09-07 22:58:55 [INFO] ✓ Saved best model: Val Acc=0.9688 at epoch 6
2026-09-07 22:59:30 [INFO] Epoch 007 | Train Loss: 0.4132 | Train Acc: 0.9379 | Val Loss: 0.1082 | Val Acc: 0.9683
2026-09-07 23:00:05 [INFO] Epoch 008 | Train Loss: 0.3735 | Train Acc: 0.9439 | Val Loss: 0.1073 | Val Acc: 0.9696
2026-09-07 23:00:05 [INFO] ✓ Saved best model: Val Acc=0.9696 at epoch 8
2026-09-07 23:00:40 [INFO] Epoch 009 | Train Loss: 0.3475 | Train Acc: 0.9478 | Val Loss: 0.0894 | Val Acc: 0.9741
2026-09-07 23:00:40 [INFO] ✓ Saved best model: Val Acc=0.9741 at epoch 9
2026-09-07 23:01:14 [INFO] Epoch 010 | Train Loss: 0.3328 | Train Acc: 0.9499 | Val Loss: 0.0908 | Val Acc: 0.9739
2026-09-07 23:01:50 [INFO] Epoch 011 | Train Loss: 0.3073 | Train Acc: 0.9541 | Val Loss: 0.0797 | Val Acc: 0.9770
2026-09-07 23:01:50 [INFO] ✓ Saved best model: Val Acc=0.9770 at epoch 11
2026-09-07 23:02:25 [INFO] Epoch 012 | Train Loss: 0.2965 | Train Acc: 0.9551 | Val Loss: 0.0698 | Val Acc: 0.9786
2026-09-07 23:02:25 [INFO] ✓ Saved best model: Val Acc=0.9786 at epoch 12
2026-09-07 23:03:01 [INFO] Epoch 013 | Train Loss: 0.2900 | Train Acc: 0.9559 | Val Loss: 0.0731 | Val Acc: 0.9781
2026-09-07 23:03:37 [INFO] Epoch 014 | Train Loss: 0.2725 | Train Acc: 0.9582 | Val Loss: 0.0690 | Val Acc: 0.9793
2026-09-07 23:03:37 [INFO] ✓ Saved best model: Val Acc=0.9793 at epoch 14
2026-09-07 23:04:16 [INFO] Dataset: Belgium_ar | Số nhãn (classes): 62 | Tổng số ảnh: 106425
2026-09-07 23:04:16 [INFO] Dữ liệu đã chia -> Train (70%): 69176 | Val (15%): 18624 | Test (15%): 18625
2026-09-07 23:04:16 [INFO] 
🔍 Kiểm tra phân bố class trong batch:
2026-09-07 23:04:18 [INFO]   Batch 0: 29 classes (first 5: [1, 3, 7, 14, 17])
2026-09-07 23:04:18 [INFO]   Batch 1: 26 classes (first 5: [1, 4, 7, 8, 17])
2026-09-07 23:04:18 [INFO]   Batch 2: 29 classes (first 5: [1, 7, 8, 15, 17])
2026-09-07 23:04:18 [INFO]   Batch 3: 29 classes (first 5: [1, 4, 7, 8, 9])
2026-09-07 23:04:18 [INFO]   Batch 4: 25 classes (first 5: [1, 7, 17, 18, 19])
2026-09-07 23:04:18 [INFO] ✅ Shuffle tốt! Trung bình 27.6 classes/batch
2026-09-07 23:04:18 [INFO] ============================================================
2026-09-07 23:04:18 [INFO] Starting training: MEDIUM_HYBRIC_MAMBA
2026-09-07 23:04:18 [INFO] Dataset: Belgium_ar | Path: /home/biu-linux/DeepLearning_Projects/DoAnNganh/data/Belgium_ar
2026-09-07 23:04:18 [INFO] Device: cuda
2026-09-07 23:04:18 [INFO] GPU: NVIDIA GeForce RTX 3050 Laptop GPU
2026-09-07 23:04:18 [INFO] ============================================================
2026-09-07 23:04:18 [INFO] 
[RESUME] Đang nạp checkpoint từ: /home/biu-linux/DeepLearning_Projects/DoAnNganh/HybricMamba/Ressult/TFJ/MEDIUM_HYBRIC_MAMBA/Belgium_ar/MEDIUM_HYBRIC_MAMBA_best.pth
2026-09-07 23:04:55 [INFO] Epoch 015 | Train Loss: 0.2193 | Train Acc: 0.9673 | Val Loss: 0.0439 | Val Acc: 0.9868
2026-09-07 23:04:55 [INFO] ✓ Saved best model: Val Acc=0.9868 at epoch 15
2026-09-07 23:05:30 [INFO] Epoch 016 | Train Loss: 0.2011 | Train Acc: 0.9704 | Val Loss: 0.0428 | Val Acc: 0.9880
2026-09-07 23:05:30 [INFO] ✓ Saved best model: Val Acc=0.9880 at epoch 16
2026-09-07 23:06:04 [INFO] Epoch 017 | Train Loss: 0.1965 | Train Acc: 0.9724 | Val Loss: 0.0418 | Val Acc: 0.9879
2026-09-07 23:06:40 [INFO] Epoch 018 | Train Loss: 0.1913 | Train Acc: 0.9724 | Val Loss: 0.0415 | Val Acc: 0.9879
2026-09-07 23:07:15 [INFO] Epoch 019 | Train Loss: 0.1873 | Train Acc: 0.9725 | Val Loss: 0.0411 | Val Acc: 0.9883
2026-09-07 23:07:15 [INFO] ✓ Saved best model: Val Acc=0.9883 at epoch 19
2026-09-07 23:07:49 [INFO] Epoch 020 | Train Loss: 0.1826 | Train Acc: 0.9740 | Val Loss: 0.0397 | Val Acc: 0.9888
2026-09-07 23:07:49 [INFO] ✓ Saved best model: Val Acc=0.9888 at epoch 20
2026-09-07 23:14:33 [INFO] Dataset: Belgium_ar | Số nhãn (classes): 62 | Tổng số ảnh: 106425
2026-09-07 23:14:33 [INFO] Dữ liệu đã chia -> Train (70%): 69176 | Val (15%): 18624 | Test (15%): 18625
2026-09-07 23:14:33 [INFO] 
🔍 Kiểm tra phân bố class trong batch:
2026-09-07 23:14:35 [INFO]   Batch 0: 26 classes (first 5: [1, 6, 7, 13, 16])
2026-09-07 23:14:35 [INFO]   Batch 1: 33 classes (first 5: [1, 4, 5, 7, 10])
2026-09-07 23:14:35 [INFO]   Batch 2: 32 classes (first 5: [1, 2, 7, 8, 10])
2026-09-07 23:14:35 [INFO]   Batch 3: 27 classes (first 5: [1, 7, 8, 17, 18])
2026-09-07 23:14:35 [INFO]   Batch 4: 30 classes (first 5: [1, 7, 8, 9, 10])
2026-09-07 23:14:35 [INFO] ✅ Shuffle tốt! Trung bình 29.6 classes/batch
2026-09-07 23:14:35 [INFO] ============================================================
2026-09-07 23:14:35 [INFO] Starting training: MEDIUM_HYBRIC_MAMBA
2026-09-07 23:14:35 [INFO] Dataset: Belgium_ar | Path: /home/biu-linux/DeepLearning_Projects/DoAnNganh/data/Belgium_ar
2026-09-07 23:14:35 [INFO] Device: cuda
2026-09-07 23:14:35 [INFO] GPU: NVIDIA GeForce RTX 3050 Laptop GPU
2026-09-07 23:14:35 [INFO] ============================================================
2026-09-07 23:14:35 [INFO] 
[RESUME] Đang nạp checkpoint từ: /home/biu-linux/DeepLearning_Projects/DoAnNganh/HybricMamba/Ressult/TFJ/MEDIUM_HYBRIC_MAMBA/Belgium_ar/MEDIUM_HYBRIC_MAMBA_best.pth
2026-09-07 23:15:06 [INFO] Epoch 021 | Train Loss: 0.1822 | Train Acc: 0.9743 | Val Loss: 0.0308 | Val Acc: 0.9908
2026-09-07 23:15:06 [INFO] ✓ Saved best model: Val Acc=0.9908 at epoch 21
2026-09-07 23:15:33 [INFO] Epoch 022 | Train Loss: 0.1811 | Train Acc: 0.9737 | Val Loss: 0.0310 | Val Acc: 0.9908
2026-09-07 23:16:01 [INFO] Epoch 023 | Train Loss: 0.1791 | Train Acc: 0.9743 | Val Loss: 0.0305 | Val Acc: 0.9909
2026-09-07 23:16:01 [INFO] ✓ Saved best model: Val Acc=0.9909 at epoch 23
2026-09-07 23:16:28 [INFO] Epoch 024 | Train Loss: 0.1764 | Train Acc: 0.9742 | Val Loss: 0.0309 | Val Acc: 0.9909
2026-09-07 23:16:56 [INFO] Epoch 025 | Train Loss: 0.1748 | Train Acc: 0.9751 | Val Loss: 0.0307 | Val Acc: 0.9910
2026-09-07 23:16:56 [INFO] ✓ Saved best model: Val Acc=0.9910 at epoch 25
2026-09-07 23:17:24 [INFO] Epoch 026 | Train Loss: 0.1767 | Train Acc: 0.9743 | Val Loss: 0.0305 | Val Acc: 0.9912
2026-09-07 23:17:24 [INFO] ✓ Saved best model: Val Acc=0.9912 at epoch 26
2026-09-07 23:17:52 [INFO] Epoch 027 | Train Loss: 0.1754 | Train Acc: 0.9748 | Val Loss: 0.0302 | Val Acc: 0.9912
2026-09-07 23:17:52 [INFO] ✓ Saved best model: Val Acc=0.9912 at epoch 27
2026-09-07 23:18:22 [INFO] Epoch 028 | Train Loss: 0.1745 | Train Acc: 0.9747 | Val Loss: 0.0305 | Val Acc: 0.9911
2026-09-07 23:18:52 [INFO] Epoch 029 | Train Loss: 0.1739 | Train Acc: 0.9750 | Val Loss: 0.0307 | Val Acc: 0.9912
2026-09-07 23:19:02 [INFO] Dataset: Belgium_ar | Số nhãn (classes): 62 | Tổng số ảnh: 106425
2026-09-07 23:19:02 [INFO] Dữ liệu đã chia -> Train (70%): 69176 | Val (15%): 18624 | Test (15%): 18625
2026-09-07 23:19:02 [INFO] 
🔍 Kiểm tra phân bố class trong batch:
2026-09-07 23:19:02 [INFO]   Batch 0: 27 classes (first 5: [0, 7, 13, 17, 18])
2026-09-07 23:19:02 [INFO]   Batch 1: 33 classes (first 5: [0, 1, 7, 8, 15])
2026-09-07 23:19:02 [INFO]   Batch 2: 22 classes (first 5: [1, 7, 17, 18, 19])
2026-09-07 23:19:02 [INFO]   Batch 3: 33 classes (first 5: [1, 7, 8, 12, 13])
2026-09-07 23:19:02 [INFO]   Batch 4: 29 classes (first 5: [1, 4, 7, 10, 13])
2026-09-07 23:19:02 [INFO] ✅ Shuffle tốt! Trung bình 28.8 classes/batch
2026-09-07 23:19:02 [INFO] ============================================================
2026-09-07 23:19:02 [INFO] Starting training: MEDIUM_HYBRIC_MAMBA
2026-09-07 23:19:02 [INFO] Dataset: Belgium_ar | Path: /home/biu-linux/DeepLearning_Projects/DoAnNganh/data/Belgium_ar
2026-09-07 23:19:02 [INFO] Device: cuda
2026-09-07 23:19:02 [INFO] GPU: NVIDIA GeForce RTX 3050 Laptop GPU
2026-09-07 23:19:02 [INFO] ============================================================
2026-09-07 23:19:02 [INFO] 
[RESUME] Đang nạp checkpoint từ: /home/biu-linux/DeepLearning_Projects/DoAnNganh/HybricMamba/Ressult/TFJ/MEDIUM_HYBRIC_MAMBA/Belgium_ar/MEDIUM_HYBRIC_MAMBA_best.pth
2026-09-07 23:19:36 [INFO] Epoch 028 | Train Loss: 0.1691 | Train Acc: 0.9761 | Val Loss: 0.0326 | Val Acc: 0.9904
2026-09-07 23:20:05 [INFO] Epoch 029 | Train Loss: 0.1713 | Train Acc: 0.9752 | Val Loss: 0.0324 | Val Acc: 0.9901
2026-09-07 23:20:18 [INFO] Dataset: Belgium_ar | Số nhãn (classes): 62 | Tổng số ảnh: 106425
2026-09-07 23:20:19 [INFO] Dữ liệu đã chia -> Train (70%): 69176 | Val (15%): 18624 | Test (15%): 18625
2026-09-07 23:20:19 [INFO] 
🔍 Kiểm tra phân bố class trong batch:
2026-09-07 23:20:19 [INFO]   Batch 0: 28 classes (first 5: [1, 2, 6, 7, 9])
2026-09-07 23:20:19 [INFO]   Batch 1: 25 classes (first 5: [4, 5, 7, 13, 18])
2026-09-07 23:20:19 [INFO]   Batch 2: 27 classes (first 5: [1, 7, 8, 13, 17])
2026-09-07 23:20:19 [INFO]   Batch 3: 36 classes (first 5: [1, 2, 6, 7, 8])
2026-09-07 23:20:19 [INFO]   Batch 4: 31 classes (first 5: [1, 7, 8, 10, 13])
2026-09-07 23:20:19 [INFO] ✅ Shuffle tốt! Trung bình 29.4 classes/batch
2026-09-07 23:20:19 [INFO] ============================================================
2026-09-07 23:20:19 [INFO] Starting training: MEDIUM_HYBRIC_MAMBA
2026-09-07 23:20:19 [INFO] Dataset: Belgium_ar | Path: /home/biu-linux/DeepLearning_Projects/DoAnNganh/data/Belgium_ar
2026-09-07 23:20:19 [INFO] Device: cuda
2026-09-07 23:20:19 [INFO] GPU: NVIDIA GeForce RTX 3050 Laptop GPU
2026-09-07 23:20:19 [INFO] ============================================================
2026-09-07 23:20:19 [INFO] 
[RESUME] Đang nạp checkpoint từ: /home/biu-linux/DeepLearning_Projects/DoAnNganh/HybricMamba/Ressult/TFJ/MEDIUM_HYBRIC_MAMBA/Belgium_ar/MEDIUM_HYBRIC_MAMBA_best.pth
2026-09-07 23:20:19 [INFO] Evaluating Best Model on TEST Set...
2026-09-07 23:20:19 [INFO] 
[RESUME] Đang nạp checkpoint từ: /home/biu-linux/DeepLearning_Projects/DoAnNganh/HybricMamba/Ressult/TFJ/MEDIUM_HYBRIC_MAMBA/Belgium_ar/MEDIUM_HYBRIC_MAMBA_best.pth
2026-09-07 23:20:22 [INFO] 🎯 [TEST RESULT] Test Acc: 0.9915 | F1-Macro: 0.9893 | F1-Weighted: 0.9915
