2026-08-26 05:35:03 [INFO] Dataset: German | Số nhãn (classes): 43 | Tổng số ảnh: 557483
2026-08-26 05:35:04 [INFO] Dữ liệu đã chia -> Train (70%): 390238 | Val (15%): 83622 | Test (15%): 83623
2026-08-26 05:35:04 [INFO] 
🔍 Kiểm tra phân bố class trong batch:
2026-08-26 05:35:05 [INFO]   Batch 0: 39 classes (first 5: [0, 1, 2, 3, 4])
2026-08-26 05:35:05 [INFO]   Batch 1: 35 classes (first 5: [1, 2, 3, 4, 5])
2026-08-26 05:35:05 [INFO]   Batch 2: 37 classes (first 5: [1, 2, 3, 4, 5])
2026-08-26 05:35:05 [INFO]   Batch 3: 34 classes (first 5: [1, 2, 3, 4, 5])
2026-08-26 05:35:06 [INFO]   Batch 4: 33 classes (first 5: [1, 2, 3, 4, 5])
2026-08-26 05:35:06 [INFO] ✅ Shuffle tốt! Trung bình 35.6 classes/batch
2026-08-26 05:35:06 [INFO] ============================================================
2026-08-26 05:35:06 [INFO] Starting training: EFFICIENTNET_B0
2026-08-26 05:35:06 [INFO] Dataset: German | Path: /home/biu-linux/DeepLearning_Projects/DoAnNganh/dataset_reOrgan
2026-08-26 05:35:06 [INFO] Device: cuda
2026-08-26 05:35:06 [INFO] GPU: NVIDIA GeForce RTX 3050 Laptop GPU
2026-08-26 05:35:06 [INFO] ============================================================
2026-08-26 05:40:15 [INFO] Epoch 000 | Train Loss: 0.7978 | Train Acc: 0.7783 | Val Loss: 0.1684 | Val Acc: 0.9515
2026-08-26 05:40:15 [INFO] ✓ Saved best model: Val Acc=0.9515 at epoch 0
2026-08-26 05:45:22 [INFO] Epoch 001 | Train Loss: 0.2554 | Train Acc: 0.9253 | Val Loss: 0.1256 | Val Acc: 0.9635
2026-08-26 05:45:25 [INFO] ✓ Saved best model: Val Acc=0.9635 at epoch 1
2026-08-26 05:50:30 [INFO] Epoch 002 | Train Loss: 0.2148 | Train Acc: 0.9382 | Val Loss: 0.1226 | Val Acc: 0.9645
2026-08-26 05:50:31 [INFO] ✓ Saved best model: Val Acc=0.9645 at epoch 2
2026-08-26 05:55:36 [INFO] Epoch 003 | Train Loss: 0.2082 | Train Acc: 0.9406 | Val Loss: 0.1057 | Val Acc: 0.9690
2026-08-26 05:55:36 [INFO] ✓ Saved best model: Val Acc=0.9690 at epoch 3
2026-08-26 06:00:42 [INFO] Epoch 004 | Train Loss: 0.1977 | Train Acc: 0.9439 | Val Loss: 0.1451 | Val Acc: 0.9644
2026-08-26 06:05:48 [INFO] Epoch 005 | Train Loss: 0.1776 | Train Acc: 0.9493 | Val Loss: 0.0920 | Val Acc: 0.9739
2026-08-26 06:05:48 [INFO] ✓ Saved best model: Val Acc=0.9739 at epoch 5
2026-08-26 06:10:54 [INFO] Epoch 006 | Train Loss: 0.1662 | Train Acc: 0.9529 | Val Loss: 0.0915 | Val Acc: 0.9729
2026-08-26 06:16:00 [INFO] Epoch 007 | Train Loss: 0.1585 | Train Acc: 0.9550 | Val Loss: 0.0931 | Val Acc: 0.9742
2026-08-26 06:16:00 [INFO] ✓ Saved best model: Val Acc=0.9742 at epoch 7
2026-08-26 06:21:06 [INFO] Epoch 008 | Train Loss: 0.1514 | Train Acc: 0.9570 | Val Loss: 0.0847 | Val Acc: 0.9751
2026-08-26 06:21:06 [INFO] ✓ Saved best model: Val Acc=0.9751 at epoch 8
2026-08-26 06:26:12 [INFO] Epoch 009 | Train Loss: 0.1476 | Train Acc: 0.9581 | Val Loss: 0.0778 | Val Acc: 0.9774
2026-08-26 06:26:12 [INFO] ✓ Saved best model: Val Acc=0.9774 at epoch 9
2026-08-26 06:31:18 [INFO] Epoch 010 | Train Loss: 0.1433 | Train Acc: 0.9593 | Val Loss: 0.0721 | Val Acc: 0.9790
2026-08-26 06:31:18 [INFO] ✓ Saved best model: Val Acc=0.9790 at epoch 10
2026-08-26 06:36:24 [INFO] Epoch 011 | Train Loss: 0.1404 | Train Acc: 0.9601 | Val Loss: 0.0744 | Val Acc: 0.9782
2026-08-26 06:41:30 [INFO] Epoch 012 | Train Loss: 0.1390 | Train Acc: 0.9605 | Val Loss: 0.0796 | Val Acc: 0.9778
2026-08-26 06:46:35 [INFO] Epoch 013 | Train Loss: 0.1359 | Train Acc: 0.9614 | Val Loss: 0.0754 | Val Acc: 0.9785
2026-08-26 06:51:41 [INFO] Epoch 014 | Train Loss: 0.1347 | Train Acc: 0.9619 | Val Loss: 0.0908 | Val Acc: 0.9744
2026-08-26 06:56:47 [INFO] Epoch 015 | Train Loss: 0.1329 | Train Acc: 0.9619 | Val Loss: 0.0741 | Val Acc: 0.9785
2026-08-26 07:01:52 [INFO] Epoch 016 | Train Loss: 0.1309 | Train Acc: 0.9629 | Val Loss: 0.0719 | Val Acc: 0.9789
2026-08-26 07:06:58 [INFO] Epoch 017 | Train Loss: 0.1309 | Train Acc: 0.9628 | Val Loss: 0.0889 | Val Acc: 0.9780
2026-08-26 07:12:04 [INFO] Epoch 018 | Train Loss: 0.1305 | Train Acc: 0.9629 | Val Loss: 0.0750 | Val Acc: 0.9791
2026-08-26 07:12:04 [INFO] ✓ Saved best model: Val Acc=0.9791 at epoch 18
2026-08-26 07:17:10 [INFO] Epoch 019 | Train Loss: 0.1294 | Train Acc: 0.9633 | Val Loss: 0.0755 | Val Acc: 0.9782
2026-08-26 07:22:15 [INFO] Epoch 020 | Train Loss: 0.1280 | Train Acc: 0.9637 | Val Loss: 0.0692 | Val Acc: 0.9796
2026-08-26 07:22:15 [INFO] ✓ Saved best model: Val Acc=0.9796 at epoch 20
2026-08-26 07:27:21 [INFO] Epoch 021 | Train Loss: 0.1277 | Train Acc: 0.9638 | Val Loss: 0.1036 | Val Acc: 0.9750
2026-08-26 07:32:27 [INFO] Epoch 022 | Train Loss: 0.1262 | Train Acc: 0.9643 | Val Loss: 0.0687 | Val Acc: 0.9797
2026-08-26 07:32:27 [INFO] ✓ Saved best model: Val Acc=0.9797 at epoch 22
2026-08-26 07:37:32 [INFO] Epoch 023 | Train Loss: 0.1266 | Train Acc: 0.9640 | Val Loss: 0.0668 | Val Acc: 0.9808
2026-08-26 07:37:32 [INFO] ✓ Saved best model: Val Acc=0.9808 at epoch 23
2026-08-26 07:42:38 [INFO] Epoch 024 | Train Loss: 0.1260 | Train Acc: 0.9645 | Val Loss: 0.0764 | Val Acc: 0.9787
2026-08-26 07:47:43 [INFO] Epoch 025 | Train Loss: 0.0919 | Train Acc: 0.9739 | Val Loss: 0.0442 | Val Acc: 0.9872
2026-08-26 07:47:45 [INFO] ✓ Saved best model: Val Acc=0.9872 at epoch 25
2026-08-26 07:52:50 [INFO] Epoch 026 | Train Loss: 0.0842 | Train Acc: 0.9761 | Val Loss: 0.0438 | Val Acc: 0.9878
2026-08-26 07:52:53 [INFO] ✓ Saved best model: Val Acc=0.9878 at epoch 26
2026-08-26 07:57:58 [INFO] Epoch 027 | Train Loss: 0.0802 | Train Acc: 0.9775 | Val Loss: 0.0410 | Val Acc: 0.9883
2026-08-26 07:57:59 [INFO] ✓ Saved best model: Val Acc=0.9883 at epoch 27
2026-08-26 08:03:05 [INFO] Epoch 028 | Train Loss: 0.0788 | Train Acc: 0.9778 | Val Loss: 0.0398 | Val Acc: 0.9885
2026-08-26 08:03:07 [INFO] ✓ Saved best model: Val Acc=0.9885 at epoch 28
2026-08-26 08:08:12 [INFO] Epoch 029 | Train Loss: 0.0789 | Train Acc: 0.9779 | Val Loss: 0.0393 | Val Acc: 0.9888
2026-08-26 08:08:13 [INFO] ✓ Saved best model: Val Acc=0.9888 at epoch 29
2026-08-26 08:13:19 [INFO] Epoch 030 | Train Loss: 0.0771 | Train Acc: 0.9783 | Val Loss: 0.0376 | Val Acc: 0.9891
2026-08-26 08:13:20 [INFO] ✓ Saved best model: Val Acc=0.9891 at epoch 30
2026-08-26 08:18:27 [INFO] Epoch 031 | Train Loss: 0.0767 | Train Acc: 0.9784 | Val Loss: 0.0382 | Val Acc: 0.9892
2026-08-26 08:18:28 [INFO] ✓ Saved best model: Val Acc=0.9892 at epoch 31
2026-08-26 08:23:33 [INFO] Epoch 032 | Train Loss: 0.0747 | Train Acc: 0.9790 | Val Loss: 0.0367 | Val Acc: 0.9894
2026-08-26 08:23:36 [INFO] ✓ Saved best model: Val Acc=0.9894 at epoch 32
2026-08-26 08:28:43 [INFO] Epoch 033 | Train Loss: 0.0753 | Train Acc: 0.9788 | Val Loss: 0.0357 | Val Acc: 0.9895
2026-08-26 08:28:44 [INFO] ✓ Saved best model: Val Acc=0.9895 at epoch 33
2026-08-26 08:33:50 [INFO] Epoch 034 | Train Loss: 0.0749 | Train Acc: 0.9790 | Val Loss: 0.0378 | Val Acc: 0.9892
2026-08-26 08:38:55 [INFO] Epoch 035 | Train Loss: 0.0737 | Train Acc: 0.9793 | Val Loss: 0.0370 | Val Acc: 0.9896
2026-08-26 08:38:57 [INFO] ✓ Saved best model: Val Acc=0.9896 at epoch 35
2026-08-26 08:44:03 [INFO] Epoch 036 | Train Loss: 0.0728 | Train Acc: 0.9794 | Val Loss: 0.0363 | Val Acc: 0.9899
2026-08-26 08:44:04 [INFO] ✓ Saved best model: Val Acc=0.9899 at epoch 36
2026-08-26 08:49:10 [INFO] Epoch 037 | Train Loss: 0.0730 | Train Acc: 0.9795 | Val Loss: 0.0381 | Val Acc: 0.9891
2026-08-26 08:54:16 [INFO] Epoch 038 | Train Loss: 0.0723 | Train Acc: 0.9798 | Val Loss: 0.0346 | Val Acc: 0.9903
2026-08-26 08:54:16 [INFO] ✓ Saved best model: Val Acc=0.9903 at epoch 38
2026-08-26 08:59:21 [INFO] Epoch 039 | Train Loss: 0.0722 | Train Acc: 0.9798 | Val Loss: 0.0354 | Val Acc: 0.9900
2026-08-26 09:04:26 [INFO] Epoch 040 | Train Loss: 0.0694 | Train Acc: 0.9807 | Val Loss: 0.0334 | Val Acc: 0.9905
2026-08-26 09:04:26 [INFO] ✓ Saved best model: Val Acc=0.9905 at epoch 40
2026-08-26 09:09:32 [INFO] Epoch 041 | Train Loss: 0.0681 | Train Acc: 0.9808 | Val Loss: 0.0334 | Val Acc: 0.9904
2026-08-26 09:14:37 [INFO] Epoch 042 | Train Loss: 0.0676 | Train Acc: 0.9810 | Val Loss: 0.0334 | Val Acc: 0.9905
2026-08-26 09:19:43 [INFO] Epoch 043 | Train Loss: 0.0674 | Train Acc: 0.9812 | Val Loss: 0.0326 | Val Acc: 0.9909
2026-08-26 09:19:43 [INFO] ✓ Saved best model: Val Acc=0.9909 at epoch 43
2026-08-26 09:24:49 [INFO] Epoch 044 | Train Loss: 0.0669 | Train Acc: 0.9811 | Val Loss: 0.0322 | Val Acc: 0.9910
2026-08-26 09:24:49 [INFO] ✓ Saved best model: Val Acc=0.9910 at epoch 44
2026-08-26 09:29:54 [INFO] Epoch 045 | Train Loss: 0.0674 | Train Acc: 0.9810 | Val Loss: 0.0323 | Val Acc: 0.9910
2026-08-26 09:29:55 [INFO] ✓ Saved best model: Val Acc=0.9910 at epoch 45
2026-08-26 09:35:00 [INFO] Epoch 046 | Train Loss: 0.0666 | Train Acc: 0.9813 | Val Loss: 0.0330 | Val Acc: 0.9909
2026-08-26 09:40:06 [INFO] Epoch 047 | Train Loss: 0.0675 | Train Acc: 0.9812 | Val Loss: 0.0327 | Val Acc: 0.9910
2026-08-26 09:45:12 [INFO] Epoch 048 | Train Loss: 0.0667 | Train Acc: 0.9813 | Val Loss: 0.0328 | Val Acc: 0.9908
2026-08-26 09:50:17 [INFO] Epoch 049 | Train Loss: 0.0665 | Train Acc: 0.9814 | Val Loss: 0.0321 | Val Acc: 0.9910
2026-08-26 09:50:17 [INFO] Evaluating Best Model on TEST Set...
2026-08-26 09:50:17 [INFO] 
[RESUME] Đang nạp checkpoint từ: /home/biu-linux/DeepLearning_Projects/DoAnNganh/HybricMamba/Ressult/TFJ/EFFICIENTNET_B0/German/EFFICIENTNET_B0_best.pth
2026-08-26 09:50:42 [INFO] 🎯 [TEST RESULT] Test Acc: 0.9914 | F1-Macro: 0.9917 | F1-Weighted: 0.9914
