
2026-08-25 05:15:52 [INFO] Dataset: German_51k | Số nhãn (classes): 43 | Tổng số ảnh: 51839
2026-08-25 05:15:52 [INFO] Dữ liệu đã chia -> Train (70%): 36287 | Val (15%): 7776 | Test (15%): 7776
2026-08-25 05:15:52 [INFO] 
🔍 Kiểm tra phân bố class trong batch:
2026-08-25 05:15:52 [INFO]   Batch 0: 24 classes (first 5: [1, 2, 3, 4, 5])
2026-08-25 05:15:52 [INFO]   Batch 1: 24 classes (first 5: [1, 2, 3, 4, 5])
2026-08-25 05:15:52 [INFO]   Batch 2: 25 classes (first 5: [0, 1, 2, 3, 4])
2026-08-25 05:15:52 [INFO]   Batch 3: 27 classes (first 5: [0, 1, 2, 3, 4])
2026-08-25 05:15:52 [INFO]   Batch 4: 27 classes (first 5: [0, 1, 2, 3, 4])
2026-08-25 05:15:52 [INFO] ✅ Shuffle tốt! Trung bình 25.4 classes/batch
2026-08-25 05:15:52 [INFO] ============================================================
2026-08-25 05:15:52 [INFO] Starting training: SUPER_MAMBA_DEPT_3
2026-08-25 05:15:52 [INFO] Dataset: German_51k | Path: /home/biu-linux/DeepLearning_Projects/DoAnNganh/data/German_51k
2026-08-25 05:15:52 [INFO] Device: cuda
2026-08-25 05:15:52 [INFO] GPU: NVIDIA GeForce RTX 3050 Laptop GPU
2026-08-25 05:15:52 [INFO] ============================================================
2026-08-25 05:16:10 [INFO] Epoch 000 | Train Loss: 2.8913 | Train Acc: 0.1764 | Val Loss: 2.0689 | Val Acc: 0.3642
2026-08-25 05:16:10 [INFO] ✓ Saved best model: Val Acc=0.3642 at epoch 0
2026-08-25 05:16:28 [INFO] Epoch 001 | Train Loss: 1.5072 | Train Acc: 0.5242 | Val Loss: 1.0423 | Val Acc: 0.6713
2026-08-25 05:16:28 [INFO] ✓ Saved best model: Val Acc=0.6713 at epoch 1
2026-08-25 05:16:46 [INFO] Epoch 002 | Train Loss: 0.8646 | Train Acc: 0.7383 | Val Loss: 0.5605 | Val Acc: 0.8408
2026-08-25 05:16:46 [INFO] ✓ Saved best model: Val Acc=0.8408 at epoch 2
2026-08-25 05:17:02 [INFO] Epoch 003 | Train Loss: 0.5499 | Train Acc: 0.8389 | Val Loss: 0.3295 | Val Acc: 0.9041
2026-08-25 05:17:02 [INFO] ✓ Saved best model: Val Acc=0.9041 at epoch 3
2026-08-25 05:17:22 [INFO] Epoch 004 | Train Loss: 0.3980 | Train Acc: 0.8854 | Val Loss: 0.2351 | Val Acc: 0.9308
2026-08-25 05:17:22 [INFO] ✓ Saved best model: Val Acc=0.9308 at epoch 4
2026-08-25 05:17:40 [INFO] Epoch 005 | Train Loss: 0.3160 | Train Acc: 0.9110 | Val Loss: 0.1606 | Val Acc: 0.9573
2026-08-25 05:17:40 [INFO] ✓ Saved best model: Val Acc=0.9573 at epoch 5
2026-08-25 05:17:58 [INFO] Epoch 006 | Train Loss: 0.2720 | Train Acc: 0.9235 | Val Loss: 0.1901 | Val Acc: 0.9478
2026-08-25 05:18:16 [INFO] Epoch 007 | Train Loss: 0.2267 | Train Acc: 0.9359 | Val Loss: 0.0991 | Val Acc: 0.9717
2026-08-25 05:18:16 [INFO] ✓ Saved best model: Val Acc=0.9717 at epoch 7
2026-08-25 05:18:34 [INFO] Epoch 008 | Train Loss: 0.1970 | Train Acc: 0.9441 | Val Loss: 0.1019 | Val Acc: 0.9709
2026-08-25 05:18:52 [INFO] Epoch 009 | Train Loss: 0.1796 | Train Acc: 0.9485 | Val Loss: 0.0718 | Val Acc: 0.9825
2026-08-25 05:18:52 [INFO] ✓ Saved best model: Val Acc=0.9825 at epoch 9
2026-08-25 05:19:10 [INFO] Epoch 010 | Train Loss: 0.1642 | Train Acc: 0.9525 | Val Loss: 0.0591 | Val Acc: 0.9833
2026-08-25 05:19:10 [INFO] ✓ Saved best model: Val Acc=0.9833 at epoch 10
2026-08-25 05:19:28 [INFO] Epoch 011 | Train Loss: 0.1547 | Train Acc: 0.9560 | Val Loss: 0.0576 | Val Acc: 0.9844
2026-08-25 05:19:28 [INFO] ✓ Saved best model: Val Acc=0.9844 at epoch 11
2026-08-25 05:19:46 [INFO] Epoch 012 | Train Loss: 0.1439 | Train Acc: 0.9584 | Val Loss: 0.0629 | Val Acc: 0.9806
2026-08-25 05:20:02 [INFO] Epoch 013 | Train Loss: 0.1330 | Train Acc: 0.9620 | Val Loss: 0.0574 | Val Acc: 0.9853
2026-08-25 05:20:02 [INFO] ✓ Saved best model: Val Acc=0.9853 at epoch 13
2026-08-25 05:20:21 [INFO] Epoch 014 | Train Loss: 0.1218 | Train Acc: 0.9648 | Val Loss: 0.0584 | Val Acc: 0.9839
2026-08-25 05:20:40 [INFO] Epoch 015 | Train Loss: 0.1160 | Train Acc: 0.9666 | Val Loss: 0.0439 | Val Acc: 0.9870
2026-08-25 05:20:40 [INFO] ✓ Saved best model: Val Acc=0.9870 at epoch 15
2026-08-25 05:20:58 [INFO] Epoch 016 | Train Loss: 0.1096 | Train Acc: 0.9689 | Val Loss: 0.0441 | Val Acc: 0.9886
2026-08-25 05:20:58 [INFO] ✓ Saved best model: Val Acc=0.9886 at epoch 16
2026-08-25 05:21:16 [INFO] Epoch 017 | Train Loss: 0.1027 | Train Acc: 0.9710 | Val Loss: 0.0496 | Val Acc: 0.9862
2026-08-25 05:21:32 [INFO] Epoch 018 | Train Loss: 0.1045 | Train Acc: 0.9687 | Val Loss: 0.0482 | Val Acc: 0.9873
2026-08-25 05:21:51 [INFO] Epoch 019 | Train Loss: 0.0954 | Train Acc: 0.9721 | Val Loss: 0.0465 | Val Acc: 0.9861
2026-08-25 05:22:10 [INFO] Epoch 020 | Train Loss: 0.0870 | Train Acc: 0.9747 | Val Loss: 0.0306 | Val Acc: 0.9920
2026-08-25 05:22:10 [INFO] ✓ Saved best model: Val Acc=0.9920 at epoch 20
2026-08-25 05:22:28 [INFO] Epoch 021 | Train Loss: 0.0954 | Train Acc: 0.9732 | Val Loss: 0.0574 | Val Acc: 0.9837
2026-08-25 05:22:46 [INFO] Epoch 022 | Train Loss: 0.0843 | Train Acc: 0.9756 | Val Loss: 0.0464 | Val Acc: 0.9870
2026-08-25 05:23:02 [INFO] Epoch 023 | Train Loss: 0.0785 | Train Acc: 0.9769 | Val Loss: 0.0228 | Val Acc: 0.9940
2026-08-25 05:23:02 [INFO] ✓ Saved best model: Val Acc=0.9940 at epoch 23
2026-08-25 05:23:22 [INFO] Epoch 024 | Train Loss: 0.0867 | Train Acc: 0.9752 | Val Loss: 0.0499 | Val Acc: 0.9857
2026-08-25 05:23:40 [INFO] Epoch 025 | Train Loss: 0.0816 | Train Acc: 0.9758 | Val Loss: 0.0288 | Val Acc: 0.9915
2026-08-25 05:23:58 [INFO] Epoch 026 | Train Loss: 0.0762 | Train Acc: 0.9781 | Val Loss: 0.0279 | Val Acc: 0.9922
2026-08-25 05:24:16 [INFO] Epoch 027 | Train Loss: 0.0764 | Train Acc: 0.9771 | Val Loss: 0.0309 | Val Acc: 0.9901
2026-08-25 05:24:32 [INFO] Epoch 028 | Train Loss: 0.0734 | Train Acc: 0.9791 | Val Loss: 0.0293 | Val Acc: 0.9927
2026-08-25 05:24:52 [INFO] Epoch 029 | Train Loss: 0.0695 | Train Acc: 0.9807 | Val Loss: 0.0339 | Val Acc: 0.9905
2026-08-25 05:25:10 [INFO] Epoch 030 | Train Loss: 0.0692 | Train Acc: 0.9804 | Val Loss: 0.0309 | Val Acc: 0.9915
2026-08-25 05:25:28 [INFO] Epoch 031 | Train Loss: 0.0730 | Train Acc: 0.9781 | Val Loss: 0.0301 | Val Acc: 0.9911
2026-08-25 05:25:45 [INFO] Epoch 032 | Train Loss: 0.0631 | Train Acc: 0.9823 | Val Loss: 0.0269 | Val Acc: 0.9925
2026-08-25 05:26:01 [INFO] Epoch 033 | Train Loss: 0.0610 | Train Acc: 0.9829 | Val Loss: 0.0371 | Val Acc: 0.9898
2026-08-25 05:26:19 [INFO] Epoch 034 | Train Loss: 0.0642 | Train Acc: 0.9808 | Val Loss: 0.0320 | Val Acc: 0.9895
2026-08-25 05:26:36 [INFO] Epoch 035 | Train Loss: 0.0684 | Train Acc: 0.9808 | Val Loss: 0.0229 | Val Acc: 0.9937
2026-08-25 05:26:54 [INFO] Epoch 036 | Train Loss: 0.0651 | Train Acc: 0.9803 | Val Loss: 0.0275 | Val Acc: 0.9918
2026-08-25 05:27:13 [INFO] Epoch 037 | Train Loss: 0.0628 | Train Acc: 0.9815 | Val Loss: 0.0270 | Val Acc: 0.9920
2026-08-25 05:27:30 [INFO] Epoch 038 | Train Loss: 0.0548 | Train Acc: 0.9841 | Val Loss: 0.0460 | Val Acc: 0.9861
2026-08-25 05:27:46 [INFO] Epoch 039 | Train Loss: 0.0586 | Train Acc: 0.9828 | Val Loss: 0.0246 | Val Acc: 0.9934
2026-08-25 05:28:05 [INFO] Epoch 040 | Train Loss: 0.0353 | Train Acc: 0.9899 | Val Loss: 0.0069 | Val Acc: 0.9985
2026-08-25 05:28:05 [INFO] ✓ Saved best model: Val Acc=0.9985 at epoch 40
2026-08-25 05:28:23 [INFO] Epoch 041 | Train Loss: 0.0263 | Train Acc: 0.9927 | Val Loss: 0.0061 | Val Acc: 0.9986
2026-08-25 05:28:23 [INFO] ✓ Saved best model: Val Acc=0.9986 at epoch 41
2026-08-25 05:28:41 [INFO] Epoch 042 | Train Loss: 0.0235 | Train Acc: 0.9931 | Val Loss: 0.0057 | Val Acc: 0.9987
2026-08-25 05:28:41 [INFO] ✓ Saved best model: Val Acc=0.9987 at epoch 42
2026-08-25 05:28:58 [INFO] Epoch 043 | Train Loss: 0.0229 | Train Acc: 0.9937 | Val Loss: 0.0055 | Val Acc: 0.9988
2026-08-25 05:28:58 [INFO] ✓ Saved best model: Val Acc=0.9988 at epoch 43
2026-08-25 05:29:17 [INFO] Epoch 044 | Train Loss: 0.0221 | Train Acc: 0.9936 | Val Loss: 0.0049 | Val Acc: 0.9986
2026-08-25 05:29:32 [INFO] Epoch 045 | Train Loss: 0.0225 | Train Acc: 0.9939 | Val Loss: 0.0052 | Val Acc: 0.9988
2026-08-25 05:29:52 [INFO] Epoch 046 | Train Loss: 0.0206 | Train Acc: 0.9940 | Val Loss: 0.0043 | Val Acc: 0.9988
2026-08-25 05:30:10 [INFO] Epoch 047 | Train Loss: 0.0207 | Train Acc: 0.9943 | Val Loss: 0.0049 | Val Acc: 0.9986
2026-08-25 05:30:28 [INFO] Epoch 048 | Train Loss: 0.0212 | Train Acc: 0.9941 | Val Loss: 0.0044 | Val Acc: 0.9987
2026-08-25 05:30:46 [INFO] Epoch 049 | Train Loss: 0.0190 | Train Acc: 0.9945 | Val Loss: 0.0051 | Val Acc: 0.9990
2026-08-25 05:30:46 [INFO] ✓ Saved best model: Val Acc=0.9990 at epoch 49
2026-08-25 05:31:01 [INFO] Epoch 050 | Train Loss: 0.0211 | Train Acc: 0.9942 | Val Loss: 0.0043 | Val Acc: 0.9988
2026-08-25 05:31:21 [INFO] Epoch 051 | Train Loss: 0.0207 | Train Acc: 0.9936 | Val Loss: 0.0045 | Val Acc: 0.9990
2026-08-25 05:31:39 [INFO] Epoch 052 | Train Loss: 0.0188 | Train Acc: 0.9948 | Val Loss: 0.0038 | Val Acc: 0.9988
2026-08-25 05:31:57 [INFO] Epoch 053 | Train Loss: 0.0215 | Train Acc: 0.9938 | Val Loss: 0.0053 | Val Acc: 0.9987
2026-08-25 05:32:16 [INFO] Epoch 054 | Train Loss: 0.0186 | Train Acc: 0.9945 | Val Loss: 0.0043 | Val Acc: 0.9990
2026-08-25 05:32:31 [INFO] Epoch 055 | Train Loss: 0.0162 | Train Acc: 0.9955 | Val Loss: 0.0044 | Val Acc: 0.9987
2026-08-25 05:32:49 [INFO] Epoch 056 | Train Loss: 0.0175 | Train Acc: 0.9950 | Val Loss: 0.0042 | Val Acc: 0.9990
2026-08-25 05:33:07 [INFO] Epoch 057 | Train Loss: 0.0187 | Train Acc: 0.9948 | Val Loss: 0.0050 | Val Acc: 0.9991
2026-08-25 05:33:07 [INFO] ✓ Saved best model: Val Acc=0.9991 at epoch 57
2026-08-25 05:33:25 [INFO] Epoch 058 | Train Loss: 0.0163 | Train Acc: 0.9956 | Val Loss: 0.0044 | Val Acc: 0.9990
2026-08-25 05:33:43 [INFO] Epoch 059 | Train Loss: 0.0176 | Train Acc: 0.9948 | Val Loss: 0.0050 | Val Acc: 0.9987
2026-08-25 05:34:01 [INFO] Epoch 060 | Train Loss: 0.0177 | Train Acc: 0.9951 | Val Loss: 0.0038 | Val Acc: 0.9991
2026-08-25 05:34:17 [INFO] Epoch 061 | Train Loss: 0.0181 | Train Acc: 0.9948 | Val Loss: 0.0051 | Val Acc: 0.9983
2026-08-25 05:34:37 [INFO] Epoch 062 | Train Loss: 0.0172 | Train Acc: 0.9949 | Val Loss: 0.0042 | Val Acc: 0.9987
2026-08-25 05:34:55 [INFO] Epoch 063 | Train Loss: 0.0161 | Train Acc: 0.9954 | Val Loss: 0.0043 | Val Acc: 0.9990
2026-08-25 05:35:13 [INFO] Epoch 064 | Train Loss: 0.0158 | Train Acc: 0.9954 | Val Loss: 0.0039 | Val Acc: 0.9990
2026-08-25 05:35:31 [INFO] Epoch 065 | Train Loss: 0.0153 | Train Acc: 0.9953 | Val Loss: 0.0043 | Val Acc: 0.9990
2026-08-25 05:35:47 [INFO] Epoch 066 | Train Loss: 0.0166 | Train Acc: 0.9950 | Val Loss: 0.0045 | Val Acc: 0.9986
2026-08-25 05:36:07 [INFO] Epoch 067 | Train Loss: 0.0174 | Train Acc: 0.9953 | Val Loss: 0.0043 | Val Acc: 0.9988
2026-08-25 05:36:25 [INFO] Epoch 068 | Train Loss: 0.0156 | Train Acc: 0.9956 | Val Loss: 0.0044 | Val Acc: 0.9988
2026-08-25 05:36:43 [INFO] Epoch 069 | Train Loss: 0.0166 | Train Acc: 0.9952 | Val Loss: 0.0046 | Val Acc: 0.9986
2026-08-25 05:37:01 [INFO] Epoch 070 | Train Loss: 0.0167 | Train Acc: 0.9951 | Val Loss: 0.0040 | Val Acc: 0.9990
2026-08-25 05:37:16 [INFO] Epoch 071 | Train Loss: 0.0150 | Train Acc: 0.9957 | Val Loss: 0.0038 | Val Acc: 0.9990
2026-08-25 05:37:36 [INFO] Epoch 072 | Train Loss: 0.0137 | Train Acc: 0.9958 | Val Loss: 0.0041 | Val Acc: 0.9990
2026-08-25 05:37:54 [INFO] Epoch 073 | Train Loss: 0.0133 | Train Acc: 0.9964 | Val Loss: 0.0042 | Val Acc: 0.9988
2026-08-25 05:38:12 [INFO] Epoch 074 | Train Loss: 0.0128 | Train Acc: 0.9963 | Val Loss: 0.0040 | Val Acc: 0.9988
2026-08-25 05:38:30 [INFO] Epoch 075 | Train Loss: 0.0135 | Train Acc: 0.9961 | Val Loss: 0.0040 | Val Acc: 0.9988
2026-08-25 05:38:48 [INFO] Epoch 076 | Train Loss: 0.0124 | Train Acc: 0.9963 | Val Loss: 0.0039 | Val Acc: 0.9990
2026-08-25 05:39:04 [INFO] Epoch 077 | Train Loss: 0.0129 | Train Acc: 0.9962 | Val Loss: 0.0035 | Val Acc: 0.9988
2026-08-25 05:39:23 [INFO] Epoch 078 | Train Loss: 0.0145 | Train Acc: 0.9959 | Val Loss: 0.0039 | Val Acc: 0.9991
2026-08-25 05:39:41 [INFO] Epoch 079 | Train Loss: 0.0121 | Train Acc: 0.9970 | Val Loss: 0.0038 | Val Acc: 0.9988
2026-08-25 05:39:59 [INFO] Epoch 080 | Train Loss: 0.0148 | Train Acc: 0.9961 | Val Loss: 0.0038 | Val Acc: 0.9986
2026-08-25 05:40:17 [INFO] Epoch 081 | Train Loss: 0.0132 | Train Acc: 0.9963 | Val Loss: 0.0038 | Val Acc: 0.9990
2026-08-25 05:40:33 [INFO] Epoch 082 | Train Loss: 0.0129 | Train Acc: 0.9964 | Val Loss: 0.0039 | Val Acc: 0.9988
2026-08-25 05:40:53 [INFO] Epoch 083 | Train Loss: 0.0124 | Train Acc: 0.9963 | Val Loss: 0.0038 | Val Acc: 0.9988
2026-08-25 05:41:10 [INFO] Epoch 084 | Train Loss: 0.0128 | Train Acc: 0.9962 | Val Loss: 0.0037 | Val Acc: 0.9991
2026-08-25 05:41:28 [INFO] Epoch 085 | Train Loss: 0.0122 | Train Acc: 0.9964 | Val Loss: 0.0037 | Val Acc: 0.9988
2026-08-25 05:41:46 [INFO] Epoch 086 | Train Loss: 0.0134 | Train Acc: 0.9962 | Val Loss: 0.0039 | Val Acc: 0.9990
2026-08-25 05:42:02 [INFO] Epoch 087 | Train Loss: 0.0128 | Train Acc: 0.9964 | Val Loss: 0.0036 | Val Acc: 0.9986
2026-08-25 05:42:22 [INFO] Epoch 088 | Train Loss: 0.0130 | Train Acc: 0.9962 | Val Loss: 0.0038 | Val Acc: 0.9987
2026-08-25 05:42:40 [INFO] Epoch 089 | Train Loss: 0.0147 | Train Acc: 0.9959 | Val Loss: 0.0037 | Val Acc: 0.9990
2026-08-25 05:42:57 [INFO] Epoch 090 | Train Loss: 0.0129 | Train Acc: 0.9968 | Val Loss: 0.0037 | Val Acc: 0.9990
2026-08-25 05:43:15 [INFO] Epoch 091 | Train Loss: 0.0129 | Train Acc: 0.9966 | Val Loss: 0.0035 | Val Acc: 0.9991
2026-08-25 05:43:33 [INFO] Epoch 092 | Train Loss: 0.0132 | Train Acc: 0.9964 | Val Loss: 0.0036 | Val Acc: 0.9991
2026-08-25 05:43:50 [INFO] Epoch 093 | Train Loss: 0.0130 | Train Acc: 0.9962 | Val Loss: 0.0035 | Val Acc: 0.9990
2026-08-25 05:44:09 [INFO] Epoch 094 | Train Loss: 0.0127 | Train Acc: 0.9965 | Val Loss: 0.0036 | Val Acc: 0.9991
2026-08-25 05:44:28 [INFO] Epoch 095 | Train Loss: 0.0123 | Train Acc: 0.9965 | Val Loss: 0.0037 | Val Acc: 0.9990
2026-08-25 05:44:46 [INFO] Epoch 096 | Train Loss: 0.0130 | Train Acc: 0.9964 | Val Loss: 0.0038 | Val Acc: 0.9990
2026-08-25 05:45:04 [INFO] Epoch 097 | Train Loss: 0.0145 | Train Acc: 0.9959 | Val Loss: 0.0035 | Val Acc: 0.9988
2026-08-25 05:45:22 [INFO] Epoch 098 | Train Loss: 0.0132 | Train Acc: 0.9967 | Val Loss: 0.0038 | Val Acc: 0.9990
2026-08-25 05:45:41 [INFO] Epoch 099 | Train Loss: 0.0131 | Train Acc: 0.9965 | Val Loss: 0.0038 | Val Acc: 0.9991
2026-08-25 05:45:41 [INFO] Evaluating Best Model on TEST Set...
2026-08-25 05:45:41 [INFO] 
[RESUME] Đang nạp checkpoint từ: /home/biu-linux/DeepLearning_Projects/DoAnNganh/HybricMamba/Ressult/TFJ/SUPER_MAMBA_DEPT_3/German_51k/SUPER_MAMBA_DEPT_3_best.pth
2026-08-25 05:45:42 [INFO] 🎯 [TEST RESULT] Test Acc: 0.9983 | F1-Macro: 0.9983 | F1-Weighted: 0.9983
