2026-09-10 06:41:20 [INFO] Dataset: belgium_ar_new_3 | Số nhãn (classes): 62 | Tổng số ảnh: 99330
2026-09-10 06:41:20 [INFO] Dữ liệu đã chia -> Train (70%): 64564 | Val (15%): 17383 | Test (15%): 17383
2026-09-10 06:41:20 [INFO] 
🔍 Kiểm tra phân bố class trong batch:
2026-09-10 06:41:20 [INFO]   Batch 0: 29 classes (first 5: [1, 7, 10, 13, 17])
2026-09-10 06:41:20 [INFO]   Batch 1: 31 classes (first 5: [0, 3, 4, 6, 7])
2026-09-10 06:41:20 [INFO]   Batch 2: 30 classes (first 5: [1, 6, 7, 13, 14])
2026-09-10 06:41:20 [INFO]   Batch 3: 30 classes (first 5: [1, 3, 10, 13, 14])
2026-09-10 06:41:20 [INFO]   Batch 4: 24 classes (first 5: [1, 7, 9, 14, 17])
2026-09-10 06:41:20 [INFO] ✅ Shuffle tốt! Trung bình 28.8 classes/batch
2026-09-10 06:41:20 [INFO] ============================================================
2026-09-10 06:41:20 [INFO] Starting training: MOBILENETV3_SMALL
2026-09-10 06:41:20 [INFO] Dataset: belgium_ar_new_3 | Path: /home/biu-linux/DeepLearning_Projects/DoAnNganh/data/Belgium_ar_3
2026-09-10 06:41:20 [INFO] Device: cuda
2026-09-10 06:41:20 [INFO] GPU: NVIDIA GeForce RTX 3050 Laptop GPU
2026-09-10 06:41:20 [INFO] ============================================================
2026-09-10 06:41:41 [INFO] Epoch 000 | Train Loss: 3.5120 | Train Acc: 0.1292 | Val Loss: 3.0868 | Val Acc: 0.1926
2026-09-10 06:41:41 [INFO] ✓ Saved best model: Val Acc=0.1926 at epoch 0
2026-09-10 06:42:00 [INFO] Epoch 001 | Train Loss: 2.7230 | Train Acc: 0.2731 | Val Loss: 2.0961 | Val Acc: 0.4114
2026-09-10 06:42:00 [INFO] ✓ Saved best model: Val Acc=0.4114 at epoch 1
2026-09-10 06:42:19 [INFO] Epoch 002 | Train Loss: 2.0918 | Train Acc: 0.4076 | Val Loss: 1.5700 | Val Acc: 0.5431
2026-09-10 06:42:19 [INFO] ✓ Saved best model: Val Acc=0.5431 at epoch 2
2026-09-10 06:42:38 [INFO] Epoch 003 | Train Loss: 1.6767 | Train Acc: 0.5130 | Val Loss: 1.2336 | Val Acc: 0.6224
2026-09-10 06:42:38 [INFO] ✓ Saved best model: Val Acc=0.6224 at epoch 3
2026-09-10 06:42:58 [INFO] Epoch 004 | Train Loss: 1.4498 | Train Acc: 0.5662 | Val Loss: 1.0250 | Val Acc: 0.6722
2026-09-10 06:42:58 [INFO] ✓ Saved best model: Val Acc=0.6722 at epoch 4
2026-09-10 06:43:17 [INFO] Epoch 005 | Train Loss: 1.2822 | Train Acc: 0.6143 | Val Loss: 0.9458 | Val Acc: 0.6968
2026-09-10 06:43:17 [INFO] ✓ Saved best model: Val Acc=0.6968 at epoch 5
2026-09-10 06:43:36 [INFO] Epoch 006 | Train Loss: 1.1735 | Train Acc: 0.6456 | Val Loss: 0.8419 | Val Acc: 0.7340
2026-09-10 06:43:36 [INFO] ✓ Saved best model: Val Acc=0.7340 at epoch 6
2026-09-10 06:43:55 [INFO] Epoch 007 | Train Loss: 1.0866 | Train Acc: 0.6698 | Val Loss: 0.7540 | Val Acc: 0.7662
2026-09-10 06:43:55 [INFO] ✓ Saved best model: Val Acc=0.7662 at epoch 7
2026-09-10 06:44:15 [INFO] Epoch 008 | Train Loss: 1.0297 | Train Acc: 0.6866 | Val Loss: 0.7388 | Val Acc: 0.7683
2026-09-10 06:44:15 [INFO] ✓ Saved best model: Val Acc=0.7683 at epoch 8
2026-09-10 06:44:34 [INFO] Epoch 009 | Train Loss: 0.9757 | Train Acc: 0.7032 | Val Loss: 0.7695 | Val Acc: 0.7764
2026-09-10 06:44:34 [INFO] ✓ Saved best model: Val Acc=0.7764 at epoch 9
2026-09-10 06:44:53 [INFO] Epoch 010 | Train Loss: 0.9350 | Train Acc: 0.7152 | Val Loss: 0.6647 | Val Acc: 0.7946
2026-09-10 06:44:53 [INFO] ✓ Saved best model: Val Acc=0.7946 at epoch 10
2026-09-10 06:45:09 [INFO] Epoch 011 | Train Loss: 0.8835 | Train Acc: 0.7300 | Val Loss: 0.6274 | Val Acc: 0.8068
2026-09-10 06:45:09 [INFO] ✓ Saved best model: Val Acc=0.8068 at epoch 11
2026-09-10 06:45:30 [INFO] Epoch 012 | Train Loss: 0.8594 | Train Acc: 0.7387 | Val Loss: 0.5802 | Val Acc: 0.8144
2026-09-10 06:45:30 [INFO] ✓ Saved best model: Val Acc=0.8144 at epoch 12
2026-09-10 06:45:50 [INFO] Epoch 013 | Train Loss: 0.8263 | Train Acc: 0.7468 | Val Loss: 0.5302 | Val Acc: 0.8252
2026-09-10 06:45:50 [INFO] ✓ Saved best model: Val Acc=0.8252 at epoch 13
2026-09-10 06:46:09 [INFO] Epoch 014 | Train Loss: 0.8023 | Train Acc: 0.7530 | Val Loss: 0.5434 | Val Acc: 0.8282
2026-09-10 06:46:10 [INFO] ✓ Saved best model: Val Acc=0.8282 at epoch 14
2026-09-10 06:46:28 [INFO] Epoch 015 | Train Loss: 0.7755 | Train Acc: 0.7651 | Val Loss: 0.5417 | Val Acc: 0.8342
2026-09-10 06:46:28 [INFO] ✓ Saved best model: Val Acc=0.8342 at epoch 15
2026-09-10 06:46:48 [INFO] Epoch 016 | Train Loss: 0.7485 | Train Acc: 0.7713 | Val Loss: 0.5020 | Val Acc: 0.8442
2026-09-10 06:46:48 [INFO] ✓ Saved best model: Val Acc=0.8442 at epoch 16
2026-09-10 06:47:06 [INFO] Epoch 017 | Train Loss: 0.7305 | Train Acc: 0.7775 | Val Loss: 0.4768 | Val Acc: 0.8532
2026-09-10 06:47:06 [INFO] ✓ Saved best model: Val Acc=0.8532 at epoch 17
2026-09-10 06:47:24 [INFO] Epoch 018 | Train Loss: 0.7176 | Train Acc: 0.7814 | Val Loss: 0.4743 | Val Acc: 0.8473
2026-09-10 06:47:44 [INFO] Epoch 019 | Train Loss: 0.6993 | Train Acc: 0.7851 | Val Loss: 0.4617 | Val Acc: 0.8586
2026-09-10 06:47:44 [INFO] ✓ Saved best model: Val Acc=0.8586 at epoch 19
2026-09-10 06:48:02 [INFO] Epoch 020 | Train Loss: 0.5870 | Train Acc: 0.8194 | Val Loss: 0.4155 | Val Acc: 0.8767
2026-09-10 06:48:02 [INFO] ✓ Saved best model: Val Acc=0.8767 at epoch 20
2026-09-10 06:48:21 [INFO] Epoch 021 | Train Loss: 0.5543 | Train Acc: 0.8283 | Val Loss: 0.4213 | Val Acc: 0.8782
2026-09-10 06:48:21 [INFO] ✓ Saved best model: Val Acc=0.8782 at epoch 21
2026-09-10 06:48:40 [INFO] Epoch 022 | Train Loss: 0.5379 | Train Acc: 0.8335 | Val Loss: 0.4805 | Val Acc: 0.8764
2026-09-10 06:48:59 [INFO] Epoch 023 | Train Loss: 0.5256 | Train Acc: 0.8368 | Val Loss: 0.4254 | Val Acc: 0.8817
2026-09-10 06:48:59 [INFO] ✓ Saved best model: Val Acc=0.8817 at epoch 23
2026-09-10 06:49:17 [INFO] Epoch 024 | Train Loss: 0.5188 | Train Acc: 0.8385 | Val Loss: 0.3971 | Val Acc: 0.8851
2026-09-10 06:49:17 [INFO] ✓ Saved best model: Val Acc=0.8851 at epoch 24
2026-09-10 06:49:36 [INFO] Epoch 025 | Train Loss: 0.5147 | Train Acc: 0.8412 | Val Loss: 0.6214 | Val Acc: 0.8760
2026-09-10 06:49:55 [INFO] Epoch 026 | Train Loss: 0.5129 | Train Acc: 0.8403 | Val Loss: 0.5593 | Val Acc: 0.8799
2026-09-10 06:50:15 [INFO] Epoch 027 | Train Loss: 0.5001 | Train Acc: 0.8444 | Val Loss: 0.5156 | Val Acc: 0.8811
2026-09-10 06:50:33 [INFO] Epoch 028 | Train Loss: 0.4944 | Train Acc: 0.8455 | Val Loss: 0.5031 | Val Acc: 0.8824
2026-09-10 06:50:53 [INFO] Epoch 029 | Train Loss: 0.4967 | Train Acc: 0.8457 | Val Loss: 0.5624 | Val Acc: 0.8814
2026-09-10 06:51:11 [INFO] Epoch 030 | Train Loss: 0.4923 | Train Acc: 0.8465 | Val Loss: 0.7129 | Val Acc: 0.8804
2026-09-10 06:51:31 [INFO] Epoch 031 | Train Loss: 0.4816 | Train Acc: 0.8490 | Val Loss: 0.7139 | Val Acc: 0.8784
2026-09-10 06:51:50 [INFO] Epoch 032 | Train Loss: 0.4737 | Train Acc: 0.8533 | Val Loss: 0.5239 | Val Acc: 0.8843
2026-09-10 06:52:10 [INFO] Epoch 033 | Train Loss: 0.4798 | Train Acc: 0.8510 | Val Loss: 0.5283 | Val Acc: 0.8850
2026-09-10 06:52:29 [INFO] Epoch 034 | Train Loss: 0.4786 | Train Acc: 0.8509 | Val Loss: 0.4857 | Val Acc: 0.8876
2026-09-10 06:52:29 [INFO] ✓ Saved best model: Val Acc=0.8876 at epoch 34
2026-09-10 06:52:48 [INFO] Epoch 035 | Train Loss: 0.4743 | Train Acc: 0.8515 | Val Loss: 0.3547 | Val Acc: 0.8942
2026-09-10 06:52:48 [INFO] ✓ Saved best model: Val Acc=0.8942 at epoch 35
2026-09-10 06:53:07 [INFO] Epoch 036 | Train Loss: 0.4739 | Train Acc: 0.8525 | Val Loss: 0.4983 | Val Acc: 0.8856
2026-09-10 06:53:25 [INFO] Epoch 037 | Train Loss: 0.4762 | Train Acc: 0.8505 | Val Loss: 0.4260 | Val Acc: 0.8887
2026-09-10 06:53:45 [INFO] Epoch 038 | Train Loss: 0.4774 | Train Acc: 0.8510 | Val Loss: 0.4723 | Val Acc: 0.8872
2026-09-10 06:54:04 [INFO] Epoch 039 | Train Loss: 0.4693 | Train Acc: 0.8534 | Val Loss: 0.5652 | Val Acc: 0.8839
2026-09-10 06:54:23 [INFO] Epoch 040 | Train Loss: 0.4718 | Train Acc: 0.8531 | Val Loss: 0.7208 | Val Acc: 0.8808
2026-09-10 06:54:42 [INFO] Epoch 041 | Train Loss: 0.4744 | Train Acc: 0.8532 | Val Loss: 0.5210 | Val Acc: 0.8844
2026-09-10 06:55:01 [INFO] Epoch 042 | Train Loss: 0.4709 | Train Acc: 0.8512 | Val Loss: 0.5501 | Val Acc: 0.8843
2026-09-10 06:55:20 [INFO] Epoch 043 | Train Loss: 0.4755 | Train Acc: 0.8516 | Val Loss: 0.5500 | Val Acc: 0.8841
2026-09-10 06:55:40 [INFO] Epoch 044 | Train Loss: 0.4720 | Train Acc: 0.8539 | Val Loss: 0.5370 | Val Acc: 0.8858
2026-09-10 06:55:59 [INFO] Epoch 045 | Train Loss: 0.4738 | Train Acc: 0.8528 | Val Loss: 0.5014 | Val Acc: 0.8874
2026-09-10 06:55:59 [INFO] ⏹ Early stopping tại epoch 45 (không cải thiện sau 10 epoch, best=0.8942)
2026-09-10 06:55:59 [INFO] Evaluating Best Model on TEST Set...
2026-09-10 06:55:59 [INFO] 
[RESUME] Đang nạp checkpoint từ: /home/biu-linux/DeepLearning_Projects/DoAnNganh/HybricMamba/Ressult/TFJ/MOBILENETV3_SMALL/belgium_ar_new_3/MOBILENETV3_SMALL_best.pth
2026-09-10 06:56:00 [INFO] 🎯 [TEST RESULT] Test Acc: 0.8962 | F1-Macro: 0.8564 | F1-Weighted: 0.8956
