2026-09-10 03:01:16 [INFO] Dataset: belgium_ar_new_1 | Số nhãn (classes): 62 | Tổng số ảnh: 92235
2026-09-10 03:01:16 [INFO] Dữ liệu đã chia -> Train (70%): 59952 | Val (15%): 16141 | Test (15%): 16142
2026-09-10 03:01:16 [INFO] 
🔍 Kiểm tra phân bố class trong batch:
2026-09-10 03:01:16 [INFO]   Batch 0: 28 classes (first 5: [2, 4, 7, 10, 13])
2026-09-10 03:01:16 [INFO]   Batch 1: 26 classes (first 5: [1, 3, 4, 7, 8])
2026-09-10 03:01:16 [INFO]   Batch 2: 32 classes (first 5: [0, 1, 7, 13, 14])
2026-09-10 03:01:16 [INFO]   Batch 3: 32 classes (first 5: [1, 3, 4, 7, 17])
2026-09-10 03:01:16 [INFO]   Batch 4: 29 classes (first 5: [1, 6, 14, 18, 19])
2026-09-10 03:01:17 [INFO] ✅ Shuffle tốt! Trung bình 29.4 classes/batch
2026-09-10 03:01:17 [INFO] ============================================================
2026-09-10 03:01:17 [INFO] Starting training: VIT_S
2026-09-10 03:01:17 [INFO] Dataset: belgium_ar_new_1 | Path: /home/biu-linux/DeepLearning_Projects/DoAnNganh/data/Belgium_ar_1
2026-09-10 03:01:17 [INFO] Device: cuda
2026-09-10 03:01:17 [INFO] GPU: NVIDIA GeForce RTX 3050 Laptop GPU
2026-09-10 03:01:17 [INFO] ============================================================
2026-09-10 03:01:48 [INFO] Epoch 000 | Train Loss: 0.7531 | Train Acc: 0.7834 | Val Loss: 0.2826 | Val Acc: 0.9180
2026-09-10 03:01:48 [INFO] ✓ Saved best model: Val Acc=0.9180 at epoch 0
2026-09-10 03:02:19 [INFO] Epoch 001 | Train Loss: 0.5016 | Train Acc: 0.8528 | Val Loss: 0.2507 | Val Acc: 0.9271
2026-09-10 03:02:19 [INFO] ✓ Saved best model: Val Acc=0.9271 at epoch 1
2026-09-10 03:02:49 [INFO] Epoch 002 | Train Loss: 0.4803 | Train Acc: 0.8591 | Val Loss: 0.2258 | Val Acc: 0.9356
2026-09-10 03:02:49 [INFO] ✓ Saved best model: Val Acc=0.9356 at epoch 2
2026-09-10 03:03:20 [INFO] Epoch 003 | Train Loss: 0.4800 | Train Acc: 0.8597 | Val Loss: 0.2494 | Val Acc: 0.9271
2026-09-10 03:03:51 [INFO] Epoch 004 | Train Loss: 0.4852 | Train Acc: 0.8571 | Val Loss: 0.2905 | Val Acc: 0.9134
2026-09-10 03:04:22 [INFO] Epoch 005 | Train Loss: 0.4408 | Train Acc: 0.8702 | Val Loss: 0.2502 | Val Acc: 0.9273
2026-09-10 03:04:52 [INFO] Epoch 006 | Train Loss: 0.4085 | Train Acc: 0.8810 | Val Loss: 0.2370 | Val Acc: 0.9298
2026-09-10 03:05:23 [INFO] Epoch 007 | Train Loss: 0.3784 | Train Acc: 0.8875 | Val Loss: 0.2203 | Val Acc: 0.9340
2026-09-10 03:05:53 [INFO] Epoch 008 | Train Loss: 0.3617 | Train Acc: 0.8920 | Val Loss: 0.2158 | Val Acc: 0.9373
2026-09-10 03:05:54 [INFO] ✓ Saved best model: Val Acc=0.9373 at epoch 8
2026-09-10 03:06:25 [INFO] Epoch 009 | Train Loss: 0.3409 | Train Acc: 0.8975 | Val Loss: 0.2303 | Val Acc: 0.9310
2026-09-10 03:06:55 [INFO] Epoch 010 | Train Loss: 0.3261 | Train Acc: 0.9025 | Val Loss: 0.1807 | Val Acc: 0.9437
2026-09-10 03:06:55 [INFO] ✓ Saved best model: Val Acc=0.9437 at epoch 10
2026-09-10 03:07:25 [INFO] Epoch 011 | Train Loss: 0.3071 | Train Acc: 0.9078 | Val Loss: 0.2055 | Val Acc: 0.9413
2026-09-10 03:07:56 [INFO] Epoch 012 | Train Loss: 0.2844 | Train Acc: 0.9143 | Val Loss: 0.1653 | Val Acc: 0.9521
2026-09-10 03:07:56 [INFO] ✓ Saved best model: Val Acc=0.9521 at epoch 12
2026-09-10 03:08:27 [INFO] Epoch 013 | Train Loss: 0.2781 | Train Acc: 0.9171 | Val Loss: 0.1722 | Val Acc: 0.9501
2026-09-10 03:08:57 [INFO] Epoch 014 | Train Loss: 0.2675 | Train Acc: 0.9202 | Val Loss: 0.1628 | Val Acc: 0.9489
2026-09-10 03:09:28 [INFO] Epoch 015 | Train Loss: 0.2594 | Train Acc: 0.9227 | Val Loss: 0.1457 | Val Acc: 0.9568
2026-09-10 03:09:28 [INFO] ✓ Saved best model: Val Acc=0.9568 at epoch 15
2026-09-10 03:09:59 [INFO] Epoch 016 | Train Loss: 0.2489 | Train Acc: 0.9264 | Val Loss: 0.1453 | Val Acc: 0.9551
2026-09-10 03:10:29 [INFO] Epoch 017 | Train Loss: 0.2448 | Train Acc: 0.9250 | Val Loss: 0.1530 | Val Acc: 0.9548
2026-09-10 03:11:00 [INFO] Epoch 018 | Train Loss: 0.2350 | Train Acc: 0.9289 | Val Loss: 0.1427 | Val Acc: 0.9581
2026-09-10 03:11:01 [INFO] ✓ Saved best model: Val Acc=0.9581 at epoch 18
2026-09-10 03:11:31 [INFO] Epoch 019 | Train Loss: 0.2225 | Train Acc: 0.9332 | Val Loss: 0.1447 | Val Acc: 0.9587
2026-09-10 03:11:31 [INFO] ✓ Saved best model: Val Acc=0.9587 at epoch 19
2026-09-10 03:12:02 [INFO] Epoch 020 | Train Loss: 0.1293 | Train Acc: 0.9608 | Val Loss: 0.0736 | Val Acc: 0.9776
2026-09-10 03:12:02 [INFO] ✓ Saved best model: Val Acc=0.9776 at epoch 20
2026-09-10 03:12:33 [INFO] Epoch 021 | Train Loss: 0.1061 | Train Acc: 0.9680 | Val Loss: 0.0666 | Val Acc: 0.9797
2026-09-10 03:12:33 [INFO] ✓ Saved best model: Val Acc=0.9797 at epoch 21
2026-09-10 03:13:04 [INFO] Epoch 022 | Train Loss: 0.0944 | Train Acc: 0.9716 | Val Loss: 0.0654 | Val Acc: 0.9799
2026-09-10 03:13:04 [INFO] ✓ Saved best model: Val Acc=0.9799 at epoch 22
2026-09-10 03:13:35 [INFO] Epoch 023 | Train Loss: 0.0918 | Train Acc: 0.9729 | Val Loss: 0.0595 | Val Acc: 0.9821
2026-09-10 03:13:35 [INFO] ✓ Saved best model: Val Acc=0.9821 at epoch 23
2026-09-10 03:14:06 [INFO] Epoch 024 | Train Loss: 0.0844 | Train Acc: 0.9742 | Val Loss: 0.0576 | Val Acc: 0.9824
2026-09-10 03:14:06 [INFO] ✓ Saved best model: Val Acc=0.9824 at epoch 24
2026-09-10 03:14:37 [INFO] Epoch 025 | Train Loss: 0.0810 | Train Acc: 0.9756 | Val Loss: 0.0580 | Val Acc: 0.9815
2026-09-10 03:15:07 [INFO] Epoch 026 | Train Loss: 0.0780 | Train Acc: 0.9759 | Val Loss: 0.0571 | Val Acc: 0.9823
2026-09-10 03:15:38 [INFO] Epoch 027 | Train Loss: 0.0750 | Train Acc: 0.9770 | Val Loss: 0.0565 | Val Acc: 0.9825
2026-09-10 03:15:38 [INFO] ✓ Saved best model: Val Acc=0.9825 at epoch 27
2026-09-10 03:16:09 [INFO] Epoch 028 | Train Loss: 0.0734 | Train Acc: 0.9775 | Val Loss: 0.0566 | Val Acc: 0.9831
2026-09-10 03:16:17 [INFO] ✓ Saved best model: Val Acc=0.9831 at epoch 28
2026-09-10 03:16:47 [INFO] Epoch 029 | Train Loss: 0.0720 | Train Acc: 0.9785 | Val Loss: 0.0524 | Val Acc: 0.9837
2026-09-10 03:16:57 [INFO] ✓ Saved best model: Val Acc=0.9837 at epoch 29
2026-09-10 03:17:27 [INFO] Epoch 030 | Train Loss: 0.0607 | Train Acc: 0.9817 | Val Loss: 0.0487 | Val Acc: 0.9853
2026-09-10 03:17:37 [INFO] ✓ Saved best model: Val Acc=0.9853 at epoch 30
2026-09-10 03:18:08 [INFO] Epoch 031 | Train Loss: 0.0571 | Train Acc: 0.9825 | Val Loss: 0.0485 | Val Acc: 0.9851
2026-09-10 03:18:38 [INFO] Epoch 032 | Train Loss: 0.0544 | Train Acc: 0.9831 | Val Loss: 0.0483 | Val Acc: 0.9854
2026-09-10 03:18:39 [INFO] ✓ Saved best model: Val Acc=0.9854 at epoch 32
2026-09-10 03:19:09 [INFO] Epoch 033 | Train Loss: 0.0566 | Train Acc: 0.9827 | Val Loss: 0.0481 | Val Acc: 0.9859
2026-09-10 03:19:10 [INFO] ✓ Saved best model: Val Acc=0.9859 at epoch 33
2026-09-10 03:19:40 [INFO] Epoch 034 | Train Loss: 0.0553 | Train Acc: 0.9834 | Val Loss: 0.0478 | Val Acc: 0.9858
2026-09-10 03:20:11 [INFO] Epoch 035 | Train Loss: 0.0542 | Train Acc: 0.9832 | Val Loss: 0.0480 | Val Acc: 0.9859
2026-09-10 03:20:11 [INFO] ✓ Saved best model: Val Acc=0.9859 at epoch 35
2026-09-10 03:20:42 [INFO] Epoch 036 | Train Loss: 0.0538 | Train Acc: 0.9835 | Val Loss: 0.0468 | Val Acc: 0.9859
2026-09-10 03:21:12 [INFO] Epoch 037 | Train Loss: 0.0533 | Train Acc: 0.9837 | Val Loss: 0.0467 | Val Acc: 0.9859
2026-09-10 03:21:43 [INFO] Epoch 038 | Train Loss: 0.0542 | Train Acc: 0.9834 | Val Loss: 0.0471 | Val Acc: 0.9859
2026-09-10 03:22:13 [INFO] Epoch 039 | Train Loss: 0.0535 | Train Acc: 0.9838 | Val Loss: 0.0466 | Val Acc: 0.9860
2026-09-10 03:22:13 [INFO] ✓ Saved best model: Val Acc=0.9860 at epoch 39
2026-09-10 03:22:44 [INFO] Epoch 040 | Train Loss: 0.0511 | Train Acc: 0.9847 | Val Loss: 0.0462 | Val Acc: 0.9861
2026-09-10 03:22:44 [INFO] ✓ Saved best model: Val Acc=0.9861 at epoch 40
2026-09-10 03:23:15 [INFO] Epoch 041 | Train Loss: 0.0506 | Train Acc: 0.9844 | Val Loss: 0.0459 | Val Acc: 0.9862
2026-09-10 03:23:15 [INFO] ✓ Saved best model: Val Acc=0.9862 at epoch 41
2026-09-10 03:23:46 [INFO] Epoch 042 | Train Loss: 0.0496 | Train Acc: 0.9851 | Val Loss: 0.0461 | Val Acc: 0.9862
2026-09-10 03:24:17 [INFO] Epoch 043 | Train Loss: 0.0513 | Train Acc: 0.9847 | Val Loss: 0.0460 | Val Acc: 0.9861
2026-09-10 03:24:47 [INFO] Epoch 044 | Train Loss: 0.0513 | Train Acc: 0.9847 | Val Loss: 0.0460 | Val Acc: 0.9862
2026-09-10 03:25:18 [INFO] Epoch 045 | Train Loss: 0.0528 | Train Acc: 0.9839 | Val Loss: 0.0460 | Val Acc: 0.9862
2026-09-10 03:25:48 [INFO] Epoch 046 | Train Loss: 0.0512 | Train Acc: 0.9844 | Val Loss: 0.0459 | Val Acc: 0.9862
2026-09-10 03:26:18 [INFO] Epoch 047 | Train Loss: 0.0516 | Train Acc: 0.9843 | Val Loss: 0.0460 | Val Acc: 0.9861
2026-09-10 03:26:49 [INFO] Epoch 048 | Train Loss: 0.0501 | Train Acc: 0.9848 | Val Loss: 0.0458 | Val Acc: 0.9862
2026-09-10 03:27:19 [INFO] Epoch 049 | Train Loss: 0.0491 | Train Acc: 0.9850 | Val Loss: 0.0458 | Val Acc: 0.9861
2026-09-10 03:27:19 [INFO] Evaluating Best Model on TEST Set...
2026-09-10 03:27:19 [INFO] 
[RESUME] Đang nạp checkpoint từ: /home/biu-linux/DeepLearning_Projects/DoAnNganh/HybricMamba/Ressult/TFJ/VIT_S/belgium_ar_new_1/VIT_S_best.pth
2026-09-10 03:27:21 [INFO] 🎯 [TEST RESULT] Test Acc: 0.9864 | F1-Macro: 0.9838 | F1-Weighted: 0.9864
