2026-09-06 12:06:43 [INFO] Dataset: DCID | Số nhãn (classes): 35 | Tổng số ảnh: 35000
2026-09-06 12:06:43 [INFO] Dữ liệu đã chia -> Train (70%): 24500 | Val (15%): 5250 | Test (15%): 5250
2026-09-06 12:06:43 [INFO] 
🔍 Kiểm tra phân bố class trong batch:
2026-09-06 12:06:43 [INFO]   Batch 0: 25 classes (first 5: [0, 1, 2, 3, 4])
2026-09-06 12:06:43 [INFO]   Batch 1: 26 classes (first 5: [1, 2, 3, 4, 5])
2026-09-06 12:06:43 [INFO]   Batch 2: 25 classes (first 5: [0, 1, 2, 3, 4])
2026-09-06 12:06:43 [INFO]   Batch 3: 29 classes (first 5: [1, 2, 3, 4, 5])
2026-09-06 12:06:43 [INFO]   Batch 4: 25 classes (first 5: [0, 1, 2, 3, 6])
2026-09-06 12:06:43 [INFO] ✅ Shuffle tốt! Trung bình 26.0 classes/batch
2026-09-06 12:06:44 [INFO] ============================================================
2026-09-06 12:06:44 [INFO] Starting training: SUPER_MAMBA_DEPT_3
2026-09-06 12:06:44 [INFO] Dataset: DCID | Path: /home/biu-linux/DeepLearning_Projects/DoAnNganh/data/DCID/DCID-512-35
2026-09-06 12:06:44 [INFO] Device: cuda
2026-09-06 12:06:44 [INFO] GPU: NVIDIA GeForce RTX 3050 Laptop GPU
2026-09-06 12:06:44 [INFO] ============================================================
2026-09-06 12:07:04 [INFO] Epoch 000 | Train Loss: 3.0638 | Train Acc: 0.1728 | Val Loss: 2.5559 | Val Acc: 0.2779
2026-09-06 12:07:04 [INFO] ✓ Saved best model: Val Acc=0.2779 at epoch 0
2026-09-06 12:07:21 [INFO] Epoch 001 | Train Loss: 2.3467 | Train Acc: 0.2961 | Val Loss: 1.9652 | Val Acc: 0.3175
2026-09-06 12:07:21 [INFO] ✓ Saved best model: Val Acc=0.3175 at epoch 1
2026-09-06 12:07:41 [INFO] Epoch 002 | Train Loss: 1.8608 | Train Acc: 0.4163 | Val Loss: 1.3371 | Val Acc: 0.6303
2026-09-06 12:07:41 [INFO] ✓ Saved best model: Val Acc=0.6303 at epoch 2
2026-09-06 12:08:00 [INFO] Epoch 003 | Train Loss: 1.4385 | Train Acc: 0.5360 | Val Loss: 0.9622 | Val Acc: 0.7141
2026-09-06 12:08:00 [INFO] ✓ Saved best model: Val Acc=0.7141 at epoch 3
2026-09-06 12:08:17 [INFO] Epoch 004 | Train Loss: 1.1542 | Train Acc: 0.6232 | Val Loss: 0.9109 | Val Acc: 0.6745
2026-09-06 12:08:35 [INFO] Epoch 005 | Train Loss: 0.9268 | Train Acc: 0.6984 | Val Loss: 0.6229 | Val Acc: 0.8025
2026-09-06 12:08:35 [INFO] ✓ Saved best model: Val Acc=0.8025 at epoch 5
2026-09-06 12:08:54 [INFO] Epoch 006 | Train Loss: 0.7841 | Train Acc: 0.7423 | Val Loss: 0.6027 | Val Acc: 0.7949
2026-09-06 12:09:12 [INFO] Epoch 007 | Train Loss: 0.6896 | Train Acc: 0.7728 | Val Loss: 0.4462 | Val Acc: 0.8512
2026-09-06 12:09:12 [INFO] ✓ Saved best model: Val Acc=0.8512 at epoch 7
2026-09-06 12:09:29 [INFO] Epoch 008 | Train Loss: 0.6212 | Train Acc: 0.7944 | Val Loss: 0.3814 | Val Acc: 0.8762
2026-09-06 12:09:29 [INFO] ✓ Saved best model: Val Acc=0.8762 at epoch 8
2026-09-06 12:09:47 [INFO] Epoch 009 | Train Loss: 0.5595 | Train Acc: 0.8148 | Val Loss: 0.3123 | Val Acc: 0.9046
2026-09-06 12:09:47 [INFO] ✓ Saved best model: Val Acc=0.9046 at epoch 9
2026-09-06 12:10:04 [INFO] Epoch 010 | Train Loss: 0.5241 | Train Acc: 0.8274 | Val Loss: 0.2538 | Val Acc: 0.9200
2026-09-06 12:10:04 [INFO] ✓ Saved best model: Val Acc=0.9200 at epoch 10
2026-09-06 12:10:22 [INFO] Epoch 011 | Train Loss: 0.4699 | Train Acc: 0.8431 | Val Loss: 0.2479 | Val Acc: 0.9168
2026-09-06 12:10:39 [INFO] Epoch 012 | Train Loss: 0.4453 | Train Acc: 0.8497 | Val Loss: 0.2644 | Val Acc: 0.9187
2026-09-06 12:10:57 [INFO] Epoch 013 | Train Loss: 0.4236 | Train Acc: 0.8571 | Val Loss: 0.2313 | Val Acc: 0.9282
2026-09-06 12:10:57 [INFO] ✓ Saved best model: Val Acc=0.9282 at epoch 13
2026-09-06 12:11:14 [INFO] Epoch 014 | Train Loss: 0.3987 | Train Acc: 0.8681 | Val Loss: 0.1648 | Val Acc: 0.9518
2026-09-06 12:11:14 [INFO] ✓ Saved best model: Val Acc=0.9518 at epoch 14
2026-09-06 12:11:32 [INFO] Epoch 015 | Train Loss: 0.3719 | Train Acc: 0.8756 | Val Loss: 0.1736 | Val Acc: 0.9436
2026-09-06 12:11:50 [INFO] Epoch 016 | Train Loss: 0.3766 | Train Acc: 0.8730 | Val Loss: 0.1884 | Val Acc: 0.9366
2026-09-06 12:12:08 [INFO] Epoch 017 | Train Loss: 0.3455 | Train Acc: 0.8842 | Val Loss: 0.1383 | Val Acc: 0.9573
2026-09-06 12:12:08 [INFO] ✓ Saved best model: Val Acc=0.9573 at epoch 17
2026-09-06 12:12:26 [INFO] Epoch 018 | Train Loss: 0.3394 | Train Acc: 0.8867 | Val Loss: 0.1713 | Val Acc: 0.9432
2026-09-06 12:12:44 [INFO] Epoch 019 | Train Loss: 0.3243 | Train Acc: 0.8920 | Val Loss: 0.1302 | Val Acc: 0.9577
2026-09-06 12:12:44 [INFO] ✓ Saved best model: Val Acc=0.9577 at epoch 19
2026-09-06 12:13:01 [INFO] Epoch 020 | Train Loss: 0.3098 | Train Acc: 0.8951 | Val Loss: 0.1252 | Val Acc: 0.9600
2026-09-06 12:13:01 [INFO] ✓ Saved best model: Val Acc=0.9600 at epoch 20
2026-09-06 12:13:18 [INFO] Epoch 021 | Train Loss: 0.2866 | Train Acc: 0.9047 | Val Loss: 0.1559 | Val Acc: 0.9474
2026-09-06 12:13:36 [INFO] Epoch 022 | Train Loss: 0.2767 | Train Acc: 0.9056 | Val Loss: 0.1289 | Val Acc: 0.9579
2026-09-06 12:13:54 [INFO] Epoch 023 | Train Loss: 0.2732 | Train Acc: 0.9102 | Val Loss: 0.1472 | Val Acc: 0.9509
2026-09-06 12:14:11 [INFO] Epoch 024 | Train Loss: 0.2568 | Train Acc: 0.9126 | Val Loss: 0.1065 | Val Acc: 0.9669
2026-09-06 12:14:11 [INFO] ✓ Saved best model: Val Acc=0.9669 at epoch 24
2026-09-06 12:14:28 [INFO] Epoch 025 | Train Loss: 0.2478 | Train Acc: 0.9162 | Val Loss: 0.1262 | Val Acc: 0.9594
2026-09-06 12:14:46 [INFO] Epoch 026 | Train Loss: 0.2490 | Train Acc: 0.9181 | Val Loss: 0.1022 | Val Acc: 0.9667
2026-09-06 12:15:03 [INFO] Epoch 027 | Train Loss: 0.2356 | Train Acc: 0.9226 | Val Loss: 0.0989 | Val Acc: 0.9684
2026-09-06 12:15:03 [INFO] ✓ Saved best model: Val Acc=0.9684 at epoch 27
2026-09-06 12:15:21 [INFO] Epoch 028 | Train Loss: 0.2232 | Train Acc: 0.9248 | Val Loss: 0.0962 | Val Acc: 0.9686
2026-09-06 12:15:21 [INFO] ✓ Saved best model: Val Acc=0.9686 at epoch 28
2026-09-06 12:15:38 [INFO] Epoch 029 | Train Loss: 0.2086 | Train Acc: 0.9303 | Val Loss: 0.1002 | Val Acc: 0.9678
2026-09-06 12:15:57 [INFO] Epoch 030 | Train Loss: 0.2004 | Train Acc: 0.9329 | Val Loss: 0.0855 | Val Acc: 0.9726
2026-09-06 12:15:57 [INFO] ✓ Saved best model: Val Acc=0.9726 at epoch 30
2026-09-06 12:16:15 [INFO] Epoch 031 | Train Loss: 0.1978 | Train Acc: 0.9340 | Val Loss: 0.0836 | Val Acc: 0.9720
2026-09-06 12:16:32 [INFO] Epoch 032 | Train Loss: 0.1973 | Train Acc: 0.9329 | Val Loss: 0.0839 | Val Acc: 0.9730
2026-09-06 12:16:32 [INFO] ✓ Saved best model: Val Acc=0.9730 at epoch 32
2026-09-06 12:16:50 [INFO] Epoch 033 | Train Loss: 0.1778 | Train Acc: 0.9399 | Val Loss: 0.0861 | Val Acc: 0.9730
2026-09-06 12:17:08 [INFO] Epoch 034 | Train Loss: 0.1742 | Train Acc: 0.9420 | Val Loss: 0.0830 | Val Acc: 0.9743
2026-09-06 12:17:08 [INFO] ✓ Saved best model: Val Acc=0.9743 at epoch 34
2026-09-06 12:17:25 [INFO] Epoch 035 | Train Loss: 0.1705 | Train Acc: 0.9450 | Val Loss: 0.0835 | Val Acc: 0.9726
2026-09-06 12:17:42 [INFO] Epoch 036 | Train Loss: 0.1606 | Train Acc: 0.9454 | Val Loss: 0.0691 | Val Acc: 0.9762
2026-09-06 12:17:42 [INFO] ✓ Saved best model: Val Acc=0.9762 at epoch 36
2026-09-06 12:18:00 [INFO] Epoch 037 | Train Loss: 0.1553 | Train Acc: 0.9478 | Val Loss: 0.0655 | Val Acc: 0.9783
2026-09-06 12:18:00 [INFO] ✓ Saved best model: Val Acc=0.9783 at epoch 37
2026-09-06 12:18:19 [INFO] Epoch 038 | Train Loss: 0.1508 | Train Acc: 0.9491 | Val Loss: 0.0689 | Val Acc: 0.9768
2026-09-06 12:18:37 [INFO] Epoch 039 | Train Loss: 0.1443 | Train Acc: 0.9520 | Val Loss: 0.0624 | Val Acc: 0.9806
2026-09-06 12:18:37 [INFO] ✓ Saved best model: Val Acc=0.9806 at epoch 39
2026-09-06 12:18:54 [INFO] Epoch 040 | Train Loss: 0.1433 | Train Acc: 0.9510 | Val Loss: 0.0611 | Val Acc: 0.9811
2026-09-06 12:18:54 [INFO] ✓ Saved best model: Val Acc=0.9811 at epoch 40
2026-09-06 12:19:12 [INFO] Epoch 041 | Train Loss: 0.1417 | Train Acc: 0.9528 | Val Loss: 0.0651 | Val Acc: 0.9802
2026-09-06 12:19:31 [INFO] Epoch 042 | Train Loss: 0.1342 | Train Acc: 0.9548 | Val Loss: 0.0572 | Val Acc: 0.9817
2026-09-06 12:19:31 [INFO] ✓ Saved best model: Val Acc=0.9817 at epoch 42
2026-09-06 12:19:49 [INFO] Epoch 043 | Train Loss: 0.1315 | Train Acc: 0.9563 | Val Loss: 0.0578 | Val Acc: 0.9823
2026-09-06 12:19:49 [INFO] ✓ Saved best model: Val Acc=0.9823 at epoch 43
2026-09-06 12:20:07 [INFO] Epoch 044 | Train Loss: 0.1299 | Train Acc: 0.9562 | Val Loss: 0.0596 | Val Acc: 0.9817
2026-09-06 12:20:25 [INFO] Epoch 045 | Train Loss: 0.1258 | Train Acc: 0.9576 | Val Loss: 0.0550 | Val Acc: 0.9825
2026-09-06 12:20:25 [INFO] ✓ Saved best model: Val Acc=0.9825 at epoch 45
2026-09-06 12:20:44 [INFO] Epoch 046 | Train Loss: 0.1243 | Train Acc: 0.9597 | Val Loss: 0.0558 | Val Acc: 0.9829
2026-09-06 12:20:44 [INFO] ✓ Saved best model: Val Acc=0.9829 at epoch 46
2026-09-06 12:21:03 [INFO] Epoch 047 | Train Loss: 0.1204 | Train Acc: 0.9599 | Val Loss: 0.0553 | Val Acc: 0.9815
2026-09-06 12:21:22 [INFO] Epoch 048 | Train Loss: 0.1252 | Train Acc: 0.9582 | Val Loss: 0.0558 | Val Acc: 0.9819
2026-09-06 12:21:41 [INFO] Epoch 049 | Train Loss: 0.1238 | Train Acc: 0.9588 | Val Loss: 0.0562 | Val Acc: 0.9813
2026-09-06 12:21:59 [INFO] Epoch 050 | Train Loss: 0.1258 | Train Acc: 0.9578 | Val Loss: 0.0548 | Val Acc: 0.9813
2026-09-06 12:21:59 [INFO] Evaluating Best Model on TEST Set...
2026-09-06 12:21:59 [INFO] 
[RESUME] Đang nạp checkpoint từ: /home/biu-linux/DeepLearning_Projects/DoAnNganh/HybricMamba/Ressult/TFJ/SUPER_MAMBA_DEPT_3/DCID/SUPER_MAMBA_DEPT_3_best.pth
2026-09-06 12:22:02 [INFO] 🎯 [TEST RESULT] Test Acc: 0.9777 | F1-Macro: 0.9777 | F1-Weighted: 0.9777
