2026-09-09 05:00:21 [INFO] Dataset: German_0.2_0.7) | Số nhãn (classes): 43 | Tổng số ảnh: 557483
2026-09-09 05:00:22 [INFO] Dữ liệu đã chia -> Train (70%): 362363 | Val (15%): 97560 | Test (15%): 97560
2026-09-09 05:00:22 [INFO] 
🔍 Kiểm tra phân bố class trong batch:
2026-09-09 05:00:22 [INFO]   Batch 0: 30 classes (first 5: [0, 1, 2, 3, 4])
2026-09-09 05:00:22 [INFO]   Batch 1: 32 classes (first 5: [0, 1, 2, 3, 4])
2026-09-09 05:00:22 [INFO]   Batch 2: 27 classes (first 5: [1, 2, 4, 5, 7])
2026-09-09 05:00:22 [INFO]   Batch 3: 27 classes (first 5: [0, 1, 2, 3, 4])
2026-09-09 05:00:22 [INFO]   Batch 4: 30 classes (first 5: [0, 1, 2, 3, 4])
2026-09-09 05:00:22 [INFO] ✅ Shuffle tốt! Trung bình 29.2 classes/batch
2026-09-09 05:00:23 [INFO] ============================================================
2026-09-09 05:00:23 [INFO] Starting training: HEAVY_HYBRIC_MAMBA
2026-09-09 05:00:23 [INFO] Dataset: German_0.2_0.7) | Path: /home/biu-linux/DeepLearning_Projects/DoAnNganh/dataset_reOrgan
2026-09-09 05:00:23 [INFO] Device: cuda
2026-09-09 05:00:23 [INFO] GPU: NVIDIA GeForce RTX 3050 Laptop GPU
2026-09-09 05:00:23 [INFO] ============================================================
2026-09-09 05:03:56 [INFO] Epoch 000 | Train Loss: 2.4148 | Train Acc: 0.6498 | Val Loss: 0.2883 | Val Acc: 0.9185
2026-09-09 05:03:56 [INFO] ✓ Saved best model: Val Acc=0.9185 at epoch 0
2026-09-09 05:07:28 [INFO] Epoch 001 | Train Loss: 0.9406 | Train Acc: 0.8682 | Val Loss: 0.2094 | Val Acc: 0.9403
2026-09-09 05:07:28 [INFO] ✓ Saved best model: Val Acc=0.9403 at epoch 1
2026-09-09 05:11:00 [INFO] Epoch 002 | Train Loss: 0.6386 | Train Acc: 0.9007 | Val Loss: 0.1659 | Val Acc: 0.9505
2026-09-09 05:11:00 [INFO] ✓ Saved best model: Val Acc=0.9505 at epoch 2
2026-09-09 05:14:31 [INFO] Epoch 003 | Train Loss: 0.5279 | Train Acc: 0.9160 | Val Loss: 0.1564 | Val Acc: 0.9562
2026-09-09 05:14:31 [INFO] ✓ Saved best model: Val Acc=0.9562 at epoch 3
2026-09-09 05:18:03 [INFO] Epoch 004 | Train Loss: 0.4777 | Train Acc: 0.9231 | Val Loss: 0.1388 | Val Acc: 0.9595
2026-09-09 05:18:03 [INFO] ✓ Saved best model: Val Acc=0.9595 at epoch 4
2026-09-09 05:21:34 [INFO] Epoch 005 | Train Loss: 0.4250 | Train Acc: 0.9315 | Val Loss: 0.1304 | Val Acc: 0.9629
2026-09-09 05:21:34 [INFO] ✓ Saved best model: Val Acc=0.9629 at epoch 5
2026-09-09 05:25:06 [INFO] Epoch 006 | Train Loss: 0.3931 | Train Acc: 0.9364 | Val Loss: 0.1109 | Val Acc: 0.9681
2026-09-09 05:25:06 [INFO] ✓ Saved best model: Val Acc=0.9681 at epoch 6
2026-09-09 05:28:37 [INFO] Epoch 007 | Train Loss: 0.3712 | Train Acc: 0.9401 | Val Loss: 0.1060 | Val Acc: 0.9701
2026-09-09 05:28:37 [INFO] ✓ Saved best model: Val Acc=0.9701 at epoch 7
2026-09-09 05:32:09 [INFO] Epoch 008 | Train Loss: 0.3588 | Train Acc: 0.9421 | Val Loss: 0.1000 | Val Acc: 0.9711
2026-09-09 05:32:09 [INFO] ✓ Saved best model: Val Acc=0.9711 at epoch 8
2026-09-09 05:35:40 [INFO] Epoch 009 | Train Loss: 0.3491 | Train Acc: 0.9436 | Val Loss: 0.1076 | Val Acc: 0.9687
2026-09-09 05:39:11 [INFO] Epoch 010 | Train Loss: 0.3381 | Train Acc: 0.9457 | Val Loss: 0.0982 | Val Acc: 0.9723
2026-09-09 05:39:12 [INFO] ✓ Saved best model: Val Acc=0.9723 at epoch 10
2026-09-09 05:42:43 [INFO] Epoch 011 | Train Loss: 0.3307 | Train Acc: 0.9467 | Val Loss: 0.0958 | Val Acc: 0.9725
2026-09-09 05:42:43 [INFO] ✓ Saved best model: Val Acc=0.9725 at epoch 11
2026-09-09 05:46:15 [INFO] Epoch 012 | Train Loss: 0.3252 | Train Acc: 0.9474 | Val Loss: 0.0912 | Val Acc: 0.9737
2026-09-09 05:46:15 [INFO] ✓ Saved best model: Val Acc=0.9737 at epoch 12
2026-09-09 05:49:47 [INFO] Epoch 013 | Train Loss: 0.3190 | Train Acc: 0.9484 | Val Loss: 0.1029 | Val Acc: 0.9707
2026-09-09 05:53:18 [INFO] Epoch 014 | Train Loss: 0.3133 | Train Acc: 0.9491 | Val Loss: 0.0875 | Val Acc: 0.9751
2026-09-09 05:53:18 [INFO] ✓ Saved best model: Val Acc=0.9751 at epoch 14
2026-09-09 05:56:50 [INFO] Epoch 015 | Train Loss: 0.2457 | Train Acc: 0.9606 | Val Loss: 0.0659 | Val Acc: 0.9814
2026-09-09 05:56:50 [INFO] ✓ Saved best model: Val Acc=0.9814 at epoch 15
2026-09-09 06:00:22 [INFO] Epoch 016 | Train Loss: 0.2275 | Train Acc: 0.9638 | Val Loss: 0.0619 | Val Acc: 0.9822
2026-09-09 06:00:22 [INFO] ✓ Saved best model: Val Acc=0.9822 at epoch 16
2026-09-09 06:03:53 [INFO] Epoch 017 | Train Loss: 0.2227 | Train Acc: 0.9648 | Val Loss: 0.0594 | Val Acc: 0.9828
2026-09-09 06:03:53 [INFO] ✓ Saved best model: Val Acc=0.9828 at epoch 17
2026-09-09 06:07:24 [INFO] Epoch 018 | Train Loss: 0.2189 | Train Acc: 0.9655 | Val Loss: 0.0575 | Val Acc: 0.9832
2026-09-09 06:07:24 [INFO] ✓ Saved best model: Val Acc=0.9832 at epoch 18
2026-09-09 06:10:55 [INFO] Epoch 019 | Train Loss: 0.2158 | Train Acc: 0.9660 | Val Loss: 0.0574 | Val Acc: 0.9837
2026-09-09 06:10:55 [INFO] ✓ Saved best model: Val Acc=0.9837 at epoch 19
2026-09-09 06:14:27 [INFO] Epoch 020 | Train Loss: 0.2122 | Train Acc: 0.9665 | Val Loss: 0.0565 | Val Acc: 0.9837
2026-09-09 06:17:58 [INFO] Epoch 021 | Train Loss: 0.2126 | Train Acc: 0.9665 | Val Loss: 0.0558 | Val Acc: 0.9836
2026-09-09 06:21:30 [INFO] Epoch 022 | Train Loss: 0.2102 | Train Acc: 0.9669 | Val Loss: 0.0556 | Val Acc: 0.9837
2026-09-09 06:25:01 [INFO] Epoch 023 | Train Loss: 0.2083 | Train Acc: 0.9674 | Val Loss: 0.0538 | Val Acc: 0.9845
2026-09-09 06:25:01 [INFO] ✓ Saved best model: Val Acc=0.9845 at epoch 23
2026-09-09 06:28:33 [INFO] Epoch 024 | Train Loss: 0.2086 | Train Acc: 0.9674 | Val Loss: 0.0538 | Val Acc: 0.9843
2026-09-09 06:32:05 [INFO] Epoch 025 | Train Loss: 0.2003 | Train Acc: 0.9689 | Val Loss: 0.0512 | Val Acc: 0.9850
2026-09-09 06:32:05 [INFO] ✓ Saved best model: Val Acc=0.9850 at epoch 25
2026-09-09 06:35:36 [INFO] Epoch 026 | Train Loss: 0.1981 | Train Acc: 0.9692 | Val Loss: 0.0507 | Val Acc: 0.9851
2026-09-09 06:35:37 [INFO] ✓ Saved best model: Val Acc=0.9851 at epoch 26
2026-09-09 06:39:08 [INFO] Epoch 027 | Train Loss: 0.1987 | Train Acc: 0.9690 | Val Loss: 0.0502 | Val Acc: 0.9851
2026-09-09 06:39:08 [INFO] ✓ Saved best model: Val Acc=0.9851 at epoch 27
2026-09-09 06:42:39 [INFO] Epoch 028 | Train Loss: 0.1976 | Train Acc: 0.9694 | Val Loss: 0.0502 | Val Acc: 0.9851
2026-09-09 06:46:10 [INFO] Epoch 029 | Train Loss: 0.1965 | Train Acc: 0.9693 | Val Loss: 0.0500 | Val Acc: 0.9854
2026-09-09 06:46:11 [INFO] ✓ Saved best model: Val Acc=0.9854 at epoch 29
2026-09-09 06:49:42 [INFO] Epoch 030 | Train Loss: 0.1958 | Train Acc: 0.9694 | Val Loss: 0.0497 | Val Acc: 0.9853
2026-09-09 06:53:12 [INFO] Epoch 031 | Train Loss: 0.1963 | Train Acc: 0.9696 | Val Loss: 0.0500 | Val Acc: 0.9853
2026-09-09 06:56:43 [INFO] Epoch 032 | Train Loss: 0.1957 | Train Acc: 0.9698 | Val Loss: 0.0494 | Val Acc: 0.9855
2026-09-09 06:56:43 [INFO] ✓ Saved best model: Val Acc=0.9855 at epoch 32
2026-09-09 07:00:15 [INFO] Epoch 033 | Train Loss: 0.1971 | Train Acc: 0.9693 | Val Loss: 0.0495 | Val Acc: 0.9855
2026-09-09 07:00:15 [INFO] ✓ Saved best model: Val Acc=0.9855 at epoch 33
2026-09-09 07:03:46 [INFO] Epoch 034 | Train Loss: 0.1955 | Train Acc: 0.9695 | Val Loss: 0.0493 | Val Acc: 0.9854
2026-09-09 07:07:18 [INFO] Epoch 035 | Train Loss: 0.1931 | Train Acc: 0.9701 | Val Loss: 0.0489 | Val Acc: 0.9855
2026-09-09 07:10:49 [INFO] Epoch 036 | Train Loss: 0.1945 | Train Acc: 0.9698 | Val Loss: 0.0495 | Val Acc: 0.9854
2026-09-09 07:14:21 [INFO] Epoch 037 | Train Loss: 0.1942 | Train Acc: 0.9697 | Val Loss: 0.0493 | Val Acc: 0.9857
2026-09-09 07:14:21 [INFO] ✓ Saved best model: Val Acc=0.9857 at epoch 37
2026-09-09 07:17:52 [INFO] Epoch 038 | Train Loss: 0.1925 | Train Acc: 0.9703 | Val Loss: 0.0493 | Val Acc: 0.9855
2026-09-09 07:21:24 [INFO] Epoch 039 | Train Loss: 0.1929 | Train Acc: 0.9699 | Val Loss: 0.0492 | Val Acc: 0.9856
2026-09-09 07:24:56 [INFO] Epoch 040 | Train Loss: 0.1939 | Train Acc: 0.9698 | Val Loss: 0.0491 | Val Acc: 0.9854
2026-09-09 07:28:27 [INFO] Epoch 041 | Train Loss: 0.1928 | Train Acc: 0.9705 | Val Loss: 0.0493 | Val Acc: 0.9855
2026-09-09 07:31:58 [INFO] Epoch 042 | Train Loss: 0.1935 | Train Acc: 0.9702 | Val Loss: 0.0489 | Val Acc: 0.9856
2026-09-09 07:35:30 [INFO] Epoch 043 | Train Loss: 0.1941 | Train Acc: 0.9698 | Val Loss: 0.0491 | Val Acc: 0.9855
2026-09-09 07:39:01 [INFO] Epoch 044 | Train Loss: 0.1944 | Train Acc: 0.9699 | Val Loss: 0.0490 | Val Acc: 0.9856
2026-09-09 07:42:32 [INFO] Epoch 045 | Train Loss: 0.1935 | Train Acc: 0.9698 | Val Loss: 0.0490 | Val Acc: 0.9858
2026-09-09 07:42:32 [INFO] ✓ Saved best model: Val Acc=0.9858 at epoch 45
2026-09-09 07:46:03 [INFO] Epoch 046 | Train Loss: 0.1924 | Train Acc: 0.9699 | Val Loss: 0.0488 | Val Acc: 0.9856
2026-09-09 07:49:35 [INFO] Epoch 047 | Train Loss: 0.1954 | Train Acc: 0.9697 | Val Loss: 0.0490 | Val Acc: 0.9857
2026-09-09 07:53:06 [INFO] Epoch 048 | Train Loss: 0.1942 | Train Acc: 0.9698 | Val Loss: 0.0490 | Val Acc: 0.9857
2026-09-09 07:56:38 [INFO] Epoch 049 | Train Loss: 0.1946 | Train Acc: 0.9697 | Val Loss: 0.0490 | Val Acc: 0.9857
2026-09-09 07:56:38 [INFO] Evaluating Best Model on TEST Set...
2026-09-09 07:56:38 [INFO] 
[RESUME] Đang nạp checkpoint từ: /home/biu-linux/DeepLearning_Projects/DoAnNganh/HybricMamba/Ressult/TFJ/HEAVY_HYBRIC_MAMBA/German_0.2_0.7)/HEAVY_HYBRIC_MAMBA_best.pth
2026-09-09 07:56:58 [INFO] 🎯 [TEST RESULT] Test Acc: 0.9862 | F1-Macro: 0.9872 | F1-Weighted: 0.9862
