2026-09-06 11:04:58 [INFO] Dataset: DCID | Số nhãn (classes): 2 | Tổng số ảnh: 0
2026-09-06 11:05:44 [INFO] Dataset: DCID | Số nhãn (classes): 2 | Tổng số ảnh: 0
2026-09-06 11:09:00 [INFO] Dataset: DCID | Số nhãn (classes): 35 | Tổng số ảnh: 35000
2026-09-06 11:09:00 [INFO] Dữ liệu đã chia -> Train (70%): 24500 | Val (15%): 5250 | Test (15%): 5250
2026-09-06 11:09:00 [INFO] 
🔍 Kiểm tra phân bố class trong batch:
2026-09-06 11:09:02 [INFO]   Batch 0: 27 classes (first 5: [0, 3, 4, 5, 6])
2026-09-06 11:09:02 [INFO]   Batch 1: 30 classes (first 5: [0, 1, 2, 3, 4])
2026-09-06 11:09:02 [INFO]   Batch 2: 28 classes (first 5: [0, 1, 3, 4, 6])
2026-09-06 11:09:02 [INFO]   Batch 3: 27 classes (first 5: [0, 1, 3, 5, 6])
2026-09-06 11:09:02 [INFO]   Batch 4: 31 classes (first 5: [0, 1, 2, 3, 4])
2026-09-06 11:09:02 [INFO] ✅ Shuffle tốt! Trung bình 28.6 classes/batch
2026-09-06 11:09:02 [INFO] ============================================================
2026-09-06 11:09:02 [INFO] Starting training: LIGHT_HYBRIC_MAMBA
2026-09-06 11:09:02 [INFO] Dataset: DCID | Path: /home/biu-linux/DeepLearning_Projects/DoAnNganh/data/DCID/DCID-512-35
2026-09-06 11:09:02 [INFO] Device: cuda
2026-09-06 11:09:02 [INFO] GPU: NVIDIA GeForce RTX 3050 Laptop GPU
2026-09-06 11:09:02 [INFO] ============================================================
2026-09-06 11:09:21 [INFO] Epoch 000 | Train Loss: 4.3596 | Train Acc: 0.2741 | Val Loss: 1.6453 | Val Acc: 0.6010
2026-09-06 11:09:21 [INFO] ✓ Saved best model: Val Acc=0.6010 at epoch 0
2026-09-06 11:09:34 [INFO] Epoch 001 | Train Loss: 2.6894 | Train Acc: 0.5129 | Val Loss: 0.9151 | Val Acc: 0.7484
2026-09-06 11:09:34 [INFO] ✓ Saved best model: Val Acc=0.7484 at epoch 1
2026-09-06 11:09:48 [INFO] Epoch 002 | Train Loss: 1.9482 | Train Acc: 0.6391 | Val Loss: 0.5687 | Val Acc: 0.8436
2026-09-06 11:09:48 [INFO] ✓ Saved best model: Val Acc=0.8436 at epoch 2
2026-09-06 11:10:03 [INFO] Epoch 003 | Train Loss: 1.4368 | Train Acc: 0.7466 | Val Loss: 0.3161 | Val Acc: 0.9090
2026-09-06 11:10:03 [INFO] ✓ Saved best model: Val Acc=0.9090 at epoch 3
2026-09-06 11:10:17 [INFO] Epoch 004 | Train Loss: 1.1451 | Train Acc: 0.7944 | Val Loss: 0.2549 | Val Acc: 0.9221
2026-09-06 11:10:17 [INFO] ✓ Saved best model: Val Acc=0.9221 at epoch 4
2026-09-06 11:10:31 [INFO] Epoch 005 | Train Loss: 0.9678 | Train Acc: 0.8261 | Val Loss: 0.2220 | Val Acc: 0.9352
2026-09-06 11:10:31 [INFO] ✓ Saved best model: Val Acc=0.9352 at epoch 5
2026-09-06 11:10:45 [INFO] Epoch 006 | Train Loss: 0.8514 | Train Acc: 0.8473 | Val Loss: 0.2783 | Val Acc: 0.9164
2026-09-06 11:10:59 [INFO] Epoch 007 | Train Loss: 0.7762 | Train Acc: 0.8583 | Val Loss: 0.1507 | Val Acc: 0.9518
2026-09-06 11:10:59 [INFO] ✓ Saved best model: Val Acc=0.9518 at epoch 7
2026-09-06 11:11:13 [INFO] Epoch 008 | Train Loss: 0.7165 | Train Acc: 0.8695 | Val Loss: 0.1374 | Val Acc: 0.9568
2026-09-06 11:11:13 [INFO] ✓ Saved best model: Val Acc=0.9568 at epoch 8
2026-09-06 11:11:28 [INFO] Epoch 009 | Train Loss: 0.6578 | Train Acc: 0.8820 | Val Loss: 0.1492 | Val Acc: 0.9516
2026-09-06 11:11:42 [INFO] Epoch 010 | Train Loss: 0.6107 | Train Acc: 0.8893 | Val Loss: 0.1175 | Val Acc: 0.9627
2026-09-06 11:11:42 [INFO] ✓ Saved best model: Val Acc=0.9627 at epoch 10
2026-09-06 11:11:56 [INFO] Epoch 011 | Train Loss: 0.5618 | Train Acc: 0.8995 | Val Loss: 0.1467 | Val Acc: 0.9524
2026-09-06 11:12:11 [INFO] Epoch 012 | Train Loss: 0.5362 | Train Acc: 0.9031 | Val Loss: 0.1135 | Val Acc: 0.9598
2026-09-06 11:12:25 [INFO] Epoch 013 | Train Loss: 0.5060 | Train Acc: 0.9082 | Val Loss: 0.1122 | Val Acc: 0.9617
2026-09-06 11:12:39 [INFO] Epoch 014 | Train Loss: 0.4800 | Train Acc: 0.9146 | Val Loss: 0.1186 | Val Acc: 0.9600
2026-09-06 11:12:55 [INFO] Epoch 015 | Train Loss: 0.4577 | Train Acc: 0.9173 | Val Loss: 0.0845 | Val Acc: 0.9726
2026-09-06 11:12:55 [INFO] ✓ Saved best model: Val Acc=0.9726 at epoch 15
2026-09-06 11:13:14 [INFO] Epoch 016 | Train Loss: 0.4186 | Train Acc: 0.9260 | Val Loss: 0.0891 | Val Acc: 0.9693
2026-09-06 11:13:28 [INFO] Epoch 017 | Train Loss: 0.4319 | Train Acc: 0.9211 | Val Loss: 0.1157 | Val Acc: 0.9621
2026-09-06 11:13:45 [INFO] Epoch 018 | Train Loss: 0.4118 | Train Acc: 0.9267 | Val Loss: 0.0872 | Val Acc: 0.9703
2026-09-06 11:14:00 [INFO] Epoch 019 | Train Loss: 0.3963 | Train Acc: 0.9302 | Val Loss: 0.0689 | Val Acc: 0.9768
2026-09-06 11:14:00 [INFO] ✓ Saved best model: Val Acc=0.9768 at epoch 19
2026-09-06 11:14:18 [INFO] Epoch 020 | Train Loss: 0.3675 | Train Acc: 0.9360 | Val Loss: 0.0843 | Val Acc: 0.9722
2026-09-06 11:14:36 [INFO] Epoch 021 | Train Loss: 0.3682 | Train Acc: 0.9340 | Val Loss: 0.0644 | Val Acc: 0.9796
2026-09-06 11:14:36 [INFO] ✓ Saved best model: Val Acc=0.9796 at epoch 21
2026-09-06 11:14:54 [INFO] Epoch 022 | Train Loss: 0.3475 | Train Acc: 0.9382 | Val Loss: 0.0755 | Val Acc: 0.9750
2026-09-06 11:15:12 [INFO] Epoch 023 | Train Loss: 0.3233 | Train Acc: 0.9437 | Val Loss: 0.0695 | Val Acc: 0.9764
2026-09-06 11:15:29 [INFO] Epoch 024 | Train Loss: 0.3221 | Train Acc: 0.9441 | Val Loss: 0.0628 | Val Acc: 0.9783
2026-09-06 11:15:44 [INFO] Epoch 025 | Train Loss: 0.3092 | Train Acc: 0.9472 | Val Loss: 0.0631 | Val Acc: 0.9796
2026-09-06 11:16:03 [INFO] Epoch 026 | Train Loss: 0.3040 | Train Acc: 0.9472 | Val Loss: 0.0581 | Val Acc: 0.9815
2026-09-06 11:16:03 [INFO] ✓ Saved best model: Val Acc=0.9815 at epoch 26
2026-09-06 11:16:21 [INFO] Epoch 027 | Train Loss: 0.2899 | Train Acc: 0.9507 | Val Loss: 0.0559 | Val Acc: 0.9815
2026-09-06 11:16:40 [INFO] Epoch 028 | Train Loss: 0.2857 | Train Acc: 0.9523 | Val Loss: 0.0590 | Val Acc: 0.9796
2026-09-06 11:16:57 [INFO] Epoch 029 | Train Loss: 0.2806 | Train Acc: 0.9521 | Val Loss: 0.0647 | Val Acc: 0.9771
2026-09-06 11:17:15 [INFO] Epoch 030 | Train Loss: 0.2716 | Train Acc: 0.9531 | Val Loss: 0.0543 | Val Acc: 0.9817
2026-09-06 11:17:15 [INFO] ✓ Saved best model: Val Acc=0.9817 at epoch 30
2026-09-06 11:17:30 [INFO] Epoch 031 | Train Loss: 0.2691 | Train Acc: 0.9540 | Val Loss: 0.0521 | Val Acc: 0.9829
2026-09-06 11:17:30 [INFO] ✓ Saved best model: Val Acc=0.9829 at epoch 31
2026-09-06 11:17:50 [INFO] Epoch 032 | Train Loss: 0.2540 | Train Acc: 0.9576 | Val Loss: 0.0505 | Val Acc: 0.9830
2026-09-06 11:17:50 [INFO] ✓ Saved best model: Val Acc=0.9830 at epoch 32
2026-09-06 11:18:06 [INFO] Epoch 033 | Train Loss: 0.2462 | Train Acc: 0.9578 | Val Loss: 0.0492 | Val Acc: 0.9827
2026-09-06 11:18:25 [INFO] Epoch 034 | Train Loss: 0.2371 | Train Acc: 0.9602 | Val Loss: 0.0473 | Val Acc: 0.9817
2026-09-06 11:18:43 [INFO] Epoch 035 | Train Loss: 0.2282 | Train Acc: 0.9639 | Val Loss: 0.0430 | Val Acc: 0.9863
2026-09-06 11:18:43 [INFO] ✓ Saved best model: Val Acc=0.9863 at epoch 35
2026-09-06 11:18:57 [INFO] Epoch 036 | Train Loss: 0.2319 | Train Acc: 0.9633 | Val Loss: 0.0397 | Val Acc: 0.9855
2026-09-06 11:19:17 [INFO] Epoch 037 | Train Loss: 0.2223 | Train Acc: 0.9641 | Val Loss: 0.0446 | Val Acc: 0.9848
2026-09-06 11:19:36 [INFO] Epoch 038 | Train Loss: 0.2255 | Train Acc: 0.9628 | Val Loss: 0.0424 | Val Acc: 0.9863
2026-09-06 11:19:53 [INFO] Epoch 039 | Train Loss: 0.2184 | Train Acc: 0.9653 | Val Loss: 0.0424 | Val Acc: 0.9861
2026-09-06 11:20:10 [INFO] Epoch 040 | Train Loss: 0.2103 | Train Acc: 0.9659 | Val Loss: 0.0399 | Val Acc: 0.9859
2026-09-06 11:20:28 [INFO] Epoch 041 | Train Loss: 0.2139 | Train Acc: 0.9657 | Val Loss: 0.0404 | Val Acc: 0.9867
2026-09-06 11:20:28 [INFO] ✓ Saved best model: Val Acc=0.9867 at epoch 41
2026-09-06 11:20:44 [INFO] Epoch 042 | Train Loss: 0.1987 | Train Acc: 0.9692 | Val Loss: 0.0385 | Val Acc: 0.9861
2026-09-06 11:21:03 [INFO] Epoch 043 | Train Loss: 0.2042 | Train Acc: 0.9661 | Val Loss: 0.0414 | Val Acc: 0.9851
2026-09-06 11:21:21 [INFO] Epoch 044 | Train Loss: 0.1969 | Train Acc: 0.9700 | Val Loss: 0.0393 | Val Acc: 0.9859
2026-09-06 11:21:38 [INFO] Epoch 045 | Train Loss: 0.2031 | Train Acc: 0.9677 | Val Loss: 0.0381 | Val Acc: 0.9859
2026-09-06 11:21:55 [INFO] Epoch 046 | Train Loss: 0.1940 | Train Acc: 0.9696 | Val Loss: 0.0366 | Val Acc: 0.9872
2026-09-06 11:21:55 [INFO] ✓ Saved best model: Val Acc=0.9872 at epoch 46
2026-09-06 11:22:12 [INFO] Epoch 047 | Train Loss: 0.1952 | Train Acc: 0.9692 | Val Loss: 0.0371 | Val Acc: 0.9874
2026-09-06 11:22:13 [INFO] ✓ Saved best model: Val Acc=0.9874 at epoch 47
2026-09-06 11:22:28 [INFO] Epoch 048 | Train Loss: 0.2003 | Train Acc: 0.9690 | Val Loss: 0.0379 | Val Acc: 0.9855
2026-09-06 11:22:46 [INFO] Epoch 049 | Train Loss: 0.1989 | Train Acc: 0.9697 | Val Loss: 0.0382 | Val Acc: 0.9872
2026-09-06 11:23:04 [INFO] Epoch 050 | Train Loss: 0.1974 | Train Acc: 0.9689 | Val Loss: 0.0373 | Val Acc: 0.9876
2026-09-06 11:23:04 [INFO] ✓ Saved best model: Val Acc=0.9876 at epoch 50
2026-09-06 11:23:21 [INFO] Epoch 051 | Train Loss: 0.1912 | Train Acc: 0.9698 | Val Loss: 0.0371 | Val Acc: 0.9876
2026-09-06 11:24:28 [INFO] Dataset: DCID | Số nhãn (classes): 35 | Tổng số ảnh: 35000
2026-09-06 11:24:28 [INFO] Dữ liệu đã chia -> Train (70%): 24500 | Val (15%): 5250 | Test (15%): 5250
2026-09-06 11:24:28 [INFO] 
🔍 Kiểm tra phân bố class trong batch:
2026-09-06 11:24:30 [INFO]   Batch 0: 30 classes (first 5: [1, 2, 3, 4, 5])
2026-09-06 11:24:30 [INFO]   Batch 1: 28 classes (first 5: [3, 4, 5, 6, 8])
2026-09-06 11:24:30 [INFO]   Batch 2: 29 classes (first 5: [0, 1, 2, 3, 4])
2026-09-06 11:24:30 [INFO]   Batch 3: 25 classes (first 5: [2, 3, 4, 6, 7])
2026-09-06 11:24:30 [INFO]   Batch 4: 29 classes (first 5: [0, 1, 2, 4, 5])
2026-09-06 11:24:31 [INFO] ✅ Shuffle tốt! Trung bình 28.2 classes/batch
2026-09-06 11:24:31 [INFO] ============================================================
2026-09-06 11:24:31 [INFO] Starting training: LIGHT_HYBRIC_MAMBA
2026-09-06 11:24:31 [INFO] Dataset: DCID | Path: /home/biu-linux/DeepLearning_Projects/DoAnNganh/data/DCID/DCID-512-35
2026-09-06 11:24:31 [INFO] Device: cuda
2026-09-06 11:24:31 [INFO] GPU: NVIDIA GeForce RTX 3050 Laptop GPU
2026-09-06 11:24:31 [INFO] ============================================================
2026-09-06 11:24:31 [INFO] 
[RESUME] Đang nạp checkpoint từ: /home/biu-linux/DeepLearning_Projects/DoAnNganh/HybricMamba/Ressult/TFJ/LIGHT_HYBRIC_MAMBA/DCID/LIGHT_HYBRIC_MAMBA_best.pth
2026-09-06 11:24:31 [INFO] Evaluating Best Model on TEST Set...
2026-09-06 11:24:31 [INFO] 
[RESUME] Đang nạp checkpoint từ: /home/biu-linux/DeepLearning_Projects/DoAnNganh/HybricMamba/Ressult/TFJ/LIGHT_HYBRIC_MAMBA/DCID/LIGHT_HYBRIC_MAMBA_best.pth
2026-09-06 11:24:33 [INFO] 🎯 [TEST RESULT] Test Acc: 0.9924 | F1-Macro: 0.9924 | F1-Weighted: 0.9924
2026-09-06 11:25:39 [INFO] Dataset: DCID | Số nhãn (classes): 35 | Tổng số ảnh: 35000
2026-09-06 11:25:39 [INFO] Dữ liệu đã chia -> Train (70%): 24500 | Val (15%): 5250 | Test (15%): 5250
2026-09-06 11:25:39 [INFO] 
🔍 Kiểm tra phân bố class trong batch:
2026-09-06 11:25:41 [INFO]   Batch 0: 21 classes (first 5: [1, 4, 6, 7, 8])
2026-09-06 11:25:41 [INFO]   Batch 1: 21 classes (first 5: [1, 2, 3, 4, 5])
2026-09-06 11:25:41 [INFO]   Batch 2: 20 classes (first 5: [1, 5, 6, 7, 8])
2026-09-06 11:25:41 [INFO]   Batch 3: 22 classes (first 5: [0, 4, 5, 6, 7])
2026-09-06 11:25:41 [INFO]   Batch 4: 19 classes (first 5: [5, 6, 7, 8, 9])
2026-09-06 11:25:41 [INFO] ✅ Shuffle tốt! Trung bình 20.6 classes/batch
2026-09-06 11:25:41 [INFO] ============================================================
2026-09-06 11:25:41 [INFO] Starting training: LIGHT_HYBRIC_MAMBA
2026-09-06 11:25:41 [INFO] Dataset: DCID | Path: /home/biu-linux/DeepLearning_Projects/DoAnNganh/data/DCID/DCID-512-35
2026-09-06 11:25:41 [INFO] Device: cuda
2026-09-06 11:25:41 [INFO] GPU: NVIDIA GeForce RTX 3050 Laptop GPU
2026-09-06 11:25:41 [INFO] ============================================================
2026-09-06 11:25:41 [INFO] 
[RESUME] Đang nạp checkpoint từ: /home/biu-linux/DeepLearning_Projects/DoAnNganh/HybricMamba/Ressult/TFJ/LIGHT_HYBRIC_MAMBA/DCID/LIGHT_HYBRIC_MAMBA_best.pth
2026-09-06 11:25:41 [INFO] Evaluating Best Model on TEST Set...
2026-09-06 11:25:41 [INFO] 
[RESUME] Đang nạp checkpoint từ: /home/biu-linux/DeepLearning_Projects/DoAnNganh/HybricMamba/Ressult/TFJ/LIGHT_HYBRIC_MAMBA/DCID/LIGHT_HYBRIC_MAMBA_best.pth
2026-09-06 11:25:44 [INFO] 🎯 [TEST RESULT] Test Acc: 0.9903 | F1-Macro: 0.9903 | F1-Weighted: 0.9903
2026-09-06 11:28:19 [INFO] Dataset: DCID | Số nhãn (classes): 35 | Tổng số ảnh: 35000
2026-09-06 11:28:19 [INFO] Dữ liệu đã chia -> Train (70%): 24500 | Val (15%): 5250 | Test (15%): 5250
2026-09-06 11:28:19 [INFO] 
🔍 Kiểm tra phân bố class trong batch:
2026-09-06 11:28:20 [INFO]   Batch 0: 26 classes (first 5: [3, 4, 5, 7, 8])
2026-09-06 11:28:20 [INFO]   Batch 1: 24 classes (first 5: [0, 2, 3, 5, 6])
2026-09-06 11:28:20 [INFO]   Batch 2: 27 classes (first 5: [0, 2, 3, 4, 6])
2026-09-06 11:28:20 [INFO]   Batch 3: 29 classes (first 5: [0, 1, 2, 6, 7])
2026-09-06 11:28:20 [INFO]   Batch 4: 24 classes (first 5: [0, 1, 3, 4, 5])
2026-09-06 11:28:20 [INFO] ✅ Shuffle tốt! Trung bình 26.0 classes/batch
2026-09-06 11:28:20 [INFO] ============================================================
2026-09-06 11:28:20 [INFO] Starting training: LIGHT_HYBRIC_MAMBA
2026-09-06 11:28:20 [INFO] Dataset: DCID | Path: /home/biu-linux/DeepLearning_Projects/DoAnNganh/data/DCID/DCID-512-35
2026-09-06 11:28:20 [INFO] Device: cuda
2026-09-06 11:28:20 [INFO] GPU: NVIDIA GeForce RTX 3050 Laptop GPU
2026-09-06 11:28:20 [INFO] ============================================================
2026-09-06 11:28:20 [INFO] 
[RESUME] Đang nạp checkpoint từ: /home/biu-linux/DeepLearning_Projects/DoAnNganh/HybricMamba/Ressult/TFJ/LIGHT_HYBRIC_MAMBA/DCID/LIGHT_HYBRIC_MAMBA_best.pth
2026-09-06 11:28:20 [INFO] Evaluating Best Model on TEST Set...
2026-09-06 11:28:20 [INFO] 
[RESUME] Đang nạp checkpoint từ: /home/biu-linux/DeepLearning_Projects/DoAnNganh/HybricMamba/Ressult/TFJ/LIGHT_HYBRIC_MAMBA/DCID/LIGHT_HYBRIC_MAMBA_best.pth
2026-09-06 11:28:23 [INFO] 🎯 [TEST RESULT] Test Acc: 0.9914 | F1-Macro: 0.9914 | F1-Weighted: 0.9914
