2026-09-09 12:47:08 [INFO] Dataset: Belgium_ar_new | Số nhãn (classes): 62 | Tổng số ảnh: 99330
2026-09-09 12:47:08 [INFO] Dữ liệu đã chia -> Train (70%): 64564 | Val (15%): 17383 | Test (15%): 17383
2026-09-09 12:47:08 [INFO] 
🔍 Kiểm tra phân bố class trong batch:
2026-09-09 12:47:08 [INFO]   Batch 0: 29 classes (first 5: [1, 3, 7, 8, 12])
2026-09-09 12:47:08 [INFO]   Batch 1: 24 classes (first 5: [4, 7, 10, 13, 17])
2026-09-09 12:47:08 [INFO]   Batch 2: 26 classes (first 5: [0, 1, 12, 13, 17])
2026-09-09 12:47:08 [INFO]   Batch 3: 27 classes (first 5: [0, 7, 9, 17, 18])
2026-09-09 12:47:08 [INFO]   Batch 4: 34 classes (first 5: [1, 4, 7, 8, 14])
2026-09-09 12:47:08 [INFO] ✅ Shuffle tốt! Trung bình 28.0 classes/batch
2026-09-09 12:47:09 [INFO] ============================================================
2026-09-09 12:47:09 [INFO] Starting training: MEDIUM_HYBRIC_MAMBA
2026-09-09 12:47:09 [INFO] Dataset: Belgium_ar_new | Path: /home/biu-linux/DeepLearning_Projects/DoAnNganh/data/Belgium_ar
2026-09-09 12:47:09 [INFO] Device: cuda
2026-09-09 12:47:09 [INFO] GPU: NVIDIA GeForce RTX 3050 Laptop GPU
2026-09-09 12:47:09 [INFO] ============================================================
2026-09-09 13:26:39 [INFO] Dataset: Belgium_ar_new | Số nhãn (classes): 62 | Tổng số ảnh: 99330
2026-09-09 13:26:39 [INFO] Dữ liệu đã chia -> Train (70%): 64564 | Val (15%): 17383 | Test (15%): 17383
2026-09-09 13:26:39 [INFO] 
🔍 Kiểm tra phân bố class trong batch:
2026-09-09 13:26:41 [INFO]   Batch 0: 30 classes (first 5: [1, 2, 6, 10, 14])
2026-09-09 13:26:41 [INFO]   Batch 1: 28 classes (first 5: [1, 7, 8, 12, 13])
2026-09-09 13:26:41 [INFO]   Batch 2: 27 classes (first 5: [1, 2, 7, 10, 13])
2026-09-09 13:26:41 [INFO]   Batch 3: 26 classes (first 5: [0, 1, 4, 13, 17])
2026-09-09 13:26:41 [INFO]   Batch 4: 27 classes (first 5: [1, 17, 18, 19, 21])
2026-09-09 13:26:41 [INFO] ✅ Shuffle tốt! Trung bình 27.6 classes/batch
2026-09-09 13:26:41 [INFO] ============================================================
2026-09-09 13:26:41 [INFO] Starting training: MEDIUM_HYBRIC_MAMBA
2026-09-09 13:26:41 [INFO] Dataset: Belgium_ar_new | Path: /home/biu-linux/DeepLearning_Projects/DoAnNganh/data/Belgium_ar
2026-09-09 13:26:41 [INFO] Device: cuda
2026-09-09 13:26:41 [INFO] GPU: NVIDIA GeForce RTX 3050 Laptop GPU
2026-09-09 13:26:41 [INFO] ============================================================
2026-09-09 13:27:13 [INFO] Epoch 000 | Train Loss: 4.6906 | Train Acc: 0.2653 | Val Loss: 1.9537 | Val Acc: 0.4491
2026-09-09 13:27:13 [INFO] ✓ Saved best model: Val Acc=0.4491 at epoch 0
2026-09-09 13:27:43 [INFO] Epoch 001 | Train Loss: 3.2471 | Train Acc: 0.4850 | Val Loss: 1.2246 | Val Acc: 0.6233
2026-09-09 13:27:43 [INFO] ✓ Saved best model: Val Acc=0.6233 at epoch 1
2026-09-09 13:28:13 [INFO] Epoch 002 | Train Loss: 2.5415 | Train Acc: 0.5975 | Val Loss: 0.8842 | Val Acc: 0.7373
2026-09-09 13:28:13 [INFO] ✓ Saved best model: Val Acc=0.7373 at epoch 2
2026-09-09 13:28:46 [INFO] Epoch 003 | Train Loss: 2.0086 | Train Acc: 0.6768 | Val Loss: 0.6557 | Val Acc: 0.7960
2026-09-09 13:28:46 [INFO] ✓ Saved best model: Val Acc=0.7960 at epoch 3
2026-09-09 13:29:16 [INFO] Epoch 004 | Train Loss: 1.6816 | Train Acc: 0.7229 | Val Loss: 0.5798 | Val Acc: 0.8212
2026-09-09 13:29:16 [INFO] ✓ Saved best model: Val Acc=0.8212 at epoch 4
2026-09-09 13:29:47 [INFO] Epoch 005 | Train Loss: 1.4384 | Train Acc: 0.7614 | Val Loss: 0.5100 | Val Acc: 0.8444
2026-09-09 13:29:47 [INFO] ✓ Saved best model: Val Acc=0.8444 at epoch 5
2026-09-09 13:30:30 [INFO] Epoch 006 | Train Loss: 1.2936 | Train Acc: 0.7855 | Val Loss: 0.4590 | Val Acc: 0.8573
2026-09-09 13:30:30 [INFO] ✓ Saved best model: Val Acc=0.8573 at epoch 6
2026-09-09 13:31:01 [INFO] Epoch 007 | Train Loss: 1.1796 | Train Acc: 0.8047 | Val Loss: 0.4018 | Val Acc: 0.8807
2026-09-09 13:31:01 [INFO] ✓ Saved best model: Val Acc=0.8807 at epoch 7
2026-09-09 13:31:36 [INFO] Epoch 008 | Train Loss: 1.1022 | Train Acc: 0.8162 | Val Loss: 0.3856 | Val Acc: 0.8802
2026-09-09 13:32:21 [INFO] Epoch 009 | Train Loss: 1.0485 | Train Acc: 0.8252 | Val Loss: 0.3782 | Val Acc: 0.8812
2026-09-09 13:32:21 [INFO] ✓ Saved best model: Val Acc=0.8812 at epoch 9
2026-09-09 13:33:05 [INFO] Epoch 010 | Train Loss: 1.0057 | Train Acc: 0.8324 | Val Loss: 0.3532 | Val Acc: 0.8914
2026-09-09 13:33:05 [INFO] ✓ Saved best model: Val Acc=0.8914 at epoch 10
2026-09-09 13:33:50 [INFO] Epoch 011 | Train Loss: 0.9585 | Train Acc: 0.8391 | Val Loss: 0.3183 | Val Acc: 0.9008
2026-09-09 13:33:50 [INFO] ✓ Saved best model: Val Acc=0.9008 at epoch 11
2026-09-09 13:34:36 [INFO] Epoch 012 | Train Loss: 0.9203 | Train Acc: 0.8452 | Val Loss: 0.3073 | Val Acc: 0.9070
2026-09-09 13:34:36 [INFO] ✓ Saved best model: Val Acc=0.9070 at epoch 12
2026-09-09 13:35:17 [INFO] Epoch 013 | Train Loss: 0.8920 | Train Acc: 0.8511 | Val Loss: 0.3017 | Val Acc: 0.9059
2026-09-09 13:35:52 [INFO] Epoch 014 | Train Loss: 0.8656 | Train Acc: 0.8555 | Val Loss: 0.3529 | Val Acc: 0.8937
2026-09-09 13:36:23 [INFO] Epoch 015 | Train Loss: 0.8467 | Train Acc: 0.8574 | Val Loss: 0.2906 | Val Acc: 0.9096
2026-09-09 13:36:23 [INFO] ✓ Saved best model: Val Acc=0.9096 at epoch 15
2026-09-09 13:36:54 [INFO] Epoch 016 | Train Loss: 0.8233 | Train Acc: 0.8613 | Val Loss: 0.2746 | Val Acc: 0.9162
2026-09-09 13:36:54 [INFO] ✓ Saved best model: Val Acc=0.9162 at epoch 16
2026-09-09 13:37:24 [INFO] Epoch 017 | Train Loss: 0.8097 | Train Acc: 0.8649 | Val Loss: 0.2769 | Val Acc: 0.9171
2026-09-09 13:37:24 [INFO] ✓ Saved best model: Val Acc=0.9171 at epoch 17
2026-09-09 13:37:55 [INFO] Epoch 018 | Train Loss: 0.7919 | Train Acc: 0.8681 | Val Loss: 0.2787 | Val Acc: 0.9167
2026-09-09 13:38:25 [INFO] Epoch 019 | Train Loss: 0.7748 | Train Acc: 0.8698 | Val Loss: 0.2697 | Val Acc: 0.9166
2026-09-09 13:38:55 [INFO] Epoch 020 | Train Loss: 0.6631 | Train Acc: 0.8898 | Val Loss: 0.2226 | Val Acc: 0.9319
2026-09-09 13:38:55 [INFO] ✓ Saved best model: Val Acc=0.9319 at epoch 20
2026-09-09 13:39:27 [INFO] Epoch 021 | Train Loss: 0.6369 | Train Acc: 0.8941 | Val Loss: 0.2182 | Val Acc: 0.9328
2026-09-09 13:39:27 [INFO] ✓ Saved best model: Val Acc=0.9328 at epoch 21
2026-09-09 13:40:01 [INFO] Epoch 022 | Train Loss: 0.6245 | Train Acc: 0.8969 | Val Loss: 0.2149 | Val Acc: 0.9340
2026-09-09 13:40:01 [INFO] ✓ Saved best model: Val Acc=0.9340 at epoch 22
2026-09-09 13:40:35 [INFO] Epoch 023 | Train Loss: 0.6207 | Train Acc: 0.8975 | Val Loss: 0.2118 | Val Acc: 0.9357
2026-09-09 13:40:35 [INFO] ✓ Saved best model: Val Acc=0.9357 at epoch 23
2026-09-09 13:41:08 [INFO] Epoch 024 | Train Loss: 0.6086 | Train Acc: 0.8987 | Val Loss: 0.2099 | Val Acc: 0.9349
2026-09-09 13:41:42 [INFO] Epoch 025 | Train Loss: 0.6052 | Train Acc: 0.8990 | Val Loss: 0.2071 | Val Acc: 0.9364
2026-09-09 13:41:42 [INFO] ✓ Saved best model: Val Acc=0.9364 at epoch 25
2026-09-09 13:42:18 [INFO] Epoch 026 | Train Loss: 0.6000 | Train Acc: 0.9012 | Val Loss: 0.2100 | Val Acc: 0.9354
2026-09-09 13:42:54 [INFO] Epoch 027 | Train Loss: 0.5961 | Train Acc: 0.9017 | Val Loss: 0.2062 | Val Acc: 0.9360
2026-09-09 13:43:29 [INFO] Epoch 028 | Train Loss: 0.5916 | Train Acc: 0.9039 | Val Loss: 0.2070 | Val Acc: 0.9366
2026-09-09 13:43:29 [INFO] ✓ Saved best model: Val Acc=0.9366 at epoch 28
2026-09-09 13:44:03 [INFO] Epoch 029 | Train Loss: 0.5898 | Train Acc: 0.9028 | Val Loss: 0.2029 | Val Acc: 0.9376
2026-09-09 13:44:03 [INFO] ✓ Saved best model: Val Acc=0.9376 at epoch 29
2026-09-09 13:44:38 [INFO] Epoch 030 | Train Loss: 0.5757 | Train Acc: 0.9055 | Val Loss: 0.1996 | Val Acc: 0.9382
2026-09-09 13:44:38 [INFO] ✓ Saved best model: Val Acc=0.9382 at epoch 30
2026-09-09 13:45:13 [INFO] Epoch 031 | Train Loss: 0.5746 | Train Acc: 0.9055 | Val Loss: 0.1990 | Val Acc: 0.9395
2026-09-09 13:45:13 [INFO] ✓ Saved best model: Val Acc=0.9395 at epoch 31
2026-09-09 13:45:48 [INFO] Epoch 032 | Train Loss: 0.5742 | Train Acc: 0.9058 | Val Loss: 0.1992 | Val Acc: 0.9380
2026-09-09 13:46:23 [INFO] Epoch 033 | Train Loss: 0.5660 | Train Acc: 0.9078 | Val Loss: 0.1983 | Val Acc: 0.9389
2026-09-09 13:46:57 [INFO] Epoch 034 | Train Loss: 0.5692 | Train Acc: 0.9067 | Val Loss: 0.1983 | Val Acc: 0.9384
2026-09-09 13:47:33 [INFO] Epoch 035 | Train Loss: 0.5724 | Train Acc: 0.9053 | Val Loss: 0.1990 | Val Acc: 0.9387
2026-09-09 13:48:08 [INFO] Epoch 036 | Train Loss: 0.5688 | Train Acc: 0.9062 | Val Loss: 0.1989 | Val Acc: 0.9392
2026-09-09 13:48:43 [INFO] Epoch 037 | Train Loss: 0.5712 | Train Acc: 0.9070 | Val Loss: 0.1984 | Val Acc: 0.9383
2026-09-09 13:49:18 [INFO] Epoch 038 | Train Loss: 0.5695 | Train Acc: 0.9071 | Val Loss: 0.1983 | Val Acc: 0.9388
2026-09-09 13:49:55 [INFO] Epoch 039 | Train Loss: 0.5692 | Train Acc: 0.9071 | Val Loss: 0.1975 | Val Acc: 0.9391
2026-09-09 13:50:29 [INFO] Epoch 040 | Train Loss: 0.5635 | Train Acc: 0.9082 | Val Loss: 0.1974 | Val Acc: 0.9383
2026-09-09 13:51:02 [INFO] Epoch 041 | Train Loss: 0.5669 | Train Acc: 0.9073 | Val Loss: 0.1984 | Val Acc: 0.9382
2026-09-09 13:51:02 [INFO] ⏹ Early stopping tại epoch 41 (không cải thiện sau 10 epoch, best=0.9395)
2026-09-09 13:51:02 [INFO] Evaluating Best Model on TEST Set...
2026-09-09 13:51:02 [INFO] 
[RESUME] Đang nạp checkpoint từ: /home/biu-linux/DeepLearning_Projects/DoAnNganh/HybricMamba/Ressult/TFJ/MEDIUM_HYBRIC_MAMBA/Belgium_ar_new/MEDIUM_HYBRIC_MAMBA_best.pth
2026-09-09 13:51:05 [INFO] 🎯 [TEST RESULT] Test Acc: 0.9389 | F1-Macro: 0.9122 | F1-Weighted: 0.9388
