2026-08-25 01:39:27 [INFO] Dataset: German_51k | Số nhãn (classes): 43 | Tổng số ảnh: 51839
2026-08-25 01:39:28 [INFO] Dữ liệu đã chia -> Train (70%): 36287 | Val (15%): 7776 | Test (15%): 7776
2026-08-25 01:39:28 [INFO] 
🔍 Kiểm tra phân bố class trong batch:
2026-08-25 01:39:30 [INFO]   Batch 0: 31 classes (first 5: [0, 1, 2, 3, 4])
2026-08-25 01:39:30 [INFO]   Batch 1: 27 classes (first 5: [1, 2, 3, 4, 5])
2026-08-25 01:39:30 [INFO]   Batch 2: 31 classes (first 5: [1, 2, 4, 5, 6])
2026-08-25 01:39:30 [INFO]   Batch 3: 29 classes (first 5: [1, 2, 3, 4, 5])
2026-08-25 01:39:30 [INFO]   Batch 4: 31 classes (first 5: [0, 1, 2, 3, 4])
2026-08-25 01:39:30 [INFO] ✅ Shuffle tốt! Trung bình 29.8 classes/batch
2026-08-25 01:39:30 [INFO] ============================================================
2026-08-25 01:39:30 [INFO] Starting training: HEAVY_HYBRIC_MAMBA
2026-08-25 01:39:30 [INFO] Dataset: German_51k | Path: /home/biu-linux/DeepLearning_Projects/DoAnNganh/data/German_51k
2026-08-25 01:39:30 [INFO] Device: cuda
2026-08-25 01:39:30 [INFO] GPU: NVIDIA GeForce RTX 3050 Laptop GPU
2026-08-25 01:39:30 [INFO] ============================================================
2026-08-25 01:40:07 [INFO] Epoch 000 | Train Loss: 3.1831 | Train Acc: 0.4537 | Val Loss: 0.5413 | Val Acc: 0.8344
2026-08-25 01:40:07 [INFO] ✓ Saved best model: Val Acc=0.8344 at epoch 0
2026-08-25 01:40:39 [INFO] Epoch 001 | Train Loss: 0.9503 | Train Acc: 0.8567 | Val Loss: 0.1022 | Val Acc: 0.9667
2026-08-25 01:40:39 [INFO] ✓ Saved best model: Val Acc=0.9667 at epoch 1
2026-08-25 01:41:11 [INFO] Epoch 002 | Train Loss: 0.4454 | Train Acc: 0.9306 | Val Loss: 0.0445 | Val Acc: 0.9871
2026-08-25 01:41:11 [INFO] ✓ Saved best model: Val Acc=0.9871 at epoch 2
2026-08-25 01:41:42 [INFO] Epoch 003 | Train Loss: 0.3035 | Train Acc: 0.9523 | Val Loss: 0.0539 | Val Acc: 0.9826
2026-08-25 01:42:14 [INFO] Epoch 004 | Train Loss: 0.2411 | Train Acc: 0.9604 | Val Loss: 0.0401 | Val Acc: 0.9866
2026-08-25 01:42:46 [INFO] Epoch 005 | Train Loss: 0.2012 | Train Acc: 0.9679 | Val Loss: 0.0192 | Val Acc: 0.9946
2026-08-25 01:42:46 [INFO] ✓ Saved best model: Val Acc=0.9946 at epoch 5
2026-08-25 01:43:18 [INFO] Epoch 006 | Train Loss: 0.1724 | Train Acc: 0.9722 | Val Loss: 0.0242 | Val Acc: 0.9922
2026-08-25 01:43:50 [INFO] Epoch 007 | Train Loss: 0.1649 | Train Acc: 0.9734 | Val Loss: 0.0182 | Val Acc: 0.9943
2026-08-25 01:44:22 [INFO] Epoch 008 | Train Loss: 0.1508 | Train Acc: 0.9764 | Val Loss: 0.0170 | Val Acc: 0.9950
2026-08-25 01:44:22 [INFO] ✓ Saved best model: Val Acc=0.9950 at epoch 8
2026-08-25 01:44:54 [INFO] Epoch 009 | Train Loss: 0.1382 | Train Acc: 0.9770 | Val Loss: 0.0175 | Val Acc: 0.9942
2026-08-25 01:45:26 [INFO] Epoch 010 | Train Loss: 0.1286 | Train Acc: 0.9790 | Val Loss: 0.0171 | Val Acc: 0.9940
2026-08-25 01:45:58 [INFO] Epoch 011 | Train Loss: 0.1322 | Train Acc: 0.9780 | Val Loss: 0.0209 | Val Acc: 0.9929
2026-08-25 01:46:30 [INFO] Epoch 012 | Train Loss: 0.1168 | Train Acc: 0.9816 | Val Loss: 0.0183 | Val Acc: 0.9949
2026-08-25 01:47:01 [INFO] Epoch 013 | Train Loss: 0.1174 | Train Acc: 0.9806 | Val Loss: 0.0115 | Val Acc: 0.9969
2026-08-25 01:47:01 [INFO] ✓ Saved best model: Val Acc=0.9969 at epoch 13
2026-08-25 01:47:33 [INFO] Epoch 014 | Train Loss: 0.1047 | Train Acc: 0.9829 | Val Loss: 0.0152 | Val Acc: 0.9955
2026-08-25 01:48:05 [INFO] Epoch 015 | Train Loss: 0.1037 | Train Acc: 0.9824 | Val Loss: 0.0131 | Val Acc: 0.9958
2026-08-25 01:48:37 [INFO] Epoch 016 | Train Loss: 0.1032 | Train Acc: 0.9832 | Val Loss: 0.0178 | Val Acc: 0.9952
2026-08-25 01:49:09 [INFO] Epoch 017 | Train Loss: 0.1007 | Train Acc: 0.9833 | Val Loss: 0.0122 | Val Acc: 0.9956
2026-08-25 01:49:41 [INFO] Epoch 018 | Train Loss: 0.1018 | Train Acc: 0.9825 | Val Loss: 0.0130 | Val Acc: 0.9960
2026-08-25 01:50:13 [INFO] Epoch 019 | Train Loss: 0.0881 | Train Acc: 0.9853 | Val Loss: 0.0111 | Val Acc: 0.9965
2026-08-25 01:50:45 [INFO] Epoch 020 | Train Loss: 0.0822 | Train Acc: 0.9853 | Val Loss: 0.0119 | Val Acc: 0.9965
2026-08-25 01:51:17 [INFO] Epoch 021 | Train Loss: 0.0929 | Train Acc: 0.9840 | Val Loss: 0.0133 | Val Acc: 0.9960
2026-08-25 01:51:49 [INFO] Epoch 022 | Train Loss: 0.0865 | Train Acc: 0.9858 | Val Loss: 0.0135 | Val Acc: 0.9960
2026-08-25 01:52:21 [INFO] Epoch 023 | Train Loss: 0.0785 | Train Acc: 0.9869 | Val Loss: 0.0393 | Val Acc: 0.9870
2026-08-25 01:52:53 [INFO] Epoch 024 | Train Loss: 0.0839 | Train Acc: 0.9861 | Val Loss: 0.0076 | Val Acc: 0.9973
2026-08-25 01:52:53 [INFO] ✓ Saved best model: Val Acc=0.9973 at epoch 24
2026-08-25 01:53:24 [INFO] Epoch 025 | Train Loss: 0.0774 | Train Acc: 0.9863 | Val Loss: 0.0101 | Val Acc: 0.9970
2026-08-25 01:53:55 [INFO] Epoch 026 | Train Loss: 0.0778 | Train Acc: 0.9875 | Val Loss: 0.0071 | Val Acc: 0.9982
2026-08-25 01:53:55 [INFO] ✓ Saved best model: Val Acc=0.9982 at epoch 26
2026-08-25 01:54:27 [INFO] Epoch 027 | Train Loss: 0.0786 | Train Acc: 0.9870 | Val Loss: 0.0093 | Val Acc: 0.9970
2026-08-25 01:54:58 [INFO] Epoch 028 | Train Loss: 0.0742 | Train Acc: 0.9877 | Val Loss: 0.0076 | Val Acc: 0.9977
2026-08-25 01:55:28 [INFO] Epoch 029 | Train Loss: 0.0703 | Train Acc: 0.9882 | Val Loss: 0.0111 | Val Acc: 0.9968
2026-08-25 01:55:59 [INFO] Epoch 030 | Train Loss: 0.0744 | Train Acc: 0.9876 | Val Loss: 0.0137 | Val Acc: 0.9963
2026-08-25 01:56:30 [INFO] Epoch 031 | Train Loss: 0.0699 | Train Acc: 0.9874 | Val Loss: 0.0083 | Val Acc: 0.9981
2026-08-25 01:57:01 [INFO] Epoch 032 | Train Loss: 0.0645 | Train Acc: 0.9890 | Val Loss: 0.0100 | Val Acc: 0.9974
2026-08-25 01:57:33 [INFO] Epoch 033 | Train Loss: 0.0676 | Train Acc: 0.9881 | Val Loss: 0.0107 | Val Acc: 0.9973
2026-08-25 01:58:04 [INFO] Epoch 034 | Train Loss: 0.0637 | Train Acc: 0.9891 | Val Loss: 0.0085 | Val Acc: 0.9974
2026-08-25 01:58:35 [INFO] Epoch 035 | Train Loss: 0.0630 | Train Acc: 0.9885 | Val Loss: 0.0090 | Val Acc: 0.9976
2026-08-25 01:59:06 [INFO] Epoch 036 | Train Loss: 0.0681 | Train Acc: 0.9889 | Val Loss: 0.0129 | Val Acc: 0.9959
2026-08-25 01:59:37 [INFO] Epoch 037 | Train Loss: 0.0592 | Train Acc: 0.9900 | Val Loss: 0.0105 | Val Acc: 0.9968
2026-08-25 02:00:08 [INFO] Epoch 038 | Train Loss: 0.0586 | Train Acc: 0.9899 | Val Loss: 0.0092 | Val Acc: 0.9978
2026-08-25 02:00:40 [INFO] Epoch 039 | Train Loss: 0.0590 | Train Acc: 0.9900 | Val Loss: 0.0070 | Val Acc: 0.9983
2026-08-25 02:00:40 [INFO] ✓ Saved best model: Val Acc=0.9983 at epoch 39
2026-08-25 02:01:11 [INFO] Epoch 040 | Train Loss: 0.0397 | Train Acc: 0.9931 | Val Loss: 0.0050 | Val Acc: 0.9985
2026-08-25 02:01:11 [INFO] ✓ Saved best model: Val Acc=0.9985 at epoch 40
2026-08-25 02:01:41 [INFO] Epoch 041 | Train Loss: 0.0350 | Train Acc: 0.9944 | Val Loss: 0.0049 | Val Acc: 0.9985
2026-08-25 02:02:12 [INFO] Epoch 042 | Train Loss: 0.0352 | Train Acc: 0.9942 | Val Loss: 0.0044 | Val Acc: 0.9987
2026-08-25 02:02:12 [INFO] ✓ Saved best model: Val Acc=0.9987 at epoch 42
2026-08-25 02:02:43 [INFO] Epoch 043 | Train Loss: 0.0307 | Train Acc: 0.9949 | Val Loss: 0.0046 | Val Acc: 0.9986
2026-08-25 02:03:15 [INFO] Epoch 044 | Train Loss: 0.0296 | Train Acc: 0.9956 | Val Loss: 0.0041 | Val Acc: 0.9987
2026-08-25 02:03:46 [INFO] Epoch 045 | Train Loss: 0.0279 | Train Acc: 0.9955 | Val Loss: 0.0040 | Val Acc: 0.9990
2026-08-25 02:03:46 [INFO] ✓ Saved best model: Val Acc=0.9990 at epoch 45
2026-08-25 02:04:17 [INFO] Epoch 046 | Train Loss: 0.0265 | Train Acc: 0.9957 | Val Loss: 0.0040 | Val Acc: 0.9988
2026-08-25 02:04:48 [INFO] Epoch 047 | Train Loss: 0.0264 | Train Acc: 0.9957 | Val Loss: 0.0039 | Val Acc: 0.9991
2026-08-25 02:04:48 [INFO] ✓ Saved best model: Val Acc=0.9991 at epoch 47
2026-08-25 02:05:19 [INFO] Epoch 048 | Train Loss: 0.0281 | Train Acc: 0.9955 | Val Loss: 0.0037 | Val Acc: 0.9990
2026-08-25 02:05:49 [INFO] Epoch 049 | Train Loss: 0.0257 | Train Acc: 0.9959 | Val Loss: 0.0041 | Val Acc: 0.9988
2026-08-25 02:06:20 [INFO] Epoch 050 | Train Loss: 0.0239 | Train Acc: 0.9958 | Val Loss: 0.0042 | Val Acc: 0.9988
2026-08-25 02:06:51 [INFO] Epoch 051 | Train Loss: 0.0217 | Train Acc: 0.9964 | Val Loss: 0.0039 | Val Acc: 0.9991
2026-08-25 02:07:22 [INFO] Epoch 052 | Train Loss: 0.0241 | Train Acc: 0.9957 | Val Loss: 0.0047 | Val Acc: 0.9988
2026-08-25 02:07:53 [INFO] Epoch 053 | Train Loss: 0.0265 | Train Acc: 0.9953 | Val Loss: 0.0039 | Val Acc: 0.9988
2026-08-25 02:08:24 [INFO] Epoch 054 | Train Loss: 0.0252 | Train Acc: 0.9959 | Val Loss: 0.0036 | Val Acc: 0.9988
2026-08-25 02:08:55 [INFO] Epoch 055 | Train Loss: 0.0218 | Train Acc: 0.9964 | Val Loss: 0.0037 | Val Acc: 0.9988
2026-08-25 02:09:25 [INFO] Epoch 056 | Train Loss: 0.0231 | Train Acc: 0.9960 | Val Loss: 0.0037 | Val Acc: 0.9988
2026-08-25 02:09:56 [INFO] Epoch 057 | Train Loss: 0.0223 | Train Acc: 0.9958 | Val Loss: 0.0038 | Val Acc: 0.9992
2026-08-25 02:09:56 [INFO] ✓ Saved best model: Val Acc=0.9992 at epoch 57
2026-08-25 02:10:27 [INFO] Epoch 058 | Train Loss: 0.0210 | Train Acc: 0.9967 | Val Loss: 0.0044 | Val Acc: 0.9988
2026-08-25 02:10:58 [INFO] Epoch 059 | Train Loss: 0.0245 | Train Acc: 0.9957 | Val Loss: 0.0055 | Val Acc: 0.9987
2026-08-25 02:11:29 [INFO] Epoch 060 | Train Loss: 0.0232 | Train Acc: 0.9963 | Val Loss: 0.0046 | Val Acc: 0.9988
2026-08-25 02:12:00 [INFO] Epoch 061 | Train Loss: 0.0222 | Train Acc: 0.9963 | Val Loss: 0.0041 | Val Acc: 0.9990
2026-08-25 02:12:31 [INFO] Epoch 062 | Train Loss: 0.0262 | Train Acc: 0.9956 | Val Loss: 0.0040 | Val Acc: 0.9988
2026-08-25 02:13:02 [INFO] Epoch 063 | Train Loss: 0.0228 | Train Acc: 0.9961 | Val Loss: 0.0039 | Val Acc: 0.9990
2026-08-25 02:13:33 [INFO] Epoch 064 | Train Loss: 0.0220 | Train Acc: 0.9959 | Val Loss: 0.0042 | Val Acc: 0.9990
2026-08-25 02:14:03 [INFO] Epoch 065 | Train Loss: 0.0217 | Train Acc: 0.9962 | Val Loss: 0.0035 | Val Acc: 0.9991
2026-08-25 02:14:35 [INFO] Epoch 066 | Train Loss: 0.0223 | Train Acc: 0.9963 | Val Loss: 0.0037 | Val Acc: 0.9991
2026-08-25 02:15:05 [INFO] Epoch 067 | Train Loss: 0.0245 | Train Acc: 0.9960 | Val Loss: 0.0034 | Val Acc: 0.9992
2026-08-25 02:15:37 [INFO] Epoch 068 | Train Loss: 0.0226 | Train Acc: 0.9962 | Val Loss: 0.0037 | Val Acc: 0.9991
2026-08-25 02:16:07 [INFO] Epoch 069 | Train Loss: 0.0208 | Train Acc: 0.9964 | Val Loss: 0.0042 | Val Acc: 0.9990
2026-08-25 02:16:38 [INFO] Epoch 070 | Train Loss: 0.0190 | Train Acc: 0.9968 | Val Loss: 0.0040 | Val Acc: 0.9992
2026-08-25 02:17:09 [INFO] Epoch 071 | Train Loss: 0.0182 | Train Acc: 0.9972 | Val Loss: 0.0041 | Val Acc: 0.9992
2026-08-25 02:17:40 [INFO] Epoch 072 | Train Loss: 0.0177 | Train Acc: 0.9971 | Val Loss: 0.0041 | Val Acc: 0.9991
2026-08-25 02:18:11 [INFO] Epoch 073 | Train Loss: 0.0217 | Train Acc: 0.9964 | Val Loss: 0.0037 | Val Acc: 0.9992
2026-08-25 02:18:42 [INFO] Epoch 074 | Train Loss: 0.0163 | Train Acc: 0.9976 | Val Loss: 0.0041 | Val Acc: 0.9991
2026-08-25 02:19:13 [INFO] Epoch 075 | Train Loss: 0.0194 | Train Acc: 0.9971 | Val Loss: 0.0041 | Val Acc: 0.9991
2026-08-25 02:19:43 [INFO] Epoch 076 | Train Loss: 0.0186 | Train Acc: 0.9970 | Val Loss: 0.0041 | Val Acc: 0.9991
2026-08-25 02:20:15 [INFO] Epoch 077 | Train Loss: 0.0197 | Train Acc: 0.9968 | Val Loss: 0.0040 | Val Acc: 0.9990
2026-08-25 02:20:46 [INFO] Epoch 078 | Train Loss: 0.0179 | Train Acc: 0.9969 | Val Loss: 0.0039 | Val Acc: 0.9992
2026-08-25 02:21:17 [INFO] Epoch 079 | Train Loss: 0.0174 | Train Acc: 0.9972 | Val Loss: 0.0039 | Val Acc: 0.9991
2026-08-25 02:21:48 [INFO] Epoch 080 | Train Loss: 0.0173 | Train Acc: 0.9973 | Val Loss: 0.0037 | Val Acc: 0.9992
2026-08-25 02:22:19 [INFO] Epoch 081 | Train Loss: 0.0195 | Train Acc: 0.9968 | Val Loss: 0.0040 | Val Acc: 0.9992
2026-08-25 02:22:50 [INFO] Epoch 082 | Train Loss: 0.0191 | Train Acc: 0.9968 | Val Loss: 0.0038 | Val Acc: 0.9992
2026-08-25 02:23:21 [INFO] Epoch 083 | Train Loss: 0.0175 | Train Acc: 0.9970 | Val Loss: 0.0036 | Val Acc: 0.9992
2026-08-25 02:23:52 [INFO] Epoch 084 | Train Loss: 0.0189 | Train Acc: 0.9969 | Val Loss: 0.0037 | Val Acc: 0.9992
2026-08-25 02:24:23 [INFO] Epoch 085 | Train Loss: 0.0174 | Train Acc: 0.9968 | Val Loss: 0.0036 | Val Acc: 0.9992
2026-08-25 02:24:54 [INFO] Epoch 086 | Train Loss: 0.0164 | Train Acc: 0.9974 | Val Loss: 0.0037 | Val Acc: 0.9992
2026-08-25 02:25:25 [INFO] Epoch 087 | Train Loss: 0.0168 | Train Acc: 0.9973 | Val Loss: 0.0037 | Val Acc: 0.9992
2026-08-25 02:25:56 [INFO] Epoch 088 | Train Loss: 0.0198 | Train Acc: 0.9969 | Val Loss: 0.0038 | Val Acc: 0.9991
2026-08-25 02:26:27 [INFO] Epoch 089 | Train Loss: 0.0208 | Train Acc: 0.9966 | Val Loss: 0.0041 | Val Acc: 0.9990
2026-08-25 02:26:59 [INFO] Epoch 090 | Train Loss: 0.0186 | Train Acc: 0.9970 | Val Loss: 0.0041 | Val Acc: 0.9991
2026-08-25 02:27:29 [INFO] Epoch 091 | Train Loss: 0.0188 | Train Acc: 0.9970 | Val Loss: 0.0041 | Val Acc: 0.9990
2026-08-25 02:28:00 [INFO] Epoch 092 | Train Loss: 0.0184 | Train Acc: 0.9969 | Val Loss: 0.0040 | Val Acc: 0.9990
2026-08-25 02:28:31 [INFO] Epoch 093 | Train Loss: 0.0173 | Train Acc: 0.9973 | Val Loss: 0.0041 | Val Acc: 0.9990
2026-08-25 02:29:02 [INFO] Epoch 094 | Train Loss: 0.0202 | Train Acc: 0.9964 | Val Loss: 0.0043 | Val Acc: 0.9990
2026-08-25 02:29:32 [INFO] Epoch 095 | Train Loss: 0.0191 | Train Acc: 0.9968 | Val Loss: 0.0040 | Val Acc: 0.9990
2026-08-25 02:30:04 [INFO] Epoch 096 | Train Loss: 0.0175 | Train Acc: 0.9972 | Val Loss: 0.0039 | Val Acc: 0.9991
2026-08-25 02:30:35 [INFO] Epoch 097 | Train Loss: 0.0184 | Train Acc: 0.9972 | Val Loss: 0.0040 | Val Acc: 0.9990
2026-08-25 02:31:05 [INFO] Epoch 098 | Train Loss: 0.0164 | Train Acc: 0.9976 | Val Loss: 0.0041 | Val Acc: 0.9990
2026-08-25 02:31:36 [INFO] Epoch 099 | Train Loss: 0.0190 | Train Acc: 0.9969 | Val Loss: 0.0039 | Val Acc: 0.9990
2026-08-25 02:31:36 [INFO] Evaluating Best Model on TEST Set...
2026-08-25 02:31:36 [INFO] 
[RESUME] Đang nạp checkpoint từ: /home/biu-linux/DeepLearning_Projects/DoAnNganh/HybricMamba/Ressult/TFJ/HEAVY_HYBRIC_MAMBA/German_51k/HEAVY_HYBRIC_MAMBA_best.pth
2026-08-25 02:31:38 [INFO] 🎯 [TEST RESULT] Test Acc: 0.9988 | F1-Macro: 0.9988 | F1-Weighted: 0.9988
