2026-09-10 04:32:33 [INFO] Dataset: belgium_ar_new_3 | Số nhãn (classes): 62 | Tổng số ảnh: 99330
2026-09-10 04:32:33 [INFO] Dữ liệu đã chia -> Train (70%): 64564 | Val (15%): 17383 | Test (15%): 17383
2026-09-10 04:32:33 [INFO] 
🔍 Kiểm tra phân bố class trong batch:
2026-09-10 04:32:33 [INFO]   Batch 0: 29 classes (first 5: [1, 7, 10, 13, 17])
2026-09-10 04:32:33 [INFO]   Batch 1: 31 classes (first 5: [0, 3, 4, 6, 7])
2026-09-10 04:32:33 [INFO]   Batch 2: 30 classes (first 5: [1, 6, 7, 13, 14])
2026-09-10 04:32:33 [INFO]   Batch 3: 30 classes (first 5: [1, 3, 10, 13, 14])
2026-09-10 04:32:33 [INFO]   Batch 4: 24 classes (first 5: [1, 7, 9, 14, 17])
2026-09-10 04:32:33 [INFO] ✅ Shuffle tốt! Trung bình 28.8 classes/batch
2026-09-10 04:32:33 [INFO] ============================================================
2026-09-10 04:32:33 [INFO] Starting training: HEAVY_HYBRIC_MAMBA
2026-09-10 04:32:33 [INFO] Dataset: belgium_ar_new_3 | Path: /home/biu-linux/DeepLearning_Projects/DoAnNganh/data/Belgium_ar_3
2026-09-10 04:32:33 [INFO] Device: cuda
2026-09-10 04:32:33 [INFO] GPU: NVIDIA GeForce RTX 3050 Laptop GPU
2026-09-10 04:32:33 [INFO] ============================================================
2026-09-10 04:33:29 [INFO] Epoch 000 | Train Loss: 4.4643 | Train Acc: 0.3056 | Val Loss: 1.6718 | Val Acc: 0.5021
2026-09-10 04:33:29 [INFO] ✓ Saved best model: Val Acc=0.5021 at epoch 0
2026-09-10 04:34:24 [INFO] Epoch 001 | Train Loss: 2.9244 | Train Acc: 0.5440 | Val Loss: 1.0299 | Val Acc: 0.6948
2026-09-10 04:34:24 [INFO] ✓ Saved best model: Val Acc=0.6948 at epoch 1
2026-09-10 04:35:19 [INFO] Epoch 002 | Train Loss: 2.1092 | Train Acc: 0.6660 | Val Loss: 0.6729 | Val Acc: 0.7973
2026-09-10 04:35:19 [INFO] ✓ Saved best model: Val Acc=0.7973 at epoch 2
2026-09-10 04:36:14 [INFO] Epoch 003 | Train Loss: 1.5513 | Train Acc: 0.7512 | Val Loss: 0.5122 | Val Acc: 0.8470
2026-09-10 04:36:14 [INFO] ✓ Saved best model: Val Acc=0.8470 at epoch 3
2026-09-10 04:37:09 [INFO] Epoch 004 | Train Loss: 1.2464 | Train Acc: 0.7959 | Val Loss: 0.3817 | Val Acc: 0.8857
2026-09-10 04:37:09 [INFO] ✓ Saved best model: Val Acc=0.8857 at epoch 4
2026-09-10 04:38:04 [INFO] Epoch 005 | Train Loss: 1.0396 | Train Acc: 0.8278 | Val Loss: 0.3472 | Val Acc: 0.8918
2026-09-10 04:38:04 [INFO] ✓ Saved best model: Val Acc=0.8918 at epoch 5
2026-09-10 04:38:59 [INFO] Epoch 006 | Train Loss: 0.9117 | Train Acc: 0.8489 | Val Loss: 0.3222 | Val Acc: 0.9010
2026-09-10 04:38:59 [INFO] ✓ Saved best model: Val Acc=0.9010 at epoch 6
2026-09-10 04:39:54 [INFO] Epoch 007 | Train Loss: 0.8286 | Train Acc: 0.8624 | Val Loss: 0.2983 | Val Acc: 0.9090
2026-09-10 04:39:54 [INFO] ✓ Saved best model: Val Acc=0.9090 at epoch 7
2026-09-10 04:40:49 [INFO] Epoch 008 | Train Loss: 0.7778 | Train Acc: 0.8694 | Val Loss: 0.2630 | Val Acc: 0.9221
2026-09-10 04:40:49 [INFO] ✓ Saved best model: Val Acc=0.9221 at epoch 8
2026-09-10 04:41:43 [INFO] Epoch 009 | Train Loss: 0.7216 | Train Acc: 0.8786 | Val Loss: 0.2503 | Val Acc: 0.9254
2026-09-10 04:41:44 [INFO] ✓ Saved best model: Val Acc=0.9254 at epoch 9
2026-09-10 04:42:38 [INFO] Epoch 010 | Train Loss: 0.6863 | Train Acc: 0.8857 | Val Loss: 0.3118 | Val Acc: 0.9095
2026-09-10 04:43:33 [INFO] Epoch 011 | Train Loss: 0.6527 | Train Acc: 0.8921 | Val Loss: 0.2295 | Val Acc: 0.9321
2026-09-10 04:43:33 [INFO] ✓ Saved best model: Val Acc=0.9321 at epoch 11
2026-09-10 04:44:28 [INFO] Epoch 012 | Train Loss: 0.6263 | Train Acc: 0.8960 | Val Loss: 0.2296 | Val Acc: 0.9306
2026-09-10 04:45:23 [INFO] Epoch 013 | Train Loss: 0.6076 | Train Acc: 0.8973 | Val Loss: 0.2139 | Val Acc: 0.9356
2026-09-10 04:45:23 [INFO] ✓ Saved best model: Val Acc=0.9356 at epoch 13
2026-09-10 04:46:18 [INFO] Epoch 014 | Train Loss: 0.5860 | Train Acc: 0.9009 | Val Loss: 0.2232 | Val Acc: 0.9315
2026-09-10 04:47:14 [INFO] Epoch 015 | Train Loss: 0.5706 | Train Acc: 0.9035 | Val Loss: 0.2201 | Val Acc: 0.9317
2026-09-10 04:48:09 [INFO] Epoch 016 | Train Loss: 0.5518 | Train Acc: 0.9077 | Val Loss: 0.2172 | Val Acc: 0.9331
2026-09-10 04:49:03 [INFO] Epoch 017 | Train Loss: 0.5360 | Train Acc: 0.9106 | Val Loss: 0.2391 | Val Acc: 0.9304
2026-09-10 04:49:58 [INFO] Epoch 018 | Train Loss: 0.5281 | Train Acc: 0.9111 | Val Loss: 0.2027 | Val Acc: 0.9382
2026-09-10 04:49:58 [INFO] ✓ Saved best model: Val Acc=0.9382 at epoch 18
2026-09-10 04:50:53 [INFO] Epoch 019 | Train Loss: 0.5179 | Train Acc: 0.9132 | Val Loss: 0.2001 | Val Acc: 0.9391
2026-09-10 04:50:53 [INFO] ✓ Saved best model: Val Acc=0.9391 at epoch 19
2026-09-10 04:51:48 [INFO] Epoch 020 | Train Loss: 0.4146 | Train Acc: 0.9310 | Val Loss: 0.1560 | Val Acc: 0.9527
2026-09-10 04:51:48 [INFO] ✓ Saved best model: Val Acc=0.9527 at epoch 20
2026-09-10 04:52:43 [INFO] Epoch 021 | Train Loss: 0.3909 | Train Acc: 0.9346 | Val Loss: 0.1513 | Val Acc: 0.9545
2026-09-10 04:52:43 [INFO] ✓ Saved best model: Val Acc=0.9545 at epoch 21
2026-09-10 04:53:38 [INFO] Epoch 022 | Train Loss: 0.3754 | Train Acc: 0.9376 | Val Loss: 0.1489 | Val Acc: 0.9558
2026-09-10 04:53:38 [INFO] ✓ Saved best model: Val Acc=0.9558 at epoch 22
2026-09-10 04:54:33 [INFO] Epoch 023 | Train Loss: 0.3644 | Train Acc: 0.9396 | Val Loss: 0.1464 | Val Acc: 0.9568
2026-09-10 04:54:33 [INFO] ✓ Saved best model: Val Acc=0.9568 at epoch 23
2026-09-10 04:55:28 [INFO] Epoch 024 | Train Loss: 0.3614 | Train Acc: 0.9401 | Val Loss: 0.1464 | Val Acc: 0.9574
2026-09-10 04:55:28 [INFO] ✓ Saved best model: Val Acc=0.9574 at epoch 24
2026-09-10 04:56:23 [INFO] Epoch 025 | Train Loss: 0.3565 | Train Acc: 0.9410 | Val Loss: 0.1440 | Val Acc: 0.9586
2026-09-10 04:56:23 [INFO] ✓ Saved best model: Val Acc=0.9586 at epoch 25
2026-09-10 04:57:18 [INFO] Epoch 026 | Train Loss: 0.3510 | Train Acc: 0.9422 | Val Loss: 0.1436 | Val Acc: 0.9577
2026-09-10 04:58:13 [INFO] Epoch 027 | Train Loss: 0.3477 | Train Acc: 0.9432 | Val Loss: 0.1421 | Val Acc: 0.9582
2026-09-10 04:59:08 [INFO] Epoch 028 | Train Loss: 0.3394 | Train Acc: 0.9446 | Val Loss: 0.1399 | Val Acc: 0.9592
2026-09-10 04:59:08 [INFO] ✓ Saved best model: Val Acc=0.9592 at epoch 28
2026-09-10 05:00:03 [INFO] Epoch 029 | Train Loss: 0.3436 | Train Acc: 0.9435 | Val Loss: 0.1408 | Val Acc: 0.9584
2026-09-10 05:00:58 [INFO] Epoch 030 | Train Loss: 0.3291 | Train Acc: 0.9461 | Val Loss: 0.1386 | Val Acc: 0.9593
2026-09-10 05:00:58 [INFO] ✓ Saved best model: Val Acc=0.9593 at epoch 30
2026-09-10 05:01:53 [INFO] Epoch 031 | Train Loss: 0.3303 | Train Acc: 0.9473 | Val Loss: 0.1380 | Val Acc: 0.9594
2026-09-10 05:01:53 [INFO] ✓ Saved best model: Val Acc=0.9594 at epoch 31
2026-09-10 05:02:48 [INFO] Epoch 032 | Train Loss: 0.3222 | Train Acc: 0.9480 | Val Loss: 0.1372 | Val Acc: 0.9592
2026-09-10 05:03:43 [INFO] Epoch 033 | Train Loss: 0.3253 | Train Acc: 0.9477 | Val Loss: 0.1373 | Val Acc: 0.9596
2026-09-10 05:03:43 [INFO] ✓ Saved best model: Val Acc=0.9596 at epoch 33
2026-09-10 05:04:38 [INFO] Epoch 034 | Train Loss: 0.3248 | Train Acc: 0.9474 | Val Loss: 0.1364 | Val Acc: 0.9596
2026-09-10 05:04:38 [INFO] ✓ Saved best model: Val Acc=0.9596 at epoch 34
2026-09-10 05:05:33 [INFO] Epoch 035 | Train Loss: 0.3210 | Train Acc: 0.9479 | Val Loss: 0.1371 | Val Acc: 0.9601
2026-09-10 05:05:33 [INFO] ✓ Saved best model: Val Acc=0.9601 at epoch 35
2026-09-10 05:06:28 [INFO] Epoch 036 | Train Loss: 0.3239 | Train Acc: 0.9470 | Val Loss: 0.1367 | Val Acc: 0.9597
2026-09-10 05:07:23 [INFO] Epoch 037 | Train Loss: 0.3161 | Train Acc: 0.9487 | Val Loss: 0.1360 | Val Acc: 0.9601
2026-09-10 05:08:18 [INFO] Epoch 038 | Train Loss: 0.3189 | Train Acc: 0.9486 | Val Loss: 0.1369 | Val Acc: 0.9601
2026-09-10 05:09:12 [INFO] Epoch 039 | Train Loss: 0.3222 | Train Acc: 0.9470 | Val Loss: 0.1363 | Val Acc: 0.9602
2026-09-10 05:09:13 [INFO] ✓ Saved best model: Val Acc=0.9602 at epoch 39
2026-09-10 05:10:07 [INFO] Epoch 040 | Train Loss: 0.3236 | Train Acc: 0.9473 | Val Loss: 0.1366 | Val Acc: 0.9601
2026-09-10 05:11:03 [INFO] Epoch 041 | Train Loss: 0.3221 | Train Acc: 0.9476 | Val Loss: 0.1357 | Val Acc: 0.9600
2026-09-10 05:11:57 [INFO] Epoch 042 | Train Loss: 0.3159 | Train Acc: 0.9495 | Val Loss: 0.1362 | Val Acc: 0.9600
2026-09-10 05:12:53 [INFO] Epoch 043 | Train Loss: 0.3201 | Train Acc: 0.9481 | Val Loss: 0.1355 | Val Acc: 0.9605
2026-09-10 05:12:53 [INFO] ✓ Saved best model: Val Acc=0.9605 at epoch 43
2026-09-10 05:13:47 [INFO] Epoch 044 | Train Loss: 0.3210 | Train Acc: 0.9477 | Val Loss: 0.1362 | Val Acc: 0.9604
2026-09-10 05:14:42 [INFO] Epoch 045 | Train Loss: 0.3217 | Train Acc: 0.9482 | Val Loss: 0.1361 | Val Acc: 0.9607
2026-09-10 05:14:42 [INFO] ✓ Saved best model: Val Acc=0.9607 at epoch 45
2026-09-10 05:15:37 [INFO] Epoch 046 | Train Loss: 0.3237 | Train Acc: 0.9470 | Val Loss: 0.1358 | Val Acc: 0.9605
2026-09-10 05:16:32 [INFO] Epoch 047 | Train Loss: 0.3184 | Train Acc: 0.9486 | Val Loss: 0.1366 | Val Acc: 0.9600
2026-09-10 05:17:27 [INFO] Epoch 048 | Train Loss: 0.3175 | Train Acc: 0.9479 | Val Loss: 0.1359 | Val Acc: 0.9601
2026-09-10 05:18:22 [INFO] Epoch 049 | Train Loss: 0.3228 | Train Acc: 0.9475 | Val Loss: 0.1358 | Val Acc: 0.9601
2026-09-10 05:18:22 [INFO] Evaluating Best Model on TEST Set...
2026-09-10 05:18:22 [INFO] 
[RESUME] Đang nạp checkpoint từ: /home/biu-linux/DeepLearning_Projects/DoAnNganh/HybricMamba/Ressult/TFJ/HEAVY_HYBRIC_MAMBA/belgium_ar_new_3/HEAVY_HYBRIC_MAMBA_best.pth
2026-09-10 05:18:26 [INFO] 🎯 [TEST RESULT] Test Acc: 0.9579 | F1-Macro: 0.9473 | F1-Weighted: 0.9580
