2026-09-06 17:23:51 [INFO] Dataset: DCID | Số nhãn (classes): 35 | Tổng số ảnh: 35000
2026-09-06 17:23:51 [INFO] Dữ liệu đã chia -> Train (70%): 24500 | Val (15%): 5250 | Test (15%): 5250
2026-09-06 17:23:51 [INFO] 
🔍 Kiểm tra phân bố class trong batch:
2026-09-06 17:23:51 [INFO]   Batch 0: 25 classes (first 5: [0, 1, 2, 3, 4])
2026-09-06 17:23:51 [INFO]   Batch 1: 26 classes (first 5: [1, 2, 3, 4, 5])
2026-09-06 17:23:51 [INFO]   Batch 2: 25 classes (first 5: [0, 1, 2, 3, 4])
2026-09-06 17:23:51 [INFO]   Batch 3: 29 classes (first 5: [1, 2, 3, 4, 5])
2026-09-06 17:23:51 [INFO]   Batch 4: 25 classes (first 5: [0, 1, 2, 3, 6])
2026-09-06 17:23:52 [INFO] ✅ Shuffle tốt! Trung bình 26.0 classes/batch
2026-09-06 17:23:52 [INFO] ============================================================
2026-09-06 17:23:52 [INFO] Starting training: GHOSTNET
2026-09-06 17:23:52 [INFO] Dataset: DCID | Path: /home/biu-linux/DeepLearning_Projects/DoAnNganh/data/DCID/DCID-512-35
2026-09-06 17:23:52 [INFO] Device: cuda
2026-09-06 17:23:52 [INFO] GPU: NVIDIA GeForce RTX 3050 Laptop GPU
2026-09-06 17:23:52 [INFO] ============================================================
2026-09-06 17:24:22 [INFO] Epoch 000 | Train Loss: 1.9156 | Train Acc: 0.4520 | Val Loss: 0.5959 | Val Acc: 0.8133
2026-09-06 17:24:22 [INFO] ✓ Saved best model: Val Acc=0.8133 at epoch 0
2026-09-06 17:24:50 [INFO] Epoch 001 | Train Loss: 0.6752 | Train Acc: 0.7852 | Val Loss: 0.1860 | Val Acc: 0.9410
2026-09-06 17:24:50 [INFO] ✓ Saved best model: Val Acc=0.9410 at epoch 1
2026-09-06 17:25:18 [INFO] Epoch 002 | Train Loss: 0.4281 | Train Acc: 0.8695 | Val Loss: 0.1220 | Val Acc: 0.9600
2026-09-06 17:25:18 [INFO] ✓ Saved best model: Val Acc=0.9600 at epoch 2
2026-09-06 17:25:46 [INFO] Epoch 003 | Train Loss: 0.3415 | Train Acc: 0.8933 | Val Loss: 0.1049 | Val Acc: 0.9676
2026-09-06 17:25:47 [INFO] ✓ Saved best model: Val Acc=0.9676 at epoch 3
2026-09-06 17:26:15 [INFO] Epoch 004 | Train Loss: 0.3082 | Train Acc: 0.9038 | Val Loss: 0.1240 | Val Acc: 0.9655
2026-09-06 17:26:43 [INFO] Epoch 005 | Train Loss: 0.2431 | Train Acc: 0.9251 | Val Loss: 0.0679 | Val Acc: 0.9796
2026-09-06 17:26:43 [INFO] ✓ Saved best model: Val Acc=0.9796 at epoch 5
2026-09-06 17:27:11 [INFO] Epoch 006 | Train Loss: 0.2222 | Train Acc: 0.9306 | Val Loss: 0.0572 | Val Acc: 0.9817
2026-09-06 17:27:11 [INFO] ✓ Saved best model: Val Acc=0.9817 at epoch 6
2026-09-06 17:27:39 [INFO] Epoch 007 | Train Loss: 0.2143 | Train Acc: 0.9333 | Val Loss: 0.0792 | Val Acc: 0.9758
2026-09-06 17:28:07 [INFO] Epoch 008 | Train Loss: 0.1874 | Train Acc: 0.9427 | Val Loss: 0.0819 | Val Acc: 0.9762
2026-09-06 17:28:35 [INFO] Epoch 009 | Train Loss: 0.1916 | Train Acc: 0.9408 | Val Loss: 0.0720 | Val Acc: 0.9766
2026-09-06 17:29:03 [INFO] Epoch 010 | Train Loss: 0.1717 | Train Acc: 0.9456 | Val Loss: 0.0656 | Val Acc: 0.9790
2026-09-06 17:29:31 [INFO] Epoch 011 | Train Loss: 0.1657 | Train Acc: 0.9490 | Val Loss: 0.0492 | Val Acc: 0.9848
2026-09-06 17:29:32 [INFO] ✓ Saved best model: Val Acc=0.9848 at epoch 11
2026-09-06 17:30:00 [INFO] Epoch 012 | Train Loss: 0.1508 | Train Acc: 0.9523 | Val Loss: 0.0445 | Val Acc: 0.9853
2026-09-06 17:30:00 [INFO] ✓ Saved best model: Val Acc=0.9853 at epoch 12
2026-09-06 17:30:29 [INFO] Epoch 013 | Train Loss: 0.1517 | Train Acc: 0.9531 | Val Loss: 0.0523 | Val Acc: 0.9855
2026-09-06 17:30:29 [INFO] ✓ Saved best model: Val Acc=0.9855 at epoch 13
2026-09-06 17:30:57 [INFO] Epoch 014 | Train Loss: 0.1486 | Train Acc: 0.9535 | Val Loss: 0.0346 | Val Acc: 0.9901
2026-09-06 17:30:57 [INFO] ✓ Saved best model: Val Acc=0.9901 at epoch 14
2026-09-06 17:31:25 [INFO] Epoch 015 | Train Loss: 0.1306 | Train Acc: 0.9587 | Val Loss: 0.0429 | Val Acc: 0.9861
2026-09-06 17:31:53 [INFO] Epoch 016 | Train Loss: 0.1326 | Train Acc: 0.9599 | Val Loss: 0.0447 | Val Acc: 0.9857
2026-09-06 17:32:22 [INFO] Epoch 017 | Train Loss: 0.1236 | Train Acc: 0.9600 | Val Loss: 0.0443 | Val Acc: 0.9863
2026-09-06 17:32:49 [INFO] Epoch 018 | Train Loss: 0.1154 | Train Acc: 0.9643 | Val Loss: 0.0409 | Val Acc: 0.9893
2026-09-06 17:33:17 [INFO] Epoch 019 | Train Loss: 0.1122 | Train Acc: 0.9661 | Val Loss: 0.0395 | Val Acc: 0.9880
2026-09-06 17:33:46 [INFO] Epoch 020 | Train Loss: 0.1199 | Train Acc: 0.9616 | Val Loss: 0.0363 | Val Acc: 0.9880
2026-09-06 17:34:13 [INFO] Epoch 021 | Train Loss: 0.1030 | Train Acc: 0.9675 | Val Loss: 0.0282 | Val Acc: 0.9916
2026-09-06 17:34:14 [INFO] ✓ Saved best model: Val Acc=0.9916 at epoch 21
2026-09-06 17:34:42 [INFO] Epoch 022 | Train Loss: 0.0977 | Train Acc: 0.9698 | Val Loss: 0.0244 | Val Acc: 0.9914
2026-09-06 17:35:10 [INFO] Epoch 023 | Train Loss: 0.0951 | Train Acc: 0.9697 | Val Loss: 0.0352 | Val Acc: 0.9863
2026-09-06 17:35:38 [INFO] Epoch 024 | Train Loss: 0.0898 | Train Acc: 0.9706 | Val Loss: 0.0298 | Val Acc: 0.9909
2026-09-06 17:36:06 [INFO] Epoch 025 | Train Loss: 0.0914 | Train Acc: 0.9703 | Val Loss: 0.0295 | Val Acc: 0.9890
2026-09-06 17:36:34 [INFO] Epoch 026 | Train Loss: 0.0743 | Train Acc: 0.9756 | Val Loss: 0.0363 | Val Acc: 0.9878
2026-09-06 17:37:02 [INFO] Epoch 027 | Train Loss: 0.0784 | Train Acc: 0.9754 | Val Loss: 0.0282 | Val Acc: 0.9910
2026-09-06 17:37:31 [INFO] Epoch 028 | Train Loss: 0.0642 | Train Acc: 0.9787 | Val Loss: 0.0238 | Val Acc: 0.9924
2026-09-06 17:37:31 [INFO] ✓ Saved best model: Val Acc=0.9924 at epoch 28
2026-09-06 17:37:59 [INFO] Epoch 029 | Train Loss: 0.0615 | Train Acc: 0.9802 | Val Loss: 0.0270 | Val Acc: 0.9905
2026-09-06 17:38:27 [INFO] Epoch 030 | Train Loss: 0.0621 | Train Acc: 0.9806 | Val Loss: 0.0250 | Val Acc: 0.9920
2026-09-06 17:38:56 [INFO] Epoch 031 | Train Loss: 0.0581 | Train Acc: 0.9802 | Val Loss: 0.0250 | Val Acc: 0.9903
2026-09-06 17:39:24 [INFO] Epoch 032 | Train Loss: 0.0526 | Train Acc: 0.9826 | Val Loss: 0.0275 | Val Acc: 0.9890
2026-09-06 17:39:52 [INFO] Epoch 033 | Train Loss: 0.0479 | Train Acc: 0.9844 | Val Loss: 0.0265 | Val Acc: 0.9907
2026-09-06 17:40:20 [INFO] Epoch 034 | Train Loss: 0.0455 | Train Acc: 0.9850 | Val Loss: 0.0219 | Val Acc: 0.9914
2026-09-06 17:40:48 [INFO] Epoch 035 | Train Loss: 0.0450 | Train Acc: 0.9846 | Val Loss: 0.0189 | Val Acc: 0.9930
2026-09-06 17:40:48 [INFO] ✓ Saved best model: Val Acc=0.9930 at epoch 35
2026-09-06 17:41:17 [INFO] Epoch 036 | Train Loss: 0.0395 | Train Acc: 0.9875 | Val Loss: 0.0220 | Val Acc: 0.9928
2026-09-06 17:41:44 [INFO] Epoch 037 | Train Loss: 0.0371 | Train Acc: 0.9876 | Val Loss: 0.0183 | Val Acc: 0.9937
2026-09-06 17:41:45 [INFO] ✓ Saved best model: Val Acc=0.9937 at epoch 37
2026-09-06 17:42:13 [INFO] Epoch 038 | Train Loss: 0.0361 | Train Acc: 0.9882 | Val Loss: 0.0202 | Val Acc: 0.9933
2026-09-06 17:42:41 [INFO] Epoch 039 | Train Loss: 0.0336 | Train Acc: 0.9888 | Val Loss: 0.0181 | Val Acc: 0.9920
2026-09-06 17:43:09 [INFO] Epoch 040 | Train Loss: 0.0323 | Train Acc: 0.9886 | Val Loss: 0.0171 | Val Acc: 0.9933
2026-09-06 17:43:37 [INFO] Epoch 041 | Train Loss: 0.0343 | Train Acc: 0.9884 | Val Loss: 0.0158 | Val Acc: 0.9935
2026-09-06 17:44:06 [INFO] Epoch 042 | Train Loss: 0.0280 | Train Acc: 0.9906 | Val Loss: 0.0163 | Val Acc: 0.9939
2026-09-06 17:44:06 [INFO] ✓ Saved best model: Val Acc=0.9939 at epoch 42
2026-09-06 17:44:34 [INFO] Epoch 043 | Train Loss: 0.0315 | Train Acc: 0.9897 | Val Loss: 0.0174 | Val Acc: 0.9928
2026-09-06 17:45:02 [INFO] Epoch 044 | Train Loss: 0.0266 | Train Acc: 0.9907 | Val Loss: 0.0153 | Val Acc: 0.9939
2026-09-06 17:45:30 [INFO] Epoch 045 | Train Loss: 0.0235 | Train Acc: 0.9915 | Val Loss: 0.0144 | Val Acc: 0.9954
2026-09-06 17:45:30 [INFO] ✓ Saved best model: Val Acc=0.9954 at epoch 45
2026-09-06 17:45:58 [INFO] Epoch 046 | Train Loss: 0.0259 | Train Acc: 0.9911 | Val Loss: 0.0160 | Val Acc: 0.9943
2026-09-06 17:46:27 [INFO] Epoch 047 | Train Loss: 0.0239 | Train Acc: 0.9916 | Val Loss: 0.0156 | Val Acc: 0.9949
2026-09-06 17:46:55 [INFO] Epoch 048 | Train Loss: 0.0245 | Train Acc: 0.9915 | Val Loss: 0.0164 | Val Acc: 0.9952
2026-09-06 17:47:23 [INFO] Epoch 049 | Train Loss: 0.0245 | Train Acc: 0.9919 | Val Loss: 0.0132 | Val Acc: 0.9945
2026-09-06 17:47:52 [INFO] Epoch 050 | Train Loss: 0.0256 | Train Acc: 0.9917 | Val Loss: 0.0160 | Val Acc: 0.9939
2026-09-06 17:47:52 [INFO] Evaluating Best Model on TEST Set...
2026-09-06 17:47:52 [INFO] 
[RESUME] Đang nạp checkpoint từ: /home/biu-linux/DeepLearning_Projects/DoAnNganh/HybricMamba/Ressult/TFJ/GHOSTNET/DCID/GHOSTNET_best.pth
2026-09-06 17:47:54 [INFO] 🎯 [TEST RESULT] Test Acc: 0.9928 | F1-Macro: 0.9928 | F1-Weighted: 0.9928
