2026-08-21 19:10:36 [INFO] ============================================================
2026-08-21 19:10:36 [INFO] Starting training: Medium_HybricMamba
2026-08-21 19:10:36 [INFO] Dataset: German
2026-08-21 19:10:36 [INFO] Dataset path: /home/biu-linux/DeepLearning_Projects/DoAnNganh/dataset_reOrgan
2026-08-21 19:10:36 [INFO] Device: cuda
2026-08-21 19:10:36 [INFO] GPU: NVIDIA GeForce RTX 3050 Laptop GPU
2026-08-21 19:10:36 [INFO] Batch size: 64
2026-08-21 19:10:36 [INFO] Num epochs: 110
2026-08-21 19:10:36 [INFO] Learning rate: 0.001
2026-08-21 19:10:36 [INFO] Weight decay: 0.02
2026-08-21 19:10:36 [INFO] Clip grad: 5.0
2026-08-21 19:10:36 [INFO] Label smoothing: 0.0
2026-08-21 19:10:36 [INFO] ============================================================
2026-08-21 19:10:37 [INFO] Số nhãn (classes): 43
2026-08-21 19:10:37 [INFO] Tổng số ảnh: 557516
2026-08-21 19:10:37 [INFO] Train: 446012 | Test: 111504
2026-08-21 19:10:37 [INFO] 
🔍 Kiểm tra phân bố class trong batch:
2026-08-21 19:10:37 [INFO]   Batch 0: 29 classes (first 5: [1, 2, 3, 4, 5])
2026-08-21 19:10:37 [INFO]   Batch 1: 26 classes (first 5: [0, 1, 2, 3, 4])
2026-08-21 19:10:37 [INFO]   Batch 2: 29 classes (first 5: [1, 2, 3, 4, 5])
2026-08-21 19:10:37 [INFO]   Batch 3: 27 classes (first 5: [0, 1, 2, 3, 4])
2026-08-21 19:10:37 [INFO]   Batch 4: 28 classes (first 5: [1, 2, 3, 4, 5])
2026-08-21 19:10:37 [INFO] ✅ Shuffle tốt! Trung bình 27.8 classes/batch
2026-08-21 19:13:45 [INFO] Epoch 0 | Acc: 0.9144 | Loss: 1.4892 | Eval Loss: 0.2956 | LR: 0.001000
2026-08-21 19:13:45 [INFO] ✓ Saved best model: Acc=0.9144 at epoch 0
2026-08-21 19:16:52 [INFO] Epoch 1 | Acc: 0.9460 | Loss: 0.6662 | Eval Loss: 0.1854 | LR: 0.001000
2026-08-21 19:16:52 [INFO] ✓ Saved best model: Acc=0.9460 at epoch 1
2026-08-21 19:20:00 [INFO] Epoch 2 | Acc: 0.9549 | Loss: 0.5408 | Eval Loss: 0.1518 | LR: 0.001000
2026-08-21 19:20:00 [INFO] ✓ Saved best model: Acc=0.9549 at epoch 2
2026-08-21 19:23:05 [INFO] Epoch 3 | Acc: 0.9622 | Loss: 0.4833 | Eval Loss: 0.1295 | LR: 0.001000
2026-08-21 19:23:05 [INFO] ✓ Saved best model: Acc=0.9622 at epoch 3
2026-08-21 19:26:11 [INFO] Epoch 4 | Acc: 0.9609 | Loss: 0.4439 | Eval Loss: 0.1324 | LR: 0.001000
2026-08-21 19:29:19 [INFO] Epoch 5 | Acc: 0.9549 | Loss: 0.4197 | Eval Loss: 0.1722 | LR: 0.001000
2026-08-21 19:36:45 [INFO] Epoch 4 | Acc: 0.9732 | Loss: 0.3683 | Eval Loss: 0.0919 | LR: 0.000100
2026-08-21 19:36:46 [INFO] ✓ Saved best model: Acc=0.9732 at epoch 4
2026-08-21 19:40:08 [INFO] Epoch 5 | Acc: 0.9736 | Loss: 0.3442 | Eval Loss: 0.0899 | LR: 0.000100
2026-08-21 19:40:08 [INFO] ✓ Saved best model: Acc=0.9736 at epoch 5
2026-08-21 19:43:30 [INFO] Epoch 6 | Acc: 0.9758 | Loss: 0.3350 | Eval Loss: 0.0833 | LR: 0.000100
2026-08-21 19:43:30 [INFO] ✓ Saved best model: Acc=0.9758 at epoch 6
2026-08-21 19:46:52 [INFO] Epoch 7 | Acc: 0.9760 | Loss: 0.3286 | Eval Loss: 0.0810 | LR: 0.000100
2026-08-21 19:46:52 [INFO] ✓ Saved best model: Acc=0.9760 at epoch 7
2026-08-21 19:49:58 [INFO] Epoch 8 | Acc: 0.9767 | Loss: 0.3224 | Eval Loss: 0.0798 | LR: 0.000100
2026-08-21 19:49:58 [INFO] ✓ Saved best model: Acc=0.9767 at epoch 8
2026-08-21 19:53:10 [INFO] Epoch 9 | Acc: 0.9761 | Loss: 0.3183 | Eval Loss: 0.0808 | LR: 0.000100
2026-08-21 19:56:14 [INFO] Epoch 10 | Acc: 0.9777 | Loss: 0.3073 | Eval Loss: 0.0751 | LR: 0.000010
2026-08-21 19:56:14 [INFO] ✓ Saved best model: Acc=0.9777 at epoch 10
2026-08-21 19:59:18 [INFO] Epoch 11 | Acc: 0.9781 | Loss: 0.3060 | Eval Loss: 0.0737 | LR: 0.000010
2026-08-21 19:59:18 [INFO] ✓ Saved best model: Acc=0.9781 at epoch 11
2026-08-21 20:02:23 [INFO] Epoch 12 | Acc: 0.9780 | Loss: 0.3042 | Eval Loss: 0.0736 | LR: 0.000010
2026-08-21 20:05:27 [INFO] Epoch 13 | Acc: 0.9781 | Loss: 0.3020 | Eval Loss: 0.0735 | LR: 0.000010
2026-08-21 20:05:27 [INFO] ✓ Saved best model: Acc=0.9781 at epoch 13
2026-08-21 20:08:34 [INFO] Epoch 14 | Acc: 0.9785 | Loss: 0.3014 | Eval Loss: 0.0731 | LR: 0.000010
2026-08-21 20:08:34 [INFO] ✓ Saved best model: Acc=0.9785 at epoch 14
2026-08-21 20:11:39 [INFO] Epoch 15 | Acc: 0.9786 | Loss: 0.3011 | Eval Loss: 0.0728 | LR: 0.000001
2026-08-21 20:11:39 [INFO] ✓ Saved best model: Acc=0.9786 at epoch 15
2026-08-21 20:14:43 [INFO] Epoch 16 | Acc: 0.9785 | Loss: 0.2989 | Eval Loss: 0.0728 | LR: 0.000001
2026-08-21 20:17:41 [INFO] Epoch 17 | Acc: 0.9786 | Loss: 0.3026 | Eval Loss: 0.0728 | LR: 0.000001
2026-08-21 20:17:41 [INFO] ✓ Saved best model: Acc=0.9786 at epoch 17
2026-08-21 20:23:59 [INFO] Epoch 18 | Acc: 0.9785 | Loss: 0.2973 | Eval Loss: 0.0731 | LR: 0.000001
2026-08-21 20:26:57 [INFO] Epoch 19 | Acc: 0.9785 | Loss: 0.2942 | Eval Loss: 0.0730 | LR: 0.0000001
2026-08-21 20:30:01 [INFO] Epoch 20 | Acc: 0.9785 | Loss: 0.2935 | Eval Loss: 0.0725 | LR: 0.0000001
2026-08-21 20:33:01 [INFO] Epoch 21 | Acc: 0.9786 | Loss: 0.2920 | Eval Loss: 0.0724 | LR: 0.0000001
2026-08-21 20:33:01 [INFO] ✓ Saved best model: Acc=0.9786 at epoch 21

============================================================
TEST EVALUATION REPORT - 2026-08-25 23:47:07
Checkpoint Path    : /home/biu-linux/DeepLearning_Projects/DoAnNganh/HybricMamba/Ressult/TFJ/MEDIUM_HYBRIC_MAMBA/German/Medium_HybricMamba_best.pth
Total Test Samples : 83623
Accuracy           : 97.96%
F1-Score (Macro)   : 98.11%
F1-Score (Weighted): 97.96%
============================================================
