2026-08-25 12:23:33 [INFO] Dataset: NEU-DET_surface-dec | Số nhãn (classes): 6 | Tổng số ảnh: 1800
2026-08-25 12:23:33 [INFO] Dữ liệu đã chia -> Train (70%): 1260 | Val (15%): 270 | Test (15%): 270
2026-08-25 12:23:33 [INFO] 
🔍 Kiểm tra phân bố class trong batch:
2026-08-25 12:23:33 [INFO]   Batch 0: 5 classes (first 5: [0, 1, 2, 3, 4])
2026-08-25 12:23:33 [INFO]   Batch 1: 5 classes (first 5: [0, 2, 3, 4, 5])
2026-08-25 12:23:33 [INFO]   Batch 2: 6 classes (first 5: [0, 1, 2, 3, 4])
2026-08-25 12:23:33 [INFO]   Batch 3: 6 classes (first 5: [0, 1, 2, 3, 4])
2026-08-25 12:23:33 [INFO]   Batch 4: 6 classes (first 5: [0, 1, 2, 3, 4])
2026-08-25 12:23:33 [WARNING] ⚠️ WARNING: Trung bình 5.6 classes/batch - Dữ liệu chưa được trộn đều!
2026-08-25 12:23:33 [INFO] ============================================================
2026-08-25 12:23:33 [INFO] Starting training: MOBILENETV3_SMALL
2026-08-25 12:23:33 [INFO] Dataset: NEU-DET_surface-dec | Path: /home/biu-linux/DeepLearning_Projects/DoAnNganh/data/NEU-DET
2026-08-25 12:23:33 [INFO] Device: cuda
2026-08-25 12:23:33 [INFO] GPU: NVIDIA GeForce RTX 3050 Laptop GPU
2026-08-25 12:23:33 [INFO] ============================================================
2026-08-25 12:23:35 [INFO] Epoch 000 | Train Loss: 2.8561 | Train Acc: 0.2270 | Val Loss: 2.5897 | Val Acc: 0.2333
2026-08-25 12:23:35 [INFO] ✓ Saved best model: Val Acc=0.2333 at epoch 0
2026-08-25 12:23:40 [INFO] Epoch 001 | Train Loss: 2.8994 | Train Acc: 0.2706 | Val Loss: 1.8585 | Val Acc: 0.3111
2026-08-25 12:23:40 [INFO] ✓ Saved best model: Val Acc=0.3111 at epoch 1
2026-08-25 12:23:41 [INFO] Epoch 002 | Train Loss: 3.3487 | Train Acc: 0.2571 | Val Loss: 2.3691 | Val Acc: 0.2481
2026-08-25 12:23:43 [INFO] Epoch 003 | Train Loss: 3.4834 | Train Acc: 0.2778 | Val Loss: 1.9828 | Val Acc: 0.2704
2026-08-25 12:23:44 [INFO] Epoch 004 | Train Loss: 2.9747 | Train Acc: 0.2952 | Val Loss: 1.8968 | Val Acc: 0.3185
2026-08-25 12:23:44 [INFO] ✓ Saved best model: Val Acc=0.3185 at epoch 4
2026-08-25 12:23:46 [INFO] Epoch 005 | Train Loss: 2.8988 | Train Acc: 0.3556 | Val Loss: 3.2466 | Val Acc: 0.4704
2026-08-25 12:23:46 [INFO] ✓ Saved best model: Val Acc=0.4704 at epoch 5
2026-08-25 12:23:47 [INFO] Epoch 006 | Train Loss: 2.4340 | Train Acc: 0.3548 | Val Loss: 2.8529 | Val Acc: 0.5037
2026-08-25 12:23:47 [INFO] ✓ Saved best model: Val Acc=0.5037 at epoch 6
2026-08-25 12:23:49 [INFO] Epoch 007 | Train Loss: 1.8732 | Train Acc: 0.4389 | Val Loss: 1.6391 | Val Acc: 0.4926
2026-08-25 12:23:50 [INFO] Epoch 008 | Train Loss: 1.8864 | Train Acc: 0.4294 | Val Loss: 1.4113 | Val Acc: 0.5000
2026-08-25 12:23:54 [INFO] Epoch 009 | Train Loss: 1.6309 | Train Acc: 0.4651 | Val Loss: 1.3928 | Val Acc: 0.5852
2026-08-25 12:23:54 [INFO] ✓ Saved best model: Val Acc=0.5852 at epoch 9
2026-08-25 12:23:56 [INFO] Epoch 010 | Train Loss: 1.6401 | Train Acc: 0.4659 | Val Loss: 1.1454 | Val Acc: 0.6222
2026-08-25 12:23:56 [INFO] ✓ Saved best model: Val Acc=0.6222 at epoch 10
2026-08-25 12:23:57 [INFO] Epoch 011 | Train Loss: 1.4932 | Train Acc: 0.5095 | Val Loss: 1.3613 | Val Acc: 0.6000
2026-08-25 12:23:59 [INFO] Epoch 012 | Train Loss: 1.2904 | Train Acc: 0.5698 | Val Loss: 0.9298 | Val Acc: 0.6556
2026-08-25 12:23:59 [INFO] ✓ Saved best model: Val Acc=0.6556 at epoch 12
2026-08-25 12:24:00 [INFO] Epoch 013 | Train Loss: 1.4639 | Train Acc: 0.5603 | Val Loss: 1.4243 | Val Acc: 0.6296
2026-08-25 12:24:02 [INFO] Epoch 014 | Train Loss: 1.3389 | Train Acc: 0.5706 | Val Loss: 1.0762 | Val Acc: 0.7481
2026-08-25 12:24:02 [INFO] ✓ Saved best model: Val Acc=0.7481 at epoch 14
2026-08-25 12:24:04 [INFO] Epoch 015 | Train Loss: 1.3071 | Train Acc: 0.5460 | Val Loss: 0.9895 | Val Acc: 0.6815
2026-08-25 12:24:05 [INFO] Epoch 016 | Train Loss: 1.3034 | Train Acc: 0.5833 | Val Loss: 1.0095 | Val Acc: 0.6926
2026-08-25 12:24:09 [INFO] Epoch 017 | Train Loss: 1.2642 | Train Acc: 0.5881 | Val Loss: 0.8646 | Val Acc: 0.7444
2026-08-25 12:24:11 [INFO] Epoch 018 | Train Loss: 1.1350 | Train Acc: 0.6143 | Val Loss: 0.7975 | Val Acc: 0.7259
2026-08-25 12:24:12 [INFO] Epoch 019 | Train Loss: 1.1760 | Train Acc: 0.6071 | Val Loss: 0.6918 | Val Acc: 0.7778
2026-08-25 12:24:12 [INFO] ✓ Saved best model: Val Acc=0.7778 at epoch 19
2026-08-25 12:24:14 [INFO] Epoch 020 | Train Loss: 1.0730 | Train Acc: 0.6143 | Val Loss: 0.9271 | Val Acc: 0.7815
2026-08-25 12:24:14 [INFO] ✓ Saved best model: Val Acc=0.7815 at epoch 20
2026-08-25 12:24:16 [INFO] Epoch 021 | Train Loss: 1.1659 | Train Acc: 0.6214 | Val Loss: 1.0191 | Val Acc: 0.7926
2026-08-25 12:24:16 [INFO] ✓ Saved best model: Val Acc=0.7926 at epoch 21
2026-08-25 12:24:17 [INFO] Epoch 022 | Train Loss: 1.0340 | Train Acc: 0.6524 | Val Loss: 0.8692 | Val Acc: 0.7407
2026-08-25 12:24:19 [INFO] Epoch 023 | Train Loss: 0.9500 | Train Acc: 0.6587 | Val Loss: 0.6085 | Val Acc: 0.8074
2026-08-25 12:24:19 [INFO] ✓ Saved best model: Val Acc=0.8074 at epoch 23
2026-08-25 12:24:20 [INFO] Epoch 024 | Train Loss: 1.0549 | Train Acc: 0.6532 | Val Loss: 0.7561 | Val Acc: 0.8148
2026-08-25 12:24:20 [INFO] ✓ Saved best model: Val Acc=0.8148 at epoch 24
2026-08-25 12:24:24 [INFO] Epoch 025 | Train Loss: 0.9706 | Train Acc: 0.6595 | Val Loss: 0.7014 | Val Acc: 0.8741
2026-08-25 12:24:24 [INFO] ✓ Saved best model: Val Acc=0.8741 at epoch 25
2026-08-25 12:24:25 [INFO] Epoch 026 | Train Loss: 0.9868 | Train Acc: 0.6587 | Val Loss: 0.5144 | Val Acc: 0.8407
2026-08-25 12:24:27 [INFO] Epoch 027 | Train Loss: 0.9476 | Train Acc: 0.6587 | Val Loss: 0.5130 | Val Acc: 0.8481
2026-08-25 12:24:28 [INFO] Epoch 028 | Train Loss: 0.8645 | Train Acc: 0.7048 | Val Loss: 0.5328 | Val Acc: 0.8741
2026-08-25 12:24:30 [INFO] Epoch 029 | Train Loss: 1.0278 | Train Acc: 0.6810 | Val Loss: 0.5330 | Val Acc: 0.8222
2026-08-25 12:24:31 [INFO] Epoch 030 | Train Loss: 0.8383 | Train Acc: 0.7111 | Val Loss: 0.7247 | Val Acc: 0.8259
2026-08-25 12:24:33 [INFO] Epoch 031 | Train Loss: 0.9244 | Train Acc: 0.6778 | Val Loss: 0.4663 | Val Acc: 0.8630
2026-08-25 12:24:34 [INFO] Epoch 032 | Train Loss: 0.8592 | Train Acc: 0.7095 | Val Loss: 0.5667 | Val Acc: 0.8185
2026-08-25 12:24:36 [INFO] Epoch 033 | Train Loss: 0.7845 | Train Acc: 0.7151 | Val Loss: 0.5193 | Val Acc: 0.8704
2026-08-25 12:24:40 [INFO] Epoch 034 | Train Loss: 0.7819 | Train Acc: 0.7246 | Val Loss: 0.6998 | Val Acc: 0.8852
2026-08-25 12:24:40 [INFO] ✓ Saved best model: Val Acc=0.8852 at epoch 34
2026-08-25 12:24:41 [INFO] Epoch 035 | Train Loss: 0.7932 | Train Acc: 0.7214 | Val Loss: 0.5544 | Val Acc: 0.8741
2026-08-25 12:24:43 [INFO] Epoch 036 | Train Loss: 0.7256 | Train Acc: 0.7484 | Val Loss: 0.4720 | Val Acc: 0.8556
2026-08-25 12:24:44 [INFO] Epoch 037 | Train Loss: 0.7893 | Train Acc: 0.7254 | Val Loss: 0.4857 | Val Acc: 0.8852
2026-08-25 12:24:46 [INFO] Epoch 038 | Train Loss: 0.7479 | Train Acc: 0.7206 | Val Loss: 0.4013 | Val Acc: 0.8815
2026-08-25 12:24:47 [INFO] Epoch 039 | Train Loss: 0.7533 | Train Acc: 0.7484 | Val Loss: 0.4072 | Val Acc: 0.8778
2026-08-25 12:24:49 [INFO] Epoch 040 | Train Loss: 0.7081 | Train Acc: 0.7698 | Val Loss: 0.4248 | Val Acc: 0.9074
2026-08-25 12:24:49 [INFO] ✓ Saved best model: Val Acc=0.9074 at epoch 40
2026-08-25 12:24:50 [INFO] Epoch 041 | Train Loss: 0.6320 | Train Acc: 0.7627 | Val Loss: 0.4820 | Val Acc: 0.8963
2026-08-25 12:24:54 [INFO] Epoch 042 | Train Loss: 0.5535 | Train Acc: 0.7913 | Val Loss: 0.4228 | Val Acc: 0.9037
2026-08-25 12:24:55 [INFO] Epoch 043 | Train Loss: 0.5871 | Train Acc: 0.7881 | Val Loss: 0.4107 | Val Acc: 0.8963
2026-08-25 12:24:57 [INFO] Epoch 044 | Train Loss: 0.6105 | Train Acc: 0.7762 | Val Loss: 0.3500 | Val Acc: 0.9037
2026-08-25 12:24:58 [INFO] Epoch 045 | Train Loss: 0.5710 | Train Acc: 0.7810 | Val Loss: 0.3399 | Val Acc: 0.8815
2026-08-25 12:25:00 [INFO] Epoch 046 | Train Loss: 0.5434 | Train Acc: 0.8048 | Val Loss: 0.3123 | Val Acc: 0.9074
2026-08-25 12:25:01 [INFO] Epoch 047 | Train Loss: 0.6144 | Train Acc: 0.7698 | Val Loss: 0.4086 | Val Acc: 0.9111
2026-08-25 12:25:01 [INFO] ✓ Saved best model: Val Acc=0.9111 at epoch 47
2026-08-25 12:25:03 [INFO] Epoch 048 | Train Loss: 0.5909 | Train Acc: 0.7929 | Val Loss: 0.3813 | Val Acc: 0.8889
2026-08-25 12:25:04 [INFO] Epoch 049 | Train Loss: 0.5709 | Train Acc: 0.7984 | Val Loss: 0.4080 | Val Acc: 0.8926
2026-08-25 12:25:06 [INFO] Epoch 050 | Train Loss: 0.5712 | Train Acc: 0.7913 | Val Loss: 0.3693 | Val Acc: 0.8963
2026-08-25 12:25:10 [INFO] Epoch 051 | Train Loss: 0.5509 | Train Acc: 0.7929 | Val Loss: 0.4702 | Val Acc: 0.8815
2026-08-25 12:25:11 [INFO] Epoch 052 | Train Loss: 0.5916 | Train Acc: 0.7762 | Val Loss: 0.4477 | Val Acc: 0.8963
2026-08-25 12:25:13 [INFO] Epoch 053 | Train Loss: 0.5474 | Train Acc: 0.8016 | Val Loss: 0.4195 | Val Acc: 0.8926
2026-08-25 12:25:14 [INFO] Epoch 054 | Train Loss: 0.5495 | Train Acc: 0.7984 | Val Loss: 0.4695 | Val Acc: 0.9037
2026-08-25 12:25:16 [INFO] Epoch 055 | Train Loss: 0.5443 | Train Acc: 0.8079 | Val Loss: 0.3805 | Val Acc: 0.9074
2026-08-25 12:25:17 [INFO] Epoch 056 | Train Loss: 0.5082 | Train Acc: 0.8016 | Val Loss: 0.3181 | Val Acc: 0.8963
2026-08-25 12:25:19 [INFO] Epoch 057 | Train Loss: 0.5717 | Train Acc: 0.7889 | Val Loss: 0.3313 | Val Acc: 0.9222
2026-08-25 12:25:19 [INFO] ✓ Saved best model: Val Acc=0.9222 at epoch 57
2026-08-25 12:25:20 [INFO] Epoch 058 | Train Loss: 0.5259 | Train Acc: 0.8071 | Val Loss: 0.4073 | Val Acc: 0.8667
2026-08-25 12:25:23 [INFO] Epoch 059 | Train Loss: 0.5798 | Train Acc: 0.7865 | Val Loss: 0.3586 | Val Acc: 0.8963
2026-08-25 12:25:25 [INFO] Epoch 060 | Train Loss: 0.5347 | Train Acc: 0.8016 | Val Loss: 0.5104 | Val Acc: 0.8926
2026-08-25 12:25:27 [INFO] Epoch 061 | Train Loss: 0.5110 | Train Acc: 0.8087 | Val Loss: 0.3462 | Val Acc: 0.9148
2026-08-25 12:25:28 [INFO] Epoch 062 | Train Loss: 0.5220 | Train Acc: 0.8270 | Val Loss: 0.3138 | Val Acc: 0.9000
2026-08-25 12:25:30 [INFO] Epoch 063 | Train Loss: 0.4962 | Train Acc: 0.8206 | Val Loss: 0.4258 | Val Acc: 0.8926
2026-08-25 12:25:31 [INFO] Epoch 064 | Train Loss: 0.5624 | Train Acc: 0.8056 | Val Loss: 0.4403 | Val Acc: 0.8852
2026-08-25 12:25:33 [INFO] Epoch 065 | Train Loss: 0.5204 | Train Acc: 0.8024 | Val Loss: 0.3124 | Val Acc: 0.8963
2026-08-25 12:25:34 [INFO] Epoch 066 | Train Loss: 0.5540 | Train Acc: 0.7937 | Val Loss: 0.3976 | Val Acc: 0.9148
2026-08-25 12:25:36 [INFO] Epoch 067 | Train Loss: 0.5834 | Train Acc: 0.7889 | Val Loss: 0.4695 | Val Acc: 0.9000
2026-08-25 12:25:40 [INFO] Epoch 068 | Train Loss: 0.5298 | Train Acc: 0.8040 | Val Loss: 0.4305 | Val Acc: 0.8926
2026-08-25 12:25:41 [INFO] Epoch 069 | Train Loss: 0.5392 | Train Acc: 0.8056 | Val Loss: 0.3712 | Val Acc: 0.8889
2026-08-25 12:25:43 [INFO] Epoch 070 | Train Loss: 0.5453 | Train Acc: 0.8048 | Val Loss: 0.3740 | Val Acc: 0.9000
2026-08-25 12:25:44 [INFO] Epoch 071 | Train Loss: 0.5132 | Train Acc: 0.8119 | Val Loss: 0.3668 | Val Acc: 0.9074
2026-08-25 12:25:46 [INFO] Epoch 072 | Train Loss: 0.5367 | Train Acc: 0.8151 | Val Loss: 0.5048 | Val Acc: 0.8963
2026-08-25 12:25:47 [INFO] Epoch 073 | Train Loss: 0.5708 | Train Acc: 0.7913 | Val Loss: 0.4134 | Val Acc: 0.9111
2026-08-25 12:25:49 [INFO] Epoch 074 | Train Loss: 0.5277 | Train Acc: 0.8246 | Val Loss: 0.3984 | Val Acc: 0.8815
2026-08-25 12:25:50 [INFO] Epoch 075 | Train Loss: 0.4944 | Train Acc: 0.8111 | Val Loss: 0.3774 | Val Acc: 0.9000
2026-08-25 12:25:54 [INFO] Epoch 076 | Train Loss: 0.4977 | Train Acc: 0.8111 | Val Loss: 0.3317 | Val Acc: 0.9148
2026-08-25 12:25:56 [INFO] Epoch 077 | Train Loss: 0.4876 | Train Acc: 0.8222 | Val Loss: 0.3831 | Val Acc: 0.9000
2026-08-25 12:25:57 [INFO] Epoch 078 | Train Loss: 0.4931 | Train Acc: 0.8286 | Val Loss: 0.2829 | Val Acc: 0.9037
2026-08-25 12:25:59 [INFO] Epoch 079 | Train Loss: 0.4960 | Train Acc: 0.8206 | Val Loss: 0.3819 | Val Acc: 0.8963
2026-08-25 12:26:00 [INFO] Epoch 080 | Train Loss: 0.5341 | Train Acc: 0.7897 | Val Loss: 0.3326 | Val Acc: 0.9000
2026-08-25 12:26:02 [INFO] Epoch 081 | Train Loss: 0.4725 | Train Acc: 0.8262 | Val Loss: 0.3564 | Val Acc: 0.9074
2026-08-25 12:26:03 [INFO] Epoch 082 | Train Loss: 0.4973 | Train Acc: 0.8071 | Val Loss: 0.3769 | Val Acc: 0.8704
2026-08-25 12:26:05 [INFO] Epoch 083 | Train Loss: 0.4874 | Train Acc: 0.8317 | Val Loss: 0.3932 | Val Acc: 0.9222
2026-08-25 12:26:07 [INFO] Epoch 084 | Train Loss: 0.5018 | Train Acc: 0.8103 | Val Loss: 0.3248 | Val Acc: 0.9037
2026-08-25 12:26:10 [INFO] Epoch 085 | Train Loss: 0.5291 | Train Acc: 0.8024 | Val Loss: 0.2884 | Val Acc: 0.9185
2026-08-25 12:26:11 [INFO] Epoch 086 | Train Loss: 0.4776 | Train Acc: 0.8333 | Val Loss: 0.3485 | Val Acc: 0.9000
2026-08-25 12:26:13 [INFO] Epoch 087 | Train Loss: 0.5056 | Train Acc: 0.8238 | Val Loss: 0.5397 | Val Acc: 0.9037
2026-08-25 12:26:13 [INFO] ⏹ Early stopping tại epoch 87 (không cải thiện sau 30 epoch, best=0.9222)
2026-08-25 12:26:13 [INFO] Evaluating Best Model on TEST Set...
2026-08-25 12:26:13 [INFO] 
[RESUME] Đang nạp checkpoint từ: /home/biu-linux/DeepLearning_Projects/DoAnNganh/HybricMamba/Ressult/TFJ/MOBILENETV3_SMALL/NEU-DET_surface-dec/MOBILENETV3_SMALL_best.pth
2026-08-25 12:26:13 [INFO] 🎯 [TEST RESULT] Test Acc: 0.9037 | F1-Macro: 0.9032 | F1-Weighted: 0.9032
