
2026-08-19 16:12:03,140 [INFO] Start Training — model: CNNMambaCNNMambaEnhancedV4
2026-08-19 16:14:00,540 [INFO] Epoch 0/100 | Accuracy: 0.5618 | Loss: 4.2197 | LR: 0.000240
2026-08-19 16:14:00,552 [INFO] Best model saved — Accuracy: 0.5618 Epoch: 0
2026-08-19 16:15:58,925 [INFO] Epoch 1/100 | Accuracy: 0.8839 | Loss: 2.1960 | LR: 0.000430
2026-08-19 16:15:58,955 [INFO] Best model saved — Accuracy: 0.8839 Epoch: 1
2026-08-19 16:17:57,126 [INFO] Epoch 2/100 | Accuracy: 0.9120 | Loss: 1.3075 | LR: 0.000620
2026-08-19 16:17:57,144 [INFO] Best model saved — Accuracy: 0.9120 Epoch: 2
2026-08-19 16:19:57,986 [INFO] Epoch 3/100 | Accuracy: 0.9218 | Loss: 0.9581 | LR: 0.000810
2026-08-19 16:19:58,003 [INFO] Best model saved — Accuracy: 0.9218 Epoch: 3
2026-08-19 16:21:51,706 [INFO] Epoch 4/100 | Accuracy: 0.9284 | Loss: 0.8150 | LR: 0.001000
2026-08-19 16:21:51,734 [INFO] Best model saved — Accuracy: 0.9284 Epoch: 4
2026-08-19 16:23:40,027 [INFO] Epoch 5/100 | Accuracy: 0.9367 | Loss: 0.7381 | LR: 0.001000
2026-08-19 16:23:40,046 [INFO] Best model saved — Accuracy: 0.9367 Epoch: 5
2026-08-19 16:25:30,998 [INFO] Epoch 6/100 | Accuracy: 0.9410 | Loss: 0.6664 | LR: 0.001000
2026-08-19 16:25:31,011 [INFO] Best model saved — Accuracy: 0.9410 Epoch: 6
2026-08-19 16:27:22,164 [INFO] Epoch 7/100 | Accuracy: 0.9377 | Loss: 0.6221 | LR: 0.001000
2026-08-19 16:29:11,887 [INFO] Epoch 8/100 | Accuracy: 0.9450 | Loss: 0.5938 | LR: 0.001000
2026-08-19 16:29:11,906 [INFO] Best model saved — Accuracy: 0.9450 Epoch: 8
2026-08-19 16:31:00,862 [INFO] Epoch 9/100 | Accuracy: 0.9440 | Loss: 0.5732 | LR: 0.001000
2026-08-19 16:32:52,932 [INFO] Epoch 10/100 | Accuracy: 0.9433 | Loss: 0.5538 | LR: 0.001000
2026-08-19 16:34:47,391 [INFO] Epoch 11/100 | Accuracy: 0.9486 | Loss: 0.5381 | LR: 0.001000
2026-08-19 16:34:47,407 [INFO] Best model saved — Accuracy: 0.9486 Epoch: 11
2026-08-19 16:36:41,101 [INFO] Epoch 12/100 | Accuracy: 0.9478 | Loss: 0.5254 | LR: 0.001000
2026-08-19 16:38:33,082 [INFO] Epoch 13/100 | Accuracy: 0.9478 | Loss: 0.5159 | LR: 0.001000
2026-08-19 16:40:25,654 [INFO] Epoch 14/100 | Accuracy: 0.9535 | Loss: 0.5073 | LR: 0.001000
2026-08-19 16:40:25,672 [INFO] Best model saved — Accuracy: 0.9535 Epoch: 14
2026-08-19 16:42:18,449 [INFO] Epoch 15/100 | Accuracy: 0.9455 | Loss: 0.4992 | LR: 0.001000
2026-08-19 16:44:09,746 [INFO] Epoch 16/100 | Accuracy: 0.9476 | Loss: 0.4952 | LR: 0.001000
2026-08-19 16:46:09,841 [INFO] Epoch 17/100 | Accuracy: 0.9502 | Loss: 0.4881 | LR: 0.001000
2026-08-19 16:48:09,624 [INFO] Epoch 18/100 | Accuracy: 0.9511 | Loss: 0.4817 | LR: 0.001000
2026-08-19 16:50:11,633 [INFO] Epoch 19/100 | Accuracy: 0.9506 | Loss: 0.4765 | LR: 0.001000
2026-08-19 16:52:07,020 [INFO] Epoch 20/100 | Accuracy: 0.9506 | Loss: 0.4731 | LR: 0.001000
2026-08-19 16:53:59,017 [INFO] Epoch 21/100 | Accuracy: 0.9531 | Loss: 0.4695 | LR: 0.001000
2026-08-19 16:55:52,167 [INFO] Epoch 22/100 | Accuracy: 0.9514 | Loss: 0.4651 | LR: 0.001000
2026-08-19 16:57:44,137 [INFO] Epoch 23/100 | Accuracy: 0.9534 | Loss: 0.4638 | LR: 0.001000
2026-08-19 16:59:36,580 [INFO] Epoch 24/100 | Accuracy: 0.9498 | Loss: 0.4606 | LR: 0.000100
2026-08-19 17:01:34,181 [INFO] Epoch 25/100 | Accuracy: 0.9656 | Loss: 0.3626 | LR: 0.000100
2026-08-19 17:01:34,207 [INFO] Best model saved — Accuracy: 0.9656 Epoch: 25
2026-08-19 17:03:27,267 [INFO] Epoch 26/100 | Accuracy: 0.9667 | Loss: 0.3455 | LR: 0.000100
2026-08-19 17:03:27,285 [INFO] Best model saved — Accuracy: 0.9667 Epoch: 26
2026-08-19 17:05:19,656 [INFO] Epoch 27/100 | Accuracy: 0.9665 | Loss: 0.3407 | LR: 0.000100
2026-08-19 17:07:11,847 [INFO] Epoch 28/100 | Accuracy: 0.9674 | Loss: 0.3348 | LR: 0.000100
2026-08-19 17:07:11,865 [INFO] Best model saved — Accuracy: 0.9674 Epoch: 28
2026-08-19 17:09:05,079 [INFO] Epoch 29/100 | Accuracy: 0.9670 | Loss: 0.3341 | LR: 0.000100
2026-08-19 17:11:12,925 [INFO] Epoch 30/100 | Accuracy: 0.9680 | Loss: 0.3309 | LR: 0.000100
2026-08-19 17:11:12,939 [INFO] Best model saved — Accuracy: 0.9680 Epoch: 30
2026-08-19 17:13:15,855 [INFO] Epoch 31/100 | Accuracy: 0.9681 | Loss: 0.3290 | LR: 0.000100
2026-08-19 17:13:15,873 [INFO] Best model saved — Accuracy: 0.9681 Epoch: 31
2026-08-19 17:15:10,992 [INFO] Epoch 32/100 | Accuracy: 0.9678 | Loss: 0.3279 | LR: 0.000100
2026-08-19 17:17:08,583 [INFO] Epoch 33/100 | Accuracy: 0.9681 | Loss: 0.3261 | LR: 0.000100
2026-08-19 17:17:08,597 [INFO] Best model saved — Accuracy: 0.9681 Epoch: 33
2026-08-19 17:19:11,190 [INFO] Epoch 34/100 | Accuracy: 0.9682 | Loss: 0.3276 | LR: 0.000100
2026-08-19 17:19:11,202 [INFO] Best model saved — Accuracy: 0.9682 Epoch: 34
2026-08-19 17:21:18,658 [INFO] Epoch 35/100 | Accuracy: 0.9694 | Loss: 0.3265 | LR: 0.000100
2026-08-19 17:21:18,675 [INFO] Best model saved — Accuracy: 0.9694 Epoch: 35
2026-08-19 17:23:17,273 [INFO] Epoch 36/100 | Accuracy: 0.9691 | Loss: 0.3244 | LR: 0.000100
2026-08-19 17:25:16,962 [INFO] Epoch 37/100 | Accuracy: 0.9675 | Loss: 0.3244 | LR: 0.000100
2026-08-19 17:27:08,124 [INFO] Epoch 38/100 | Accuracy: 0.9688 | Loss: 0.3239 | LR: 0.000100
2026-08-19 17:29:03,775 [INFO] Epoch 39/100 | Accuracy: 0.9687 | Loss: 0.3232 | LR: 0.000100
2026-08-19 17:31:01,381 [INFO] Epoch 40/100 | Accuracy: 0.9684 | Loss: 0.3239 | LR: 0.000100
2026-08-19 17:32:56,595 [INFO] Epoch 41/100 | Accuracy: 0.9688 | Loss: 0.3229 | LR: 0.000100
2026-08-19 17:34:47,875 [INFO] Epoch 42/100 | Accuracy: 0.9689 | Loss: 0.3223 | LR: 0.000100
2026-08-19 17:36:38,922 [INFO] Epoch 43/100 | Accuracy: 0.9694 | Loss: 0.3213 | LR: 0.000100
2026-08-19 17:36:38,942 [INFO] Best model saved — Accuracy: 0.9694 Epoch: 43
2026-08-19 17:38:28,217 [INFO] Epoch 44/100 | Accuracy: 0.9680 | Loss: 0.3237 | LR: 0.000010
2026-08-19 17:40:17,068 [INFO] Epoch 45/100 | Accuracy: 0.9706 | Loss: 0.3052 | LR: 0.000010
2026-08-19 17:40:17,087 [INFO] Best model saved — Accuracy: 0.9706 Epoch: 45
2026-08-19 17:42:07,689 [INFO] Epoch 46/100 | Accuracy: 0.9709 | Loss: 0.3024 | LR: 0.000010
2026-08-19 17:42:07,708 [INFO] Best model saved — Accuracy: 0.9709 Epoch: 46
2026-08-19 17:43:56,248 [INFO] Epoch 47/100 | Accuracy: 0.9709 | Loss: 0.3007 | LR: 0.000010
2026-08-19 17:43:56,266 [INFO] Best model saved — Accuracy: 0.9709 Epoch: 47
2026-08-19 17:45:47,359 [INFO] Epoch 48/100 | Accuracy: 0.9712 | Loss: 0.3007 | LR: 0.000010
2026-08-19 17:45:47,377 [INFO] Best model saved — Accuracy: 0.9712 Epoch: 48
2026-08-19 17:47:37,913 [INFO] Epoch 49/100 | Accuracy: 0.9711 | Loss: 0.2997 | LR: 0.000001
2026-08-19 17:49:30,241 [INFO] Epoch 50/100 | Accuracy: 0.9714 | Loss: 0.2982 | LR: 0.000001
2026-08-19 17:49:30,255 [INFO] Best model saved — Accuracy: 0.9714 Epoch: 50
2026-08-19 17:51:22,491 [INFO] Epoch 51/100 | Accuracy: 0.9715 | Loss: 0.2971 | LR: 0.000001
2026-08-19 17:51:22,509 [INFO] Best model saved — Accuracy: 0.9715 Epoch: 51
2026-08-19 17:53:21,047 [INFO] Epoch 52/100 | Accuracy: 0.9714 | Loss: 0.2971 | LR: 0.000001
2026-08-19 17:55:10,972 [INFO] Epoch 53/100 | Accuracy: 0.9712 | Loss: 0.2976 | LR: 0.000001
2026-08-19 17:57:03,766 [INFO] Epoch 54/100 | Accuracy: 0.9712 | Loss: 0.2972 | LR: 0.000001
2026-08-19 17:59:05,908 [INFO] Epoch 55/100 | Accuracy: 0.9714 | Loss: 0.2986 | LR: 0.000001
2026-08-19 18:01:13,548 [INFO] Epoch 56/100 | Accuracy: 0.9712 | Loss: 0.2981 | LR: 0.000001
2026-08-19 18:03:08,339 [INFO] Epoch 57/100 | Accuracy: 0.9716 | Loss: 0.2964 | LR: 0.000001
2026-08-19 18:03:08,356 [INFO] Best model saved — Accuracy: 0.9716 Epoch: 57

2026-08-20 20:01:19 [INFO] ============================================================
2026-08-20 20:01:19 [INFO] Starting training: CNNMambaCNNMambaEnhancedV4
2026-08-20 20:01:19 [INFO] Dataset: German
2026-08-20 20:01:19 [INFO] Device: cuda
2026-08-20 20:01:19 [INFO] GPU: NVIDIA GeForce RTX 3050 Laptop GPU
2026-08-20 20:01:19 [INFO] Batch size: 64
2026-08-20 20:01:19 [INFO] Num epochs: 100
2026-08-20 20:01:19 [INFO] Learning rate: 0.001
2026-08-20 20:01:19 [INFO] Weight decay: 0.02
2026-08-20 20:01:19 [INFO] Clip grad: 5.0
2026-08-20 20:01:19 [INFO] Label smoothing: 0.0
2026-08-20 20:01:19 [INFO] ============================================================
2026-08-20 20:01:20 [INFO] Số nhãn (classes): 43
2026-08-20 20:01:20 [INFO] Tổng số ảnh: 564012
2026-08-20 20:01:20 [INFO] Train: 451209 | Test: 112803
2026-08-20 20:03:31 [INFO] Epoch 0 | Acc: 0.8775 | Loss: 2.2458 | Eval Loss: 0.4232 | LR: 0.001000
2026-08-20 20:03:31 [INFO] ✓ Saved best model: Acc=0.8775 at epoch 0
2026-08-20 20:05:42 [INFO] Epoch 1 | Acc: 0.9072 | Loss: 1.1806 | Eval Loss: 0.3181 | LR: 0.001000
2026-08-20 20:05:42 [INFO] ✓ Saved best model: Acc=0.9072 at epoch 1
2026-08-20 20:07:51 [INFO] Epoch 2 | Acc: 0.9177 | Loss: 0.9559 | Eval Loss: 0.2821 | LR: 0.000999
2026-08-20 20:07:51 [INFO] ✓ Saved best model: Acc=0.9177 at epoch 2
2026-08-20 20:09:59 [INFO] Epoch 3 | Acc: 0.9235 | Loss: 0.8584 | Eval Loss: 0.2617 | LR: 0.000998
2026-08-20 20:09:59 [INFO] ✓ Saved best model: Acc=0.9235 at epoch 3
2026-08-20 20:12:08 [INFO] Epoch 4 | Acc: 0.9309 | Loss: 0.7979 | Eval Loss: 0.2372 | LR: 0.000996
2026-08-20 20:12:08 [INFO] ✓ Saved best model: Acc=0.9309 at epoch 4
2026-08-20 20:15:58 [INFO] Epoch 5 | Acc: 0.9338 | Loss: 0.7592 | Eval Loss: 0.2304 | LR: 0.000994
2026-08-20 20:15:58 [INFO] ✓ Saved best model: Acc=0.9338 at epoch 5
2026-08-20 20:18:37 [INFO] Epoch 6 | Acc: 0.9316 | Loss: 0.7300 | Eval Loss: 0.2381 | LR: 0.000991
2026-08-20 20:20:35 [INFO] Epoch 7 | Acc: 0.9326 | Loss: 0.7114 | Eval Loss: 0.2306 | LR: 0.000988
2026-08-20 20:22:34 [INFO] Epoch 8 | Acc: 0.9368 | Loss: 0.6923 | Eval Loss: 0.2220 | LR: 0.000984
2026-08-20 20:22:34 [INFO] ✓ Saved best model: Acc=0.9368 at epoch 8
2026-08-20 20:24:32 [INFO] Epoch 9 | Acc: 0.9425 | Loss: 0.6795 | Eval Loss: 0.2000 | LR: 0.000980
2026-08-20 20:24:32 [INFO] ✓ Saved best model: Acc=0.9425 at epoch 9
2026-08-20 20:26:30 [INFO] Epoch 10 | Acc: 0.9360 | Loss: 0.6690 | Eval Loss: 0.2181 | LR: 0.000976
2026-08-20 20:28:35 [INFO] Epoch 11 | Acc: 0.9378 | Loss: 0.6555 | Eval Loss: 0.2151 | LR: 0.000970
2026-08-20 20:30:39 [INFO] Epoch 12 | Acc: 0.9357 | Loss: 0.6492 | Eval Loss: 0.2207 | LR: 0.000965
2026-08-20 20:32:41 [INFO] Epoch 13 | Acc: 0.9388 | Loss: 0.6402 | Eval Loss: 0.2173 | LR: 0.000959
2026-08-20 20:34:43 [INFO] Epoch 14 | Acc: 0.9434 | Loss: 0.6370 | Eval Loss: 0.1952 | LR: 0.000952
2026-08-20 20:34:43 [INFO] ✓ Saved best model: Acc=0.9434 at epoch 14
2026-08-20 20:36:49 [INFO] Epoch 15 | Acc: 0.9416 | Loss: 0.6298 | Eval Loss: 0.2018 | LR: 0.000946
2026-08-20 20:38:50 [INFO] Epoch 16 | Acc: 0.9431 | Loss: 0.6264 | Eval Loss: 0.1994 | LR: 0.000938
2026-08-20 20:40:51 [INFO] Epoch 17 | Acc: 0.9348 | Loss: 0.6209 | Eval Loss: 0.2230 | LR: 0.000930
2026-08-20 20:42:51 [INFO] Epoch 18 | Acc: 0.9473 | Loss: 0.6160 | Eval Loss: 0.1796 | LR: 0.000922
2026-08-20 20:42:51 [INFO] ✓ Saved best model: Acc=0.9473 at epoch 18
2026-08-20 20:44:53 [INFO] Epoch 19 | Acc: 0.9423 | Loss: 0.6112 | Eval Loss: 0.2042 | LR: 0.000914
2026-08-20 20:46:58 [INFO] Epoch 20 | Acc: 0.9456 | Loss: 0.6060 | Eval Loss: 0.1933 | LR: 0.000905
2026-08-20 20:48:57 [INFO] Epoch 21 | Acc: 0.9468 | Loss: 0.6007 | Eval Loss: 0.1918 | LR: 0.000895
2026-08-20 20:50:55 [INFO] Epoch 22 | Acc: 0.9439 | Loss: 0.6013 | Eval Loss: 0.1930 | LR: 0.000885
2026-08-20 20:52:56 [INFO] Epoch 23 | Acc: 0.9425 | Loss: 0.5963 | Eval Loss: 0.2003 | LR: 0.000875
2026-08-20 20:54:59 [INFO] Epoch 24 | Acc: 0.9339 | Loss: 0.5887 | Eval Loss: 0.2257 | LR: 0.000865
2026-08-20 20:56:54 [INFO] Epoch 25 | Acc: 0.9493 | Loss: 0.5870 | Eval Loss: 0.1774 | LR: 0.000854
2026-08-20 20:56:54 [INFO] ✓ Saved best model: Acc=0.9493 at epoch 25
2026-08-20 20:58:55 [INFO] Epoch 26 | Acc: 0.9420 | Loss: 0.5831 | Eval Loss: 0.2052 | LR: 0.000842
2026-08-20 21:00:58 [INFO] Epoch 27 | Acc: 0.9417 | Loss: 0.5788 | Eval Loss: 0.2014 | LR: 0.000831
2026-08-20 21:02:56 [INFO] Epoch 28 | Acc: 0.9383 | Loss: 0.5793 | Eval Loss: 0.2153 | LR: 0.000819
2026-08-20 21:05:00 [INFO] Epoch 29 | Acc: 0.9432 | Loss: 0.5752 | Eval Loss: 0.2005 | LR: 0.000807
2026-08-20 21:06:59 [INFO] Epoch 30 | Acc: 0.9514 | Loss: 0.5729 | Eval Loss: 0.1709 | LR: 0.000794
2026-08-20 21:06:59 [INFO] ✓ Saved best model: Acc=0.9514 at epoch 30
2026-08-20 21:09:00 [INFO] Epoch 31 | Acc: 0.9281 | Loss: 0.5713 | Eval Loss: 0.3390 | LR: 0.000781
2026-08-20 21:11:04 [INFO] Epoch 32 | Acc: 0.9386 | Loss: 0.5690 | Eval Loss: 0.2114 | LR: 0.000768
2026-08-20 21:13:02 [INFO] Epoch 33 | Acc: 0.9435 | Loss: 0.5661 | Eval Loss: 0.2031 | LR: 0.000755
2026-08-20 21:15:06 [INFO] Epoch 34 | Acc: 0.9437 | Loss: 0.5614 | Eval Loss: 0.2024 | LR: 0.000741
2026-08-20 21:17:14 [INFO] Epoch 35 | Acc: 0.9454 | Loss: 0.5578 | Eval Loss: 0.1899 | LR: 0.000727
2026-08-20 21:19:26 [INFO] Epoch 36 | Acc: 0.9454 | Loss: 0.5551 | Eval Loss: 0.1913 | LR: 0.000713
2026-08-20 21:21:28 [INFO] Epoch 37 | Acc: 0.9489 | Loss: 0.5569 | Eval Loss: 0.1783 | LR: 0.000699
2026-08-20 21:23:31 [INFO] Epoch 38 | Acc: 0.9486 | Loss: 0.5512 | Eval Loss: 0.1736 | LR: 0.000684
2026-08-20 21:25:33 [INFO] Epoch 39 | Acc: 0.9439 | Loss: 0.5498 | Eval Loss: 0.1959 | LR: 0.000670
2026-08-20 21:27:33 [INFO] Epoch 40 | Acc: 0.9469 | Loss: 0.5484 | Eval Loss: 0.1865 | LR: 0.000655
2026-08-20 21:29:37 [INFO] Epoch 41 | Acc: 0.9483 | Loss: 0.5441 | Eval Loss: 0.2015 | LR: 0.000640
2026-08-20 21:31:41 [INFO] Epoch 42 | Acc: 0.9426 | Loss: 0.5439 | Eval Loss: 0.2256 | LR: 0.000625
2026-08-20 21:33:41 [INFO] Epoch 43 | Acc: 0.9481 | Loss: 0.5407 | Eval Loss: 0.1780 | LR: 0.000609
2026-08-20 21:36:01 [INFO] Epoch 44 | Acc: 0.9492 | Loss: 0.5394 | Eval Loss: 0.1747 | LR: 0.000594
2026-08-20 21:38:11 [INFO] Epoch 45 | Acc: 0.9520 | Loss: 0.5348 | Eval Loss: 0.1686 | LR: 0.000579
2026-08-20 21:38:11 [INFO] ✓ Saved best model: Acc=0.9520 at epoch 45
2026-08-20 21:38:44 [INFO] ============================================================
2026-08-20 21:38:44 [INFO] Starting training: CNNMambaCNNMambaEnhancedV4
2026-08-20 21:38:44 [INFO] Dataset: German
2026-08-20 21:38:44 [INFO] Device: cuda
2026-08-20 21:38:44 [INFO] GPU: NVIDIA GeForce RTX 3050 Laptop GPU
2026-08-20 21:38:44 [INFO] Batch size: 64
2026-08-20 21:38:44 [INFO] Num epochs: 110
2026-08-20 21:38:44 [INFO] Learning rate: 0.001
2026-08-20 21:38:44 [INFO] Weight decay: 0.02
2026-08-20 21:38:44 [INFO] Clip grad: 5.0
2026-08-20 21:38:44 [INFO] Label smoothing: 0.0
2026-08-20 21:38:44 [INFO] ============================================================
2026-08-20 21:38:45 [INFO] Số nhãn (classes): 43
2026-08-20 21:38:45 [INFO] Tổng số ảnh: 564012
2026-08-20 21:38:46 [INFO] Train: 451209 | Test: 112803
2026-08-20 21:38:46 [INFO] 
[RESUME] Đang nạp checkpoint từ: /home/biu-linux/DeepLearning_Projects/DoAnNganh/HybricMamba/Ressult/TFJ/CNNMambaCNNMambaEnhancedV4/German/CNNMambaCNNMambaEnhancedV4_train_on_German.pth
2026-08-20 21:38:46 [INFO] --> Tìm thấy weights trong Key: 'model_state_dict'
2026-08-20 21:38:46 [INFO] --> Epoch tiếp theo: 58
2026-08-20 21:38:46 [INFO] --> Best Accuracy: 0.9716
2026-08-20 21:38:46 [INFO] 
[SANITY CHECK] Mẫu thử ngay sau khi nạp Weights:
2026-08-20 21:38:46 [INFO] --> Batch Loss: 0.0428 | Batch Accuracy: 98.44%
2026-08-20 21:38:46 [INFO] ✅ CHECKPOINT HỢP LỆ! Bắt đầu Fine-tune...
2026-08-20 21:40:46 [INFO] Epoch 58 | Acc: 0.9656 | Loss: 0.7443 | Eval Loss: 0.1212 | LR: 0.000050
2026-08-20 21:42:44 [INFO] Epoch 59 | Acc: 0.9654 | Loss: 0.6370 | Eval Loss: 0.1232 | LR: 0.000050
2026-08-20 21:44:22 [INFO] ============================================================
2026-08-20 21:44:22 [INFO] Starting training: CNNMambaCNNMambaEnhancedV4
2026-08-20 21:44:22 [INFO] Dataset: German
2026-08-20 21:44:22 [INFO] Device: cuda
2026-08-20 21:44:22 [INFO] GPU: NVIDIA GeForce RTX 3050 Laptop GPU
2026-08-20 21:44:22 [INFO] Batch size: 64
2026-08-20 21:44:22 [INFO] Num epochs: 110
2026-08-20 21:44:22 [INFO] Learning rate: 0.001
2026-08-20 21:44:22 [INFO] Weight decay: 0.02
2026-08-20 21:44:22 [INFO] Clip grad: 5.0
2026-08-20 21:44:22 [INFO] Label smoothing: 0.0
2026-08-20 21:44:22 [INFO] ============================================================
2026-08-20 21:44:23 [INFO] Số nhãn (classes): 43
2026-08-20 21:44:23 [INFO] Tổng số ảnh: 564012
2026-08-20 21:44:24 [INFO] Train: 451209 | Test: 112803
2026-08-20 21:44:24 [INFO] 
[RESUME] Đang nạp checkpoint từ: /home/biu-linux/DeepLearning_Projects/DoAnNganh/HybricMamba/Ressult/TFJ/CNNMambaCNNMambaEnhancedV4/German/CNNMambaCNNMambaEnhancedV4_best.pth
2026-08-20 21:44:24 [INFO] --> Tìm thấy weights trong Key: 'model_state_dict'
2026-08-20 21:44:24 [INFO] --> Epoch tiếp theo: 46
2026-08-20 21:44:24 [INFO] --> Best Accuracy: 0.9520
2026-08-20 21:44:24 [INFO] 
[SANITY CHECK] Mẫu thử ngay sau khi nạp Weights:
2026-08-20 21:44:24 [INFO] --> Batch Loss: 0.0776 | Batch Accuracy: 98.44%
2026-08-20 21:44:24 [INFO] ✅ CHECKPOINT HỢP LỆ! Bắt đầu Fine-tune...
2026-08-20 21:46:17 [INFO] Epoch 46 | Acc: 0.9611 | Loss: 0.4881 | Eval Loss: 0.1375 | LR: 0.000200
2026-08-20 21:46:17 [INFO] ✓ Saved best model: Acc=0.9611 at epoch 46
2026-08-20 21:48:15 [INFO] Epoch 47 | Acc: 0.9612 | Loss: 0.4814 | Eval Loss: 0.1357 | LR: 0.000200
2026-08-20 21:48:15 [INFO] ✓ Saved best model: Acc=0.9612 at epoch 47
2026-08-20 21:50:12 [INFO] Epoch 48 | Acc: 0.9602 | Loss: 0.4792 | Eval Loss: 0.1389 | LR: 0.000200
2026-08-20 21:52:08 [INFO] Epoch 49 | Acc: 0.9606 | Loss: 0.4811 | Eval Loss: 0.1394 | LR: 0.000200
2026-08-20 21:54:04 [INFO] Epoch 50 | Acc: 0.9639 | Loss: 0.4570 | Eval Loss: 0.1265 | LR: 0.000050
2026-08-20 21:54:05 [INFO] ✓ Saved best model: Acc=0.9639 at epoch 50
2026-08-20 21:56:02 [INFO] Epoch 51 | Acc: 0.9640 | Loss: 0.4527 | Eval Loss: 0.1258 | LR: 0.000050
2026-08-20 21:56:02 [INFO] ✓ Saved best model: Acc=0.9640 at epoch 51
2026-08-20 21:57:57 [INFO] Epoch 52 | Acc: 0.9653 | Loss: 0.4534 | Eval Loss: 0.1220 | LR: 0.000050
2026-08-20 21:57:57 [INFO] ✓ Saved best model: Acc=0.9653 at epoch 52
2026-08-20 22:00:01 [INFO] ============================================================
2026-08-20 22:00:01 [INFO] Starting training: CNNMambaCNNMambaEnhancedV4
2026-08-20 22:00:01 [INFO] Dataset: German
2026-08-20 22:00:01 [INFO] Device: cuda
2026-08-20 22:00:01 [INFO] GPU: NVIDIA GeForce RTX 3050 Laptop GPU
2026-08-20 22:00:01 [INFO] Batch size: 64
2026-08-20 22:00:01 [INFO] Num epochs: 110
2026-08-20 22:00:01 [INFO] Learning rate: 0.001
2026-08-20 22:00:01 [INFO] Weight decay: 0.02
2026-08-20 22:00:01 [INFO] Clip grad: 5.0
2026-08-20 22:00:01 [INFO] Label smoothing: 0.0
2026-08-20 22:00:01 [INFO] ============================================================
2026-08-20 22:00:02 [INFO] Số nhãn (classes): 43
2026-08-20 22:00:02 [INFO] Tổng số ảnh: 564012
2026-08-20 22:00:02 [INFO] Train: 451209 | Test: 112803
2026-08-20 22:00:02 [INFO] 
[RESUME] Đang nạp checkpoint từ: /home/biu-linux/DeepLearning_Projects/DoAnNganh/HybricMamba/Ressult/TFJ/CNNMambaCNNMambaEnhancedV4/German/CNNMambaCNNMambaEnhancedV4_best.pth
2026-08-20 22:00:02 [INFO] --> Tìm thấy weights trong Key: 'model_state_dict'
2026-08-20 22:00:02 [INFO] --> Epoch tiếp theo: 53
2026-08-20 22:00:02 [INFO] --> Best Accuracy: 0.9653
2026-08-20 22:00:02 [INFO] 
[SANITY CHECK] Mẫu thử ngay sau khi nạp Weights:
2026-08-20 22:00:02 [INFO] --> Batch Loss: 0.0424 | Batch Accuracy: 98.44%
2026-08-20 22:00:02 [INFO] ✅ CHECKPOINT HỢP LỆ! Bắt đầu Fine-tune...
2026-08-20 22:01:57 [INFO] Epoch 53 | Acc: 0.9643 | Loss: 0.4483 | Eval Loss: 0.1257 | LR: 0.000050
2026-08-20 22:03:52 [INFO] Epoch 54 | Acc: 0.9653 | Loss: 0.4471 | Eval Loss: 0.1207 | LR: 0.000050
2026-08-20 22:05:45 [INFO] Epoch 55 | Acc: 0.9652 | Loss: 0.4417 | Eval Loss: 0.1220 | LR: 0.000020
2026-08-20 22:07:39 [INFO] Epoch 56 | Acc: 0.9649 | Loss: 0.4413 | Eval Loss: 0.1225 | LR: 0.000020
2026-08-20 22:09:33 [INFO] Epoch 57 | Acc: 0.9652 | Loss: 0.4431 | Eval Loss: 0.1209 | LR: 0.000020
2026-08-20 22:11:29 [INFO] Epoch 58 | Acc: 0.9650 | Loss: 0.4416 | Eval Loss: 0.1211 | LR: 0.000020
2026-08-20 22:13:24 [INFO] Epoch 59 | Acc: 0.9661 | Loss: 0.4432 | Eval Loss: 0.1189 | LR: 0.000020
2026-08-20 22:13:24 [INFO] ✓ Saved best model: Acc=0.9661 at epoch 59
2026-08-20 22:15:21 [INFO] Epoch 60 | Acc: 0.9656 | Loss: 0.4426 | Eval Loss: 0.1203 | LR: 0.000005
2026-08-20 22:17:37 [INFO] ============================================================
2026-08-20 22:17:37 [INFO] Starting training: CNNMambaCNNMambaEnhancedV4
2026-08-20 22:17:37 [INFO] Dataset: German
2026-08-20 22:17:37 [INFO] Device: cuda
2026-08-20 22:17:37 [INFO] GPU: NVIDIA GeForce RTX 3050 Laptop GPU
2026-08-20 22:17:37 [INFO] Batch size: 64
2026-08-20 22:17:37 [INFO] Num epochs: 110
2026-08-20 22:17:37 [INFO] Learning rate: 0.001
2026-08-20 22:17:37 [INFO] Weight decay: 0.02
2026-08-20 22:17:37 [INFO] Clip grad: 5.0
2026-08-20 22:17:37 [INFO] Label smoothing: 0.0
2026-08-20 22:17:37 [INFO] ============================================================
2026-08-20 22:17:37 [INFO] Số nhãn (classes): 43
2026-08-20 22:17:37 [INFO] Tổng số ảnh: 564012
2026-08-20 22:17:37 [INFO] Train: 451209 | Test: 112803
2026-08-20 22:17:37 [INFO] 
[RESUME] Đang nạp checkpoint từ: /home/biu-linux/DeepLearning_Projects/DoAnNganh/HybricMamba/Ressult/TFJ/CNNMambaCNNMambaEnhancedV4/German/CNNMambaCNNMambaEnhancedV4_best.pth
2026-08-20 22:17:38 [INFO] --> Tìm thấy weights trong Key: 'model_state_dict'
2026-08-20 22:17:38 [INFO] --> Epoch tiếp theo: 60
2026-08-20 22:17:38 [INFO] --> Best Accuracy: 0.9661
2026-08-20 22:17:38 [INFO] 
[SANITY CHECK] Mẫu thử ngay sau khi nạp Weights:
2026-08-20 22:17:38 [INFO] --> Batch Loss: 0.0389 | Batch Accuracy: 98.44%
2026-08-20 22:17:38 [INFO] ✅ CHECKPOINT HỢP LỆ! Bắt đầu Fine-tune...
2026-08-20 22:19:37 [INFO] Epoch 60 | Acc: 0.9655 | Loss: 0.4371 | Eval Loss: 0.1207 | LR: 0.000001
2026-08-20 22:22:13 [INFO] Epoch 61 | Acc: 0.9657 | Loss: 0.4354 | Eval Loss: 0.1192 | LR: 0.000001
2026-08-20 22:24:15 [INFO] Epoch 62 | Acc: 0.9655 | Loss: 0.4362 | Eval Loss: 0.1206 | LR: 0.000001
2026-08-20 22:26:15 [INFO] Epoch 63 | Acc: 0.9654 | Loss: 0.4364 | Eval Loss: 0.1203 | LR: 0.000001
2026-08-20 22:28:13 [INFO] Epoch 64 | Acc: 0.9657 | Loss: 0.4378 | Eval Loss: 0.1187 | LR: 0.000001
2026-08-20 22:30:11 [INFO] Epoch 65 | Acc: 0.9659 | Loss: 0.4359 | Eval Loss: 0.1183 | LR: 0.000000
2026-08-20 22:32:27 [INFO] Epoch 66 | Acc: 0.9661 | Loss: 0.4367 | Eval Loss: 0.1185 | LR: 0.000000
2026-08-20 22:32:27 [INFO] ✓ Saved best model: Acc=0.9661 at epoch 66
2026-08-20 22:34:35 [INFO] Epoch 67 | Acc: 0.9658 | Loss: 0.4416 | Eval Loss: 0.1195 | LR: 0.000000
2026-08-20 22:36:45 [INFO] Epoch 68 | Acc: 0.9653 | Loss: 0.4430 | Eval Loss: 0.1205 | LR: 0.000000
2026-08-20 22:38:56 [INFO] Epoch 69 | Acc: 0.9659 | Loss: 0.4407 | Eval Loss: 0.1187 | LR: 0.000000
2026-08-20 22:41:04 [INFO] Epoch 70 | Acc: 0.9659 | Loss: 0.4428 | Eval Loss: 0.1185 | LR: 0.000000
2026-08-20 22:57:39 [INFO] ============================================================
2026-08-20 22:57:39 [INFO] Starting training: CNNMambaCNNMambaEnhancedV4
2026-08-20 22:57:39 [INFO] Dataset: German
2026-08-20 22:57:39 [INFO] Dataset path: /home/biu-linux/DeepLearning_Projects/DoAnNganh/dataset_reOrgan
2026-08-20 22:57:39 [INFO] Device: cuda
2026-08-20 22:57:39 [INFO] GPU: NVIDIA GeForce RTX 3050 Laptop GPU
2026-08-20 22:57:39 [INFO] Batch size: 64
2026-08-20 22:57:39 [INFO] Num epochs: 110
2026-08-20 22:57:39 [INFO] Learning rate: 0.001
2026-08-20 22:57:39 [INFO] Weight decay: 0.02
2026-08-20 22:57:39 [INFO] Clip grad: 5.0
2026-08-20 22:57:39 [INFO] Label smoothing: 0.0
2026-08-20 22:57:39 [INFO] ============================================================
2026-08-20 22:57:39 [INFO] Số nhãn (classes): 43
2026-08-20 22:57:39 [INFO] Tổng số ảnh: 564012
2026-08-20 22:57:40 [INFO] Train: 451209 | Test: 112803
2026-08-20 22:57:40 [INFO] 
🔍 Kiểm tra phân bố class trong batch:
2026-08-20 22:57:40 [INFO]   Batch 0: 28 classes (first 5: [1, 2, 3, 4, 5])
2026-08-20 22:57:40 [INFO]   Batch 1: 27 classes (first 5: [1, 2, 3, 4, 5])
2026-08-20 22:57:40 [INFO]   Batch 2: 24 classes (first 5: [1, 2, 3, 4, 5])
2026-08-20 22:57:40 [INFO]   Batch 3: 29 classes (first 5: [1, 2, 3, 4, 5])
2026-08-20 22:57:40 [INFO]   Batch 4: 25 classes (first 5: [0, 1, 2, 3, 4])
2026-08-20 22:57:40 [INFO] ✅ Shuffle tốt! Trung bình 26.6 classes/batch
2026-08-20 22:57:40 [INFO] 
[RESUME] Đang nạp checkpoint từ: /home/biu-linux/DeepLearning_Projects/DoAnNganh/HybricMamba/Ressult/TFJ/CNNMambaCNNMambaEnhancedV4/German/CNNMambaCNNMambaEnhancedV4_best.pth
2026-08-20 22:57:40 [INFO] --> Tìm thấy weights trong Key: 'model_state_dict'
2026-08-20 22:57:40 [INFO] --> Epoch tiếp theo: 67
2026-08-20 22:57:40 [INFO] --> Best Accuracy: 0.9661
2026-08-20 22:57:41 [INFO] 
[SANITY CHECK] Mẫu thử ngay sau khi nạp Weights:
2026-08-20 22:57:41 [INFO] --> Batch Loss: 0.1319 | Batch Accuracy: 96.88%
2026-08-20 22:57:41 [INFO] ✅ CHECKPOINT HỢP LỆ! Bắt đầu Fine-tune...
2026-08-20 22:59:53 [INFO] Epoch 67 | Acc: 0.9665 | Loss: 0.4437 | Eval Loss: 0.1172 | LR: 0.000000
2026-08-20 22:59:53 [INFO] ✓ Saved best model: Acc=0.9665 at epoch 67
2026-08-20 23:02:09 [INFO] Epoch 68 | Acc: 0.9672 | Loss: 0.4455 | Eval Loss: 0.1153 | LR: 0.000000
2026-08-20 23:02:09 [INFO] ✓ Saved best model: Acc=0.9672 at epoch 68
2026-08-20 23:04:40 [INFO] Epoch 69 | Acc: 0.9667 | Loss: 0.4440 | Eval Loss: 0.1160 | LR: 0.000000
2026-08-20 23:07:07 [INFO] Epoch 70 | Acc: 0.9659 | Loss: 0.4426 | Eval Loss: 0.1192 | LR: 0.000000
2026-08-20 23:09:21 [INFO] Epoch 71 | Acc: 0.9670 | Loss: 0.4443 | Eval Loss: 0.1155 | LR: 0.000000
2026-08-20 23:11:35 [INFO] Epoch 72 | Acc: 0.9671 | Loss: 0.4423 | Eval Loss: 0.1154 | LR: 0.000000
2026-08-20 23:13:49 [INFO] Epoch 73 | Acc: 0.9661 | Loss: 0.4435 | Eval Loss: 0.1181 | LR: 0.000000
2026-08-20 23:16:02 [INFO] Epoch 74 | Acc: 0.9671 | Loss: 0.4457 | Eval Loss: 0.1158 | LR: 0.000000
2026-08-20 23:18:11 [INFO] Epoch 75 | Acc: 0.9671 | Loss: 0.4423 | Eval Loss: 0.1156 | LR: 0.000000
2026-08-20 23:20:20 [INFO] Epoch 76 | Acc: 0.9670 | Loss: 0.4425 | Eval Loss: 0.1157 | LR: 0.000000
2026-08-20 23:22:33 [INFO] Epoch 77 | Acc: 0.9666 | Loss: 0.4440 | Eval Loss: 0.1171 | LR: 0.000000
