2026-08-25 00:12:19 [INFO] Dataset: German_51k | Số nhãn (classes): 43 | Tổng số ảnh: 51839
2026-08-25 00:12:19 [INFO] Dữ liệu đã chia -> Train (70%): 36287 | Val (15%): 7776 | Test (15%): 7776
2026-08-25 00:12:19 [INFO] 
🔍 Kiểm tra phân bố class trong batch:
2026-08-25 00:12:19 [INFO]   Batch 0: 27 classes (first 5: [1, 2, 3, 4, 5])
2026-08-25 00:12:19 [INFO]   Batch 1: 26 classes (first 5: [1, 2, 3, 4, 5])
2026-08-25 00:12:19 [INFO]   Batch 2: 30 classes (first 5: [0, 1, 2, 3, 5])
2026-08-25 00:12:19 [INFO]   Batch 3: 28 classes (first 5: [0, 1, 2, 4, 5])
2026-08-25 00:12:19 [INFO]   Batch 4: 26 classes (first 5: [0, 1, 2, 4, 5])
2026-08-25 00:12:19 [INFO] ✅ Shuffle tốt! Trung bình 27.4 classes/batch
2026-08-25 00:12:19 [INFO] ============================================================
2026-08-25 00:12:19 [INFO] Starting training: LIGHT_HYBRIC_MAMBA
2026-08-25 00:12:19 [INFO] Dataset: German_51k | Path: /home/biu-linux/DeepLearning_Projects/DoAnNganh/data/German_51k
2026-08-25 00:12:19 [INFO] Device: cuda
2026-08-25 00:12:19 [INFO] GPU: NVIDIA GeForce RTX 3050 Laptop GPU
2026-08-25 00:12:19 [INFO] ============================================================
2026-08-25 00:12:35 [INFO] Epoch 000 | Train Loss: 3.9511 | Train Acc: 0.3111 | Val Loss: 1.5194 | Val Acc: 0.4550
2026-08-25 00:12:35 [INFO] ✓ Saved best model: Val Acc=0.4550 at epoch 0
2026-08-25 00:12:49 [INFO] Epoch 001 | Train Loss: 2.6986 | Train Acc: 0.5047 | Val Loss: 0.9692 | Val Acc: 0.6687
2026-08-25 00:12:49 [INFO] ✓ Saved best model: Val Acc=0.6687 at epoch 1
2026-08-25 00:13:03 [INFO] Epoch 002 | Train Loss: 1.9536 | Train Acc: 0.6645 | Val Loss: 0.5303 | Val Acc: 0.8260
2026-08-25 00:13:03 [INFO] ✓ Saved best model: Val Acc=0.8260 at epoch 2
2026-08-25 00:13:15 [INFO] Epoch 003 | Train Loss: 1.4749 | Train Acc: 0.7618 | Val Loss: 0.3372 | Val Acc: 0.8909
2026-08-25 00:13:15 [INFO] ✓ Saved best model: Val Acc=0.8909 at epoch 3
2026-08-25 00:13:27 [INFO] Epoch 004 | Train Loss: 1.1513 | Train Acc: 0.8224 | Val Loss: 0.2462 | Val Acc: 0.9222
2026-08-25 00:13:27 [INFO] ✓ Saved best model: Val Acc=0.9222 at epoch 4
2026-08-25 00:13:41 [INFO] Epoch 005 | Train Loss: 0.9463 | Train Acc: 0.8584 | Val Loss: 0.2095 | Val Acc: 0.9362
2026-08-25 00:13:41 [INFO] ✓ Saved best model: Val Acc=0.9362 at epoch 5
2026-08-25 00:13:54 [INFO] Epoch 006 | Train Loss: 0.8117 | Train Acc: 0.8795 | Val Loss: 0.1343 | Val Acc: 0.9581
2026-08-25 00:13:54 [INFO] ✓ Saved best model: Val Acc=0.9581 at epoch 6
2026-08-25 00:14:08 [INFO] Epoch 007 | Train Loss: 0.7162 | Train Acc: 0.8916 | Val Loss: 0.1216 | Val Acc: 0.9614
2026-08-25 00:14:08 [INFO] ✓ Saved best model: Val Acc=0.9614 at epoch 7
2026-08-25 00:14:22 [INFO] Epoch 008 | Train Loss: 0.6572 | Train Acc: 0.9027 | Val Loss: 0.1230 | Val Acc: 0.9583
2026-08-25 00:14:36 [INFO] Epoch 009 | Train Loss: 0.5845 | Train Acc: 0.9125 | Val Loss: 0.1059 | Val Acc: 0.9660
2026-08-25 00:14:36 [INFO] ✓ Saved best model: Val Acc=0.9660 at epoch 9
2026-08-25 00:14:51 [INFO] Epoch 010 | Train Loss: 0.5492 | Train Acc: 0.9177 | Val Loss: 0.0788 | Val Acc: 0.9756
2026-08-25 00:14:51 [INFO] ✓ Saved best model: Val Acc=0.9756 at epoch 10
2026-08-25 00:15:04 [INFO] Epoch 011 | Train Loss: 0.5168 | Train Acc: 0.9228 | Val Loss: 0.0938 | Val Acc: 0.9693
2026-08-25 00:15:18 [INFO] Epoch 012 | Train Loss: 0.4821 | Train Acc: 0.9260 | Val Loss: 0.0788 | Val Acc: 0.9756
2026-08-25 00:15:31 [INFO] Epoch 013 | Train Loss: 0.4618 | Train Acc: 0.9308 | Val Loss: 0.1066 | Val Acc: 0.9672
2026-08-25 00:15:42 [INFO] Epoch 014 | Train Loss: 0.4323 | Train Acc: 0.9357 | Val Loss: 0.0681 | Val Acc: 0.9792
2026-08-25 00:15:42 [INFO] ✓ Saved best model: Val Acc=0.9792 at epoch 14
2026-08-25 00:15:55 [INFO] Epoch 015 | Train Loss: 0.4248 | Train Acc: 0.9364 | Val Loss: 0.0666 | Val Acc: 0.9785
2026-08-25 00:16:09 [INFO] Epoch 016 | Train Loss: 0.4124 | Train Acc: 0.9393 | Val Loss: 0.0850 | Val Acc: 0.9735
2026-08-25 00:16:22 [INFO] Epoch 017 | Train Loss: 0.3862 | Train Acc: 0.9435 | Val Loss: 0.0617 | Val Acc: 0.9793
2026-08-25 00:16:22 [INFO] ✓ Saved best model: Val Acc=0.9793 at epoch 17
2026-08-25 00:16:35 [INFO] Epoch 018 | Train Loss: 0.3871 | Train Acc: 0.9424 | Val Loss: 0.0581 | Val Acc: 0.9829
2026-08-25 00:16:36 [INFO] ✓ Saved best model: Val Acc=0.9829 at epoch 18
2026-08-25 00:16:49 [INFO] Epoch 019 | Train Loss: 0.3519 | Train Acc: 0.9489 | Val Loss: 0.0526 | Val Acc: 0.9833
2026-08-25 00:16:49 [INFO] ✓ Saved best model: Val Acc=0.9833 at epoch 19
2026-08-25 00:17:03 [INFO] Epoch 020 | Train Loss: 0.3584 | Train Acc: 0.9485 | Val Loss: 0.0523 | Val Acc: 0.9842
2026-08-25 00:17:03 [INFO] ✓ Saved best model: Val Acc=0.9842 at epoch 20
2026-08-25 00:17:16 [INFO] Epoch 021 | Train Loss: 0.3419 | Train Acc: 0.9509 | Val Loss: 0.0603 | Val Acc: 0.9797
2026-08-25 00:17:27 [INFO] Epoch 022 | Train Loss: 0.3378 | Train Acc: 0.9513 | Val Loss: 0.0491 | Val Acc: 0.9846
2026-08-25 00:17:27 [INFO] ✓ Saved best model: Val Acc=0.9846 at epoch 22
2026-08-25 00:17:41 [INFO] Epoch 023 | Train Loss: 0.3251 | Train Acc: 0.9525 | Val Loss: 0.0466 | Val Acc: 0.9847
2026-08-25 00:17:41 [INFO] ✓ Saved best model: Val Acc=0.9847 at epoch 23
2026-08-25 00:17:54 [INFO] Epoch 024 | Train Loss: 0.3257 | Train Acc: 0.9517 | Val Loss: 0.0478 | Val Acc: 0.9856
2026-08-25 00:17:54 [INFO] ✓ Saved best model: Val Acc=0.9856 at epoch 24
2026-08-25 00:18:08 [INFO] Epoch 025 | Train Loss: 0.3135 | Train Acc: 0.9545 | Val Loss: 0.0406 | Val Acc: 0.9886
2026-08-25 00:18:08 [INFO] ✓ Saved best model: Val Acc=0.9886 at epoch 25
2026-08-25 00:18:22 [INFO] Epoch 026 | Train Loss: 0.3097 | Train Acc: 0.9561 | Val Loss: 0.0432 | Val Acc: 0.9851
2026-08-25 00:18:35 [INFO] Epoch 027 | Train Loss: 0.2931 | Train Acc: 0.9589 | Val Loss: 0.1099 | Val Acc: 0.9623
2026-08-25 00:18:49 [INFO] Epoch 028 | Train Loss: 0.2842 | Train Acc: 0.9594 | Val Loss: 0.0408 | Val Acc: 0.9868
2026-08-25 00:19:02 [INFO] Epoch 029 | Train Loss: 0.2878 | Train Acc: 0.9577 | Val Loss: 0.0418 | Val Acc: 0.9879
2026-08-25 00:19:12 [INFO] Epoch 030 | Train Loss: 0.2813 | Train Acc: 0.9592 | Val Loss: 0.0416 | Val Acc: 0.9868
2026-08-25 00:19:26 [INFO] Epoch 031 | Train Loss: 0.2786 | Train Acc: 0.9593 | Val Loss: 0.0445 | Val Acc: 0.9862
2026-08-25 00:19:40 [INFO] Epoch 032 | Train Loss: 0.2767 | Train Acc: 0.9602 | Val Loss: 0.0397 | Val Acc: 0.9875
2026-08-25 00:19:53 [INFO] Epoch 033 | Train Loss: 0.2693 | Train Acc: 0.9613 | Val Loss: 0.0460 | Val Acc: 0.9848
2026-08-25 00:20:07 [INFO] Epoch 034 | Train Loss: 0.2683 | Train Acc: 0.9606 | Val Loss: 0.0468 | Val Acc: 0.9853
2026-08-25 00:20:21 [INFO] Epoch 035 | Train Loss: 0.2613 | Train Acc: 0.9611 | Val Loss: 0.0384 | Val Acc: 0.9888
2026-08-25 00:20:21 [INFO] ✓ Saved best model: Val Acc=0.9888 at epoch 35
2026-08-25 00:20:35 [INFO] Epoch 036 | Train Loss: 0.2547 | Train Acc: 0.9635 | Val Loss: 0.0543 | Val Acc: 0.9816
2026-08-25 00:20:48 [INFO] Epoch 037 | Train Loss: 0.2447 | Train Acc: 0.9649 | Val Loss: 0.0436 | Val Acc: 0.9871
2026-08-25 00:21:02 [INFO] Epoch 038 | Train Loss: 0.2401 | Train Acc: 0.9654 | Val Loss: 0.0542 | Val Acc: 0.9830
2026-08-25 00:21:15 [INFO] Epoch 039 | Train Loss: 0.2392 | Train Acc: 0.9641 | Val Loss: 0.0382 | Val Acc: 0.9892
2026-08-25 00:21:15 [INFO] ✓ Saved best model: Val Acc=0.9892 at epoch 39
2026-08-25 00:21:27 [INFO] Epoch 040 | Train Loss: 0.2009 | Train Acc: 0.9721 | Val Loss: 0.0309 | Val Acc: 0.9907
2026-08-25 00:21:27 [INFO] ✓ Saved best model: Val Acc=0.9907 at epoch 40
2026-08-25 00:21:41 [INFO] Epoch 041 | Train Loss: 0.1758 | Train Acc: 0.9773 | Val Loss: 0.0292 | Val Acc: 0.9901
2026-08-25 00:21:54 [INFO] Epoch 042 | Train Loss: 0.1834 | Train Acc: 0.9759 | Val Loss: 0.0290 | Val Acc: 0.9911
2026-08-25 00:21:54 [INFO] ✓ Saved best model: Val Acc=0.9911 at epoch 42
2026-08-25 00:22:08 [INFO] Epoch 043 | Train Loss: 0.1737 | Train Acc: 0.9773 | Val Loss: 0.0276 | Val Acc: 0.9907
2026-08-25 00:22:22 [INFO] Epoch 044 | Train Loss: 0.1771 | Train Acc: 0.9776 | Val Loss: 0.0274 | Val Acc: 0.9911
2026-08-25 00:22:35 [INFO] Epoch 045 | Train Loss: 0.1654 | Train Acc: 0.9791 | Val Loss: 0.0269 | Val Acc: 0.9909
2026-08-25 00:22:49 [INFO] Epoch 046 | Train Loss: 0.1680 | Train Acc: 0.9783 | Val Loss: 0.0272 | Val Acc: 0.9910
2026-08-25 00:23:02 [INFO] Epoch 047 | Train Loss: 0.1635 | Train Acc: 0.9794 | Val Loss: 0.0257 | Val Acc: 0.9914
2026-08-25 00:23:02 [INFO] ✓ Saved best model: Val Acc=0.9914 at epoch 47
2026-08-25 00:23:15 [INFO] Epoch 048 | Train Loss: 0.1647 | Train Acc: 0.9789 | Val Loss: 0.0248 | Val Acc: 0.9918
2026-08-25 00:23:15 [INFO] ✓ Saved best model: Val Acc=0.9918 at epoch 48
2026-08-25 00:23:27 [INFO] Epoch 049 | Train Loss: 0.1616 | Train Acc: 0.9791 | Val Loss: 0.0266 | Val Acc: 0.9913
2026-08-25 00:23:42 [INFO] Epoch 050 | Train Loss: 0.1667 | Train Acc: 0.9788 | Val Loss: 0.0231 | Val Acc: 0.9924
2026-08-25 00:23:42 [INFO] ✓ Saved best model: Val Acc=0.9924 at epoch 50
2026-08-25 00:23:55 [INFO] Epoch 051 | Train Loss: 0.1591 | Train Acc: 0.9805 | Val Loss: 0.0241 | Val Acc: 0.9929
2026-08-25 00:23:55 [INFO] ✓ Saved best model: Val Acc=0.9929 at epoch 51
2026-08-25 00:24:08 [INFO] Epoch 052 | Train Loss: 0.1603 | Train Acc: 0.9795 | Val Loss: 0.0235 | Val Acc: 0.9931
2026-08-25 00:24:09 [INFO] ✓ Saved best model: Val Acc=0.9931 at epoch 52
2026-08-25 00:24:22 [INFO] Epoch 053 | Train Loss: 0.1613 | Train Acc: 0.9788 | Val Loss: 0.0253 | Val Acc: 0.9920
2026-08-25 00:24:35 [INFO] Epoch 054 | Train Loss: 0.1619 | Train Acc: 0.9791 | Val Loss: 0.0257 | Val Acc: 0.9920
2026-08-25 00:24:49 [INFO] Epoch 055 | Train Loss: 0.1549 | Train Acc: 0.9808 | Val Loss: 0.0230 | Val Acc: 0.9922
2026-08-25 00:25:02 [INFO] Epoch 056 | Train Loss: 0.1682 | Train Acc: 0.9781 | Val Loss: 0.0233 | Val Acc: 0.9931
2026-08-25 00:25:15 [INFO] Epoch 057 | Train Loss: 0.1467 | Train Acc: 0.9811 | Val Loss: 0.0229 | Val Acc: 0.9928
2026-08-25 00:25:27 [INFO] Epoch 058 | Train Loss: 0.1563 | Train Acc: 0.9804 | Val Loss: 0.0233 | Val Acc: 0.9928
2026-08-25 00:25:39 [INFO] Epoch 059 | Train Loss: 0.1567 | Train Acc: 0.9797 | Val Loss: 0.0246 | Val Acc: 0.9928
2026-08-25 00:25:52 [INFO] Epoch 060 | Train Loss: 0.1583 | Train Acc: 0.9799 | Val Loss: 0.0244 | Val Acc: 0.9919
2026-08-25 00:26:05 [INFO] Epoch 061 | Train Loss: 0.1564 | Train Acc: 0.9807 | Val Loss: 0.0230 | Val Acc: 0.9925
2026-08-25 00:26:19 [INFO] Epoch 062 | Train Loss: 0.1540 | Train Acc: 0.9802 | Val Loss: 0.0241 | Val Acc: 0.9928
2026-08-25 00:26:32 [INFO] Epoch 063 | Train Loss: 0.1518 | Train Acc: 0.9806 | Val Loss: 0.0223 | Val Acc: 0.9933
2026-08-25 00:26:32 [INFO] ✓ Saved best model: Val Acc=0.9933 at epoch 63
2026-08-25 00:26:45 [INFO] Epoch 064 | Train Loss: 0.1571 | Train Acc: 0.9797 | Val Loss: 0.0223 | Val Acc: 0.9934
2026-08-25 00:26:45 [INFO] ✓ Saved best model: Val Acc=0.9934 at epoch 64
2026-08-25 00:26:57 [INFO] Epoch 065 | Train Loss: 0.1518 | Train Acc: 0.9815 | Val Loss: 0.0234 | Val Acc: 0.9928
2026-08-25 00:27:10 [INFO] Epoch 066 | Train Loss: 0.1526 | Train Acc: 0.9811 | Val Loss: 0.0235 | Val Acc: 0.9919
2026-08-25 00:27:22 [INFO] Epoch 067 | Train Loss: 0.1492 | Train Acc: 0.9814 | Val Loss: 0.0217 | Val Acc: 0.9934
2026-08-25 00:27:34 [INFO] Epoch 068 | Train Loss: 0.1601 | Train Acc: 0.9801 | Val Loss: 0.0227 | Val Acc: 0.9934
2026-08-25 00:27:47 [INFO] Epoch 069 | Train Loss: 0.1461 | Train Acc: 0.9815 | Val Loss: 0.0220 | Val Acc: 0.9934
2026-08-25 00:27:57 [INFO] Epoch 070 | Train Loss: 0.1495 | Train Acc: 0.9812 | Val Loss: 0.0216 | Val Acc: 0.9936
2026-08-25 00:27:57 [INFO] ✓ Saved best model: Val Acc=0.9936 at epoch 70
2026-08-25 00:28:09 [INFO] Epoch 071 | Train Loss: 0.1452 | Train Acc: 0.9818 | Val Loss: 0.0213 | Val Acc: 0.9936
2026-08-25 00:28:22 [INFO] Epoch 072 | Train Loss: 0.1375 | Train Acc: 0.9840 | Val Loss: 0.0209 | Val Acc: 0.9936
2026-08-25 00:28:33 [INFO] Epoch 073 | Train Loss: 0.1446 | Train Acc: 0.9826 | Val Loss: 0.0209 | Val Acc: 0.9932
2026-08-25 00:28:46 [INFO] Epoch 074 | Train Loss: 0.1398 | Train Acc: 0.9827 | Val Loss: 0.0215 | Val Acc: 0.9932
2026-08-25 00:28:58 [INFO] Epoch 075 | Train Loss: 0.1425 | Train Acc: 0.9825 | Val Loss: 0.0211 | Val Acc: 0.9932
2026-08-25 00:29:09 [INFO] Epoch 076 | Train Loss: 0.1457 | Train Acc: 0.9820 | Val Loss: 0.0215 | Val Acc: 0.9929
2026-08-25 00:29:19 [INFO] Epoch 077 | Train Loss: 0.1395 | Train Acc: 0.9822 | Val Loss: 0.0214 | Val Acc: 0.9934
2026-08-25 00:29:29 [INFO] Epoch 078 | Train Loss: 0.1486 | Train Acc: 0.9824 | Val Loss: 0.0212 | Val Acc: 0.9932
2026-08-25 00:29:40 [INFO] Epoch 079 | Train Loss: 0.1457 | Train Acc: 0.9827 | Val Loss: 0.0208 | Val Acc: 0.9934
2026-08-25 00:29:51 [INFO] Epoch 080 | Train Loss: 0.1440 | Train Acc: 0.9813 | Val Loss: 0.0211 | Val Acc: 0.9934
2026-08-25 00:30:04 [INFO] Epoch 081 | Train Loss: 0.1410 | Train Acc: 0.9821 | Val Loss: 0.0216 | Val Acc: 0.9932
2026-08-25 00:30:18 [INFO] Epoch 082 | Train Loss: 0.1472 | Train Acc: 0.9825 | Val Loss: 0.0208 | Val Acc: 0.9937
2026-08-25 00:30:18 [INFO] ✓ Saved best model: Val Acc=0.9937 at epoch 82
2026-08-25 00:30:31 [INFO] Epoch 083 | Train Loss: 0.1452 | Train Acc: 0.9820 | Val Loss: 0.0209 | Val Acc: 0.9936
2026-08-25 00:30:43 [INFO] Epoch 084 | Train Loss: 0.1430 | Train Acc: 0.9827 | Val Loss: 0.0207 | Val Acc: 0.9934
2026-08-25 00:30:56 [INFO] Epoch 085 | Train Loss: 0.1467 | Train Acc: 0.9821 | Val Loss: 0.0211 | Val Acc: 0.9933
2026-08-25 00:31:09 [INFO] Epoch 086 | Train Loss: 0.1415 | Train Acc: 0.9826 | Val Loss: 0.0208 | Val Acc: 0.9934
2026-08-25 00:31:19 [INFO] Epoch 087 | Train Loss: 0.1416 | Train Acc: 0.9824 | Val Loss: 0.0212 | Val Acc: 0.9933
2026-08-25 00:31:30 [INFO] Epoch 088 | Train Loss: 0.1434 | Train Acc: 0.9824 | Val Loss: 0.0202 | Val Acc: 0.9938
2026-08-25 00:31:30 [INFO] ✓ Saved best model: Val Acc=0.9938 at epoch 88
2026-08-25 00:31:43 [INFO] Epoch 089 | Train Loss: 0.1444 | Train Acc: 0.9822 | Val Loss: 0.0206 | Val Acc: 0.9937
2026-08-25 00:31:53 [INFO] Epoch 090 | Train Loss: 0.1411 | Train Acc: 0.9826 | Val Loss: 0.0211 | Val Acc: 0.9933
2026-08-25 00:32:06 [INFO] Epoch 091 | Train Loss: 0.1416 | Train Acc: 0.9836 | Val Loss: 0.0206 | Val Acc: 0.9932
2026-08-25 00:32:18 [INFO] Epoch 092 | Train Loss: 0.1392 | Train Acc: 0.9831 | Val Loss: 0.0205 | Val Acc: 0.9936
2026-08-25 00:32:31 [INFO] Epoch 093 | Train Loss: 0.1428 | Train Acc: 0.9824 | Val Loss: 0.0208 | Val Acc: 0.9937
2026-08-25 00:32:45 [INFO] Epoch 094 | Train Loss: 0.1483 | Train Acc: 0.9821 | Val Loss: 0.0206 | Val Acc: 0.9936
2026-08-25 00:33:01 [INFO] Epoch 095 | Train Loss: 0.1398 | Train Acc: 0.9827 | Val Loss: 0.0205 | Val Acc: 0.9932
2026-08-25 00:33:18 [INFO] Epoch 096 | Train Loss: 0.1404 | Train Acc: 0.9829 | Val Loss: 0.0206 | Val Acc: 0.9931
2026-08-25 00:33:34 [INFO] Epoch 097 | Train Loss: 0.1446 | Train Acc: 0.9823 | Val Loss: 0.0206 | Val Acc: 0.9932
2026-08-25 00:33:48 [INFO] Epoch 098 | Train Loss: 0.1406 | Train Acc: 0.9833 | Val Loss: 0.0204 | Val Acc: 0.9932
2026-08-25 00:34:01 [INFO] Epoch 099 | Train Loss: 0.1420 | Train Acc: 0.9824 | Val Loss: 0.0206 | Val Acc: 0.9934
2026-08-25 00:34:01 [INFO] Evaluating Best Model on TEST Set...
2026-08-25 00:34:01 [INFO] 
[RESUME] Đang nạp checkpoint từ: /home/biu-linux/DeepLearning_Projects/DoAnNganh/HybricMamba/Ressult/TFJ/LIGHT_HYBRIC_MAMBA/German_51k/LIGHT_HYBRIC_MAMBA_best.pth
2026-08-25 00:34:03 [INFO] 🎯 [TEST RESULT] Test Acc: 0.9942 | F1-Macro: 0.9955 | F1-Weighted: 0.9942

