2026-09-09 03:00:37 [INFO] Dataset: German_0.2_0.7) | Số nhãn (classes): 43 | Tổng số ảnh: 557483
2026-09-09 03:00:38 [INFO] Dữ liệu đã chia -> Train (70%): 362363 | Val (15%): 97560 | Test (15%): 97560
2026-09-09 03:00:38 [INFO] 
🔍 Kiểm tra phân bố class trong batch:
2026-09-09 03:00:38 [INFO]   Batch 0: 30 classes (first 5: [0, 1, 2, 3, 4])
2026-09-09 03:00:38 [INFO]   Batch 1: 32 classes (first 5: [0, 1, 2, 3, 4])
2026-09-09 03:00:38 [INFO]   Batch 2: 27 classes (first 5: [1, 2, 4, 5, 7])
2026-09-09 03:00:38 [INFO]   Batch 3: 27 classes (first 5: [0, 1, 2, 3, 4])
2026-09-09 03:00:38 [INFO]   Batch 4: 30 classes (first 5: [0, 1, 2, 3, 4])
2026-09-09 03:00:38 [INFO] ✅ Shuffle tốt! Trung bình 29.2 classes/batch
2026-09-09 03:00:38 [INFO] ============================================================
2026-09-09 03:00:38 [INFO] Starting training: MEDIUM_HYBRIC_MAMBA
2026-09-09 03:00:38 [INFO] Dataset: German_0.2_0.7) | Path: /home/biu-linux/DeepLearning_Projects/DoAnNganh/dataset_reOrgan
2026-09-09 03:00:38 [INFO] Device: cuda
2026-09-09 03:00:38 [INFO] GPU: NVIDIA GeForce RTX 3050 Laptop GPU
2026-09-09 03:00:38 [INFO] ============================================================
2026-09-09 03:03:06 [INFO] Epoch 000 | Train Loss: 3.2784 | Train Acc: 0.4685 | Val Loss: 0.7135 | Val Acc: 0.7812
2026-09-09 03:03:06 [INFO] ✓ Saved best model: Val Acc=0.7812 at epoch 0
2026-09-09 03:05:30 [INFO] Epoch 001 | Train Loss: 1.6302 | Train Acc: 0.7725 | Val Loss: 0.3072 | Val Acc: 0.9107
2026-09-09 03:05:30 [INFO] ✓ Saved best model: Val Acc=0.9107 at epoch 1
2026-09-09 03:07:54 [INFO] Epoch 002 | Train Loss: 1.0309 | Train Acc: 0.8525 | Val Loss: 0.2241 | Val Acc: 0.9357
2026-09-09 03:07:54 [INFO] ✓ Saved best model: Val Acc=0.9357 at epoch 2
2026-09-09 03:10:18 [INFO] Epoch 003 | Train Loss: 0.7979 | Train Acc: 0.8806 | Val Loss: 0.2186 | Val Acc: 0.9356
2026-09-09 03:12:41 [INFO] Epoch 004 | Train Loss: 0.6949 | Train Acc: 0.8934 | Val Loss: 0.2037 | Val Acc: 0.9413
2026-09-09 03:12:41 [INFO] ✓ Saved best model: Val Acc=0.9413 at epoch 4
2026-09-09 03:15:05 [INFO] Epoch 005 | Train Loss: 0.6052 | Train Acc: 0.9069 | Val Loss: 0.1883 | Val Acc: 0.9448
2026-09-09 03:15:05 [INFO] ✓ Saved best model: Val Acc=0.9448 at epoch 5
2026-09-09 03:17:30 [INFO] Epoch 006 | Train Loss: 0.5533 | Train Acc: 0.9140 | Val Loss: 0.1880 | Val Acc: 0.9450
2026-09-09 03:17:30 [INFO] ✓ Saved best model: Val Acc=0.9450 at epoch 6
2026-09-09 03:19:55 [INFO] Epoch 007 | Train Loss: 0.5192 | Train Acc: 0.9198 | Val Loss: 0.2165 | Val Acc: 0.9384
2026-09-09 03:22:19 [INFO] Epoch 008 | Train Loss: 0.5012 | Train Acc: 0.9226 | Val Loss: 0.1478 | Val Acc: 0.9565
2026-09-09 03:22:19 [INFO] ✓ Saved best model: Val Acc=0.9565 at epoch 8
2026-09-09 03:24:44 [INFO] Epoch 009 | Train Loss: 0.4832 | Train Acc: 0.9255 | Val Loss: 0.1478 | Val Acc: 0.9553
2026-09-09 03:27:08 [INFO] Epoch 010 | Train Loss: 0.4678 | Train Acc: 0.9279 | Val Loss: 0.1698 | Val Acc: 0.9495
2026-09-09 03:29:32 [INFO] Epoch 011 | Train Loss: 0.4578 | Train Acc: 0.9289 | Val Loss: 0.1339 | Val Acc: 0.9621
2026-09-09 03:29:32 [INFO] ✓ Saved best model: Val Acc=0.9621 at epoch 11
2026-09-09 03:31:56 [INFO] Epoch 012 | Train Loss: 0.4481 | Train Acc: 0.9305 | Val Loss: 0.1605 | Val Acc: 0.9541
2026-09-09 03:34:19 [INFO] Epoch 013 | Train Loss: 0.4383 | Train Acc: 0.9322 | Val Loss: 0.1311 | Val Acc: 0.9634
2026-09-09 03:34:19 [INFO] ✓ Saved best model: Val Acc=0.9634 at epoch 13
2026-09-09 03:36:41 [INFO] Epoch 014 | Train Loss: 0.4327 | Train Acc: 0.9334 | Val Loss: 0.1356 | Val Acc: 0.9608
2026-09-09 03:39:05 [INFO] Epoch 015 | Train Loss: 0.3472 | Train Acc: 0.9480 | Val Loss: 0.0858 | Val Acc: 0.9751
2026-09-09 03:39:05 [INFO] ✓ Saved best model: Val Acc=0.9751 at epoch 15
2026-09-09 03:41:27 [INFO] Epoch 016 | Train Loss: 0.3295 | Train Acc: 0.9511 | Val Loss: 0.0795 | Val Acc: 0.9771
2026-09-09 03:41:27 [INFO] ✓ Saved best model: Val Acc=0.9771 at epoch 16
2026-09-09 03:43:49 [INFO] Epoch 017 | Train Loss: 0.3229 | Train Acc: 0.9523 | Val Loss: 0.0787 | Val Acc: 0.9769
2026-09-09 03:46:12 [INFO] Epoch 018 | Train Loss: 0.3199 | Train Acc: 0.9524 | Val Loss: 0.0765 | Val Acc: 0.9778
2026-09-09 03:46:12 [INFO] ✓ Saved best model: Val Acc=0.9778 at epoch 18
2026-09-09 03:48:35 [INFO] Epoch 019 | Train Loss: 0.3150 | Train Acc: 0.9533 | Val Loss: 0.0783 | Val Acc: 0.9771
2026-09-09 03:50:57 [INFO] Epoch 020 | Train Loss: 0.3125 | Train Acc: 0.9539 | Val Loss: 0.0762 | Val Acc: 0.9780
2026-09-09 03:50:57 [INFO] ✓ Saved best model: Val Acc=0.9780 at epoch 20
2026-09-09 03:53:20 [INFO] Epoch 021 | Train Loss: 0.3115 | Train Acc: 0.9540 | Val Loss: 0.0779 | Val Acc: 0.9772
2026-09-09 03:55:43 [INFO] Epoch 022 | Train Loss: 0.3085 | Train Acc: 0.9546 | Val Loss: 0.0745 | Val Acc: 0.9785
2026-09-09 03:55:43 [INFO] ✓ Saved best model: Val Acc=0.9785 at epoch 22
2026-09-09 03:58:06 [INFO] Epoch 023 | Train Loss: 0.3067 | Train Acc: 0.9549 | Val Loss: 0.0731 | Val Acc: 0.9785
2026-09-09 03:58:06 [INFO] ✓ Saved best model: Val Acc=0.9785 at epoch 23
2026-09-09 04:00:30 [INFO] Epoch 024 | Train Loss: 0.3053 | Train Acc: 0.9550 | Val Loss: 0.0713 | Val Acc: 0.9792
2026-09-09 04:00:30 [INFO] ✓ Saved best model: Val Acc=0.9792 at epoch 24
2026-09-09 04:02:52 [INFO] Epoch 025 | Train Loss: 0.2966 | Train Acc: 0.9565 | Val Loss: 0.0694 | Val Acc: 0.9800
2026-09-09 04:02:52 [INFO] ✓ Saved best model: Val Acc=0.9800 at epoch 25
2026-09-09 04:05:15 [INFO] Epoch 026 | Train Loss: 0.2946 | Train Acc: 0.9570 | Val Loss: 0.0692 | Val Acc: 0.9798
2026-09-09 04:07:38 [INFO] Epoch 027 | Train Loss: 0.2940 | Train Acc: 0.9568 | Val Loss: 0.0685 | Val Acc: 0.9800
2026-09-09 04:07:38 [INFO] ✓ Saved best model: Val Acc=0.9800 at epoch 27
2026-09-09 04:10:01 [INFO] Epoch 028 | Train Loss: 0.2941 | Train Acc: 0.9573 | Val Loss: 0.0689 | Val Acc: 0.9800
2026-09-09 04:12:24 [INFO] Epoch 029 | Train Loss: 0.2930 | Train Acc: 0.9573 | Val Loss: 0.0681 | Val Acc: 0.9801
2026-09-09 04:12:24 [INFO] ✓ Saved best model: Val Acc=0.9801 at epoch 29
2026-09-09 04:14:46 [INFO] Epoch 030 | Train Loss: 0.2925 | Train Acc: 0.9574 | Val Loss: 0.0679 | Val Acc: 0.9801
2026-09-09 04:14:46 [INFO] ✓ Saved best model: Val Acc=0.9801 at epoch 30
2026-09-09 04:17:09 [INFO] Epoch 031 | Train Loss: 0.2932 | Train Acc: 0.9574 | Val Loss: 0.0678 | Val Acc: 0.9803
2026-09-09 04:17:09 [INFO] ✓ Saved best model: Val Acc=0.9803 at epoch 31
2026-09-09 04:19:31 [INFO] Epoch 032 | Train Loss: 0.2909 | Train Acc: 0.9576 | Val Loss: 0.0677 | Val Acc: 0.9800
2026-09-09 04:21:54 [INFO] Epoch 033 | Train Loss: 0.2928 | Train Acc: 0.9576 | Val Loss: 0.0678 | Val Acc: 0.9801
2026-09-09 04:24:18 [INFO] Epoch 034 | Train Loss: 0.2922 | Train Acc: 0.9572 | Val Loss: 0.0683 | Val Acc: 0.9799
2026-09-09 04:26:41 [INFO] Epoch 035 | Train Loss: 0.2893 | Train Acc: 0.9579 | Val Loss: 0.0676 | Val Acc: 0.9804
2026-09-09 04:26:42 [INFO] ✓ Saved best model: Val Acc=0.9804 at epoch 35
2026-09-09 04:29:04 [INFO] Epoch 036 | Train Loss: 0.2902 | Train Acc: 0.9576 | Val Loss: 0.0676 | Val Acc: 0.9803
2026-09-09 04:31:26 [INFO] Epoch 037 | Train Loss: 0.2913 | Train Acc: 0.9580 | Val Loss: 0.0672 | Val Acc: 0.9803
2026-09-09 04:33:50 [INFO] Epoch 038 | Train Loss: 0.2884 | Train Acc: 0.9581 | Val Loss: 0.0673 | Val Acc: 0.9803
2026-09-09 04:36:13 [INFO] Epoch 039 | Train Loss: 0.2900 | Train Acc: 0.9578 | Val Loss: 0.0673 | Val Acc: 0.9804
2026-09-09 04:38:37 [INFO] Epoch 040 | Train Loss: 0.2909 | Train Acc: 0.9578 | Val Loss: 0.0673 | Val Acc: 0.9803
2026-09-09 04:41:00 [INFO] Epoch 041 | Train Loss: 0.2893 | Train Acc: 0.9580 | Val Loss: 0.0675 | Val Acc: 0.9803
2026-09-09 04:43:24 [INFO] Epoch 042 | Train Loss: 0.2896 | Train Acc: 0.9583 | Val Loss: 0.0670 | Val Acc: 0.9805
2026-09-09 04:43:24 [INFO] ✓ Saved best model: Val Acc=0.9805 at epoch 42
2026-09-09 04:45:47 [INFO] Epoch 043 | Train Loss: 0.2917 | Train Acc: 0.9574 | Val Loss: 0.0671 | Val Acc: 0.9804
2026-09-09 04:48:09 [INFO] Epoch 044 | Train Loss: 0.2902 | Train Acc: 0.9577 | Val Loss: 0.0675 | Val Acc: 0.9802
2026-09-09 04:50:32 [INFO] Epoch 045 | Train Loss: 0.2872 | Train Acc: 0.9583 | Val Loss: 0.0672 | Val Acc: 0.9803
2026-09-09 04:52:55 [INFO] Epoch 046 | Train Loss: 0.2881 | Train Acc: 0.9583 | Val Loss: 0.0673 | Val Acc: 0.9804
2026-09-09 04:55:18 [INFO] Epoch 047 | Train Loss: 0.2911 | Train Acc: 0.9574 | Val Loss: 0.0671 | Val Acc: 0.9804
2026-09-09 04:57:41 [INFO] Epoch 048 | Train Loss: 0.2897 | Train Acc: 0.9579 | Val Loss: 0.0673 | Val Acc: 0.9803
2026-09-09 05:00:04 [INFO] Epoch 049 | Train Loss: 0.2899 | Train Acc: 0.9578 | Val Loss: 0.0670 | Val Acc: 0.9805
2026-09-09 05:00:04 [INFO] Evaluating Best Model on TEST Set...
2026-09-09 05:00:04 [INFO] 
[RESUME] Đang nạp checkpoint từ: /home/biu-linux/DeepLearning_Projects/DoAnNganh/HybricMamba/Ressult/TFJ/MEDIUM_HYBRIC_MAMBA/German_0.2_0.7)/MEDIUM_HYBRIC_MAMBA_best.pth
2026-09-09 05:00:19 [INFO] 🎯 [TEST RESULT] Test Acc: 0.9806 | F1-Macro: 0.9827 | F1-Weighted: 0.9807
