2026-09-09 13:51:11 [INFO] Dataset: Belgium_ar_new | Số nhãn (classes): 62 | Tổng số ảnh: 99330
2026-09-09 13:51:11 [INFO] Dữ liệu đã chia -> Train (70%): 64564 | Val (15%): 17383 | Test (15%): 17383
2026-09-09 13:51:11 [INFO] 
🔍 Kiểm tra phân bố class trong batch:
2026-09-09 13:51:11 [INFO]   Batch 0: 28 classes (first 5: [0, 1, 6, 7, 8])
2026-09-09 13:51:11 [INFO]   Batch 1: 30 classes (first 5: [1, 3, 7, 13, 14])
2026-09-09 13:51:11 [INFO]   Batch 2: 32 classes (first 5: [4, 7, 10, 14, 17])
2026-09-09 13:51:11 [INFO]   Batch 3: 24 classes (first 5: [7, 13, 17, 19, 22])
2026-09-09 13:51:11 [INFO]   Batch 4: 24 classes (first 5: [0, 1, 5, 7, 8])
2026-09-09 13:51:11 [INFO] ✅ Shuffle tốt! Trung bình 27.6 classes/batch
2026-09-09 13:51:11 [INFO] ============================================================
2026-09-09 13:51:11 [INFO] Starting training: HEAVY_HYBRIC_MAMBA
2026-09-09 13:51:11 [INFO] Dataset: Belgium_ar_new | Path: /home/biu-linux/DeepLearning_Projects/DoAnNganh/data/Belgium_ar
2026-09-09 13:51:11 [INFO] Device: cuda
2026-09-09 13:51:11 [INFO] GPU: NVIDIA GeForce RTX 3050 Laptop GPU
2026-09-09 13:51:11 [INFO] ============================================================
2026-09-09 13:52:11 [INFO] Epoch 000 | Train Loss: 4.4018 | Train Acc: 0.3127 | Val Loss: 1.6555 | Val Acc: 0.5185
2026-09-09 13:52:11 [INFO] ✓ Saved best model: Val Acc=0.5185 at epoch 0
2026-09-09 13:53:09 [INFO] Epoch 001 | Train Loss: 2.8839 | Train Acc: 0.5499 | Val Loss: 0.9448 | Val Acc: 0.7281
2026-09-09 13:53:09 [INFO] ✓ Saved best model: Val Acc=0.7281 at epoch 1
2026-09-09 13:54:08 [INFO] Epoch 002 | Train Loss: 1.9798 | Train Acc: 0.6977 | Val Loss: 0.6005 | Val Acc: 0.8201
2026-09-09 13:54:08 [INFO] ✓ Saved best model: Val Acc=0.8201 at epoch 2
2026-09-09 13:55:06 [INFO] Epoch 003 | Train Loss: 1.4833 | Train Acc: 0.7646 | Val Loss: 0.4603 | Val Acc: 0.8621
2026-09-09 13:55:06 [INFO] ✓ Saved best model: Val Acc=0.8621 at epoch 3
2026-09-09 13:56:05 [INFO] Epoch 004 | Train Loss: 1.2206 | Train Acc: 0.8014 | Val Loss: 0.3757 | Val Acc: 0.8868
2026-09-09 13:56:05 [INFO] ✓ Saved best model: Val Acc=0.8868 at epoch 4
2026-09-09 13:57:04 [INFO] Epoch 005 | Train Loss: 1.0261 | Train Acc: 0.8325 | Val Loss: 0.3353 | Val Acc: 0.8993
2026-09-09 13:57:04 [INFO] ✓ Saved best model: Val Acc=0.8993 at epoch 5
2026-09-09 13:58:01 [INFO] Epoch 006 | Train Loss: 0.9097 | Train Acc: 0.8497 | Val Loss: 0.3174 | Val Acc: 0.9031
2026-09-09 13:58:01 [INFO] ✓ Saved best model: Val Acc=0.9031 at epoch 6
2026-09-09 13:58:58 [INFO] Epoch 007 | Train Loss: 0.8351 | Train Acc: 0.8622 | Val Loss: 0.3101 | Val Acc: 0.9104
2026-09-09 13:58:58 [INFO] ✓ Saved best model: Val Acc=0.9104 at epoch 7
2026-09-09 13:59:54 [INFO] Epoch 008 | Train Loss: 0.7791 | Train Acc: 0.8699 | Val Loss: 0.2568 | Val Acc: 0.9237
2026-09-09 13:59:54 [INFO] ✓ Saved best model: Val Acc=0.9237 at epoch 8
2026-09-09 14:00:51 [INFO] Epoch 009 | Train Loss: 0.7280 | Train Acc: 0.8794 | Val Loss: 0.2776 | Val Acc: 0.9188
2026-09-09 14:01:47 [INFO] Epoch 010 | Train Loss: 0.6966 | Train Acc: 0.8845 | Val Loss: 0.2349 | Val Acc: 0.9294
2026-09-09 14:01:48 [INFO] ✓ Saved best model: Val Acc=0.9294 at epoch 10
2026-09-09 14:02:44 [INFO] Epoch 011 | Train Loss: 0.6685 | Train Acc: 0.8897 | Val Loss: 0.2410 | Val Acc: 0.9284
2026-09-09 14:03:40 [INFO] Epoch 012 | Train Loss: 0.6421 | Train Acc: 0.8928 | Val Loss: 0.2400 | Val Acc: 0.9279
2026-09-09 14:04:37 [INFO] Epoch 013 | Train Loss: 0.6256 | Train Acc: 0.8947 | Val Loss: 0.2228 | Val Acc: 0.9328
2026-09-09 14:04:37 [INFO] ✓ Saved best model: Val Acc=0.9328 at epoch 13
2026-09-09 14:05:34 [INFO] Epoch 014 | Train Loss: 0.5997 | Train Acc: 0.8992 | Val Loss: 0.2130 | Val Acc: 0.9338
2026-09-09 14:05:34 [INFO] ✓ Saved best model: Val Acc=0.9338 at epoch 14
2026-09-09 14:06:30 [INFO] Epoch 015 | Train Loss: 0.5889 | Train Acc: 0.9020 | Val Loss: 0.2038 | Val Acc: 0.9388
2026-09-09 14:06:30 [INFO] ✓ Saved best model: Val Acc=0.9388 at epoch 15
2026-09-09 14:07:26 [INFO] Epoch 016 | Train Loss: 0.5750 | Train Acc: 0.9045 | Val Loss: 0.2010 | Val Acc: 0.9390
2026-09-09 14:07:26 [INFO] ✓ Saved best model: Val Acc=0.9390 at epoch 16
2026-09-09 14:08:23 [INFO] Epoch 017 | Train Loss: 0.5555 | Train Acc: 0.9080 | Val Loss: 0.1938 | Val Acc: 0.9410
2026-09-09 14:08:23 [INFO] ✓ Saved best model: Val Acc=0.9410 at epoch 17
2026-09-09 14:09:19 [INFO] Epoch 018 | Train Loss: 0.5462 | Train Acc: 0.9081 | Val Loss: 0.1946 | Val Acc: 0.9419
2026-09-09 14:09:19 [INFO] ✓ Saved best model: Val Acc=0.9419 at epoch 18
2026-09-09 14:10:16 [INFO] Epoch 019 | Train Loss: 0.5274 | Train Acc: 0.9126 | Val Loss: 0.2004 | Val Acc: 0.9400
2026-09-09 14:11:12 [INFO] Epoch 020 | Train Loss: 0.4362 | Train Acc: 0.9271 | Val Loss: 0.1635 | Val Acc: 0.9495
2026-09-09 14:11:12 [INFO] ✓ Saved best model: Val Acc=0.9495 at epoch 20
2026-09-09 14:12:09 [INFO] Epoch 021 | Train Loss: 0.4047 | Train Acc: 0.9330 | Val Loss: 0.1575 | Val Acc: 0.9514
2026-09-09 14:12:09 [INFO] ✓ Saved best model: Val Acc=0.9514 at epoch 21
2026-09-09 14:13:06 [INFO] Epoch 022 | Train Loss: 0.3944 | Train Acc: 0.9345 | Val Loss: 0.1557 | Val Acc: 0.9529
2026-09-09 14:13:06 [INFO] ✓ Saved best model: Val Acc=0.9529 at epoch 22
2026-09-09 14:14:02 [INFO] Epoch 023 | Train Loss: 0.3850 | Train Acc: 0.9372 | Val Loss: 0.1526 | Val Acc: 0.9540
2026-09-09 14:14:02 [INFO] ✓ Saved best model: Val Acc=0.9540 at epoch 23
2026-09-09 14:14:59 [INFO] Epoch 024 | Train Loss: 0.3737 | Train Acc: 0.9389 | Val Loss: 0.1513 | Val Acc: 0.9532
2026-09-09 14:15:56 [INFO] Epoch 025 | Train Loss: 0.3722 | Train Acc: 0.9395 | Val Loss: 0.1518 | Val Acc: 0.9539
2026-09-09 14:16:52 [INFO] Epoch 026 | Train Loss: 0.3663 | Train Acc: 0.9403 | Val Loss: 0.1495 | Val Acc: 0.9538
2026-09-09 14:17:49 [INFO] Epoch 027 | Train Loss: 0.3640 | Train Acc: 0.9416 | Val Loss: 0.1472 | Val Acc: 0.9558
2026-09-09 14:17:49 [INFO] ✓ Saved best model: Val Acc=0.9558 at epoch 27
2026-09-09 14:18:45 [INFO] Epoch 028 | Train Loss: 0.3581 | Train Acc: 0.9412 | Val Loss: 0.1480 | Val Acc: 0.9549
2026-09-09 14:19:41 [INFO] Epoch 029 | Train Loss: 0.3638 | Train Acc: 0.9400 | Val Loss: 0.1475 | Val Acc: 0.9542
2026-09-09 14:20:36 [INFO] Epoch 030 | Train Loss: 0.3478 | Train Acc: 0.9430 | Val Loss: 0.1451 | Val Acc: 0.9551
2026-09-09 14:21:32 [INFO] Epoch 031 | Train Loss: 0.3481 | Train Acc: 0.9432 | Val Loss: 0.1440 | Val Acc: 0.9553
2026-09-09 14:22:28 [INFO] Epoch 032 | Train Loss: 0.3422 | Train Acc: 0.9439 | Val Loss: 0.1441 | Val Acc: 0.9556
2026-09-09 14:23:27 [INFO] Epoch 033 | Train Loss: 0.3431 | Train Acc: 0.9451 | Val Loss: 0.1430 | Val Acc: 0.9557
2026-09-09 14:24:25 [INFO] Epoch 034 | Train Loss: 0.3464 | Train Acc: 0.9443 | Val Loss: 0.1424 | Val Acc: 0.9560
2026-09-09 14:24:25 [INFO] ✓ Saved best model: Val Acc=0.9560 at epoch 34
2026-09-09 14:25:23 [INFO] Epoch 035 | Train Loss: 0.3415 | Train Acc: 0.9453 | Val Loss: 0.1423 | Val Acc: 0.9562
2026-09-09 14:25:23 [INFO] ✓ Saved best model: Val Acc=0.9562 at epoch 35
2026-09-09 14:26:17 [INFO] Epoch 036 | Train Loss: 0.3383 | Train Acc: 0.9450 | Val Loss: 0.1430 | Val Acc: 0.9562
2026-09-09 14:27:12 [INFO] Epoch 037 | Train Loss: 0.3411 | Train Acc: 0.9447 | Val Loss: 0.1429 | Val Acc: 0.9559
2026-09-09 14:28:07 [INFO] Epoch 038 | Train Loss: 0.3416 | Train Acc: 0.9459 | Val Loss: 0.1419 | Val Acc: 0.9562
2026-09-09 14:28:07 [INFO] ✓ Saved best model: Val Acc=0.9562 at epoch 38
2026-09-09 14:29:06 [INFO] Epoch 039 | Train Loss: 0.3390 | Train Acc: 0.9454 | Val Loss: 0.1426 | Val Acc: 0.9562
2026-09-09 14:30:20 [INFO] Epoch 040 | Train Loss: 0.3368 | Train Acc: 0.9449 | Val Loss: 0.1420 | Val Acc: 0.9566
2026-09-09 14:30:21 [INFO] ✓ Saved best model: Val Acc=0.9566 at epoch 40
2026-09-09 14:31:17 [INFO] Epoch 041 | Train Loss: 0.3376 | Train Acc: 0.9460 | Val Loss: 0.1422 | Val Acc: 0.9565
2026-09-09 14:32:13 [INFO] Epoch 042 | Train Loss: 0.3373 | Train Acc: 0.9450 | Val Loss: 0.1422 | Val Acc: 0.9563
2026-09-09 14:33:08 [INFO] Epoch 043 | Train Loss: 0.3409 | Train Acc: 0.9449 | Val Loss: 0.1420 | Val Acc: 0.9561
2026-09-09 14:34:06 [INFO] Epoch 044 | Train Loss: 0.3386 | Train Acc: 0.9449 | Val Loss: 0.1420 | Val Acc: 0.9563
2026-09-09 14:35:02 [INFO] Epoch 045 | Train Loss: 0.3387 | Train Acc: 0.9454 | Val Loss: 0.1416 | Val Acc: 0.9563
2026-09-09 14:36:01 [INFO] Epoch 046 | Train Loss: 0.3388 | Train Acc: 0.9449 | Val Loss: 0.1418 | Val Acc: 0.9565
2026-09-09 14:36:57 [INFO] Epoch 047 | Train Loss: 0.3312 | Train Acc: 0.9469 | Val Loss: 0.1421 | Val Acc: 0.9565
2026-09-09 14:37:52 [INFO] Epoch 048 | Train Loss: 0.3345 | Train Acc: 0.9463 | Val Loss: 0.1419 | Val Acc: 0.9566
2026-09-09 14:38:46 [INFO] Epoch 049 | Train Loss: 0.3376 | Train Acc: 0.9454 | Val Loss: 0.1418 | Val Acc: 0.9560
2026-09-09 14:38:46 [INFO] Evaluating Best Model on TEST Set...
2026-09-09 14:38:46 [INFO] 
[RESUME] Đang nạp checkpoint từ: /home/biu-linux/DeepLearning_Projects/DoAnNganh/HybricMamba/Ressult/TFJ/HEAVY_HYBRIC_MAMBA/Belgium_ar_new/HEAVY_HYBRIC_MAMBA_best.pth
2026-09-09 14:38:50 [INFO] 🎯 [TEST RESULT] Test Acc: 0.9554 | F1-Macro: 0.9426 | F1-Weighted: 0.9554
