2026-09-10 07:12:37 [INFO] Dataset: belgium_ar_new_3 | Số nhãn (classes): 62 | Tổng số ảnh: 99330
2026-09-10 07:12:37 [INFO] Dữ liệu đã chia -> Train (70%): 64564 | Val (15%): 17383 | Test (15%): 17383
2026-09-10 07:12:37 [INFO] 
🔍 Kiểm tra phân bố class trong batch:
2026-09-10 07:12:37 [INFO]   Batch 0: 29 classes (first 5: [1, 7, 10, 13, 17])
2026-09-10 07:12:37 [INFO]   Batch 1: 31 classes (first 5: [0, 3, 4, 6, 7])
2026-09-10 07:12:37 [INFO]   Batch 2: 30 classes (first 5: [1, 6, 7, 13, 14])
2026-09-10 07:12:37 [INFO]   Batch 3: 30 classes (first 5: [1, 3, 10, 13, 14])
2026-09-10 07:12:37 [INFO]   Batch 4: 24 classes (first 5: [1, 7, 9, 14, 17])
2026-09-10 07:12:37 [INFO] ✅ Shuffle tốt! Trung bình 28.8 classes/batch
2026-09-10 07:12:38 [INFO] ============================================================
2026-09-10 07:12:38 [INFO] Starting training: VIT_S
2026-09-10 07:12:38 [INFO] Dataset: belgium_ar_new_3 | Path: /home/biu-linux/DeepLearning_Projects/DoAnNganh/data/Belgium_ar_3
2026-09-10 07:12:38 [INFO] Device: cuda
2026-09-10 07:12:38 [INFO] GPU: NVIDIA GeForce RTX 3050 Laptop GPU
2026-09-10 07:12:38 [INFO] ============================================================
2026-09-10 07:13:10 [INFO] Epoch 000 | Train Loss: 1.3896 | Train Acc: 0.6016 | Val Loss: 0.7092 | Val Acc: 0.7788
2026-09-10 07:13:10 [INFO] ✓ Saved best model: Val Acc=0.7788 at epoch 0
2026-09-10 07:13:43 [INFO] Epoch 001 | Train Loss: 1.0978 | Train Acc: 0.6811 | Val Loss: 0.6703 | Val Acc: 0.7924
2026-09-10 07:13:43 [INFO] ✓ Saved best model: Val Acc=0.7924 at epoch 1
2026-09-10 07:14:16 [INFO] Epoch 002 | Train Loss: 1.0497 | Train Acc: 0.6928 | Val Loss: 0.6978 | Val Acc: 0.7865
2026-09-10 07:14:48 [INFO] Epoch 003 | Train Loss: 1.0380 | Train Acc: 0.6956 | Val Loss: 0.7362 | Val Acc: 0.7771
2026-09-10 07:15:21 [INFO] Epoch 004 | Train Loss: 1.0383 | Train Acc: 0.6935 | Val Loss: 0.6499 | Val Acc: 0.8009
2026-09-10 07:15:22 [INFO] ✓ Saved best model: Val Acc=0.8009 at epoch 4
2026-09-10 07:15:55 [INFO] Epoch 005 | Train Loss: 0.9517 | Train Acc: 0.7169 | Val Loss: 0.6018 | Val Acc: 0.8100
2026-09-10 07:15:56 [INFO] ✓ Saved best model: Val Acc=0.8100 at epoch 5
2026-09-10 07:16:29 [INFO] Epoch 006 | Train Loss: 0.8879 | Train Acc: 0.7336 | Val Loss: 0.5930 | Val Acc: 0.8175
2026-09-10 07:16:29 [INFO] ✓ Saved best model: Val Acc=0.8175 at epoch 6
2026-09-10 07:17:02 [INFO] Epoch 007 | Train Loss: 0.8441 | Train Acc: 0.7466 | Val Loss: 0.6015 | Val Acc: 0.8194
2026-09-10 07:17:02 [INFO] ✓ Saved best model: Val Acc=0.8194 at epoch 7
2026-09-10 07:17:35 [INFO] Epoch 008 | Train Loss: 0.8008 | Train Acc: 0.7593 | Val Loss: 0.5717 | Val Acc: 0.8237
2026-09-10 07:17:35 [INFO] ✓ Saved best model: Val Acc=0.8237 at epoch 8
2026-09-10 07:18:08 [INFO] Epoch 009 | Train Loss: 0.7504 | Train Acc: 0.7748 | Val Loss: 0.5631 | Val Acc: 0.8306
2026-09-10 07:18:09 [INFO] ✓ Saved best model: Val Acc=0.8306 at epoch 9
2026-09-10 07:18:41 [INFO] Epoch 010 | Train Loss: 0.7304 | Train Acc: 0.7798 | Val Loss: 0.4926 | Val Acc: 0.8455
2026-09-10 07:18:41 [INFO] ✓ Saved best model: Val Acc=0.8455 at epoch 10
2026-09-10 07:19:13 [INFO] Epoch 011 | Train Loss: 0.6935 | Train Acc: 0.7906 | Val Loss: 0.4637 | Val Acc: 0.8596
2026-09-10 07:19:14 [INFO] ✓ Saved best model: Val Acc=0.8596 at epoch 11
2026-09-10 07:19:47 [INFO] Epoch 012 | Train Loss: 0.6656 | Train Acc: 0.7960 | Val Loss: 0.4577 | Val Acc: 0.8597
2026-09-10 07:19:48 [INFO] ✓ Saved best model: Val Acc=0.8597 at epoch 12
2026-09-10 07:20:21 [INFO] Epoch 013 | Train Loss: 0.6423 | Train Acc: 0.8036 | Val Loss: 0.4290 | Val Acc: 0.8668
2026-09-10 07:20:21 [INFO] ✓ Saved best model: Val Acc=0.8668 at epoch 13
2026-09-10 07:20:54 [INFO] Epoch 014 | Train Loss: 0.6210 | Train Acc: 0.8109 | Val Loss: 0.4257 | Val Acc: 0.8679
2026-09-10 07:20:55 [INFO] ✓ Saved best model: Val Acc=0.8679 at epoch 14
2026-09-10 07:21:28 [INFO] Epoch 015 | Train Loss: 0.5981 | Train Acc: 0.8168 | Val Loss: 0.4001 | Val Acc: 0.8811
2026-09-10 07:21:28 [INFO] ✓ Saved best model: Val Acc=0.8811 at epoch 15
2026-09-10 07:22:02 [INFO] Epoch 016 | Train Loss: 0.5809 | Train Acc: 0.8225 | Val Loss: 0.3947 | Val Acc: 0.8786
2026-09-10 07:22:35 [INFO] Epoch 017 | Train Loss: 0.5641 | Train Acc: 0.8283 | Val Loss: 0.4001 | Val Acc: 0.8767
2026-09-10 07:23:08 [INFO] Epoch 018 | Train Loss: 0.5518 | Train Acc: 0.8317 | Val Loss: 0.3795 | Val Acc: 0.8817
2026-09-10 07:23:08 [INFO] ✓ Saved best model: Val Acc=0.8817 at epoch 18
2026-09-10 07:23:42 [INFO] Epoch 019 | Train Loss: 0.5338 | Train Acc: 0.8368 | Val Loss: 0.3668 | Val Acc: 0.8858
2026-09-10 07:23:42 [INFO] ✓ Saved best model: Val Acc=0.8858 at epoch 19
2026-09-10 07:24:15 [INFO] Epoch 020 | Train Loss: 0.3662 | Train Acc: 0.8881 | Val Loss: 0.2538 | Val Acc: 0.9222
2026-09-10 07:24:15 [INFO] ✓ Saved best model: Val Acc=0.9222 at epoch 20
2026-09-10 07:24:49 [INFO] Epoch 021 | Train Loss: 0.3187 | Train Acc: 0.9027 | Val Loss: 0.2431 | Val Acc: 0.9254
2026-09-10 07:24:49 [INFO] ✓ Saved best model: Val Acc=0.9254 at epoch 21
2026-09-10 07:25:22 [INFO] Epoch 022 | Train Loss: 0.2974 | Train Acc: 0.9089 | Val Loss: 0.2335 | Val Acc: 0.9277
2026-09-10 07:25:22 [INFO] ✓ Saved best model: Val Acc=0.9277 at epoch 22
2026-09-10 07:25:55 [INFO] Epoch 023 | Train Loss: 0.2782 | Train Acc: 0.9149 | Val Loss: 0.2248 | Val Acc: 0.9316
2026-09-10 07:25:56 [INFO] ✓ Saved best model: Val Acc=0.9316 at epoch 23
2026-09-10 07:26:28 [INFO] Epoch 024 | Train Loss: 0.2721 | Train Acc: 0.9173 | Val Loss: 0.2258 | Val Acc: 0.9296
2026-09-10 07:27:02 [INFO] Epoch 025 | Train Loss: 0.2597 | Train Acc: 0.9203 | Val Loss: 0.2204 | Val Acc: 0.9340
2026-09-10 07:27:02 [INFO] ✓ Saved best model: Val Acc=0.9340 at epoch 25
2026-09-10 07:27:35 [INFO] Epoch 026 | Train Loss: 0.2530 | Train Acc: 0.9223 | Val Loss: 0.2172 | Val Acc: 0.9337
2026-09-10 07:28:08 [INFO] Epoch 027 | Train Loss: 0.2456 | Train Acc: 0.9250 | Val Loss: 0.2154 | Val Acc: 0.9344
2026-09-10 07:28:09 [INFO] ✓ Saved best model: Val Acc=0.9344 at epoch 27
2026-09-10 07:28:42 [INFO] Epoch 028 | Train Loss: 0.2394 | Train Acc: 0.9266 | Val Loss: 0.2140 | Val Acc: 0.9348
2026-09-10 07:28:42 [INFO] ✓ Saved best model: Val Acc=0.9348 at epoch 28
2026-09-10 07:29:15 [INFO] Epoch 029 | Train Loss: 0.2371 | Train Acc: 0.9274 | Val Loss: 0.2049 | Val Acc: 0.9378
2026-09-10 07:29:15 [INFO] ✓ Saved best model: Val Acc=0.9378 at epoch 29
2026-09-10 07:29:48 [INFO] Epoch 030 | Train Loss: 0.2182 | Train Acc: 0.9334 | Val Loss: 0.1969 | Val Acc: 0.9397
2026-09-10 07:29:48 [INFO] ✓ Saved best model: Val Acc=0.9397 at epoch 30
2026-09-10 07:30:21 [INFO] Epoch 031 | Train Loss: 0.2117 | Train Acc: 0.9356 | Val Loss: 0.1958 | Val Acc: 0.9401
2026-09-10 07:30:22 [INFO] ✓ Saved best model: Val Acc=0.9401 at epoch 31
2026-09-10 07:30:55 [INFO] Epoch 032 | Train Loss: 0.2045 | Train Acc: 0.9375 | Val Loss: 0.1952 | Val Acc: 0.9407
2026-09-10 07:30:55 [INFO] ✓ Saved best model: Val Acc=0.9407 at epoch 32
2026-09-10 07:31:28 [INFO] Epoch 033 | Train Loss: 0.2041 | Train Acc: 0.9379 | Val Loss: 0.1944 | Val Acc: 0.9409
2026-09-10 07:31:28 [INFO] ✓ Saved best model: Val Acc=0.9409 at epoch 33
2026-09-10 07:32:02 [INFO] Epoch 034 | Train Loss: 0.2041 | Train Acc: 0.9380 | Val Loss: 0.1941 | Val Acc: 0.9411
2026-09-10 07:32:02 [INFO] ✓ Saved best model: Val Acc=0.9411 at epoch 34
2026-09-10 07:32:35 [INFO] Epoch 035 | Train Loss: 0.1980 | Train Acc: 0.9400 | Val Loss: 0.1925 | Val Acc: 0.9422
2026-09-10 07:32:36 [INFO] ✓ Saved best model: Val Acc=0.9422 at epoch 35
2026-09-10 07:33:09 [INFO] Epoch 036 | Train Loss: 0.1988 | Train Acc: 0.9385 | Val Loss: 0.1927 | Val Acc: 0.9419
2026-09-10 07:33:42 [INFO] Epoch 037 | Train Loss: 0.1969 | Train Acc: 0.9392 | Val Loss: 0.1924 | Val Acc: 0.9429
2026-09-10 07:33:42 [INFO] ✓ Saved best model: Val Acc=0.9429 at epoch 37
2026-09-10 07:34:15 [INFO] Epoch 038 | Train Loss: 0.1961 | Train Acc: 0.9404 | Val Loss: 0.1914 | Val Acc: 0.9419
2026-09-10 07:34:48 [INFO] Epoch 039 | Train Loss: 0.1968 | Train Acc: 0.9404 | Val Loss: 0.1916 | Val Acc: 0.9432
2026-09-10 07:34:48 [INFO] ✓ Saved best model: Val Acc=0.9432 at epoch 39
2026-09-10 07:35:21 [INFO] Epoch 040 | Train Loss: 0.1946 | Train Acc: 0.9412 | Val Loss: 0.1909 | Val Acc: 0.9436
2026-09-10 07:35:22 [INFO] ✓ Saved best model: Val Acc=0.9436 at epoch 40
2026-09-10 07:35:55 [INFO] Epoch 041 | Train Loss: 0.1942 | Train Acc: 0.9412 | Val Loss: 0.1905 | Val Acc: 0.9435
2026-09-10 07:36:28 [INFO] Epoch 042 | Train Loss: 0.1928 | Train Acc: 0.9418 | Val Loss: 0.1909 | Val Acc: 0.9436
2026-09-10 07:37:01 [INFO] Epoch 043 | Train Loss: 0.1936 | Train Acc: 0.9406 | Val Loss: 0.1906 | Val Acc: 0.9435
2026-09-10 07:37:34 [INFO] Epoch 044 | Train Loss: 0.1919 | Train Acc: 0.9412 | Val Loss: 0.1907 | Val Acc: 0.9436
2026-09-10 07:38:08 [INFO] Epoch 045 | Train Loss: 0.1965 | Train Acc: 0.9398 | Val Loss: 0.1906 | Val Acc: 0.9436
2026-09-10 07:38:41 [INFO] Epoch 046 | Train Loss: 0.1954 | Train Acc: 0.9415 | Val Loss: 0.1906 | Val Acc: 0.9433
2026-09-10 07:39:14 [INFO] Epoch 047 | Train Loss: 0.1947 | Train Acc: 0.9407 | Val Loss: 0.1905 | Val Acc: 0.9432
2026-09-10 07:39:47 [INFO] Epoch 048 | Train Loss: 0.1914 | Train Acc: 0.9411 | Val Loss: 0.1903 | Val Acc: 0.9435
2026-09-10 07:40:41 [INFO] Epoch 049 | Train Loss: 0.1955 | Train Acc: 0.9409 | Val Loss: 0.1901 | Val Acc: 0.9435
2026-09-10 07:40:41 [INFO] Evaluating Best Model on TEST Set...
2026-09-10 07:40:41 [INFO] 
[RESUME] Đang nạp checkpoint từ: /home/biu-linux/DeepLearning_Projects/DoAnNganh/HybricMamba/Ressult/TFJ/VIT_S/belgium_ar_new_3/VIT_S_best.pth
2026-09-10 07:40:44 [INFO] 🎯 [TEST RESULT] Test Acc: 0.9403 | F1-Macro: 0.9268 | F1-Weighted: 0.9404
2026-09-10 08:39:03 [INFO] Dataset: belgium_ar_new_2 | Số nhãn (classes): 62 | Tổng số ảnh: 99330
2026-09-10 08:39:03 [INFO] Dữ liệu đã chia -> Train (70%): 64564 | Val (15%): 17383 | Test (15%): 17383
2026-09-10 08:39:03 [INFO] 
🔍 Kiểm tra phân bố class trong batch:
2026-09-10 08:39:03 [INFO]   Batch 0: 29 classes (first 5: [1, 3, 7, 8, 12])
2026-09-10 08:39:03 [INFO]   Batch 1: 24 classes (first 5: [4, 7, 10, 13, 17])
2026-09-10 08:39:03 [INFO]   Batch 2: 26 classes (first 5: [0, 1, 12, 13, 17])
2026-09-10 08:39:03 [INFO]   Batch 3: 27 classes (first 5: [0, 7, 9, 17, 18])
2026-09-10 08:39:03 [INFO]   Batch 4: 34 classes (first 5: [1, 4, 7, 8, 14])
2026-09-10 08:39:04 [INFO] ✅ Shuffle tốt! Trung bình 28.0 classes/batch
2026-09-10 08:39:04 [INFO] ============================================================
2026-09-10 08:39:04 [INFO] Starting training: VIT_S
2026-09-10 08:39:04 [INFO] Dataset: belgium_ar_new_2 | Path: /home/biu-linux/DeepLearning_Projects/DoAnNganh/data/Belgium_ar_2
2026-09-10 08:39:04 [INFO] Device: cuda
2026-09-10 08:39:04 [INFO] GPU: NVIDIA GeForce RTX 3050 Laptop GPU
2026-09-10 08:39:04 [INFO] ============================================================
2026-09-10 08:39:04 [INFO] 
[RESUME] Đang nạp checkpoint từ: /home/biu-linux/DeepLearning_Projects/DoAnNganh/HybricMamba/Ressult/TFJ/VIT_S/belgium_ar_new_2/VIT_S_best.pth
2026-09-10 08:39:04 [INFO] Evaluating Best Model on TEST Set...
2026-09-10 08:39:04 [INFO] 
[RESUME] Đang nạp checkpoint từ: /home/biu-linux/DeepLearning_Projects/DoAnNganh/HybricMamba/Ressult/TFJ/VIT_S/belgium_ar_new_2/VIT_S_best.pth
2026-09-10 08:39:06 [INFO] 🎯 [TEST RESULT] Test Acc: 0.9717 | F1-Macro: 0.9616 | F1-Weighted: 0.9717
