2026-09-09 15:20:06 [INFO] Dataset: Belgium_ar_new_3 | Số nhãn (classes): 62 | Tổng số ảnh: 99330
2026-09-09 15:20:06 [INFO] Dữ liệu đã chia -> Train (70%): 64564 | Val (15%): 17383 | Test (15%): 17383
2026-09-09 15:20:06 [INFO] 
🔍 Kiểm tra phân bố class trong batch:
2026-09-09 15:20:06 [INFO]   Batch 0: 27 classes (first 5: [1, 2, 7, 11, 13])
2026-09-09 15:20:06 [INFO]   Batch 1: 29 classes (first 5: [1, 7, 8, 13, 17])
2026-09-09 15:20:06 [INFO]   Batch 2: 33 classes (first 5: [1, 7, 8, 12, 14])
2026-09-09 15:20:06 [INFO]   Batch 3: 30 classes (first 5: [1, 2, 7, 8, 10])
2026-09-09 15:20:06 [INFO]   Batch 4: 31 classes (first 5: [1, 3, 7, 12, 13])
2026-09-09 15:20:06 [INFO] ✅ Shuffle tốt! Trung bình 30.0 classes/batch
2026-09-09 15:20:06 [INFO] ============================================================
2026-09-09 15:20:06 [INFO] Starting training: MEDIUM_HYBRIC_MAMBA
2026-09-09 15:20:06 [INFO] Dataset: Belgium_ar_new_3 | Path: /home/biu-linux/DeepLearning_Projects/DoAnNganh/data/Belgium_ar_3
2026-09-09 15:20:06 [INFO] Device: cuda
2026-09-09 15:20:06 [INFO] GPU: NVIDIA GeForce RTX 3050 Laptop GPU
2026-09-09 15:20:06 [INFO] ============================================================
2026-09-09 15:23:28 [INFO] Dataset: Belgium_ar_new_3 | Số nhãn (classes): 62 | Tổng số ảnh: 99330
2026-09-09 15:23:28 [INFO] Dữ liệu đã chia -> Train (70%): 64564 | Val (15%): 17383 | Test (15%): 17383
2026-09-09 15:23:28 [INFO] 
🔍 Kiểm tra phân bố class trong batch:
2026-09-09 15:23:30 [INFO]   Batch 0: 36 classes (first 5: [1, 4, 7, 8, 11])
2026-09-09 15:23:30 [INFO]   Batch 1: 28 classes (first 5: [5, 6, 7, 8, 9])
2026-09-09 15:23:30 [INFO]   Batch 2: 30 classes (first 5: [3, 4, 7, 8, 9])
2026-09-09 15:23:30 [INFO]   Batch 3: 29 classes (first 5: [1, 7, 8, 12, 13])
2026-09-09 15:23:30 [INFO]   Batch 4: 30 classes (first 5: [1, 7, 13, 14, 17])
2026-09-09 15:23:30 [INFO] ✅ Shuffle tốt! Trung bình 30.6 classes/batch
2026-09-09 15:23:30 [INFO] ============================================================
2026-09-09 15:23:30 [INFO] Starting training: MEDIUM_HYBRIC_MAMBA
2026-09-09 15:23:30 [INFO] Dataset: Belgium_ar_new_3 | Path: /home/biu-linux/DeepLearning_Projects/DoAnNganh/data/Belgium_ar_3
2026-09-09 15:23:30 [INFO] Device: cuda
2026-09-09 15:23:30 [INFO] GPU: NVIDIA GeForce RTX 3050 Laptop GPU
2026-09-09 15:23:30 [INFO] ============================================================
2026-09-09 15:23:30 [INFO] 
[RESUME] Đang nạp checkpoint từ: /home/biu-linux/DeepLearning_Projects/DoAnNganh/HybricMamba/Ressult/TFJ/MEDIUM_HYBRIC_MAMBA/Belgium_ar_new_3/MEDIUM_HYBRIC_MAMBA_best.pth
2026-09-09 15:24:06 [INFO] Epoch 032 | Train Loss: 0.3689 | Train Acc: 0.9392 | Val Loss: 0.0938 | Val Acc: 0.9706
2026-09-09 15:24:06 [INFO] ✓ Saved best model: Val Acc=0.9706 at epoch 32
2026-09-09 15:24:37 [INFO] Epoch 033 | Train Loss: 0.3570 | Train Acc: 0.9419 | Val Loss: 0.0929 | Val Acc: 0.9705
2026-09-09 15:25:01 [INFO] Dataset: Belgium_ar_new_3 | Số nhãn (classes): 62 | Tổng số ảnh: 99330
2026-09-09 15:25:01 [INFO] Dữ liệu đã chia -> Train (70%): 64564 | Val (15%): 17383 | Test (15%): 17383
2026-09-09 15:25:01 [INFO] 
🔍 Kiểm tra phân bố class trong batch:
2026-09-09 15:25:03 [INFO]   Batch 0: 33 classes (first 5: [1, 3, 7, 8, 17])
2026-09-09 15:25:03 [INFO]   Batch 1: 32 classes (first 5: [3, 6, 7, 9, 10])
2026-09-09 15:25:03 [INFO]   Batch 2: 29 classes (first 5: [1, 4, 7, 13, 14])
2026-09-09 15:25:03 [INFO]   Batch 3: 33 classes (first 5: [1, 3, 6, 7, 10])
2026-09-09 15:25:03 [INFO]   Batch 4: 27 classes (first 5: [0, 1, 2, 6, 17])
2026-09-09 15:25:03 [INFO] ✅ Shuffle tốt! Trung bình 30.8 classes/batch
2026-09-09 15:25:03 [INFO] ============================================================
2026-09-09 15:25:03 [INFO] Starting training: MEDIUM_HYBRIC_MAMBA
2026-09-09 15:25:03 [INFO] Dataset: Belgium_ar_new_3 | Path: /home/biu-linux/DeepLearning_Projects/DoAnNganh/data/Belgium_ar_3
2026-09-09 15:25:03 [INFO] Device: cuda
2026-09-09 15:25:03 [INFO] GPU: NVIDIA GeForce RTX 3050 Laptop GPU
2026-09-09 15:25:03 [INFO] ============================================================
2026-09-09 15:25:03 [INFO] 
[RESUME] Đang nạp checkpoint từ: /home/biu-linux/DeepLearning_Projects/DoAnNganh/HybricMamba/Ressult/TFJ/MEDIUM_HYBRIC_MAMBA/Belgium_ar_new_3/MEDIUM_HYBRIC_MAMBA_best.pth
2026-09-09 15:25:39 [INFO] Epoch 033 | Train Loss: 0.3625 | Train Acc: 0.9405 | Val Loss: 0.0957 | Val Acc: 0.9696
2026-09-09 15:26:12 [INFO] Epoch 034 | Train Loss: 0.3488 | Train Acc: 0.9433 | Val Loss: 0.0950 | Val Acc: 0.9699
2026-09-09 15:26:46 [INFO] Epoch 035 | Train Loss: 0.3487 | Train Acc: 0.9436 | Val Loss: 0.0936 | Val Acc: 0.9704
2026-09-09 15:27:20 [INFO] Epoch 036 | Train Loss: 0.3426 | Train Acc: 0.9439 | Val Loss: 0.0931 | Val Acc: 0.9698
2026-09-09 15:27:54 [INFO] Epoch 037 | Train Loss: 0.3412 | Train Acc: 0.9449 | Val Loss: 0.0932 | Val Acc: 0.9695
2026-09-09 15:28:30 [INFO] Epoch 038 | Train Loss: 0.3305 | Train Acc: 0.9465 | Val Loss: 0.0915 | Val Acc: 0.9703
2026-09-09 15:29:04 [INFO] Epoch 039 | Train Loss: 0.3334 | Train Acc: 0.9456 | Val Loss: 0.0919 | Val Acc: 0.9704
2026-09-09 15:29:37 [INFO] Epoch 040 | Train Loss: 0.3189 | Train Acc: 0.9489 | Val Loss: 0.0900 | Val Acc: 0.9709
2026-09-09 15:29:37 [INFO] ✓ Saved best model: Val Acc=0.9709 at epoch 40
2026-09-09 15:30:11 [INFO] Epoch 041 | Train Loss: 0.3222 | Train Acc: 0.9470 | Val Loss: 0.0890 | Val Acc: 0.9709
2026-09-09 15:30:11 [INFO] ✓ Saved best model: Val Acc=0.9709 at epoch 41
2026-09-09 15:30:54 [INFO] Dataset: Belgium_ar_new_3 | Số nhãn (classes): 62 | Tổng số ảnh: 99330
2026-09-09 15:30:54 [INFO] Dữ liệu đã chia -> Train (70%): 64564 | Val (15%): 17383 | Test (15%): 17383
2026-09-09 15:30:54 [INFO] 
🔍 Kiểm tra phân bố class trong batch:
2026-09-09 15:30:56 [INFO]   Batch 0: 28 classes (first 5: [1, 7, 10, 17, 18])
2026-09-09 15:30:56 [INFO]   Batch 1: 31 classes (first 5: [1, 2, 10, 13, 17])
2026-09-09 15:30:56 [INFO]   Batch 2: 27 classes (first 5: [7, 8, 10, 13, 17])
2026-09-09 15:30:56 [INFO]   Batch 3: 27 classes (first 5: [0, 1, 7, 9, 10])
2026-09-09 15:30:56 [INFO]   Batch 4: 31 classes (first 5: [0, 1, 2, 3, 7])
2026-09-09 15:30:56 [INFO] ✅ Shuffle tốt! Trung bình 28.8 classes/batch
2026-09-09 15:30:56 [INFO] ============================================================
2026-09-09 15:30:56 [INFO] Starting training: MEDIUM_HYBRIC_MAMBA
2026-09-09 15:30:56 [INFO] Dataset: Belgium_ar_new_3 | Path: /home/biu-linux/DeepLearning_Projects/DoAnNganh/data/Belgium_ar_3
2026-09-09 15:30:56 [INFO] Device: cuda
2026-09-09 15:30:56 [INFO] GPU: NVIDIA GeForce RTX 3050 Laptop GPU
2026-09-09 15:30:56 [INFO] ============================================================
2026-09-09 15:30:56 [INFO] 
[RESUME] Đang nạp checkpoint từ: /home/biu-linux/DeepLearning_Projects/DoAnNganh/HybricMamba/Ressult/TFJ/MEDIUM_HYBRIC_MAMBA/Belgium_ar_new_3/MEDIUM_HYBRIC_MAMBA_best.pth
2026-09-09 15:31:32 [INFO] Epoch 042 | Train Loss: 0.3228 | Train Acc: 0.9478 | Val Loss: 0.0839 | Val Acc: 0.9729
2026-09-09 15:31:32 [INFO] ✓ Saved best model: Val Acc=0.9729 at epoch 42
2026-09-09 15:32:06 [INFO] Epoch 043 | Train Loss: 0.3241 | Train Acc: 0.9477 | Val Loss: 0.0841 | Val Acc: 0.9732
2026-09-09 15:32:06 [INFO] ✓ Saved best model: Val Acc=0.9732 at epoch 43
2026-09-09 15:32:39 [INFO] Epoch 044 | Train Loss: 0.3213 | Train Acc: 0.9479 | Val Loss: 0.0840 | Val Acc: 0.9731
2026-09-09 15:33:13 [INFO] Epoch 045 | Train Loss: 0.3229 | Train Acc: 0.9478 | Val Loss: 0.0843 | Val Acc: 0.9731
2026-09-09 15:33:48 [INFO] Epoch 046 | Train Loss: 0.3183 | Train Acc: 0.9484 | Val Loss: 0.0837 | Val Acc: 0.9730
2026-09-09 15:34:24 [INFO] Epoch 047 | Train Loss: 0.3194 | Train Acc: 0.9488 | Val Loss: 0.0841 | Val Acc: 0.9729
2026-09-09 15:35:00 [INFO] Epoch 048 | Train Loss: 0.3202 | Train Acc: 0.9483 | Val Loss: 0.0840 | Val Acc: 0.9727
2026-09-09 15:35:34 [INFO] Epoch 049 | Train Loss: 0.3172 | Train Acc: 0.9492 | Val Loss: 0.0835 | Val Acc: 0.9729
2026-09-09 15:35:34 [INFO] Evaluating Best Model on TEST Set...
2026-09-09 15:35:34 [INFO] 
[RESUME] Đang nạp checkpoint từ: /home/biu-linux/DeepLearning_Projects/DoAnNganh/HybricMamba/Ressult/TFJ/MEDIUM_HYBRIC_MAMBA/Belgium_ar_new_3/MEDIUM_HYBRIC_MAMBA_best.pth
2026-09-09 15:35:37 [INFO] 🎯 [TEST RESULT] Test Acc: 0.9773 | F1-Macro: 0.9647 | F1-Weighted: 0.9772
2026-09-09 15:37:35 [INFO] Dataset: Belgium_ar_new_3 | Số nhãn (classes): 62 | Tổng số ảnh: 99330
2026-09-09 15:37:36 [INFO] Dữ liệu đã chia -> Train (70%): 64564 | Val (15%): 17383 | Test (15%): 17383
2026-09-09 15:37:36 [INFO] 
🔍 Kiểm tra phân bố class trong batch:
2026-09-09 15:37:38 [INFO]   Batch 0: 28 classes (first 5: [1, 7, 10, 17, 19])
2026-09-09 15:37:38 [INFO]   Batch 1: 26 classes (first 5: [0, 1, 7, 10, 13])
2026-09-09 15:37:38 [INFO]   Batch 2: 28 classes (first 5: [1, 4, 6, 7, 10])
2026-09-09 15:37:38 [INFO]   Batch 3: 25 classes (first 5: [7, 14, 16, 17, 18])
2026-09-09 15:37:38 [INFO]   Batch 4: 30 classes (first 5: [2, 6, 7, 8, 9])
2026-09-09 15:37:38 [INFO] ✅ Shuffle tốt! Trung bình 27.4 classes/batch
2026-09-09 15:37:38 [INFO] ============================================================
2026-09-09 15:37:38 [INFO] Starting training: MEDIUM_HYBRIC_MAMBA
2026-09-09 15:37:38 [INFO] Dataset: Belgium_ar_new_3 | Path: /home/biu-linux/DeepLearning_Projects/DoAnNganh/data/Belgium_ar_3
2026-09-09 15:37:38 [INFO] Device: cuda
2026-09-09 15:37:38 [INFO] GPU: NVIDIA GeForce RTX 3050 Laptop GPU
2026-09-09 15:37:38 [INFO] ============================================================
2026-09-09 15:37:38 [INFO] 
[RESUME] Đang nạp checkpoint từ: /home/biu-linux/DeepLearning_Projects/DoAnNganh/HybricMamba/Ressult/TFJ/MEDIUM_HYBRIC_MAMBA/Belgium_ar_new_3/MEDIUM_HYBRIC_MAMBA_best.pth
2026-09-09 15:38:13 [INFO] Epoch 044 | Train Loss: 0.3329 | Train Acc: 0.9466 | Val Loss: 0.0859 | Val Acc: 0.9732
2026-09-09 15:38:35 [INFO] Dataset: Belgium_ar_new_3 | Số nhãn (classes): 62 | Tổng số ảnh: 99330
2026-09-09 15:38:35 [INFO] Dữ liệu đã chia -> Train (70%): 64564 | Val (15%): 17383 | Test (15%): 17383
2026-09-09 15:38:35 [INFO] 
🔍 Kiểm tra phân bố class trong batch:
2026-09-09 15:38:37 [INFO]   Batch 0: 27 classes (first 5: [3, 7, 10, 13, 14])
2026-09-09 15:38:37 [INFO]   Batch 1: 25 classes (first 5: [1, 7, 8, 11, 13])
2026-09-09 15:38:37 [INFO]   Batch 2: 29 classes (first 5: [1, 2, 7, 10, 15])
2026-09-09 15:38:37 [INFO]   Batch 3: 24 classes (first 5: [1, 7, 13, 18, 19])
2026-09-09 15:38:37 [INFO]   Batch 4: 28 classes (first 5: [0, 6, 7, 13, 14])
2026-09-09 15:38:37 [INFO] ✅ Shuffle tốt! Trung bình 26.6 classes/batch
2026-09-09 15:38:37 [INFO] ============================================================
2026-09-09 15:38:37 [INFO] Starting training: MEDIUM_HYBRIC_MAMBA
2026-09-09 15:38:37 [INFO] Dataset: Belgium_ar_new_3 | Path: /home/biu-linux/DeepLearning_Projects/DoAnNganh/data/Belgium_ar_3
2026-09-09 15:38:37 [INFO] Device: cuda
2026-09-09 15:38:37 [INFO] GPU: NVIDIA GeForce RTX 3050 Laptop GPU
2026-09-09 15:38:37 [INFO] ============================================================
2026-09-09 15:38:37 [INFO] 
[RESUME] Đang nạp checkpoint từ: /home/biu-linux/DeepLearning_Projects/DoAnNganh/HybricMamba/Ressult/TFJ/MEDIUM_HYBRIC_MAMBA/Belgium_ar_new_3/MEDIUM_HYBRIC_MAMBA_best.pth
2026-09-09 15:39:16 [INFO] Dataset: Belgium_ar_new_3 | Số nhãn (classes): 62 | Tổng số ảnh: 99330
2026-09-09 15:39:16 [INFO] Dữ liệu đã chia -> Train (70%): 64564 | Val (15%): 17383 | Test (15%): 17383
2026-09-09 15:39:16 [INFO] 
🔍 Kiểm tra phân bố class trong batch:
2026-09-09 15:39:16 [INFO]   Batch 0: 27 classes (first 5: [1, 3, 4, 7, 13])
2026-09-09 15:39:16 [INFO]   Batch 1: 29 classes (first 5: [1, 4, 7, 10, 14])
2026-09-09 15:39:16 [INFO]   Batch 2: 29 classes (first 5: [7, 8, 10, 12, 14])
2026-09-09 15:39:16 [INFO]   Batch 3: 29 classes (first 5: [1, 10, 12, 13, 14])
2026-09-09 15:39:16 [INFO]   Batch 4: 27 classes (first 5: [1, 7, 8, 13, 17])
2026-09-09 15:39:16 [INFO] ✅ Shuffle tốt! Trung bình 28.2 classes/batch
2026-09-09 15:39:16 [INFO] ============================================================
2026-09-09 15:39:16 [INFO] Starting training: MEDIUM_HYBRIC_MAMBA
2026-09-09 15:39:16 [INFO] Dataset: Belgium_ar_new_3 | Path: /home/biu-linux/DeepLearning_Projects/DoAnNganh/data/Belgium_ar_3
2026-09-09 15:39:16 [INFO] Device: cuda
2026-09-09 15:39:16 [INFO] GPU: NVIDIA GeForce RTX 3050 Laptop GPU
2026-09-09 15:39:16 [INFO] ============================================================
2026-09-09 15:39:16 [INFO] 
[RESUME] Đang nạp checkpoint từ: /home/biu-linux/DeepLearning_Projects/DoAnNganh/HybricMamba/Ressult/TFJ/MEDIUM_HYBRIC_MAMBA/Belgium_ar_new_3/MEDIUM_HYBRIC_MAMBA_best.pth
2026-09-09 15:39:56 [INFO] Epoch 044 | Train Loss: 0.3266 | Train Acc: 0.9463 | Val Loss: 0.0817 | Val Acc: 0.9740
2026-09-09 15:39:56 [INFO] ✓ Saved best model: Val Acc=0.9740 at epoch 44
2026-09-09 15:40:30 [INFO] Epoch 045 | Train Loss: 0.3226 | Train Acc: 0.9476 | Val Loss: 0.0803 | Val Acc: 0.9746
2026-09-09 15:40:30 [INFO] ✓ Saved best model: Val Acc=0.9746 at epoch 45
2026-09-09 15:41:02 [INFO] Epoch 046 | Train Loss: 0.3236 | Train Acc: 0.9476 | Val Loss: 0.0798 | Val Acc: 0.9742
2026-09-09 15:41:33 [INFO] Epoch 047 | Train Loss: 0.3159 | Train Acc: 0.9494 | Val Loss: 0.0801 | Val Acc: 0.9743
2026-09-09 15:42:05 [INFO] Epoch 048 | Train Loss: 0.3145 | Train Acc: 0.9489 | Val Loss: 0.0799 | Val Acc: 0.9745
2026-09-09 15:42:37 [INFO] Epoch 049 | Train Loss: 0.3150 | Train Acc: 0.9495 | Val Loss: 0.0795 | Val Acc: 0.9744
2026-09-09 15:43:07 [INFO] Epoch 050 | Train Loss: 0.3186 | Train Acc: 0.9482 | Val Loss: 0.0799 | Val Acc: 0.9743
2026-09-09 15:43:38 [INFO] Epoch 051 | Train Loss: 0.3128 | Train Acc: 0.9494 | Val Loss: 0.0793 | Val Acc: 0.9743
2026-09-09 15:44:11 [INFO] Epoch 052 | Train Loss: 0.3112 | Train Acc: 0.9498 | Val Loss: 0.0793 | Val Acc: 0.9744
2026-09-09 15:44:45 [INFO] Epoch 053 | Train Loss: 0.3168 | Train Acc: 0.9491 | Val Loss: 0.0794 | Val Acc: 0.9745
2026-09-09 15:45:18 [INFO] Epoch 054 | Train Loss: 0.3171 | Train Acc: 0.9487 | Val Loss: 0.0795 | Val Acc: 0.9748
2026-09-09 15:45:18 [INFO] ✓ Saved best model: Val Acc=0.9748 at epoch 54
2026-09-09 15:45:51 [INFO] Epoch 055 | Train Loss: 0.3130 | Train Acc: 0.9501 | Val Loss: 0.0794 | Val Acc: 0.9746
2026-09-09 15:46:24 [INFO] Epoch 056 | Train Loss: 0.3111 | Train Acc: 0.9500 | Val Loss: 0.0797 | Val Acc: 0.9745
2026-09-09 15:46:58 [INFO] Epoch 057 | Train Loss: 0.3133 | Train Acc: 0.9500 | Val Loss: 0.0796 | Val Acc: 0.9743
2026-09-09 15:47:31 [INFO] Epoch 058 | Train Loss: 0.3190 | Train Acc: 0.9485 | Val Loss: 0.0796 | Val Acc: 0.9747
2026-09-09 15:48:04 [INFO] Epoch 059 | Train Loss: 0.3125 | Train Acc: 0.9506 | Val Loss: 0.0797 | Val Acc: 0.9739
2026-09-09 15:48:04 [INFO] Evaluating Best Model on TEST Set...
2026-09-09 15:48:04 [INFO] 
[RESUME] Đang nạp checkpoint từ: /home/biu-linux/DeepLearning_Projects/DoAnNganh/HybricMamba/Ressult/TFJ/MEDIUM_HYBRIC_MAMBA/Belgium_ar_new_3/MEDIUM_HYBRIC_MAMBA_best.pth
2026-09-09 15:48:06 [INFO] 🎯 [TEST RESULT] Test Acc: 0.9742 | F1-Macro: 0.9647 | F1-Weighted: 0.9742
2026-09-09 15:58:44 [INFO] Dataset: Belgium_ar_new_3 | Số nhãn (classes): 62 | Tổng số ảnh: 99330
2026-09-09 15:58:44 [INFO] Dữ liệu đã chia -> Train (70%): 64564 | Val (15%): 17383 | Test (15%): 17383
2026-09-09 15:58:44 [INFO] 
🔍 Kiểm tra phân bố class trong batch:
2026-09-09 15:58:46 [INFO]   Batch 0: 32 classes (first 5: [1, 2, 3, 4, 7])
2026-09-09 15:58:46 [INFO]   Batch 1: 28 classes (first 5: [1, 4, 6, 7, 8])
2026-09-09 15:58:46 [INFO]   Batch 2: 29 classes (first 5: [1, 4, 5, 7, 12])
2026-09-09 15:58:46 [INFO]   Batch 3: 29 classes (first 5: [0, 1, 2, 7, 13])
2026-09-09 15:58:46 [INFO]   Batch 4: 29 classes (first 5: [1, 4, 7, 12, 17])
2026-09-09 15:58:46 [INFO] ✅ Shuffle tốt! Trung bình 29.4 classes/batch
2026-09-09 15:58:46 [INFO] ============================================================
2026-09-09 15:58:46 [INFO] Starting training: MEDIUM_HYBRIC_MAMBA
2026-09-09 15:58:46 [INFO] Dataset: Belgium_ar_new_3 | Path: /home/biu-linux/DeepLearning_Projects/DoAnNganh/data/Belgium_ar_3
2026-09-09 15:58:46 [INFO] Device: cuda
2026-09-09 15:58:46 [INFO] GPU: NVIDIA GeForce RTX 3050 Laptop GPU
2026-09-09 15:58:46 [INFO] ============================================================
2026-09-09 15:58:46 [INFO] 
[RESUME] Đang nạp checkpoint từ: /home/biu-linux/DeepLearning_Projects/DoAnNganh/HybricMamba/Ressult/TFJ/MEDIUM_HYBRIC_MAMBA/Belgium_ar_new_3/MEDIUM_HYBRIC_MAMBA_best.pth
2026-09-09 15:59:32 [INFO] Dataset: Belgium_ar_new_3 | Số nhãn (classes): 62 | Tổng số ảnh: 99330
2026-09-09 15:59:32 [INFO] Dữ liệu đã chia -> Train (70%): 64564 | Val (15%): 17383 | Test (15%): 17383
2026-09-09 15:59:32 [INFO] 
🔍 Kiểm tra phân bố class trong batch:
2026-09-09 15:59:34 [INFO]   Batch 0: 28 classes (first 5: [7, 8, 13, 17, 18])
2026-09-09 15:59:34 [INFO]   Batch 1: 27 classes (first 5: [1, 6, 7, 13, 17])
2026-09-09 15:59:34 [INFO]   Batch 2: 25 classes (first 5: [1, 3, 5, 7, 11])
2026-09-09 15:59:34 [INFO]   Batch 3: 31 classes (first 5: [1, 6, 7, 9, 11])
2026-09-09 15:59:34 [INFO]   Batch 4: 30 classes (first 5: [1, 7, 9, 13, 14])
2026-09-09 15:59:34 [INFO] ✅ Shuffle tốt! Trung bình 28.2 classes/batch
2026-09-09 15:59:34 [INFO] ============================================================
2026-09-09 15:59:34 [INFO] Starting training: MEDIUM_HYBRIC_MAMBA
2026-09-09 15:59:34 [INFO] Dataset: Belgium_ar_new_3 | Path: /home/biu-linux/DeepLearning_Projects/DoAnNganh/data/Belgium_ar_3
2026-09-09 15:59:34 [INFO] Device: cuda
2026-09-09 15:59:34 [INFO] GPU: NVIDIA GeForce RTX 3050 Laptop GPU
2026-09-09 15:59:34 [INFO] ============================================================
2026-09-09 15:59:34 [INFO] 
[RESUME] Đang nạp checkpoint từ: /home/biu-linux/DeepLearning_Projects/DoAnNganh/HybricMamba/Ressult/TFJ/MEDIUM_HYBRIC_MAMBA/Belgium_ar_new_3/MEDIUM_HYBRIC_MAMBA_best.pth
