2026-09-10 04:06:59 [INFO] Dataset: belgium_ar_new_3 | Số nhãn (classes): 62 | Tổng số ảnh: 99330
2026-09-10 04:06:59 [INFO] Dữ liệu đã chia -> Train (70%): 64564 | Val (15%): 17383 | Test (15%): 17383
2026-09-10 04:06:59 [INFO] 
🔍 Kiểm tra phân bố class trong batch:
2026-09-10 04:06:59 [INFO]   Batch 0: 29 classes (first 5: [1, 7, 10, 13, 17])
2026-09-10 04:06:59 [INFO]   Batch 1: 31 classes (first 5: [0, 3, 4, 6, 7])
2026-09-10 04:06:59 [INFO]   Batch 2: 30 classes (first 5: [1, 6, 7, 13, 14])
2026-09-10 04:06:59 [INFO]   Batch 3: 30 classes (first 5: [1, 3, 10, 13, 14])
2026-09-10 04:06:59 [INFO]   Batch 4: 24 classes (first 5: [1, 7, 9, 14, 17])
2026-09-10 04:07:00 [INFO] ✅ Shuffle tốt! Trung bình 28.8 classes/batch
2026-09-10 04:07:00 [INFO] ============================================================
2026-09-10 04:07:00 [INFO] Starting training: MEDIUM_HYBRIC_MAMBA
2026-09-10 04:07:00 [INFO] Dataset: belgium_ar_new_3 | Path: /home/biu-linux/DeepLearning_Projects/DoAnNganh/data/Belgium_ar_3
2026-09-10 04:07:00 [INFO] Device: cuda
2026-09-10 04:07:00 [INFO] GPU: NVIDIA GeForce RTX 3050 Laptop GPU
2026-09-10 04:07:00 [INFO] ============================================================
2026-09-10 04:07:31 [INFO] Epoch 000 | Train Loss: 4.7746 | Train Acc: 0.2500 | Val Loss: 1.9683 | Val Acc: 0.4275
2026-09-10 04:07:31 [INFO] ✓ Saved best model: Val Acc=0.4275 at epoch 0
2026-09-10 04:08:01 [INFO] Epoch 001 | Train Loss: 3.3351 | Train Acc: 0.4683 | Val Loss: 1.3298 | Val Acc: 0.5991
2026-09-10 04:08:01 [INFO] ✓ Saved best model: Val Acc=0.5991 at epoch 1
2026-09-10 04:08:31 [INFO] Epoch 002 | Train Loss: 2.6130 | Train Acc: 0.5812 | Val Loss: 0.9910 | Val Acc: 0.7011
2026-09-10 04:08:31 [INFO] ✓ Saved best model: Val Acc=0.7011 at epoch 2
2026-09-10 04:09:01 [INFO] Epoch 003 | Train Loss: 2.0818 | Train Acc: 0.6623 | Val Loss: 0.7340 | Val Acc: 0.7725
2026-09-10 04:09:01 [INFO] ✓ Saved best model: Val Acc=0.7725 at epoch 3
2026-09-10 04:09:32 [INFO] Epoch 004 | Train Loss: 1.6598 | Train Acc: 0.7311 | Val Loss: 0.5389 | Val Acc: 0.8346
2026-09-10 04:09:32 [INFO] ✓ Saved best model: Val Acc=0.8346 at epoch 4
2026-09-10 04:10:03 [INFO] Epoch 005 | Train Loss: 1.3746 | Train Acc: 0.7776 | Val Loss: 0.4745 | Val Acc: 0.8545
2026-09-10 04:10:03 [INFO] ✓ Saved best model: Val Acc=0.8545 at epoch 5
2026-09-10 04:10:33 [INFO] Epoch 006 | Train Loss: 1.2083 | Train Acc: 0.8041 | Val Loss: 0.4247 | Val Acc: 0.8736
2026-09-10 04:10:33 [INFO] ✓ Saved best model: Val Acc=0.8736 at epoch 6
2026-09-10 04:11:04 [INFO] Epoch 007 | Train Loss: 1.0958 | Train Acc: 0.8219 | Val Loss: 0.3599 | Val Acc: 0.8901
2026-09-10 04:11:04 [INFO] ✓ Saved best model: Val Acc=0.8901 at epoch 7
2026-09-10 04:11:35 [INFO] Epoch 008 | Train Loss: 1.0153 | Train Acc: 0.8352 | Val Loss: 0.3398 | Val Acc: 0.8977
2026-09-10 04:11:35 [INFO] ✓ Saved best model: Val Acc=0.8977 at epoch 8
2026-09-10 04:12:05 [INFO] Epoch 009 | Train Loss: 0.9494 | Train Acc: 0.8450 | Val Loss: 0.3555 | Val Acc: 0.8948
2026-09-10 04:12:36 [INFO] Epoch 010 | Train Loss: 0.9085 | Train Acc: 0.8530 | Val Loss: 0.3185 | Val Acc: 0.9015
2026-09-10 04:12:36 [INFO] ✓ Saved best model: Val Acc=0.9015 at epoch 10
2026-09-10 04:13:06 [INFO] Epoch 011 | Train Loss: 0.8586 | Train Acc: 0.8602 | Val Loss: 0.3306 | Val Acc: 0.9088
2026-09-10 04:13:06 [INFO] ✓ Saved best model: Val Acc=0.9088 at epoch 11
2026-09-10 04:13:37 [INFO] Epoch 012 | Train Loss: 0.8277 | Train Acc: 0.8650 | Val Loss: 0.2713 | Val Acc: 0.9175
2026-09-10 04:13:37 [INFO] ✓ Saved best model: Val Acc=0.9175 at epoch 12
2026-09-10 04:14:07 [INFO] Epoch 013 | Train Loss: 0.8001 | Train Acc: 0.8683 | Val Loss: 0.3587 | Val Acc: 0.9038
2026-09-10 04:14:37 [INFO] Epoch 014 | Train Loss: 0.7754 | Train Acc: 0.8745 | Val Loss: 0.2614 | Val Acc: 0.9222
2026-09-10 04:14:38 [INFO] ✓ Saved best model: Val Acc=0.9222 at epoch 14
2026-09-10 04:15:08 [INFO] Epoch 015 | Train Loss: 0.7493 | Train Acc: 0.8788 | Val Loss: 0.2621 | Val Acc: 0.9222
2026-09-10 04:15:39 [INFO] Epoch 016 | Train Loss: 0.7285 | Train Acc: 0.8798 | Val Loss: 0.2745 | Val Acc: 0.9195
2026-09-10 04:16:09 [INFO] Epoch 017 | Train Loss: 0.7083 | Train Acc: 0.8845 | Val Loss: 0.2307 | Val Acc: 0.9294
2026-09-10 04:16:09 [INFO] ✓ Saved best model: Val Acc=0.9294 at epoch 17
2026-09-10 04:16:40 [INFO] Epoch 018 | Train Loss: 0.6959 | Train Acc: 0.8868 | Val Loss: 0.2407 | Val Acc: 0.9288
2026-09-10 04:17:11 [INFO] Epoch 019 | Train Loss: 0.6799 | Train Acc: 0.8882 | Val Loss: 0.2870 | Val Acc: 0.9176
2026-09-10 04:17:41 [INFO] Epoch 020 | Train Loss: 0.5786 | Train Acc: 0.9061 | Val Loss: 0.1960 | Val Acc: 0.9424
2026-09-10 04:17:41 [INFO] ✓ Saved best model: Val Acc=0.9424 at epoch 20
2026-09-10 04:18:11 [INFO] Epoch 021 | Train Loss: 0.5552 | Train Acc: 0.9109 | Val Loss: 0.1920 | Val Acc: 0.9448
2026-09-10 04:18:11 [INFO] ✓ Saved best model: Val Acc=0.9448 at epoch 21
2026-09-10 04:18:42 [INFO] Epoch 022 | Train Loss: 0.5387 | Train Acc: 0.9130 | Val Loss: 0.1880 | Val Acc: 0.9446
2026-09-10 04:19:13 [INFO] Epoch 023 | Train Loss: 0.5314 | Train Acc: 0.9137 | Val Loss: 0.1838 | Val Acc: 0.9468
2026-09-10 04:19:13 [INFO] ✓ Saved best model: Val Acc=0.9468 at epoch 23
2026-09-10 04:19:43 [INFO] Epoch 024 | Train Loss: 0.5220 | Train Acc: 0.9161 | Val Loss: 0.1849 | Val Acc: 0.9455
2026-09-10 04:20:14 [INFO] Epoch 025 | Train Loss: 0.5174 | Train Acc: 0.9177 | Val Loss: 0.1855 | Val Acc: 0.9449
2026-09-10 04:20:45 [INFO] Epoch 026 | Train Loss: 0.5097 | Train Acc: 0.9196 | Val Loss: 0.1819 | Val Acc: 0.9464
2026-09-10 04:21:16 [INFO] Epoch 027 | Train Loss: 0.5069 | Train Acc: 0.9194 | Val Loss: 0.1821 | Val Acc: 0.9464
2026-09-10 04:21:46 [INFO] Epoch 028 | Train Loss: 0.5027 | Train Acc: 0.9202 | Val Loss: 0.1827 | Val Acc: 0.9465
2026-09-10 04:22:17 [INFO] Epoch 029 | Train Loss: 0.5050 | Train Acc: 0.9197 | Val Loss: 0.1800 | Val Acc: 0.9462
2026-09-10 04:22:47 [INFO] Epoch 030 | Train Loss: 0.4945 | Train Acc: 0.9219 | Val Loss: 0.1784 | Val Acc: 0.9478
2026-09-10 04:22:47 [INFO] ✓ Saved best model: Val Acc=0.9478 at epoch 30
2026-09-10 04:23:18 [INFO] Epoch 031 | Train Loss: 0.4927 | Train Acc: 0.9227 | Val Loss: 0.1761 | Val Acc: 0.9478
2026-09-10 04:23:49 [INFO] Epoch 032 | Train Loss: 0.4906 | Train Acc: 0.9213 | Val Loss: 0.1772 | Val Acc: 0.9475
2026-09-10 04:24:19 [INFO] Epoch 033 | Train Loss: 0.4920 | Train Acc: 0.9236 | Val Loss: 0.1769 | Val Acc: 0.9483
2026-09-10 04:24:19 [INFO] ✓ Saved best model: Val Acc=0.9483 at epoch 33
2026-09-10 04:24:50 [INFO] Epoch 034 | Train Loss: 0.4912 | Train Acc: 0.9224 | Val Loss: 0.1761 | Val Acc: 0.9482
2026-09-10 04:25:20 [INFO] Epoch 035 | Train Loss: 0.4845 | Train Acc: 0.9235 | Val Loss: 0.1759 | Val Acc: 0.9480
2026-09-10 04:25:51 [INFO] Epoch 036 | Train Loss: 0.4851 | Train Acc: 0.9239 | Val Loss: 0.1768 | Val Acc: 0.9480
2026-09-10 04:26:22 [INFO] Epoch 037 | Train Loss: 0.4867 | Train Acc: 0.9222 | Val Loss: 0.1768 | Val Acc: 0.9481
2026-09-10 04:26:52 [INFO] Epoch 038 | Train Loss: 0.4839 | Train Acc: 0.9239 | Val Loss: 0.1754 | Val Acc: 0.9486
2026-09-10 04:26:52 [INFO] ✓ Saved best model: Val Acc=0.9486 at epoch 38
2026-09-10 04:27:23 [INFO] Epoch 039 | Train Loss: 0.4873 | Train Acc: 0.9229 | Val Loss: 0.1764 | Val Acc: 0.9485
2026-09-10 04:27:53 [INFO] Epoch 040 | Train Loss: 0.4835 | Train Acc: 0.9234 | Val Loss: 0.1755 | Val Acc: 0.9486
2026-09-10 04:28:24 [INFO] Epoch 041 | Train Loss: 0.4811 | Train Acc: 0.9245 | Val Loss: 0.1762 | Val Acc: 0.9482
2026-09-10 04:28:54 [INFO] Epoch 042 | Train Loss: 0.4828 | Train Acc: 0.9234 | Val Loss: 0.1765 | Val Acc: 0.9475
2026-09-10 04:29:25 [INFO] Epoch 043 | Train Loss: 0.4838 | Train Acc: 0.9229 | Val Loss: 0.1760 | Val Acc: 0.9482
2026-09-10 04:29:56 [INFO] Epoch 044 | Train Loss: 0.4848 | Train Acc: 0.9228 | Val Loss: 0.1753 | Val Acc: 0.9482
2026-09-10 04:30:26 [INFO] Epoch 045 | Train Loss: 0.4799 | Train Acc: 0.9241 | Val Loss: 0.1765 | Val Acc: 0.9483
2026-09-10 04:30:57 [INFO] Epoch 046 | Train Loss: 0.4837 | Train Acc: 0.9233 | Val Loss: 0.1754 | Val Acc: 0.9491
2026-09-10 04:30:57 [INFO] ✓ Saved best model: Val Acc=0.9491 at epoch 46
2026-09-10 04:31:27 [INFO] Epoch 047 | Train Loss: 0.4812 | Train Acc: 0.9245 | Val Loss: 0.1751 | Val Acc: 0.9489
2026-09-10 04:31:58 [INFO] Epoch 048 | Train Loss: 0.4860 | Train Acc: 0.9227 | Val Loss: 0.1753 | Val Acc: 0.9484
2026-09-10 04:32:28 [INFO] Epoch 049 | Train Loss: 0.4865 | Train Acc: 0.9232 | Val Loss: 0.1754 | Val Acc: 0.9480
2026-09-10 04:32:28 [INFO] Evaluating Best Model on TEST Set...
2026-09-10 04:32:28 [INFO] 
[RESUME] Đang nạp checkpoint từ: /home/biu-linux/DeepLearning_Projects/DoAnNganh/HybricMamba/Ressult/TFJ/MEDIUM_HYBRIC_MAMBA/belgium_ar_new_3/MEDIUM_HYBRIC_MAMBA_best.pth
2026-09-10 04:32:30 [INFO] 🎯 [TEST RESULT] Test Acc: 0.9450 | F1-Macro: 0.9258 | F1-Weighted: 0.9450
