2026-09-06 00:19:27 [INFO] Dataset: German | Số nhãn (classes): 43 | Tổng số ảnh: 557483
2026-09-06 00:19:28 [INFO] Dữ liệu đã chia -> Train (70%): 390238 | Val (15%): 83622 | Test (15%): 83623
2026-09-06 00:19:28 [INFO] 
🔍 Kiểm tra phân bố class trong batch:
2026-09-06 00:19:29 [INFO]   Batch 0: 39 classes (first 5: [0, 1, 2, 3, 4])
2026-09-06 00:19:30 [INFO]   Batch 1: 35 classes (first 5: [1, 2, 3, 4, 5])
2026-09-06 00:19:30 [INFO]   Batch 2: 37 classes (first 5: [1, 2, 3, 4, 5])
2026-09-06 00:19:30 [INFO]   Batch 3: 34 classes (first 5: [1, 2, 3, 4, 5])
2026-09-06 00:19:30 [INFO]   Batch 4: 33 classes (first 5: [1, 2, 3, 4, 5])
2026-09-06 00:19:30 [INFO] ✅ Shuffle tốt! Trung bình 35.6 classes/batch
2026-09-06 00:19:31 [INFO] ============================================================
2026-09-06 00:19:31 [INFO] Starting training: RESNET18
2026-09-06 00:19:31 [INFO] Dataset: German | Path: /kaggle/input/datasets/thanhsangtrn/german-trafic-sign/dataset_reOrgan
2026-09-06 00:19:31 [INFO] Device: cuda
2026-09-06 00:19:31 [INFO] GPU: Tesla T4
2026-09-06 00:19:31 [INFO] ============================================================
2026-09-06 00:24:19 [INFO] Epoch 000 | Train Loss: 0.4831 | Train Acc: 0.8579 | Val Loss: 0.1786 | Val Acc: 0.9499
2026-09-06 00:24:19 [INFO] ✓ Saved best model: Val Acc=0.9499 at epoch 0
2026-09-06 00:28:54 [INFO] Epoch 001 | Train Loss: 0.2971 | Train Acc: 0.9142 | Val Loss: 0.1490 | Val Acc: 0.9585
2026-09-06 00:28:54 [INFO] ✓ Saved best model: Val Acc=0.9585 at epoch 1
2026-09-06 00:33:37 [INFO] Epoch 002 | Train Loss: 0.2748 | Train Acc: 0.9217 | Val Loss: 0.1447 | Val Acc: 0.9596
2026-09-06 00:33:37 [INFO] ✓ Saved best model: Val Acc=0.9596 at epoch 2
2026-09-06 00:38:11 [INFO] Epoch 003 | Train Loss: 0.2590 | Train Acc: 0.9263 | Val Loss: 0.1515 | Val Acc: 0.9570
2026-09-06 00:42:54 [INFO] Epoch 004 | Train Loss: 0.2487 | Train Acc: 0.9293 | Val Loss: 0.1543 | Val Acc: 0.9559
2026-09-06 00:47:30 [INFO] Epoch 005 | Train Loss: 0.2208 | Train Acc: 0.9372 | Val Loss: 0.1383 | Val Acc: 0.9601
2026-09-06 00:47:31 [INFO] ✓ Saved best model: Val Acc=0.9601 at epoch 5
2026-09-06 00:52:12 [INFO] Epoch 006 | Train Loss: 0.2007 | Train Acc: 0.9428 | Val Loss: 0.1151 | Val Acc: 0.9683
2026-09-06 00:52:13 [INFO] ✓ Saved best model: Val Acc=0.9683 at epoch 6
2026-09-06 00:56:43 [INFO] Epoch 007 | Train Loss: 0.1891 | Train Acc: 0.9462 | Val Loss: 0.1231 | Val Acc: 0.9651
2026-09-06 01:01:17 [INFO] Epoch 008 | Train Loss: 0.1803 | Train Acc: 0.9487 | Val Loss: 0.1129 | Val Acc: 0.9679
2026-09-06 01:05:43 [INFO] Epoch 009 | Train Loss: 0.1711 | Train Acc: 0.9514 | Val Loss: 0.1090 | Val Acc: 0.9698
2026-09-06 01:05:43 [INFO] ✓ Saved best model: Val Acc=0.9698 at epoch 9
2026-09-06 01:10:14 [INFO] Epoch 010 | Train Loss: 0.1648 | Train Acc: 0.9530 | Val Loss: 0.1171 | Val Acc: 0.9669
2026-09-06 01:14:37 [INFO] Epoch 011 | Train Loss: 0.1580 | Train Acc: 0.9556 | Val Loss: 0.0923 | Val Acc: 0.9728
2026-09-06 01:14:38 [INFO] ✓ Saved best model: Val Acc=0.9728 at epoch 11
2026-09-06 01:19:09 [INFO] Epoch 012 | Train Loss: 0.1545 | Train Acc: 0.9563 | Val Loss: 0.0917 | Val Acc: 0.9740
2026-09-06 01:19:09 [INFO] ✓ Saved best model: Val Acc=0.9740 at epoch 12
2026-09-06 01:23:37 [INFO] Epoch 013 | Train Loss: 0.1503 | Train Acc: 0.9573 | Val Loss: 0.0899 | Val Acc: 0.9738
2026-09-06 01:28:09 [INFO] Epoch 014 | Train Loss: 0.1481 | Train Acc: 0.9579 | Val Loss: 0.0923 | Val Acc: 0.9728
2026-09-06 01:32:36 [INFO] Epoch 015 | Train Loss: 0.1430 | Train Acc: 0.9594 | Val Loss: 0.0873 | Val Acc: 0.9748
2026-09-06 01:32:36 [INFO] ✓ Saved best model: Val Acc=0.9748 at epoch 15
2026-09-06 01:37:16 [INFO] Epoch 016 | Train Loss: 0.1407 | Train Acc: 0.9600 | Val Loss: 0.0790 | Val Acc: 0.9770
2026-09-06 01:37:17 [INFO] ✓ Saved best model: Val Acc=0.9770 at epoch 16
2026-09-06 01:41:53 [INFO] Epoch 017 | Train Loss: 0.1362 | Train Acc: 0.9613 | Val Loss: 0.0837 | Val Acc: 0.9760
2026-09-06 01:46:41 [INFO] Epoch 018 | Train Loss: 0.1335 | Train Acc: 0.9622 | Val Loss: 0.0810 | Val Acc: 0.9763
2026-09-06 01:51:18 [INFO] Epoch 019 | Train Loss: 0.1308 | Train Acc: 0.9630 | Val Loss: 0.0724 | Val Acc: 0.9787
2026-09-06 01:51:18 [INFO] ✓ Saved best model: Val Acc=0.9787 at epoch 19
2026-09-06 01:55:59 [INFO] Epoch 020 | Train Loss: 0.1280 | Train Acc: 0.9638 | Val Loss: 0.0797 | Val Acc: 0.9772
2026-09-06 02:00:33 [INFO] Epoch 021 | Train Loss: 0.1267 | Train Acc: 0.9640 | Val Loss: 0.0775 | Val Acc: 0.9774
2026-09-06 02:05:17 [INFO] Epoch 022 | Train Loss: 0.1235 | Train Acc: 0.9649 | Val Loss: 0.0754 | Val Acc: 0.9784
2026-09-06 02:09:53 [INFO] Epoch 023 | Train Loss: 0.1205 | Train Acc: 0.9656 | Val Loss: 0.0727 | Val Acc: 0.9796
2026-09-06 02:09:53 [INFO] ✓ Saved best model: Val Acc=0.9796 at epoch 23
2026-09-06 02:14:36 [INFO] Epoch 024 | Train Loss: 0.1178 | Train Acc: 0.9667 | Val Loss: 0.0639 | Val Acc: 0.9816
2026-09-06 02:14:37 [INFO] ✓ Saved best model: Val Acc=0.9816 at epoch 24
2026-09-06 02:19:14 [INFO] Epoch 025 | Train Loss: 0.1156 | Train Acc: 0.9672 | Val Loss: 0.0597 | Val Acc: 0.9820
2026-09-06 02:19:14 [INFO] ✓ Saved best model: Val Acc=0.9820 at epoch 25
2026-09-06 02:23:51 [INFO] Epoch 026 | Train Loss: 0.1139 | Train Acc: 0.9675 | Val Loss: 0.0671 | Val Acc: 0.9811
2026-09-06 02:28:22 [INFO] Epoch 027 | Train Loss: 0.1102 | Train Acc: 0.9689 | Val Loss: 0.0677 | Val Acc: 0.9805
2026-09-06 02:33:01 [INFO] Epoch 028 | Train Loss: 0.1073 | Train Acc: 0.9694 | Val Loss: 0.0589 | Val Acc: 0.9823
2026-09-06 02:33:01 [INFO] ✓ Saved best model: Val Acc=0.9823 at epoch 28

2026-09-06 10:17:31 [INFO] Dataset: German | Số nhãn (classes): 43 | Tổng số ảnh: 557483
2026-09-06 10:17:32 [INFO] Dữ liệu đã chia -> Train (70%): 390238 | Val (15%): 83622 | Test (15%): 83623
2026-09-06 10:17:32 [INFO] 
🔍 Kiểm tra phân bố class trong batch:
2026-09-06 10:17:34 [INFO]   Batch 0: 29 classes (first 5: [1, 2, 3, 4, 5])
2026-09-06 10:17:34 [INFO]   Batch 1: 28 classes (first 5: [1, 2, 3, 4, 5])
2026-09-06 10:17:34 [INFO]   Batch 2: 28 classes (first 5: [1, 2, 3, 4, 5])
2026-09-06 10:17:34 [INFO]   Batch 3: 25 classes (first 5: [0, 1, 2, 3, 4])
2026-09-06 10:17:34 [INFO]   Batch 4: 27 classes (first 5: [0, 1, 2, 3, 4])
2026-09-06 10:17:34 [INFO] ✅ Shuffle tốt! Trung bình 27.4 classes/batch
2026-09-06 10:17:34 [INFO] ============================================================
2026-09-06 10:17:34 [INFO] Starting training: RESNET18
2026-09-06 10:17:34 [INFO] Dataset: German | Path: /home/biu-linux/DeepLearning_Projects/DoAnNganh/dataset_reOrgan
2026-09-06 10:17:34 [INFO] Device: cuda
2026-09-06 10:17:34 [INFO] GPU: NVIDIA GeForce RTX 3050 Laptop GPU
2026-09-06 10:17:34 [INFO] ============================================================
2026-09-06 10:17:34 [INFO] 
[RESUME] Đang nạp checkpoint từ: /home/biu-linux/DeepLearning_Projects/DoAnNganh/HybricMamba/Ressult/TFJ/RESNET18/German/RESNET18_best.pth
2026-09-06 10:19:19 [INFO] Epoch 029 | Train Loss: 0.1226 | Train Acc: 0.9653 | Val Loss: 0.0615 | Val Acc: 0.9820
2026-09-06 10:21:07 [INFO] Epoch 030 | Train Loss: 0.1178 | Train Acc: 0.9665 | Val Loss: 0.0657 | Val Acc: 0.9801
2026-09-06 10:22:58 [INFO] Epoch 031 | Train Loss: 0.1145 | Train Acc: 0.9676 | Val Loss: 0.0579 | Val Acc: 0.9834
2026-09-06 10:22:59 [INFO] ✓ Saved best model: Val Acc=0.9834 at epoch 31
2026-09-06 10:24:48 [INFO] Epoch 032 | Train Loss: 0.1114 | Train Acc: 0.9684 | Val Loss: 0.0593 | Val Acc: 0.9831
2026-09-06 10:26:37 [INFO] Epoch 033 | Train Loss: 0.1085 | Train Acc: 0.9693 | Val Loss: 0.0634 | Val Acc: 0.9812
2026-09-06 10:28:25 [INFO] Epoch 034 | Train Loss: 0.1049 | Train Acc: 0.9704 | Val Loss: 0.0580 | Val Acc: 0.9836
2026-09-06 10:28:25 [INFO] ✓ Saved best model: Val Acc=0.9836 at epoch 34
2026-09-06 10:30:13 [INFO] Epoch 035 | Train Loss: 0.1016 | Train Acc: 0.9712 | Val Loss: 0.0545 | Val Acc: 0.9843
2026-09-06 10:30:13 [INFO] ✓ Saved best model: Val Acc=0.9843 at epoch 35
2026-09-06 10:32:03 [INFO] Epoch 036 | Train Loss: 0.0977 | Train Acc: 0.9725 | Val Loss: 0.0518 | Val Acc: 0.9847
2026-09-06 10:32:08 [INFO] ✓ Saved best model: Val Acc=0.9847 at epoch 36
2026-09-06 10:33:56 [INFO] Epoch 037 | Train Loss: 0.0962 | Train Acc: 0.9729 | Val Loss: 0.0497 | Val Acc: 0.9851
2026-09-06 10:34:00 [INFO] ✓ Saved best model: Val Acc=0.9851 at epoch 37
2026-09-06 10:36:16 [INFO] Epoch 038 | Train Loss: 0.0930 | Train Acc: 0.9738 | Val Loss: 0.0474 | Val Acc: 0.9860
2026-09-06 10:36:16 [INFO] ✓ Saved best model: Val Acc=0.9860 at epoch 38
2026-09-06 10:38:00 [INFO] Epoch 039 | Train Loss: 0.0892 | Train Acc: 0.9750 | Val Loss: 0.0476 | Val Acc: 0.9858
2026-09-06 10:39:45 [INFO] Epoch 040 | Train Loss: 0.0873 | Train Acc: 0.9754 | Val Loss: 0.0426 | Val Acc: 0.9875
2026-09-06 10:39:45 [INFO] ✓ Saved best model: Val Acc=0.9875 at epoch 40
2026-09-06 10:41:29 [INFO] Epoch 041 | Train Loss: 0.0843 | Train Acc: 0.9765 | Val Loss: 0.0412 | Val Acc: 0.9876
2026-09-06 10:41:30 [INFO] ✓ Saved best model: Val Acc=0.9876 at epoch 41
2026-09-06 10:43:15 [INFO] Epoch 042 | Train Loss: 0.0829 | Train Acc: 0.9767 | Val Loss: 0.0427 | Val Acc: 0.9876
2026-09-06 10:43:15 [INFO] ✓ Saved best model: Val Acc=0.9876 at epoch 42
2026-09-06 10:45:00 [INFO] Epoch 043 | Train Loss: 0.0803 | Train Acc: 0.9774 | Val Loss: 0.0386 | Val Acc: 0.9886
2026-09-06 10:45:01 [INFO] ✓ Saved best model: Val Acc=0.9886 at epoch 43
2026-09-06 10:46:50 [INFO] Epoch 044 | Train Loss: 0.0774 | Train Acc: 0.9783 | Val Loss: 0.0375 | Val Acc: 0.9887
2026-09-06 10:46:51 [INFO] ✓ Saved best model: Val Acc=0.9887 at epoch 44
2026-09-06 10:48:37 [INFO] Epoch 045 | Train Loss: 0.0767 | Train Acc: 0.9785 | Val Loss: 0.0352 | Val Acc: 0.9895
2026-09-06 10:48:38 [INFO] ✓ Saved best model: Val Acc=0.9895 at epoch 45
2026-09-06 10:50:24 [INFO] Epoch 046 | Train Loss: 0.0749 | Train Acc: 0.9788 | Val Loss: 0.0340 | Val Acc: 0.9897
2026-09-06 10:50:26 [INFO] ✓ Saved best model: Val Acc=0.9897 at epoch 46
2026-09-06 10:52:41 [INFO] Epoch 047 | Train Loss: 0.0730 | Train Acc: 0.9794 | Val Loss: 0.0339 | Val Acc: 0.9898
2026-09-06 10:52:42 [INFO] ✓ Saved best model: Val Acc=0.9898 at epoch 47
2026-09-06 10:54:30 [INFO] Epoch 048 | Train Loss: 0.0726 | Train Acc: 0.9796 | Val Loss: 0.0335 | Val Acc: 0.9900
2026-09-06 10:54:32 [INFO] ✓ Saved best model: Val Acc=0.9900 at epoch 48
2026-09-06 10:56:20 [INFO] Epoch 049 | Train Loss: 0.0730 | Train Acc: 0.9796 | Val Loss: 0.0330 | Val Acc: 0.9900
2026-09-06 10:56:20 [INFO] Evaluating Best Model on TEST Set...
2026-09-06 10:56:20 [INFO] 
[RESUME] Đang nạp checkpoint từ: /home/biu-linux/DeepLearning_Projects/DoAnNganh/HybricMamba/Ressult/TFJ/RESNET18/German/RESNET18_best.pth
2026-09-06 10:56:34 [INFO] 🎯 [TEST RESULT] Test Acc: 0.9903 | F1-Macro: 0.9911 | F1-Weighted: 0.9903
