2026-08-25 09:53:24 [INFO] Dataset: NEU-DET_surface-dec | Số nhãn (classes): 6 | Tổng số ảnh: 1800
2026-08-25 09:53:24 [INFO] Dữ liệu đã chia -> Train (70%): 1260 | Val (15%): 270 | Test (15%): 270
2026-08-25 09:53:24 [INFO] 
🔍 Kiểm tra phân bố class trong batch:
2026-08-25 09:53:24 [INFO]   Batch 0: 6 classes (first 5: [0, 1, 2, 3, 4])
2026-08-25 09:53:24 [INFO]   Batch 1: 6 classes (first 5: [0, 1, 2, 3, 4])
2026-08-25 09:53:24 [INFO]   Batch 2: 6 classes (first 5: [0, 1, 2, 3, 4])
2026-08-25 09:53:24 [INFO]   Batch 3: 6 classes (first 5: [0, 1, 2, 3, 4])
2026-08-25 09:53:25 [INFO]   Batch 4: 6 classes (first 5: [0, 1, 2, 3, 4])
2026-08-25 09:53:25 [WARNING] ⚠️ WARNING: Trung bình 6.0 classes/batch - Dữ liệu chưa được trộn đều!
2026-08-25 09:53:25 [INFO] ============================================================
2026-08-25 09:53:25 [INFO] Starting training: SUPER_MAMBA_DEPT_4
2026-08-25 09:53:25 [INFO] Dataset: NEU-DET_surface-dec | Path: /home/biu-linux/DeepLearning_Projects/DoAnNganh/data/NEU-DET
2026-08-25 09:53:25 [INFO] Device: cuda
2026-08-25 09:53:25 [INFO] GPU: NVIDIA GeForce RTX 3050 Laptop GPU
2026-08-25 09:53:25 [INFO] ============================================================
2026-08-25 09:53:29 [INFO] Epoch 000 | Train Loss: 1.6486 | Train Acc: 0.3016 | Val Loss: 1.6643 | Val Acc: 0.2741
2026-08-25 09:53:29 [INFO] ✓ Saved best model: Val Acc=0.2741 at epoch 0
2026-08-25 09:53:30 [INFO] Epoch 001 | Train Loss: 1.4186 | Train Acc: 0.4341 | Val Loss: 1.8075 | Val Acc: 0.2519
2026-08-25 09:53:31 [INFO] Epoch 002 | Train Loss: 1.3064 | Train Acc: 0.4778 | Val Loss: 1.7007 | Val Acc: 0.3037
2026-08-25 09:53:31 [INFO] ✓ Saved best model: Val Acc=0.3037 at epoch 2
2026-08-25 09:53:32 [INFO] Epoch 003 | Train Loss: 1.2111 | Train Acc: 0.5325 | Val Loss: 1.2578 | Val Acc: 0.4630
2026-08-25 09:53:32 [INFO] ✓ Saved best model: Val Acc=0.4630 at epoch 3
2026-08-25 09:53:33 [INFO] Epoch 004 | Train Loss: 1.1644 | Train Acc: 0.5278 | Val Loss: 1.2683 | Val Acc: 0.5370
2026-08-25 09:53:33 [INFO] ✓ Saved best model: Val Acc=0.5370 at epoch 4
2026-08-25 09:53:35 [INFO] Epoch 005 | Train Loss: 1.0441 | Train Acc: 0.5992 | Val Loss: 1.2666 | Val Acc: 0.4704
2026-08-25 09:53:38 [INFO] Epoch 006 | Train Loss: 0.9635 | Train Acc: 0.6500 | Val Loss: 1.3003 | Val Acc: 0.4778
2026-08-25 09:53:39 [INFO] Epoch 007 | Train Loss: 0.9125 | Train Acc: 0.6595 | Val Loss: 1.2220 | Val Acc: 0.4778
2026-08-25 09:53:40 [INFO] Epoch 008 | Train Loss: 0.8579 | Train Acc: 0.6889 | Val Loss: 1.2544 | Val Acc: 0.5407
2026-08-25 09:53:40 [INFO] ✓ Saved best model: Val Acc=0.5407 at epoch 8
2026-08-25 09:53:41 [INFO] Epoch 009 | Train Loss: 0.7802 | Train Acc: 0.7294 | Val Loss: 0.7827 | Val Acc: 0.7333
2026-08-25 09:53:41 [INFO] ✓ Saved best model: Val Acc=0.7333 at epoch 9
2026-08-25 09:53:42 [INFO] Epoch 010 | Train Loss: 0.7412 | Train Acc: 0.7397 | Val Loss: 0.7587 | Val Acc: 0.7148
2026-08-25 09:53:43 [INFO] Epoch 011 | Train Loss: 0.6604 | Train Acc: 0.7690 | Val Loss: 0.6866 | Val Acc: 0.7630
2026-08-25 09:53:43 [INFO] ✓ Saved best model: Val Acc=0.7630 at epoch 11
2026-08-25 09:53:44 [INFO] Epoch 012 | Train Loss: 0.6434 | Train Acc: 0.7730 | Val Loss: 1.0582 | Val Acc: 0.6333
2026-08-25 09:53:45 [INFO] Epoch 013 | Train Loss: 0.6070 | Train Acc: 0.7841 | Val Loss: 0.8744 | Val Acc: 0.6926
2026-08-25 09:53:46 [INFO] Epoch 014 | Train Loss: 0.5776 | Train Acc: 0.8000 | Val Loss: 0.5408 | Val Acc: 0.7704
2026-08-25 09:53:46 [INFO] ✓ Saved best model: Val Acc=0.7704 at epoch 14
2026-08-25 09:53:48 [INFO] Epoch 015 | Train Loss: 0.5244 | Train Acc: 0.8167 | Val Loss: 0.4354 | Val Acc: 0.8481
2026-08-25 09:53:48 [INFO] ✓ Saved best model: Val Acc=0.8481 at epoch 15
2026-08-25 09:53:49 [INFO] Epoch 016 | Train Loss: 0.5016 | Train Acc: 0.8278 | Val Loss: 1.1413 | Val Acc: 0.6741
2026-08-25 09:53:52 [INFO] Epoch 017 | Train Loss: 0.4798 | Train Acc: 0.8286 | Val Loss: 0.7687 | Val Acc: 0.7037
2026-08-25 09:53:53 [INFO] Epoch 018 | Train Loss: 0.4868 | Train Acc: 0.8310 | Val Loss: 0.9949 | Val Acc: 0.6259
2026-08-25 09:53:54 [INFO] Epoch 019 | Train Loss: 0.4435 | Train Acc: 0.8373 | Val Loss: 1.3346 | Val Acc: 0.6370
2026-08-25 09:53:55 [INFO] Epoch 020 | Train Loss: 0.4074 | Train Acc: 0.8603 | Val Loss: 1.4156 | Val Acc: 0.5852
2026-08-25 09:53:56 [INFO] Epoch 021 | Train Loss: 0.3595 | Train Acc: 0.8849 | Val Loss: 0.5373 | Val Acc: 0.8111
2026-08-25 09:53:57 [INFO] Epoch 022 | Train Loss: 0.3336 | Train Acc: 0.8873 | Val Loss: 0.3877 | Val Acc: 0.8778
2026-08-25 09:53:57 [INFO] ✓ Saved best model: Val Acc=0.8778 at epoch 22
2026-08-25 09:53:59 [INFO] Epoch 023 | Train Loss: 0.3873 | Train Acc: 0.8611 | Val Loss: 0.4373 | Val Acc: 0.8519
2026-08-25 09:54:00 [INFO] Epoch 024 | Train Loss: 0.3542 | Train Acc: 0.8722 | Val Loss: 0.3886 | Val Acc: 0.8630
2026-08-25 09:54:01 [INFO] Epoch 025 | Train Loss: 0.3452 | Train Acc: 0.8833 | Val Loss: 0.6919 | Val Acc: 0.7667
2026-08-25 09:54:02 [INFO] Epoch 026 | Train Loss: 0.2601 | Train Acc: 0.9135 | Val Loss: 1.2338 | Val Acc: 0.7185
2026-08-25 09:54:03 [INFO] Epoch 027 | Train Loss: 0.3173 | Train Acc: 0.8810 | Val Loss: 1.2735 | Val Acc: 0.6556
2026-08-25 09:54:05 [INFO] Epoch 028 | Train Loss: 0.3179 | Train Acc: 0.8929 | Val Loss: 0.7300 | Val Acc: 0.7333
2026-08-25 09:54:08 [INFO] Epoch 029 | Train Loss: 0.2748 | Train Acc: 0.9040 | Val Loss: 1.3837 | Val Acc: 0.5704
2026-08-25 09:54:09 [INFO] Epoch 030 | Train Loss: 0.3132 | Train Acc: 0.8889 | Val Loss: 0.8899 | Val Acc: 0.7630
2026-08-25 09:54:10 [INFO] Epoch 031 | Train Loss: 0.3507 | Train Acc: 0.8651 | Val Loss: 0.4348 | Val Acc: 0.8370
2026-08-25 09:54:11 [INFO] Epoch 032 | Train Loss: 0.2641 | Train Acc: 0.9063 | Val Loss: 0.3536 | Val Acc: 0.8778
2026-08-25 09:54:12 [INFO] Epoch 033 | Train Loss: 0.3078 | Train Acc: 0.8944 | Val Loss: 0.2573 | Val Acc: 0.9111
2026-08-25 09:54:12 [INFO] ✓ Saved best model: Val Acc=0.9111 at epoch 33
2026-08-25 09:54:13 [INFO] Epoch 034 | Train Loss: 0.2561 | Train Acc: 0.9079 | Val Loss: 0.6956 | Val Acc: 0.7407
2026-08-25 09:54:14 [INFO] Epoch 035 | Train Loss: 0.2519 | Train Acc: 0.9127 | Val Loss: 0.6425 | Val Acc: 0.7370
2026-08-25 09:54:15 [INFO] Epoch 036 | Train Loss: 0.2474 | Train Acc: 0.9127 | Val Loss: 0.2311 | Val Acc: 0.9222
2026-08-25 09:54:15 [INFO] ✓ Saved best model: Val Acc=0.9222 at epoch 36
2026-08-25 09:54:16 [INFO] Epoch 037 | Train Loss: 0.2016 | Train Acc: 0.9278 | Val Loss: 0.2276 | Val Acc: 0.9333
2026-08-25 09:54:16 [INFO] ✓ Saved best model: Val Acc=0.9333 at epoch 37
2026-08-25 09:54:17 [INFO] Epoch 038 | Train Loss: 0.2502 | Train Acc: 0.9119 | Val Loss: 0.4173 | Val Acc: 0.8704
2026-08-25 09:54:19 [INFO] Epoch 039 | Train Loss: 0.1781 | Train Acc: 0.9397 | Val Loss: 0.5127 | Val Acc: 0.8111
2026-08-25 09:54:22 [INFO] Epoch 040 | Train Loss: 0.2115 | Train Acc: 0.9222 | Val Loss: 0.1872 | Val Acc: 0.9370
2026-08-25 09:54:22 [INFO] ✓ Saved best model: Val Acc=0.9370 at epoch 40
2026-08-25 09:54:23 [INFO] Epoch 041 | Train Loss: 0.1926 | Train Acc: 0.9349 | Val Loss: 0.3154 | Val Acc: 0.8963
2026-08-25 09:54:24 [INFO] Epoch 042 | Train Loss: 0.2408 | Train Acc: 0.9190 | Val Loss: 0.2172 | Val Acc: 0.9370
2026-08-25 09:54:26 [INFO] Epoch 043 | Train Loss: 0.2025 | Train Acc: 0.9302 | Val Loss: 0.3668 | Val Acc: 0.8519
2026-08-25 09:54:27 [INFO] Epoch 044 | Train Loss: 0.2047 | Train Acc: 0.9270 | Val Loss: 0.4558 | Val Acc: 0.8444
2026-08-25 09:54:28 [INFO] Epoch 045 | Train Loss: 0.1855 | Train Acc: 0.9294 | Val Loss: 0.3742 | Val Acc: 0.8926
2026-08-25 09:54:29 [INFO] Epoch 046 | Train Loss: 0.2092 | Train Acc: 0.9238 | Val Loss: 0.2076 | Val Acc: 0.9185
2026-08-25 09:54:30 [INFO] Epoch 047 | Train Loss: 0.1767 | Train Acc: 0.9389 | Val Loss: 0.4203 | Val Acc: 0.8000
2026-08-25 09:54:31 [INFO] Epoch 048 | Train Loss: 0.1909 | Train Acc: 0.9341 | Val Loss: 2.1758 | Val Acc: 0.5296
2026-08-25 09:54:32 [INFO] Epoch 049 | Train Loss: 0.1675 | Train Acc: 0.9444 | Val Loss: 1.2216 | Val Acc: 0.6704
2026-08-25 09:54:33 [INFO] Epoch 050 | Train Loss: 0.1419 | Train Acc: 0.9508 | Val Loss: 0.1596 | Val Acc: 0.9444
2026-08-25 09:54:33 [INFO] ✓ Saved best model: Val Acc=0.9444 at epoch 50
2026-08-25 09:54:36 [INFO] Epoch 051 | Train Loss: 0.1223 | Train Acc: 0.9500 | Val Loss: 0.1462 | Val Acc: 0.9444
2026-08-25 09:54:38 [INFO] Epoch 052 | Train Loss: 0.1283 | Train Acc: 0.9571 | Val Loss: 0.1422 | Val Acc: 0.9407
2026-08-25 09:54:39 [INFO] Epoch 053 | Train Loss: 0.1074 | Train Acc: 0.9635 | Val Loss: 0.1281 | Val Acc: 0.9444
2026-08-25 09:54:40 [INFO] Epoch 054 | Train Loss: 0.1127 | Train Acc: 0.9603 | Val Loss: 0.1280 | Val Acc: 0.9519
2026-08-25 09:54:40 [INFO] ✓ Saved best model: Val Acc=0.9519 at epoch 54
2026-08-25 09:54:41 [INFO] Epoch 055 | Train Loss: 0.0844 | Train Acc: 0.9698 | Val Loss: 0.1317 | Val Acc: 0.9556
2026-08-25 09:54:41 [INFO] ✓ Saved best model: Val Acc=0.9556 at epoch 55
2026-08-25 09:54:42 [INFO] Epoch 056 | Train Loss: 0.1179 | Train Acc: 0.9595 | Val Loss: 0.1379 | Val Acc: 0.9481
2026-08-25 09:54:43 [INFO] Epoch 057 | Train Loss: 0.0960 | Train Acc: 0.9675 | Val Loss: 0.1303 | Val Acc: 0.9519
2026-08-25 09:54:44 [INFO] Epoch 058 | Train Loss: 0.1017 | Train Acc: 0.9675 | Val Loss: 0.1159 | Val Acc: 0.9519
2026-08-25 09:54:45 [INFO] Epoch 059 | Train Loss: 0.1051 | Train Acc: 0.9643 | Val Loss: 0.1158 | Val Acc: 0.9556
2026-08-25 09:54:47 [INFO] Epoch 060 | Train Loss: 0.0915 | Train Acc: 0.9698 | Val Loss: 0.1158 | Val Acc: 0.9556
2026-08-25 09:54:48 [INFO] Epoch 061 | Train Loss: 0.0981 | Train Acc: 0.9690 | Val Loss: 0.1199 | Val Acc: 0.9556
2026-08-25 09:54:50 [INFO] Epoch 062 | Train Loss: 0.1094 | Train Acc: 0.9619 | Val Loss: 0.1599 | Val Acc: 0.9481
2026-08-25 09:54:52 [INFO] Epoch 063 | Train Loss: 0.0998 | Train Acc: 0.9683 | Val Loss: 0.1130 | Val Acc: 0.9593
2026-08-25 09:54:52 [INFO] ✓ Saved best model: Val Acc=0.9593 at epoch 63
2026-08-25 09:54:53 [INFO] Epoch 064 | Train Loss: 0.0928 | Train Acc: 0.9667 | Val Loss: 0.0938 | Val Acc: 0.9593
2026-08-25 09:54:55 [INFO] Epoch 065 | Train Loss: 0.0995 | Train Acc: 0.9595 | Val Loss: 0.1105 | Val Acc: 0.9593
2026-08-25 09:54:56 [INFO] Epoch 066 | Train Loss: 0.0923 | Train Acc: 0.9698 | Val Loss: 0.1115 | Val Acc: 0.9519
2026-08-25 09:54:57 [INFO] Epoch 067 | Train Loss: 0.0848 | Train Acc: 0.9659 | Val Loss: 0.1142 | Val Acc: 0.9593
2026-08-25 09:54:58 [INFO] Epoch 068 | Train Loss: 0.0903 | Train Acc: 0.9714 | Val Loss: 0.1423 | Val Acc: 0.9593
2026-08-25 09:54:59 [INFO] Epoch 069 | Train Loss: 0.1019 | Train Acc: 0.9643 | Val Loss: 0.1049 | Val Acc: 0.9556
2026-08-25 09:55:00 [INFO] Epoch 070 | Train Loss: 0.0858 | Train Acc: 0.9698 | Val Loss: 0.1011 | Val Acc: 0.9556
2026-08-25 09:55:01 [INFO] Epoch 071 | Train Loss: 0.0945 | Train Acc: 0.9667 | Val Loss: 0.1016 | Val Acc: 0.9593
2026-08-25 09:55:02 [INFO] Epoch 072 | Train Loss: 0.0955 | Train Acc: 0.9683 | Val Loss: 0.0986 | Val Acc: 0.9593
2026-08-25 09:55:04 [INFO] Epoch 073 | Train Loss: 0.0763 | Train Acc: 0.9738 | Val Loss: 0.1047 | Val Acc: 0.9556
2026-08-25 09:55:07 [INFO] Epoch 074 | Train Loss: 0.0824 | Train Acc: 0.9722 | Val Loss: 0.1026 | Val Acc: 0.9593
2026-08-25 09:55:08 [INFO] Epoch 075 | Train Loss: 0.1066 | Train Acc: 0.9643 | Val Loss: 0.1018 | Val Acc: 0.9556
2026-08-25 09:55:09 [INFO] Epoch 076 | Train Loss: 0.0872 | Train Acc: 0.9683 | Val Loss: 0.1227 | Val Acc: 0.9481
2026-08-25 09:55:10 [INFO] Epoch 077 | Train Loss: 0.0799 | Train Acc: 0.9770 | Val Loss: 0.0907 | Val Acc: 0.9667
2026-08-25 09:55:10 [INFO] ✓ Saved best model: Val Acc=0.9667 at epoch 77
2026-08-25 09:55:11 [INFO] Epoch 078 | Train Loss: 0.0856 | Train Acc: 0.9683 | Val Loss: 0.0982 | Val Acc: 0.9667
2026-08-25 09:55:12 [INFO] Epoch 079 | Train Loss: 0.0881 | Train Acc: 0.9659 | Val Loss: 0.1091 | Val Acc: 0.9593
2026-08-25 09:55:13 [INFO] Epoch 080 | Train Loss: 0.0746 | Train Acc: 0.9770 | Val Loss: 0.0934 | Val Acc: 0.9667
2026-08-25 09:55:15 [INFO] Epoch 081 | Train Loss: 0.0901 | Train Acc: 0.9635 | Val Loss: 0.0957 | Val Acc: 0.9704
2026-08-25 09:55:15 [INFO] ✓ Saved best model: Val Acc=0.9704 at epoch 81
2026-08-25 09:55:16 [INFO] Epoch 082 | Train Loss: 0.0900 | Train Acc: 0.9667 | Val Loss: 0.1059 | Val Acc: 0.9630
2026-08-25 09:55:17 [INFO] Epoch 083 | Train Loss: 0.0882 | Train Acc: 0.9698 | Val Loss: 0.1023 | Val Acc: 0.9630
2026-08-25 09:55:18 [INFO] Epoch 084 | Train Loss: 0.0956 | Train Acc: 0.9675 | Val Loss: 0.1050 | Val Acc: 0.9630
2026-08-25 09:55:20 [INFO] Epoch 085 | Train Loss: 0.0811 | Train Acc: 0.9683 | Val Loss: 0.0995 | Val Acc: 0.9667
2026-08-25 09:55:22 [INFO] Epoch 086 | Train Loss: 0.0773 | Train Acc: 0.9706 | Val Loss: 0.0993 | Val Acc: 0.9667
2026-08-25 09:55:23 [INFO] Epoch 087 | Train Loss: 0.0856 | Train Acc: 0.9746 | Val Loss: 0.0947 | Val Acc: 0.9704
2026-08-25 09:55:24 [INFO] Epoch 088 | Train Loss: 0.0857 | Train Acc: 0.9714 | Val Loss: 0.0954 | Val Acc: 0.9630
2026-08-25 09:55:25 [INFO] Epoch 089 | Train Loss: 0.0799 | Train Acc: 0.9722 | Val Loss: 0.0954 | Val Acc: 0.9667
2026-08-25 09:55:26 [INFO] Epoch 090 | Train Loss: 0.0786 | Train Acc: 0.9738 | Val Loss: 0.1005 | Val Acc: 0.9667
2026-08-25 09:55:27 [INFO] Epoch 091 | Train Loss: 0.0749 | Train Acc: 0.9786 | Val Loss: 0.1025 | Val Acc: 0.9667
2026-08-25 09:55:29 [INFO] Epoch 092 | Train Loss: 0.0769 | Train Acc: 0.9746 | Val Loss: 0.0938 | Val Acc: 0.9630
2026-08-25 09:55:30 [INFO] Epoch 093 | Train Loss: 0.0787 | Train Acc: 0.9714 | Val Loss: 0.0955 | Val Acc: 0.9630
2026-08-25 09:55:31 [INFO] Epoch 094 | Train Loss: 0.0767 | Train Acc: 0.9786 | Val Loss: 0.0926 | Val Acc: 0.9667
2026-08-25 09:55:32 [INFO] Epoch 095 | Train Loss: 0.0836 | Train Acc: 0.9667 | Val Loss: 0.1014 | Val Acc: 0.9667
2026-08-25 09:55:33 [INFO] Epoch 096 | Train Loss: 0.0825 | Train Acc: 0.9659 | Val Loss: 0.0997 | Val Acc: 0.9667
2026-08-25 09:55:35 [INFO] Epoch 097 | Train Loss: 0.0827 | Train Acc: 0.9698 | Val Loss: 0.0963 | Val Acc: 0.9667
2026-08-25 09:55:37 [INFO] Epoch 098 | Train Loss: 0.0765 | Train Acc: 0.9706 | Val Loss: 0.0953 | Val Acc: 0.9667
2026-08-25 09:55:38 [INFO] Epoch 099 | Train Loss: 0.0693 | Train Acc: 0.9794 | Val Loss: 0.0992 | Val Acc: 0.9667
2026-08-25 09:55:39 [INFO] Epoch 100 | Train Loss: 0.0761 | Train Acc: 0.9754 | Val Loss: 0.0966 | Val Acc: 0.9667
2026-08-25 09:55:40 [INFO] Epoch 101 | Train Loss: 0.0851 | Train Acc: 0.9627 | Val Loss: 0.0947 | Val Acc: 0.9667
2026-08-25 09:55:42 [INFO] Epoch 102 | Train Loss: 0.0875 | Train Acc: 0.9706 | Val Loss: 0.0962 | Val Acc: 0.9630
2026-08-25 09:55:43 [INFO] Epoch 103 | Train Loss: 0.0776 | Train Acc: 0.9714 | Val Loss: 0.0972 | Val Acc: 0.9667
2026-08-25 09:55:44 [INFO] Epoch 104 | Train Loss: 0.0713 | Train Acc: 0.9778 | Val Loss: 0.0969 | Val Acc: 0.9667
2026-08-25 09:55:45 [INFO] Epoch 105 | Train Loss: 0.0705 | Train Acc: 0.9746 | Val Loss: 0.0936 | Val Acc: 0.9667
2026-08-25 09:55:46 [INFO] Epoch 106 | Train Loss: 0.0770 | Train Acc: 0.9722 | Val Loss: 0.0983 | Val Acc: 0.9667
2026-08-25 09:55:47 [INFO] Epoch 107 | Train Loss: 0.0849 | Train Acc: 0.9675 | Val Loss: 0.1047 | Val Acc: 0.9667
2026-08-25 09:55:48 [INFO] Epoch 108 | Train Loss: 0.0865 | Train Acc: 0.9683 | Val Loss: 0.0957 | Val Acc: 0.9667
2026-08-25 09:55:51 [INFO] Epoch 109 | Train Loss: 0.0788 | Train Acc: 0.9746 | Val Loss: 0.0950 | Val Acc: 0.9667
2026-08-25 09:55:53 [INFO] Epoch 110 | Train Loss: 0.0681 | Train Acc: 0.9794 | Val Loss: 0.0938 | Val Acc: 0.9667
2026-08-25 09:55:54 [INFO] Epoch 111 | Train Loss: 0.0694 | Train Acc: 0.9730 | Val Loss: 0.0996 | Val Acc: 0.9667
2026-08-25 09:55:55 [INFO] Epoch 112 | Train Loss: 0.0757 | Train Acc: 0.9770 | Val Loss: 0.0977 | Val Acc: 0.9667
2026-08-25 09:55:56 [INFO] Epoch 113 | Train Loss: 0.0791 | Train Acc: 0.9738 | Val Loss: 0.0966 | Val Acc: 0.9667
2026-08-25 09:55:57 [INFO] Epoch 114 | Train Loss: 0.0780 | Train Acc: 0.9722 | Val Loss: 0.0934 | Val Acc: 0.9667
2026-08-25 09:55:58 [INFO] Epoch 115 | Train Loss: 0.0753 | Train Acc: 0.9746 | Val Loss: 0.1035 | Val Acc: 0.9630
2026-08-25 09:55:59 [INFO] Epoch 116 | Train Loss: 0.0725 | Train Acc: 0.9746 | Val Loss: 0.0957 | Val Acc: 0.9667
2026-08-25 09:56:01 [INFO] Epoch 117 | Train Loss: 0.0711 | Train Acc: 0.9722 | Val Loss: 0.0960 | Val Acc: 0.9667
2026-08-25 09:56:02 [INFO] Epoch 118 | Train Loss: 0.0860 | Train Acc: 0.9706 | Val Loss: 0.0972 | Val Acc: 0.9667
2026-08-25 09:56:03 [INFO] Epoch 119 | Train Loss: 0.0868 | Train Acc: 0.9698 | Val Loss: 0.0960 | Val Acc: 0.9667
2026-08-25 09:56:05 [INFO] Epoch 120 | Train Loss: 0.0910 | Train Acc: 0.9683 | Val Loss: 0.0918 | Val Acc: 0.9667
2026-08-25 09:56:07 [INFO] Epoch 121 | Train Loss: 0.0786 | Train Acc: 0.9706 | Val Loss: 0.0975 | Val Acc: 0.9667
2026-08-25 09:56:08 [INFO] Epoch 122 | Train Loss: 0.0688 | Train Acc: 0.9722 | Val Loss: 0.0946 | Val Acc: 0.9667
2026-08-25 09:56:09 [INFO] Epoch 123 | Train Loss: 0.0873 | Train Acc: 0.9714 | Val Loss: 0.0912 | Val Acc: 0.9667
2026-08-25 09:56:11 [INFO] Epoch 124 | Train Loss: 0.0750 | Train Acc: 0.9754 | Val Loss: 0.0968 | Val Acc: 0.9667
2026-08-25 09:56:12 [INFO] Epoch 125 | Train Loss: 0.0752 | Train Acc: 0.9706 | Val Loss: 0.0929 | Val Acc: 0.9667
2026-08-25 09:56:13 [INFO] Epoch 126 | Train Loss: 0.0743 | Train Acc: 0.9698 | Val Loss: 0.0927 | Val Acc: 0.9630
2026-08-25 09:56:14 [INFO] Epoch 127 | Train Loss: 0.1021 | Train Acc: 0.9595 | Val Loss: 0.0892 | Val Acc: 0.9667
2026-08-25 09:56:15 [INFO] Epoch 128 | Train Loss: 0.0815 | Train Acc: 0.9698 | Val Loss: 0.0945 | Val Acc: 0.9667
2026-08-25 09:56:16 [INFO] Epoch 129 | Train Loss: 0.0961 | Train Acc: 0.9683 | Val Loss: 0.0951 | Val Acc: 0.9667
2026-08-25 09:56:16 [INFO] Evaluating Best Model on TEST Set...
2026-08-25 09:56:16 [INFO] 
[RESUME] Đang nạp checkpoint từ: /home/biu-linux/DeepLearning_Projects/DoAnNganh/HybricMamba/Ressult/TFJ/SUPER_MAMBA_DEPT_4/NEU-DET_surface-dec/SUPER_MAMBA_DEPT_4_best.pth
2026-08-25 09:56:16 [INFO] 🎯 [TEST RESULT] Test Acc: 0.9630 | F1-Macro: 0.9629 | F1-Weighted: 0.9629
2026-08-25 10:42:47 [INFO] Dataset: NEU-DET_surface-dec | Số nhãn (classes): 6 | Tổng số ảnh: 1800
2026-08-25 10:42:47 [INFO] Dữ liệu đã chia -> Train (70%): 1260 | Val (15%): 270 | Test (15%): 270
2026-08-25 10:42:47 [INFO] 
🔍 Kiểm tra phân bố class trong batch:
2026-08-25 10:42:47 [INFO]   Batch 0: 6 classes (first 5: [0, 1, 2, 3, 4])
2026-08-25 10:42:47 [INFO]   Batch 1: 6 classes (first 5: [0, 1, 2, 3, 4])
2026-08-25 10:42:47 [INFO]   Batch 2: 6 classes (first 5: [0, 1, 2, 3, 4])
2026-08-25 10:42:47 [INFO]   Batch 3: 6 classes (first 5: [0, 1, 2, 3, 4])
2026-08-25 10:42:47 [INFO]   Batch 4: 6 classes (first 5: [0, 1, 2, 3, 4])
2026-08-25 10:42:47 [WARNING] ⚠️ WARNING: Trung bình 6.0 classes/batch - Dữ liệu chưa được trộn đều!
2026-08-25 10:42:47 [INFO] ============================================================
2026-08-25 10:42:47 [INFO] Starting training: SUPER_MAMBA_DEPT_4
2026-08-25 10:42:47 [INFO] Dataset: NEU-DET_surface-dec | Path: /home/biu-linux/DeepLearning_Projects/DoAnNganh/data/NEU-DET
2026-08-25 10:42:47 [INFO] Device: cuda
2026-08-25 10:42:47 [INFO] GPU: NVIDIA GeForce RTX 3050 Laptop GPU
2026-08-25 10:42:47 [INFO] ============================================================
2026-08-25 10:42:51 [INFO] Epoch 000 | Train Loss: 1.6831 | Train Acc: 0.2833 | Val Loss: 1.8898 | Val Acc: 0.1667
2026-08-25 10:42:51 [INFO] ✓ Saved best model: Val Acc=0.1667 at epoch 0
2026-08-25 10:42:52 [INFO] Epoch 001 | Train Loss: 1.4117 | Train Acc: 0.4738 | Val Loss: 1.9244 | Val Acc: 0.1370
2026-08-25 10:42:54 [INFO] Epoch 002 | Train Loss: 1.2847 | Train Acc: 0.4960 | Val Loss: 1.9992 | Val Acc: 0.1741
2026-08-25 10:42:54 [INFO] ✓ Saved best model: Val Acc=0.1741 at epoch 2
2026-08-25 10:42:56 [INFO] Epoch 003 | Train Loss: 1.1738 | Train Acc: 0.5357 | Val Loss: 1.4391 | Val Acc: 0.4444
2026-08-25 10:42:56 [INFO] ✓ Saved best model: Val Acc=0.4444 at epoch 3
2026-08-25 10:42:57 [INFO] Epoch 004 | Train Loss: 1.1154 | Train Acc: 0.5659 | Val Loss: 1.2635 | Val Acc: 0.4630
2026-08-25 10:42:57 [INFO] ✓ Saved best model: Val Acc=0.4630 at epoch 4
2026-08-25 10:42:59 [INFO] Epoch 005 | Train Loss: 1.0430 | Train Acc: 0.5952 | Val Loss: 1.0407 | Val Acc: 0.5852
2026-08-25 10:42:59 [INFO] ✓ Saved best model: Val Acc=0.5852 at epoch 5
2026-08-25 10:43:00 [INFO] Epoch 006 | Train Loss: 0.9329 | Train Acc: 0.6571 | Val Loss: 1.1747 | Val Acc: 0.5296
2026-08-25 10:43:01 [INFO] Epoch 007 | Train Loss: 0.9180 | Train Acc: 0.6476 | Val Loss: 0.7143 | Val Acc: 0.7741
2026-08-25 10:43:01 [INFO] ✓ Saved best model: Val Acc=0.7741 at epoch 7
2026-08-25 10:43:02 [INFO] Epoch 008 | Train Loss: 0.7994 | Train Acc: 0.6984 | Val Loss: 1.1627 | Val Acc: 0.5407
2026-08-25 10:43:03 [INFO] Epoch 009 | Train Loss: 0.7545 | Train Acc: 0.7254 | Val Loss: 1.9552 | Val Acc: 0.3852
2026-08-25 10:43:04 [INFO] Epoch 010 | Train Loss: 0.8333 | Train Acc: 0.6810 | Val Loss: 1.4552 | Val Acc: 0.5519
2026-08-25 10:43:05 [INFO] Epoch 011 | Train Loss: 0.7037 | Train Acc: 0.7302 | Val Loss: 0.7101 | Val Acc: 0.7444
2026-08-25 10:43:06 [INFO] Epoch 012 | Train Loss: 0.6139 | Train Acc: 0.7770 | Val Loss: 0.7393 | Val Acc: 0.7037
2026-08-25 10:43:07 [INFO] Epoch 013 | Train Loss: 0.5825 | Train Acc: 0.7992 | Val Loss: 0.5216 | Val Acc: 0.7963
2026-08-25 10:43:07 [INFO] ✓ Saved best model: Val Acc=0.7963 at epoch 13
2026-08-25 10:43:09 [INFO] Epoch 014 | Train Loss: 0.5359 | Train Acc: 0.8127 | Val Loss: 0.6253 | Val Acc: 0.7852
2026-08-25 10:43:11 [INFO] Epoch 015 | Train Loss: 0.5375 | Train Acc: 0.8024 | Val Loss: 0.9486 | Val Acc: 0.6519
2026-08-25 10:43:12 [INFO] Epoch 016 | Train Loss: 0.4991 | Train Acc: 0.8341 | Val Loss: 0.5794 | Val Acc: 0.7630
2026-08-25 10:43:14 [INFO] Epoch 017 | Train Loss: 0.4237 | Train Acc: 0.8587 | Val Loss: 0.8030 | Val Acc: 0.6852
2026-08-25 10:43:15 [INFO] Epoch 018 | Train Loss: 0.4777 | Train Acc: 0.8325 | Val Loss: 0.4310 | Val Acc: 0.8370
2026-08-25 10:43:15 [INFO] ✓ Saved best model: Val Acc=0.8370 at epoch 18
2026-08-25 10:43:16 [INFO] Epoch 019 | Train Loss: 0.4026 | Train Acc: 0.8635 | Val Loss: 0.4231 | Val Acc: 0.8519
2026-08-25 10:43:16 [INFO] ✓ Saved best model: Val Acc=0.8519 at epoch 19
2026-08-25 10:43:17 [INFO] Epoch 020 | Train Loss: 0.4339 | Train Acc: 0.8476 | Val Loss: 0.4252 | Val Acc: 0.8481
2026-08-25 10:43:18 [INFO] Epoch 021 | Train Loss: 0.3685 | Train Acc: 0.8683 | Val Loss: 0.2983 | Val Acc: 0.8926
2026-08-25 10:43:18 [INFO] ✓ Saved best model: Val Acc=0.8926 at epoch 21
2026-08-25 10:43:19 [INFO] Epoch 022 | Train Loss: 0.3438 | Train Acc: 0.8778 | Val Loss: 0.3433 | Val Acc: 0.8963
2026-08-25 10:43:19 [INFO] ✓ Saved best model: Val Acc=0.8963 at epoch 22
2026-08-25 10:43:20 [INFO] Epoch 023 | Train Loss: 0.3771 | Train Acc: 0.8643 | Val Loss: 0.3465 | Val Acc: 0.8704
2026-08-25 10:43:21 [INFO] Epoch 024 | Train Loss: 0.3781 | Train Acc: 0.8683 | Val Loss: 0.4829 | Val Acc: 0.8074
2026-08-25 10:43:22 [INFO] Epoch 025 | Train Loss: 0.3646 | Train Acc: 0.8762 | Val Loss: 0.2613 | Val Acc: 0.9111
2026-08-25 10:43:22 [INFO] ✓ Saved best model: Val Acc=0.9111 at epoch 25
2026-08-25 10:43:24 [INFO] Epoch 026 | Train Loss: 0.3152 | Train Acc: 0.8865 | Val Loss: 0.5257 | Val Acc: 0.7667
2026-08-25 10:43:26 [INFO] Epoch 027 | Train Loss: 0.2776 | Train Acc: 0.9016 | Val Loss: 0.8561 | Val Acc: 0.6889
2026-08-25 10:43:28 [INFO] Epoch 028 | Train Loss: 0.3255 | Train Acc: 0.8794 | Val Loss: 0.2682 | Val Acc: 0.8778
2026-08-25 10:43:30 [INFO] Epoch 029 | Train Loss: 0.2861 | Train Acc: 0.8992 | Val Loss: 0.4158 | Val Acc: 0.8519
2026-08-25 10:43:33 [INFO] Epoch 030 | Train Loss: 0.3115 | Train Acc: 0.8865 | Val Loss: 0.5846 | Val Acc: 0.8481
2026-08-25 10:43:35 [INFO] Epoch 031 | Train Loss: 0.3579 | Train Acc: 0.8579 | Val Loss: 0.6129 | Val Acc: 0.7926
2026-08-25 10:43:37 [INFO] Epoch 032 | Train Loss: 0.2834 | Train Acc: 0.9008 | Val Loss: 0.4534 | Val Acc: 0.8370
2026-08-25 10:43:40 [INFO] Epoch 033 | Train Loss: 0.3039 | Train Acc: 0.8865 | Val Loss: 0.2691 | Val Acc: 0.9148
2026-08-25 10:43:40 [INFO] ✓ Saved best model: Val Acc=0.9148 at epoch 33
2026-08-25 10:43:41 [INFO] Epoch 034 | Train Loss: 0.2648 | Train Acc: 0.9071 | Val Loss: 0.3423 | Val Acc: 0.8704
2026-08-25 10:43:44 [INFO] Epoch 035 | Train Loss: 0.2759 | Train Acc: 0.8960 | Val Loss: 0.3228 | Val Acc: 0.8481
2026-08-25 10:43:46 [INFO] Epoch 036 | Train Loss: 0.2550 | Train Acc: 0.9087 | Val Loss: 0.4211 | Val Acc: 0.8593
2026-08-25 10:43:47 [INFO] Epoch 037 | Train Loss: 0.2376 | Train Acc: 0.9087 | Val Loss: 0.1956 | Val Acc: 0.9296
2026-08-25 10:43:47 [INFO] ✓ Saved best model: Val Acc=0.9296 at epoch 37
2026-08-25 10:43:49 [INFO] Epoch 038 | Train Loss: 0.2189 | Train Acc: 0.9254 | Val Loss: 0.3536 | Val Acc: 0.8778
2026-08-25 10:43:50 [INFO] Epoch 039 | Train Loss: 0.1929 | Train Acc: 0.9254 | Val Loss: 0.2040 | Val Acc: 0.9259
2026-08-25 10:43:53 [INFO] Epoch 040 | Train Loss: 0.2198 | Train Acc: 0.9214 | Val Loss: 0.3319 | Val Acc: 0.8815
2026-08-25 10:43:54 [INFO] Epoch 041 | Train Loss: 0.2523 | Train Acc: 0.9024 | Val Loss: 0.7156 | Val Acc: 0.7407
2026-08-25 10:43:56 [INFO] Epoch 042 | Train Loss: 0.2411 | Train Acc: 0.9127 | Val Loss: 0.2853 | Val Acc: 0.8852
2026-08-25 10:43:59 [INFO] Epoch 043 | Train Loss: 0.2242 | Train Acc: 0.9183 | Val Loss: 0.3602 | Val Acc: 0.8593
2026-08-25 10:44:00 [INFO] Epoch 044 | Train Loss: 0.2387 | Train Acc: 0.9190 | Val Loss: 0.5701 | Val Acc: 0.8148
2026-08-25 10:44:02 [INFO] Epoch 045 | Train Loss: 0.1676 | Train Acc: 0.9405 | Val Loss: 0.1773 | Val Acc: 0.9370
2026-08-25 10:44:02 [INFO] ✓ Saved best model: Val Acc=0.9370 at epoch 45
2026-08-25 10:44:03 [INFO] Epoch 046 | Train Loss: 0.2294 | Train Acc: 0.9175 | Val Loss: 0.5138 | Val Acc: 0.8000
2026-08-25 10:44:04 [INFO] Epoch 047 | Train Loss: 0.1780 | Train Acc: 0.9357 | Val Loss: 0.5416 | Val Acc: 0.8519
2026-08-25 10:44:05 [INFO] Epoch 048 | Train Loss: 0.1758 | Train Acc: 0.9357 | Val Loss: 0.6283 | Val Acc: 0.8037
2026-08-25 10:44:07 [INFO] Epoch 049 | Train Loss: 0.1915 | Train Acc: 0.9294 | Val Loss: 0.2121 | Val Acc: 0.9222
2026-08-25 10:44:09 [INFO] Epoch 050 | Train Loss: 0.1302 | Train Acc: 0.9508 | Val Loss: 0.1571 | Val Acc: 0.9407
2026-08-25 10:44:09 [INFO] ✓ Saved best model: Val Acc=0.9407 at epoch 50
2026-08-25 10:44:11 [INFO] Epoch 051 | Train Loss: 0.1298 | Train Acc: 0.9524 | Val Loss: 0.1438 | Val Acc: 0.9444
2026-08-25 10:44:11 [INFO] ✓ Saved best model: Val Acc=0.9444 at epoch 51
2026-08-25 10:44:12 [INFO] Epoch 052 | Train Loss: 0.1212 | Train Acc: 0.9484 | Val Loss: 0.1356 | Val Acc: 0.9481
2026-08-25 10:44:12 [INFO] ✓ Saved best model: Val Acc=0.9481 at epoch 52
2026-08-25 10:44:13 [INFO] Epoch 053 | Train Loss: 0.1154 | Train Acc: 0.9571 | Val Loss: 0.1354 | Val Acc: 0.9556
2026-08-25 10:44:13 [INFO] ✓ Saved best model: Val Acc=0.9556 at epoch 53
2026-08-25 10:44:14 [INFO] Epoch 054 | Train Loss: 0.1118 | Train Acc: 0.9659 | Val Loss: 0.1363 | Val Acc: 0.9444
2026-08-25 10:44:15 [INFO] Epoch 055 | Train Loss: 0.1078 | Train Acc: 0.9619 | Val Loss: 0.1338 | Val Acc: 0.9519
2026-08-25 10:44:16 [INFO] Epoch 056 | Train Loss: 0.1142 | Train Acc: 0.9595 | Val Loss: 0.1277 | Val Acc: 0.9556
2026-08-25 10:44:17 [INFO] Epoch 057 | Train Loss: 0.0961 | Train Acc: 0.9667 | Val Loss: 0.1284 | Val Acc: 0.9556
2026-08-25 10:44:18 [INFO] Epoch 058 | Train Loss: 0.0957 | Train Acc: 0.9611 | Val Loss: 0.1269 | Val Acc: 0.9556
2026-08-25 10:44:19 [INFO] Epoch 059 | Train Loss: 0.1006 | Train Acc: 0.9667 | Val Loss: 0.1239 | Val Acc: 0.9519
2026-08-25 10:44:21 [INFO] Epoch 060 | Train Loss: 0.0933 | Train Acc: 0.9675 | Val Loss: 0.1305 | Val Acc: 0.9519
2026-08-25 10:50:17 [INFO] Dataset: NEU-DET_surface-dec | Số nhãn (classes): 6 | Tổng số ảnh: 1800
2026-08-25 10:50:17 [INFO] Dữ liệu đã chia -> Train (70%): 1260 | Val (15%): 270 | Test (15%): 270
2026-08-25 10:50:17 [INFO] 
🔍 Kiểm tra phân bố class trong batch:
2026-08-25 10:50:17 [INFO]   Batch 0: 6 classes (first 5: [0, 1, 2, 3, 4])
2026-08-25 10:50:17 [INFO]   Batch 1: 6 classes (first 5: [0, 1, 2, 3, 4])
2026-08-25 10:50:17 [INFO]   Batch 2: 6 classes (first 5: [0, 1, 2, 3, 4])
2026-08-25 10:50:17 [INFO]   Batch 3: 6 classes (first 5: [0, 1, 2, 3, 4])
2026-08-25 10:50:18 [INFO]   Batch 4: 6 classes (first 5: [0, 1, 2, 3, 4])
2026-08-25 10:50:18 [WARNING] ⚠️ WARNING: Trung bình 6.0 classes/batch - Dữ liệu chưa được trộn đều!
2026-08-25 10:50:18 [INFO] ============================================================
2026-08-25 10:50:18 [INFO] Starting training: SUPER_MAMBA_DEPT_4
2026-08-25 10:50:18 [INFO] Dataset: NEU-DET_surface-dec | Path: /home/biu-linux/DeepLearning_Projects/DoAnNganh/data/NEU-DET
2026-08-25 10:50:18 [INFO] Device: cuda
2026-08-25 10:50:18 [INFO] GPU: NVIDIA GeForce RTX 3050 Laptop GPU
2026-08-25 10:50:18 [INFO] ============================================================
2026-08-25 10:50:21 [INFO] Epoch 000 | Train Loss: 1.7598 | Train Acc: 0.2421 | Val Loss: 1.7378 | Val Acc: 0.3000
2026-08-25 10:50:22 [INFO] ✓ Saved best model: Val Acc=0.3000 at epoch 0
2026-08-25 10:50:23 [INFO] Epoch 001 | Train Loss: 1.6460 | Train Acc: 0.3968 | Val Loss: 1.6861 | Val Acc: 0.2593
2026-08-25 10:50:24 [INFO] Epoch 002 | Train Loss: 1.4614 | Train Acc: 0.4714 | Val Loss: 1.4969 | Val Acc: 0.3889
2026-08-25 10:50:24 [INFO] ✓ Saved best model: Val Acc=0.3889 at epoch 2
2026-08-25 10:50:25 [INFO] Epoch 003 | Train Loss: 1.2978 | Train Acc: 0.5317 | Val Loss: 1.2621 | Val Acc: 0.5333
2026-08-25 10:50:25 [INFO] ✓ Saved best model: Val Acc=0.5333 at epoch 3
2026-08-25 10:50:26 [INFO] Epoch 004 | Train Loss: 1.1902 | Train Acc: 0.5643 | Val Loss: 1.2063 | Val Acc: 0.5185
2026-08-25 10:50:27 [INFO] Epoch 005 | Train Loss: 1.0440 | Train Acc: 0.6159 | Val Loss: 0.9674 | Val Acc: 0.6556
2026-08-25 10:50:27 [INFO] ✓ Saved best model: Val Acc=0.6556 at epoch 5
2026-08-25 10:50:30 [INFO] Epoch 006 | Train Loss: 0.9885 | Train Acc: 0.6413 | Val Loss: 1.0774 | Val Acc: 0.5593
2026-08-25 10:50:32 [INFO] Epoch 007 | Train Loss: 0.9236 | Train Acc: 0.6563 | Val Loss: 0.7748 | Val Acc: 0.7333
2026-08-25 10:50:32 [INFO] ✓ Saved best model: Val Acc=0.7333 at epoch 7
2026-08-25 10:50:33 [INFO] Epoch 008 | Train Loss: 0.7915 | Train Acc: 0.7024 | Val Loss: 0.7831 | Val Acc: 0.6630
2026-08-25 10:50:34 [INFO] Epoch 009 | Train Loss: 0.7946 | Train Acc: 0.7119 | Val Loss: 0.8897 | Val Acc: 0.6444
2026-08-25 10:50:35 [INFO] Epoch 010 | Train Loss: 0.7719 | Train Acc: 0.6992 | Val Loss: 0.7455 | Val Acc: 0.6778
2026-08-25 10:50:36 [INFO] Epoch 011 | Train Loss: 0.7191 | Train Acc: 0.7317 | Val Loss: 0.6215 | Val Acc: 0.8000
2026-08-25 10:50:36 [INFO] ✓ Saved best model: Val Acc=0.8000 at epoch 11
2026-08-25 10:50:37 [INFO] Epoch 012 | Train Loss: 0.6620 | Train Acc: 0.7548 | Val Loss: 0.7432 | Val Acc: 0.6963
2026-08-25 10:50:39 [INFO] Epoch 013 | Train Loss: 0.6222 | Train Acc: 0.7587 | Val Loss: 0.6391 | Val Acc: 0.7704
2026-08-25 10:50:41 [INFO] Epoch 014 | Train Loss: 0.5995 | Train Acc: 0.7762 | Val Loss: 0.6306 | Val Acc: 0.7667
2026-08-25 10:50:43 [INFO] Epoch 015 | Train Loss: 0.6067 | Train Acc: 0.7802 | Val Loss: 0.6106 | Val Acc: 0.7333
2026-08-25 11:04:08 [INFO] Dataset: NEU-DET_surface-dec | Số nhãn (classes): 6 | Tổng số ảnh: 1800
2026-08-25 11:04:08 [INFO] Dữ liệu đã chia -> Train (70%): 1260 | Val (15%): 270 | Test (15%): 270
2026-08-25 11:04:08 [INFO] 
🔍 Kiểm tra phân bố class trong batch:
2026-08-25 11:04:08 [INFO]   Batch 0: 6 classes (first 5: [0, 1, 2, 3, 4])
2026-08-25 11:04:08 [INFO]   Batch 1: 6 classes (first 5: [0, 1, 2, 3, 4])
2026-08-25 11:04:08 [INFO]   Batch 2: 6 classes (first 5: [0, 1, 2, 3, 4])
2026-08-25 11:04:08 [INFO]   Batch 3: 6 classes (first 5: [0, 1, 2, 3, 4])
2026-08-25 11:04:08 [INFO]   Batch 4: 6 classes (first 5: [0, 1, 2, 3, 4])
2026-08-25 11:04:08 [WARNING] ⚠️ WARNING: Trung bình 6.0 classes/batch - Dữ liệu chưa được trộn đều!
2026-08-25 11:04:08 [INFO] ============================================================
2026-08-25 11:04:08 [INFO] Starting training: SUPER_MAMBA_DEPT_4
2026-08-25 11:04:08 [INFO] Dataset: NEU-DET_surface-dec | Path: /home/biu-linux/DeepLearning_Projects/DoAnNganh/data/NEU-DET
2026-08-25 11:04:08 [INFO] Device: cuda
2026-08-25 11:04:08 [INFO] GPU: NVIDIA GeForce RTX 3050 Laptop GPU
2026-08-25 11:04:08 [INFO] ============================================================
2026-08-25 11:04:14 [INFO] Epoch 000 | Train Loss: 1.6972 | Train Acc: 0.2794 | Val Loss: 1.6571 | Val Acc: 0.3444
2026-08-25 11:04:14 [INFO] ✓ Saved best model: Val Acc=0.3444 at epoch 0
2026-08-25 11:04:16 [INFO] Epoch 001 | Train Loss: 1.5097 | Train Acc: 0.4198 | Val Loss: 1.5434 | Val Acc: 0.3259
2026-08-25 11:04:18 [INFO] Epoch 002 | Train Loss: 1.3228 | Train Acc: 0.5000 | Val Loss: 1.2474 | Val Acc: 0.5519
2026-08-25 11:04:18 [INFO] ✓ Saved best model: Val Acc=0.5519 at epoch 2
2026-08-25 11:04:20 [INFO] Epoch 003 | Train Loss: 1.2578 | Train Acc: 0.4976 | Val Loss: 1.2081 | Val Acc: 0.5667
2026-08-25 11:04:20 [INFO] ✓ Saved best model: Val Acc=0.5667 at epoch 3
2026-08-25 11:04:22 [INFO] Epoch 004 | Train Loss: 1.1613 | Train Acc: 0.5468 | Val Loss: 1.6446 | Val Acc: 0.4296
2026-08-25 11:04:25 [INFO] Epoch 005 | Train Loss: 1.0610 | Train Acc: 0.5937 | Val Loss: 1.8661 | Val Acc: 0.3074
2026-08-25 11:04:28 [INFO] Epoch 006 | Train Loss: 0.9746 | Train Acc: 0.6476 | Val Loss: 0.9996 | Val Acc: 0.5778
2026-08-25 11:04:28 [INFO] ✓ Saved best model: Val Acc=0.5778 at epoch 6
2026-08-25 11:04:30 [INFO] Epoch 007 | Train Loss: 0.9589 | Train Acc: 0.6548 | Val Loss: 0.7762 | Val Acc: 0.7259
2026-08-25 11:04:30 [INFO] ✓ Saved best model: Val Acc=0.7259 at epoch 7
2026-08-25 11:04:32 [INFO] Epoch 008 | Train Loss: 0.9373 | Train Acc: 0.6476 | Val Loss: 0.9653 | Val Acc: 0.5704
2026-08-25 11:04:34 [INFO] Epoch 009 | Train Loss: 0.8219 | Train Acc: 0.6921 | Val Loss: 0.9610 | Val Acc: 0.6556
2026-08-25 11:04:36 [INFO] Epoch 010 | Train Loss: 0.8091 | Train Acc: 0.6944 | Val Loss: 0.7138 | Val Acc: 0.7704
2026-08-25 11:04:36 [INFO] ✓ Saved best model: Val Acc=0.7704 at epoch 10
2026-08-25 11:04:37 [INFO] Epoch 011 | Train Loss: 0.7404 | Train Acc: 0.7127 | Val Loss: 0.6940 | Val Acc: 0.7444
2026-08-25 11:04:41 [INFO] Epoch 012 | Train Loss: 0.7187 | Train Acc: 0.7310 | Val Loss: 0.7576 | Val Acc: 0.7037
2026-08-25 11:04:43 [INFO] Epoch 013 | Train Loss: 0.7495 | Train Acc: 0.7119 | Val Loss: 0.6745 | Val Acc: 0.7481
2026-08-25 11:04:45 [INFO] Epoch 014 | Train Loss: 0.6683 | Train Acc: 0.7452 | Val Loss: 0.4959 | Val Acc: 0.8593
2026-08-25 11:04:45 [INFO] ✓ Saved best model: Val Acc=0.8593 at epoch 14
2026-08-25 11:04:47 [INFO] Epoch 015 | Train Loss: 0.6360 | Train Acc: 0.7500 | Val Loss: 0.5363 | Val Acc: 0.8407
2026-08-25 11:04:49 [INFO] Epoch 016 | Train Loss: 0.6120 | Train Acc: 0.7571 | Val Loss: 0.8829 | Val Acc: 0.6444
2026-08-25 11:04:51 [INFO] Epoch 017 | Train Loss: 0.6839 | Train Acc: 0.7302 | Val Loss: 0.5151 | Val Acc: 0.7963
2026-08-25 11:04:53 [INFO] Epoch 018 | Train Loss: 0.6329 | Train Acc: 0.7524 | Val Loss: 0.5201 | Val Acc: 0.7889
2026-08-25 11:04:57 [INFO] Epoch 019 | Train Loss: 0.5768 | Train Acc: 0.7643 | Val Loss: 0.4250 | Val Acc: 0.8593
2026-08-25 11:04:59 [INFO] Epoch 020 | Train Loss: 0.6102 | Train Acc: 0.7683 | Val Loss: 0.5240 | Val Acc: 0.8074
2026-08-25 11:05:01 [INFO] Epoch 021 | Train Loss: 0.5891 | Train Acc: 0.7643 | Val Loss: 0.3818 | Val Acc: 0.8815
2026-08-25 11:05:01 [INFO] ✓ Saved best model: Val Acc=0.8815 at epoch 21
2026-08-25 11:05:03 [INFO] Epoch 022 | Train Loss: 0.5437 | Train Acc: 0.7786 | Val Loss: 0.4633 | Val Acc: 0.8593
2026-08-25 11:05:05 [INFO] Epoch 023 | Train Loss: 0.6138 | Train Acc: 0.7460 | Val Loss: 0.3846 | Val Acc: 0.8519
2026-08-25 11:05:07 [INFO] Epoch 024 | Train Loss: 0.5289 | Train Acc: 0.7921 | Val Loss: 0.8849 | Val Acc: 0.6519
2026-08-25 11:05:10 [INFO] Epoch 025 | Train Loss: 0.5391 | Train Acc: 0.7810 | Val Loss: 0.5001 | Val Acc: 0.8074
2026-08-25 11:05:13 [INFO] Epoch 026 | Train Loss: 0.5050 | Train Acc: 0.7929 | Val Loss: 0.4786 | Val Acc: 0.8704
2026-08-25 11:05:15 [INFO] Epoch 027 | Train Loss: 0.5488 | Train Acc: 0.7889 | Val Loss: 0.3622 | Val Acc: 0.9037
2026-08-25 11:05:15 [INFO] ✓ Saved best model: Val Acc=0.9037 at epoch 27
2026-08-25 11:05:17 [INFO] Epoch 028 | Train Loss: 0.4822 | Train Acc: 0.8151 | Val Loss: 0.3689 | Val Acc: 0.8593
2026-08-25 11:05:19 [INFO] Epoch 029 | Train Loss: 0.5153 | Train Acc: 0.7984 | Val Loss: 0.4641 | Val Acc: 0.7778
2026-08-25 11:05:21 [INFO] Epoch 030 | Train Loss: 0.4756 | Train Acc: 0.8254 | Val Loss: 0.3595 | Val Acc: 0.8815
2026-08-25 11:05:23 [INFO] Epoch 031 | Train Loss: 0.5066 | Train Acc: 0.8024 | Val Loss: 0.4198 | Val Acc: 0.8333
2026-08-25 11:05:27 [INFO] Epoch 032 | Train Loss: 0.4531 | Train Acc: 0.8286 | Val Loss: 0.3914 | Val Acc: 0.8333
2026-08-25 11:05:29 [INFO] Epoch 033 | Train Loss: 0.4197 | Train Acc: 0.8508 | Val Loss: 0.3144 | Val Acc: 0.8778
2026-08-25 11:05:31 [INFO] Epoch 034 | Train Loss: 0.4528 | Train Acc: 0.8381 | Val Loss: 0.5075 | Val Acc: 0.7667
2026-08-25 11:05:33 [INFO] Epoch 035 | Train Loss: 0.3780 | Train Acc: 0.8579 | Val Loss: 0.3772 | Val Acc: 0.8481
2026-08-25 11:05:35 [INFO] Epoch 036 | Train Loss: 0.3928 | Train Acc: 0.8603 | Val Loss: 0.3055 | Val Acc: 0.8963
2026-08-25 11:05:37 [INFO] Epoch 037 | Train Loss: 0.4017 | Train Acc: 0.8579 | Val Loss: 0.2600 | Val Acc: 0.9148
2026-08-25 11:05:37 [INFO] ✓ Saved best model: Val Acc=0.9148 at epoch 37
2026-08-25 11:05:40 [INFO] Epoch 038 | Train Loss: 0.4123 | Train Acc: 0.8460 | Val Loss: 0.3083 | Val Acc: 0.8963
2026-08-25 11:05:43 [INFO] Epoch 039 | Train Loss: 0.3388 | Train Acc: 0.8738 | Val Loss: 0.4111 | Val Acc: 0.8444
2026-08-25 11:05:45 [INFO] Epoch 040 | Train Loss: 0.3205 | Train Acc: 0.8762 | Val Loss: 0.2062 | Val Acc: 0.9259
2026-08-25 11:05:45 [INFO] ✓ Saved best model: Val Acc=0.9259 at epoch 40
2026-08-25 11:05:47 [INFO] Epoch 041 | Train Loss: 0.2781 | Train Acc: 0.8960 | Val Loss: 0.2083 | Val Acc: 0.9185
2026-08-25 11:05:49 [INFO] Epoch 042 | Train Loss: 0.2692 | Train Acc: 0.9000 | Val Loss: 0.2066 | Val Acc: 0.9296
2026-08-25 11:05:49 [INFO] ✓ Saved best model: Val Acc=0.9296 at epoch 42
2026-08-25 11:05:51 [INFO] Epoch 043 | Train Loss: 0.2485 | Train Acc: 0.9175 | Val Loss: 0.2113 | Val Acc: 0.9185
2026-08-25 11:05:53 [INFO] Epoch 044 | Train Loss: 0.2630 | Train Acc: 0.9000 | Val Loss: 0.1967 | Val Acc: 0.9333
2026-08-25 11:05:53 [INFO] ✓ Saved best model: Val Acc=0.9333 at epoch 44
2026-08-25 11:05:57 [INFO] Epoch 045 | Train Loss: 0.2468 | Train Acc: 0.9151 | Val Loss: 0.1841 | Val Acc: 0.9370
2026-08-25 11:05:57 [INFO] ✓ Saved best model: Val Acc=0.9370 at epoch 45
2026-08-25 11:05:59 [INFO] Epoch 046 | Train Loss: 0.2332 | Train Acc: 0.9183 | Val Loss: 0.1841 | Val Acc: 0.9333
2026-08-25 11:06:01 [INFO] Epoch 047 | Train Loss: 0.2358 | Train Acc: 0.9183 | Val Loss: 0.1777 | Val Acc: 0.9407
2026-08-25 11:06:01 [INFO] ✓ Saved best model: Val Acc=0.9407 at epoch 47
2026-08-25 11:06:03 [INFO] Epoch 048 | Train Loss: 0.2125 | Train Acc: 0.9238 | Val Loss: 0.1723 | Val Acc: 0.9407
2026-08-25 11:06:05 [INFO] Epoch 049 | Train Loss: 0.2261 | Train Acc: 0.9286 | Val Loss: 0.1658 | Val Acc: 0.9407
2026-08-25 11:06:07 [INFO] Epoch 050 | Train Loss: 0.2011 | Train Acc: 0.9317 | Val Loss: 0.1679 | Val Acc: 0.9444
2026-08-25 11:06:07 [INFO] ✓ Saved best model: Val Acc=0.9444 at epoch 50
2026-08-25 11:06:11 [INFO] Epoch 051 | Train Loss: 0.2093 | Train Acc: 0.9286 | Val Loss: 0.1683 | Val Acc: 0.9370
2026-08-25 11:06:13 [INFO] Epoch 052 | Train Loss: 0.2303 | Train Acc: 0.9167 | Val Loss: 0.1595 | Val Acc: 0.9407
2026-08-25 11:06:15 [INFO] Epoch 053 | Train Loss: 0.2109 | Train Acc: 0.9206 | Val Loss: 0.1527 | Val Acc: 0.9444
2026-08-25 11:06:17 [INFO] Epoch 054 | Train Loss: 0.2247 | Train Acc: 0.9270 | Val Loss: 0.1625 | Val Acc: 0.9370
2026-08-25 11:06:19 [INFO] Epoch 055 | Train Loss: 0.1899 | Train Acc: 0.9310 | Val Loss: 0.1654 | Val Acc: 0.9444
2026-08-25 11:06:21 [INFO] Epoch 056 | Train Loss: 0.2081 | Train Acc: 0.9254 | Val Loss: 0.1711 | Val Acc: 0.9444
2026-08-25 11:06:23 [INFO] Epoch 057 | Train Loss: 0.2017 | Train Acc: 0.9302 | Val Loss: 0.1527 | Val Acc: 0.9444
2026-08-25 11:06:27 [INFO] Epoch 058 | Train Loss: 0.2101 | Train Acc: 0.9167 | Val Loss: 0.1492 | Val Acc: 0.9481
2026-08-25 11:06:27 [INFO] ✓ Saved best model: Val Acc=0.9481 at epoch 58
2026-08-25 11:06:29 [INFO] Epoch 059 | Train Loss: 0.2005 | Train Acc: 0.9270 | Val Loss: 0.1495 | Val Acc: 0.9519
2026-08-25 11:06:29 [INFO] ✓ Saved best model: Val Acc=0.9519 at epoch 59
2026-08-25 11:06:31 [INFO] Epoch 060 | Train Loss: 0.2042 | Train Acc: 0.9278 | Val Loss: 0.1430 | Val Acc: 0.9444
2026-08-25 11:06:33 [INFO] Epoch 061 | Train Loss: 0.1855 | Train Acc: 0.9294 | Val Loss: 0.1505 | Val Acc: 0.9444
2026-08-25 11:06:35 [INFO] Epoch 062 | Train Loss: 0.1835 | Train Acc: 0.9357 | Val Loss: 0.1770 | Val Acc: 0.9407
2026-08-25 11:06:37 [INFO] Epoch 063 | Train Loss: 0.1961 | Train Acc: 0.9254 | Val Loss: 0.1507 | Val Acc: 0.9444
2026-08-25 11:06:39 [INFO] Epoch 064 | Train Loss: 0.1797 | Train Acc: 0.9397 | Val Loss: 0.1404 | Val Acc: 0.9481
2026-08-25 11:06:43 [INFO] Epoch 065 | Train Loss: 0.2155 | Train Acc: 0.9206 | Val Loss: 0.1530 | Val Acc: 0.9481
2026-08-25 11:06:45 [INFO] Epoch 066 | Train Loss: 0.1690 | Train Acc: 0.9413 | Val Loss: 0.1626 | Val Acc: 0.9444
2026-08-25 11:06:47 [INFO] Epoch 067 | Train Loss: 0.1934 | Train Acc: 0.9254 | Val Loss: 0.1469 | Val Acc: 0.9481
2026-08-25 11:06:49 [INFO] Epoch 068 | Train Loss: 0.1850 | Train Acc: 0.9302 | Val Loss: 0.1558 | Val Acc: 0.9333
2026-08-25 11:06:50 [INFO] Epoch 069 | Train Loss: 0.1975 | Train Acc: 0.9278 | Val Loss: 0.1472 | Val Acc: 0.9444
2026-08-25 11:06:52 [INFO] Epoch 070 | Train Loss: 0.1815 | Train Acc: 0.9310 | Val Loss: 0.1451 | Val Acc: 0.9444
2026-08-25 11:06:56 [INFO] Epoch 071 | Train Loss: 0.1734 | Train Acc: 0.9365 | Val Loss: 0.1343 | Val Acc: 0.9444
2026-08-25 11:06:58 [INFO] Epoch 072 | Train Loss: 0.1780 | Train Acc: 0.9373 | Val Loss: 0.1315 | Val Acc: 0.9519
2026-08-25 11:07:00 [INFO] Epoch 073 | Train Loss: 0.1623 | Train Acc: 0.9452 | Val Loss: 0.1198 | Val Acc: 0.9481
2026-08-25 11:07:02 [INFO] Epoch 074 | Train Loss: 0.1750 | Train Acc: 0.9373 | Val Loss: 0.1356 | Val Acc: 0.9519
2026-08-25 11:07:04 [INFO] Epoch 075 | Train Loss: 0.1696 | Train Acc: 0.9341 | Val Loss: 0.1198 | Val Acc: 0.9556
2026-08-25 11:07:04 [INFO] ✓ Saved best model: Val Acc=0.9556 at epoch 75
2026-08-25 11:07:06 [INFO] Epoch 076 | Train Loss: 0.1650 | Train Acc: 0.9429 | Val Loss: 0.1249 | Val Acc: 0.9519
2026-08-25 11:07:08 [INFO] Epoch 077 | Train Loss: 0.1695 | Train Acc: 0.9405 | Val Loss: 0.1203 | Val Acc: 0.9519
2026-08-25 11:07:12 [INFO] Epoch 078 | Train Loss: 0.1796 | Train Acc: 0.9365 | Val Loss: 0.1188 | Val Acc: 0.9519
2026-08-25 11:07:14 [INFO] Epoch 079 | Train Loss: 0.1837 | Train Acc: 0.9437 | Val Loss: 0.1216 | Val Acc: 0.9593
2026-08-25 11:07:14 [INFO] ✓ Saved best model: Val Acc=0.9593 at epoch 79
2026-08-25 11:07:16 [INFO] Epoch 080 | Train Loss: 0.1610 | Train Acc: 0.9381 | Val Loss: 0.1197 | Val Acc: 0.9519
2026-08-25 11:07:18 [INFO] Epoch 081 | Train Loss: 0.1844 | Train Acc: 0.9310 | Val Loss: 0.1232 | Val Acc: 0.9519
2026-08-25 11:07:20 [INFO] Epoch 082 | Train Loss: 0.1647 | Train Acc: 0.9452 | Val Loss: 0.1273 | Val Acc: 0.9593
2026-08-25 11:07:22 [INFO] Epoch 083 | Train Loss: 0.1623 | Train Acc: 0.9437 | Val Loss: 0.1274 | Val Acc: 0.9519
2026-08-25 11:07:25 [INFO] Epoch 084 | Train Loss: 0.1621 | Train Acc: 0.9460 | Val Loss: 0.1232 | Val Acc: 0.9556
2026-08-25 11:07:28 [INFO] Epoch 085 | Train Loss: 0.1528 | Train Acc: 0.9421 | Val Loss: 0.1242 | Val Acc: 0.9519
2026-08-25 11:07:30 [INFO] Epoch 086 | Train Loss: 0.1449 | Train Acc: 0.9444 | Val Loss: 0.1256 | Val Acc: 0.9519
2026-08-25 11:07:32 [INFO] Epoch 087 | Train Loss: 0.1671 | Train Acc: 0.9373 | Val Loss: 0.1285 | Val Acc: 0.9481
2026-08-25 11:07:34 [INFO] Epoch 088 | Train Loss: 0.1665 | Train Acc: 0.9413 | Val Loss: 0.1305 | Val Acc: 0.9519
2026-08-25 11:07:36 [INFO] Epoch 089 | Train Loss: 0.1738 | Train Acc: 0.9413 | Val Loss: 0.1208 | Val Acc: 0.9519
2026-08-25 11:07:38 [INFO] Epoch 090 | Train Loss: 0.1501 | Train Acc: 0.9460 | Val Loss: 0.1268 | Val Acc: 0.9556
2026-08-25 11:07:42 [INFO] Epoch 091 | Train Loss: 0.1461 | Train Acc: 0.9476 | Val Loss: 0.1330 | Val Acc: 0.9519
2026-08-25 11:07:44 [INFO] Epoch 092 | Train Loss: 0.1560 | Train Acc: 0.9381 | Val Loss: 0.1285 | Val Acc: 0.9481
2026-08-25 11:07:46 [INFO] Epoch 093 | Train Loss: 0.1560 | Train Acc: 0.9468 | Val Loss: 0.1307 | Val Acc: 0.9481
2026-08-25 11:07:48 [INFO] Epoch 094 | Train Loss: 0.1501 | Train Acc: 0.9437 | Val Loss: 0.1253 | Val Acc: 0.9519
2026-08-25 11:07:50 [INFO] Epoch 095 | Train Loss: 0.1523 | Train Acc: 0.9373 | Val Loss: 0.1247 | Val Acc: 0.9481
2026-08-25 11:07:51 [INFO] Epoch 096 | Train Loss: 0.1456 | Train Acc: 0.9500 | Val Loss: 0.1192 | Val Acc: 0.9519
2026-08-25 11:07:54 [INFO] Epoch 097 | Train Loss: 0.1584 | Train Acc: 0.9413 | Val Loss: 0.1224 | Val Acc: 0.9519
2026-08-25 11:07:58 [INFO] Epoch 098 | Train Loss: 0.1659 | Train Acc: 0.9397 | Val Loss: 0.1216 | Val Acc: 0.9556
2026-08-25 11:08:00 [INFO] Epoch 099 | Train Loss: 0.1447 | Train Acc: 0.9405 | Val Loss: 0.1268 | Val Acc: 0.9481
2026-08-25 11:08:02 [INFO] Epoch 100 | Train Loss: 0.1423 | Train Acc: 0.9516 | Val Loss: 0.1266 | Val Acc: 0.9519
2026-08-25 11:08:04 [INFO] Epoch 101 | Train Loss: 0.1740 | Train Acc: 0.9365 | Val Loss: 0.1252 | Val Acc: 0.9519
2026-08-25 11:08:06 [INFO] Epoch 102 | Train Loss: 0.1584 | Train Acc: 0.9452 | Val Loss: 0.1381 | Val Acc: 0.9481
2026-08-25 11:08:08 [INFO] Epoch 103 | Train Loss: 0.1781 | Train Acc: 0.9381 | Val Loss: 0.1314 | Val Acc: 0.9519
2026-08-25 11:08:12 [INFO] Epoch 104 | Train Loss: 0.1430 | Train Acc: 0.9476 | Val Loss: 0.1245 | Val Acc: 0.9556
2026-08-25 11:08:12 [INFO] ⏹ Early stopping tại epoch 104 (không cải thiện sau 25 epoch, best=0.9593)
2026-08-25 11:08:12 [INFO] Evaluating Best Model on TEST Set...
2026-08-25 11:08:12 [INFO] 
[RESUME] Đang nạp checkpoint từ: /home/biu-linux/DeepLearning_Projects/DoAnNganh/HybricMamba/Ressult/TFJ/SUPER_MAMBA_DEPT_4/NEU-DET_surface-dec/SUPER_MAMBA_DEPT_4_best.pth
2026-08-25 11:08:12 [INFO] 🎯 [TEST RESULT] Test Acc: 0.9481 | F1-Macro: 0.9478 | F1-Weighted: 0.9478
2026-08-25 11:46:19 [INFO] Dataset: NEU-DET_surface-dec | Số nhãn (classes): 6 | Tổng số ảnh: 1800
2026-08-25 11:46:19 [INFO] Dữ liệu đã chia -> Train (70%): 1260 | Val (15%): 270 | Test (15%): 270
2026-08-25 11:46:19 [INFO] 
🔍 Kiểm tra phân bố class trong batch:
2026-08-25 11:46:19 [INFO]   Batch 0: 6 classes (first 5: [0, 1, 2, 3, 4])
2026-08-25 11:46:19 [INFO]   Batch 1: 6 classes (first 5: [0, 1, 2, 3, 4])
2026-08-25 11:46:19 [INFO]   Batch 2: 6 classes (first 5: [0, 1, 2, 3, 4])
2026-08-25 11:46:19 [INFO]   Batch 3: 5 classes (first 5: [0, 1, 2, 3, 4])
2026-08-25 11:46:19 [INFO]   Batch 4: 5 classes (first 5: [1, 2, 3, 4, 5])
2026-08-25 11:46:19 [WARNING] ⚠️ WARNING: Trung bình 5.6 classes/batch - Dữ liệu chưa được trộn đều!
2026-08-25 11:46:19 [INFO] ============================================================
2026-08-25 11:46:19 [INFO] Starting training: SUPER_MAMBA_DEPT_4
2026-08-25 11:46:19 [INFO] Dataset: NEU-DET_surface-dec | Path: /home/biu-linux/DeepLearning_Projects/DoAnNganh/data/NEU-DET
2026-08-25 11:46:19 [INFO] Device: cuda
2026-08-25 11:46:19 [INFO] GPU: NVIDIA GeForce RTX 3050 Laptop GPU
2026-08-25 11:46:19 [INFO] ============================================================
2026-08-25 11:46:25 [INFO] Epoch 000 | Train Loss: 1.7131 | Train Acc: 0.2913 | Val Loss: 1.6057 | Val Acc: 0.3704
2026-08-25 11:46:25 [INFO] ✓ Saved best model: Val Acc=0.3704 at epoch 0
2026-08-25 11:46:27 [INFO] Epoch 001 | Train Loss: 1.4567 | Train Acc: 0.4730 | Val Loss: 1.2990 | Val Acc: 0.4852
2026-08-25 11:46:27 [INFO] ✓ Saved best model: Val Acc=0.4852 at epoch 1
2026-08-25 11:46:29 [INFO] Epoch 002 | Train Loss: 1.2978 | Train Acc: 0.5278 | Val Loss: 1.0465 | Val Acc: 0.6667
2026-08-25 11:46:29 [INFO] ✓ Saved best model: Val Acc=0.6667 at epoch 2
2026-08-25 11:46:31 [INFO] Epoch 003 | Train Loss: 1.1881 | Train Acc: 0.5611 | Val Loss: 0.9050 | Val Acc: 0.7519
2026-08-25 11:46:31 [INFO] ✓ Saved best model: Val Acc=0.7519 at epoch 3
2026-08-25 11:46:33 [INFO] Epoch 004 | Train Loss: 1.1190 | Train Acc: 0.5802 | Val Loss: 0.8330 | Val Acc: 0.7000
2026-08-25 11:46:35 [INFO] Epoch 005 | Train Loss: 1.1840 | Train Acc: 0.5643 | Val Loss: 1.0632 | Val Acc: 0.5444
2026-08-25 11:46:39 [INFO] Epoch 006 | Train Loss: 0.9933 | Train Acc: 0.6103 | Val Loss: 1.0131 | Val Acc: 0.5444
2026-08-25 11:46:41 [INFO] Epoch 007 | Train Loss: 0.8776 | Train Acc: 0.6770 | Val Loss: 0.9454 | Val Acc: 0.6148
2026-08-25 11:46:43 [INFO] Epoch 008 | Train Loss: 0.9077 | Train Acc: 0.6389 | Val Loss: 0.9232 | Val Acc: 0.6704
2026-08-25 11:46:45 [INFO] Epoch 009 | Train Loss: 0.8665 | Train Acc: 0.6611 | Val Loss: 0.6471 | Val Acc: 0.8148
2026-08-25 11:46:45 [INFO] ✓ Saved best model: Val Acc=0.8148 at epoch 9
2026-08-25 11:46:47 [INFO] Epoch 010 | Train Loss: 0.8251 | Train Acc: 0.6976 | Val Loss: 0.5124 | Val Acc: 0.8444
2026-08-25 11:46:47 [INFO] ✓ Saved best model: Val Acc=0.8444 at epoch 10
2026-08-25 11:46:49 [INFO] Epoch 011 | Train Loss: 0.7748 | Train Acc: 0.7063 | Val Loss: 0.7973 | Val Acc: 0.6889
2026-08-25 11:46:52 [INFO] Epoch 012 | Train Loss: 0.7280 | Train Acc: 0.7238 | Val Loss: 0.7115 | Val Acc: 0.6963
2026-08-25 11:46:55 [INFO] Epoch 013 | Train Loss: 0.7211 | Train Acc: 0.7246 | Val Loss: 0.9328 | Val Acc: 0.6630
2026-08-25 11:46:57 [INFO] Epoch 014 | Train Loss: 0.6643 | Train Acc: 0.7405 | Val Loss: 0.7240 | Val Acc: 0.7556
2026-08-25 11:46:58 [INFO] Epoch 015 | Train Loss: 0.6656 | Train Acc: 0.7357 | Val Loss: 0.4859 | Val Acc: 0.8519
2026-08-25 11:46:58 [INFO] ✓ Saved best model: Val Acc=0.8519 at epoch 15
2026-08-25 11:47:00 [INFO] Epoch 016 | Train Loss: 0.6026 | Train Acc: 0.7690 | Val Loss: 0.3734 | Val Acc: 0.8741
2026-08-25 11:47:00 [INFO] ✓ Saved best model: Val Acc=0.8741 at epoch 16
2026-08-25 11:47:02 [INFO] Epoch 017 | Train Loss: 0.6460 | Train Acc: 0.7698 | Val Loss: 0.3564 | Val Acc: 0.8926
2026-08-25 11:47:02 [INFO] ✓ Saved best model: Val Acc=0.8926 at epoch 17
2026-08-25 11:47:04 [INFO] Epoch 018 | Train Loss: 0.5394 | Train Acc: 0.7937 | Val Loss: 0.4531 | Val Acc: 0.8259
2026-08-25 11:47:09 [INFO] Epoch 019 | Train Loss: 0.5127 | Train Acc: 0.8190 | Val Loss: 0.5451 | Val Acc: 0.8000
2026-08-25 11:47:11 [INFO] Epoch 020 | Train Loss: 0.5233 | Train Acc: 0.8151 | Val Loss: 0.5866 | Val Acc: 0.7778
2026-08-25 11:47:12 [INFO] Epoch 021 | Train Loss: 0.5002 | Train Acc: 0.8278 | Val Loss: 0.4866 | Val Acc: 0.8370
2026-08-25 11:47:14 [INFO] Epoch 022 | Train Loss: 0.4551 | Train Acc: 0.8397 | Val Loss: 0.2746 | Val Acc: 0.9111
2026-08-25 11:47:14 [INFO] ✓ Saved best model: Val Acc=0.9111 at epoch 22
2026-08-25 11:47:16 [INFO] Epoch 023 | Train Loss: 0.4472 | Train Acc: 0.8357 | Val Loss: 0.3067 | Val Acc: 0.9148
2026-08-25 11:47:16 [INFO] ✓ Saved best model: Val Acc=0.9148 at epoch 23
2026-08-25 11:47:18 [INFO] Epoch 024 | Train Loss: 0.4907 | Train Acc: 0.8254 | Val Loss: 0.3436 | Val Acc: 0.8815
2026-08-25 11:47:21 [INFO] Epoch 025 | Train Loss: 0.4067 | Train Acc: 0.8476 | Val Loss: 0.3075 | Val Acc: 0.8926
2026-08-25 11:47:25 [INFO] Epoch 026 | Train Loss: 0.4385 | Train Acc: 0.8492 | Val Loss: 0.3201 | Val Acc: 0.9037
2026-08-25 11:47:27 [INFO] Epoch 027 | Train Loss: 0.4582 | Train Acc: 0.8333 | Val Loss: 0.4247 | Val Acc: 0.8889
2026-08-25 11:47:28 [INFO] Epoch 028 | Train Loss: 0.3661 | Train Acc: 0.8675 | Val Loss: 0.2858 | Val Acc: 0.9037
2026-08-25 11:47:30 [INFO] Epoch 029 | Train Loss: 0.3937 | Train Acc: 0.8516 | Val Loss: 0.2561 | Val Acc: 0.9037
2026-08-25 11:47:32 [INFO] Epoch 030 | Train Loss: 0.3917 | Train Acc: 0.8595 | Val Loss: 0.3590 | Val Acc: 0.8704
2026-08-25 11:47:34 [INFO] Epoch 031 | Train Loss: 0.3852 | Train Acc: 0.8627 | Val Loss: 0.2931 | Val Acc: 0.9185
2026-08-25 11:47:34 [INFO] ✓ Saved best model: Val Acc=0.9185 at epoch 31
2026-08-25 11:47:39 [INFO] Epoch 032 | Train Loss: 0.3331 | Train Acc: 0.8794 | Val Loss: 0.3582 | Val Acc: 0.8778
2026-08-25 11:47:41 [INFO] Epoch 033 | Train Loss: 0.3213 | Train Acc: 0.8905 | Val Loss: 0.2824 | Val Acc: 0.9000
2026-08-25 11:47:43 [INFO] Epoch 034 | Train Loss: 0.3028 | Train Acc: 0.8960 | Val Loss: 0.1777 | Val Acc: 0.9519
2026-08-25 11:47:43 [INFO] ✓ Saved best model: Val Acc=0.9519 at epoch 34
2026-08-25 11:47:45 [INFO] Epoch 035 | Train Loss: 0.2760 | Train Acc: 0.9000 | Val Loss: 0.1838 | Val Acc: 0.9407
2026-08-25 11:47:46 [INFO] Epoch 036 | Train Loss: 0.3133 | Train Acc: 0.8881 | Val Loss: 0.2349 | Val Acc: 0.9037
2026-08-25 11:47:48 [INFO] Epoch 037 | Train Loss: 0.3141 | Train Acc: 0.8825 | Val Loss: 0.2553 | Val Acc: 0.8926
2026-08-25 11:47:51 [INFO] Epoch 038 | Train Loss: 0.2960 | Train Acc: 0.8857 | Val Loss: 0.1392 | Val Acc: 0.9519
2026-08-25 11:47:54 [INFO] Epoch 039 | Train Loss: 0.2486 | Train Acc: 0.9056 | Val Loss: 0.1654 | Val Acc: 0.9444
2026-08-25 11:47:56 [INFO] Epoch 040 | Train Loss: 0.2500 | Train Acc: 0.9024 | Val Loss: 0.1369 | Val Acc: 0.9630
2026-08-25 11:47:56 [INFO] ✓ Saved best model: Val Acc=0.9630 at epoch 40
2026-08-25 11:47:58 [INFO] Epoch 041 | Train Loss: 0.1854 | Train Acc: 0.9349 | Val Loss: 0.1205 | Val Acc: 0.9630
2026-08-25 11:48:00 [INFO] Epoch 042 | Train Loss: 0.1855 | Train Acc: 0.9294 | Val Loss: 0.1121 | Val Acc: 0.9667
2026-08-25 11:48:00 [INFO] ✓ Saved best model: Val Acc=0.9667 at epoch 42
2026-08-25 11:48:02 [INFO] Epoch 043 | Train Loss: 0.1667 | Train Acc: 0.9357 | Val Loss: 0.1172 | Val Acc: 0.9667
2026-08-25 11:48:04 [INFO] Epoch 044 | Train Loss: 0.1760 | Train Acc: 0.9397 | Val Loss: 0.1168 | Val Acc: 0.9704
2026-08-25 11:48:04 [INFO] ✓ Saved best model: Val Acc=0.9704 at epoch 44
2026-08-25 11:48:08 [INFO] Epoch 045 | Train Loss: 0.1702 | Train Acc: 0.9381 | Val Loss: 0.1099 | Val Acc: 0.9704
2026-08-25 11:48:10 [INFO] Epoch 046 | Train Loss: 0.1542 | Train Acc: 0.9452 | Val Loss: 0.1094 | Val Acc: 0.9704
2026-08-25 11:48:12 [INFO] Epoch 047 | Train Loss: 0.1688 | Train Acc: 0.9421 | Val Loss: 0.1089 | Val Acc: 0.9667
2026-08-25 11:48:14 [INFO] Epoch 048 | Train Loss: 0.1502 | Train Acc: 0.9492 | Val Loss: 0.1110 | Val Acc: 0.9630
2026-08-25 11:48:16 [INFO] Epoch 049 | Train Loss: 0.1549 | Train Acc: 0.9341 | Val Loss: 0.1162 | Val Acc: 0.9630
2026-08-25 11:48:18 [INFO] Epoch 050 | Train Loss: 0.1414 | Train Acc: 0.9389 | Val Loss: 0.1073 | Val Acc: 0.9741
2026-08-25 11:48:18 [INFO] ✓ Saved best model: Val Acc=0.9741 at epoch 50
2026-08-25 11:48:19 [INFO] Epoch 051 | Train Loss: 0.1748 | Train Acc: 0.9365 | Val Loss: 0.1139 | Val Acc: 0.9667
2026-08-25 11:48:24 [INFO] Epoch 052 | Train Loss: 0.1733 | Train Acc: 0.9341 | Val Loss: 0.1036 | Val Acc: 0.9630
2026-08-25 11:48:26 [INFO] Epoch 053 | Train Loss: 0.1513 | Train Acc: 0.9468 | Val Loss: 0.0990 | Val Acc: 0.9741
2026-08-25 11:48:28 [INFO] Epoch 054 | Train Loss: 0.1673 | Train Acc: 0.9413 | Val Loss: 0.0848 | Val Acc: 0.9741
2026-08-25 11:48:30 [INFO] Epoch 055 | Train Loss: 0.1338 | Train Acc: 0.9516 | Val Loss: 0.0868 | Val Acc: 0.9741
2026-08-25 11:48:32 [INFO] Epoch 056 | Train Loss: 0.1393 | Train Acc: 0.9484 | Val Loss: 0.0847 | Val Acc: 0.9815
2026-08-25 11:48:32 [INFO] ✓ Saved best model: Val Acc=0.9815 at epoch 56
2026-08-25 11:48:34 [INFO] Epoch 057 | Train Loss: 0.1498 | Train Acc: 0.9508 | Val Loss: 0.0925 | Val Acc: 0.9815
2026-08-25 11:48:37 [INFO] Epoch 058 | Train Loss: 0.1448 | Train Acc: 0.9516 | Val Loss: 0.0958 | Val Acc: 0.9815
2026-08-25 11:48:40 [INFO] Epoch 059 | Train Loss: 0.1541 | Train Acc: 0.9437 | Val Loss: 0.0869 | Val Acc: 0.9778
2026-08-25 11:48:42 [INFO] Epoch 060 | Train Loss: 0.1385 | Train Acc: 0.9452 | Val Loss: 0.0897 | Val Acc: 0.9704
2026-08-25 11:48:44 [INFO] Epoch 061 | Train Loss: 0.1419 | Train Acc: 0.9500 | Val Loss: 0.0833 | Val Acc: 0.9704
2026-08-25 11:48:46 [INFO] Epoch 062 | Train Loss: 0.1302 | Train Acc: 0.9532 | Val Loss: 0.0880 | Val Acc: 0.9815
2026-08-25 11:48:48 [INFO] Epoch 063 | Train Loss: 0.1465 | Train Acc: 0.9508 | Val Loss: 0.0810 | Val Acc: 0.9815
2026-08-25 11:48:50 [INFO] Epoch 064 | Train Loss: 0.1571 | Train Acc: 0.9444 | Val Loss: 0.0880 | Val Acc: 0.9741
2026-08-25 11:48:54 [INFO] Epoch 065 | Train Loss: 0.1294 | Train Acc: 0.9556 | Val Loss: 0.0731 | Val Acc: 0.9815
2026-08-25 11:48:56 [INFO] Epoch 066 | Train Loss: 0.1343 | Train Acc: 0.9603 | Val Loss: 0.0767 | Val Acc: 0.9778
2026-08-25 11:48:58 [INFO] Epoch 067 | Train Loss: 0.1278 | Train Acc: 0.9579 | Val Loss: 0.0993 | Val Acc: 0.9704
2026-08-25 11:49:00 [INFO] Epoch 068 | Train Loss: 0.1635 | Train Acc: 0.9413 | Val Loss: 0.0852 | Val Acc: 0.9815
2026-08-25 11:49:02 [INFO] Epoch 069 | Train Loss: 0.1374 | Train Acc: 0.9500 | Val Loss: 0.0982 | Val Acc: 0.9667
2026-08-25 11:49:04 [INFO] Epoch 070 | Train Loss: 0.1455 | Train Acc: 0.9516 | Val Loss: 0.0734 | Val Acc: 0.9815
2026-08-25 11:49:08 [INFO] Epoch 071 | Train Loss: 0.1065 | Train Acc: 0.9659 | Val Loss: 0.0812 | Val Acc: 0.9815
2026-08-25 11:49:10 [INFO] Epoch 072 | Train Loss: 0.1407 | Train Acc: 0.9429 | Val Loss: 0.0770 | Val Acc: 0.9815
2026-08-25 11:49:12 [INFO] Epoch 073 | Train Loss: 0.1209 | Train Acc: 0.9508 | Val Loss: 0.0690 | Val Acc: 0.9815
2026-08-25 11:49:14 [INFO] Epoch 074 | Train Loss: 0.1209 | Train Acc: 0.9508 | Val Loss: 0.0790 | Val Acc: 0.9778
2026-08-25 11:49:16 [INFO] Epoch 075 | Train Loss: 0.1236 | Train Acc: 0.9508 | Val Loss: 0.0753 | Val Acc: 0.9778
2026-08-25 11:49:18 [INFO] Epoch 076 | Train Loss: 0.1399 | Train Acc: 0.9484 | Val Loss: 0.0756 | Val Acc: 0.9778
2026-08-25 11:49:20 [INFO] Epoch 077 | Train Loss: 0.1083 | Train Acc: 0.9611 | Val Loss: 0.0798 | Val Acc: 0.9778
2026-08-25 11:49:24 [INFO] Epoch 078 | Train Loss: 0.1185 | Train Acc: 0.9548 | Val Loss: 0.0748 | Val Acc: 0.9778
2026-08-25 11:49:26 [INFO] Epoch 079 | Train Loss: 0.1074 | Train Acc: 0.9603 | Val Loss: 0.0720 | Val Acc: 0.9778
2026-08-25 11:49:28 [INFO] Epoch 080 | Train Loss: 0.1105 | Train Acc: 0.9611 | Val Loss: 0.0785 | Val Acc: 0.9815
2026-08-25 11:49:30 [INFO] Epoch 081 | Train Loss: 0.1334 | Train Acc: 0.9540 | Val Loss: 0.0753 | Val Acc: 0.9778
2026-08-25 11:49:32 [INFO] Epoch 082 | Train Loss: 0.1139 | Train Acc: 0.9563 | Val Loss: 0.0789 | Val Acc: 0.9778
2026-08-25 11:49:34 [INFO] Epoch 083 | Train Loss: 0.1089 | Train Acc: 0.9563 | Val Loss: 0.0720 | Val Acc: 0.9815
2026-08-25 11:49:38 [INFO] Epoch 084 | Train Loss: 0.1141 | Train Acc: 0.9635 | Val Loss: 0.0781 | Val Acc: 0.9778
2026-08-25 11:49:40 [INFO] Epoch 085 | Train Loss: 0.1329 | Train Acc: 0.9603 | Val Loss: 0.0718 | Val Acc: 0.9815
2026-08-25 11:49:42 [INFO] Epoch 086 | Train Loss: 0.1134 | Train Acc: 0.9595 | Val Loss: 0.0727 | Val Acc: 0.9815
2026-08-25 11:49:42 [INFO] ⏹ Early stopping tại epoch 86 (không cải thiện sau 30 epoch, best=0.9815)
2026-08-25 11:49:42 [INFO] Evaluating Best Model on TEST Set...
2026-08-25 11:49:42 [INFO] 
[RESUME] Đang nạp checkpoint từ: /home/biu-linux/DeepLearning_Projects/DoAnNganh/HybricMamba/Ressult/TFJ/SUPER_MAMBA_DEPT_4/NEU-DET_surface-dec/SUPER_MAMBA_DEPT_4_best.pth
2026-08-25 11:49:42 [INFO] 🎯 [TEST RESULT] Test Acc: 0.9889 | F1-Macro: 0.9889 | F1-Weighted: 0.9889
