
2026-08-24 22:09:50 [INFO] Dataset: Belgium | Số nhãn (classes): 62 | Tổng số ảnh: 7095
2026-08-24 22:09:50 [INFO] Dữ liệu đã chia -> Train (70%): 4966 | Val (15%): 1064 | Test (15%): 1065
2026-08-24 22:09:50 [INFO] 
🔍 Kiểm tra phân bố class trong batch:
2026-08-24 22:09:50 [INFO]   Batch 0: 32 classes (first 5: [4, 6, 7, 13, 14])
2026-08-24 22:09:50 [INFO]   Batch 1: 27 classes (first 5: [0, 1, 5, 7, 13])
2026-08-24 22:09:50 [INFO]   Batch 2: 29 classes (first 5: [7, 8, 9, 11, 14])
2026-08-24 22:09:50 [INFO]   Batch 3: 26 classes (first 5: [0, 7, 12, 14, 17])
2026-08-24 22:09:50 [INFO]   Batch 4: 29 classes (first 5: [1, 4, 7, 8, 13])
2026-08-24 22:09:50 [INFO] ✅ Shuffle tốt! Trung bình 28.6 classes/batch
2026-08-24 22:09:50 [INFO] ============================================================
2026-08-24 22:09:50 [INFO] Starting training: SUPER_MAMBA_DEPT_4
2026-08-24 22:09:50 [INFO] Dataset: Belgium | Path: /home/biu-linux/DeepLearning_Projects/DoAnNganh/data/Belgium_TFS
2026-08-24 22:09:50 [INFO] Device: cuda
2026-08-24 22:09:50 [INFO] GPU: NVIDIA GeForce RTX 3050 Laptop GPU
2026-08-24 22:09:50 [INFO] ============================================================
2026-08-24 22:09:56 [INFO] Epoch 000 | Train Loss: 3.2789 | Train Acc: 0.2177 | Val Loss: 2.6613 | Val Acc: 0.3553
2026-08-24 22:09:56 [INFO] ✓ Saved best model: Val Acc=0.3553 at epoch 0
2026-08-24 22:09:59 [INFO] Epoch 001 | Train Loss: 2.2543 | Train Acc: 0.4035 | Val Loss: 1.7793 | Val Acc: 0.4953
2026-08-24 22:09:59 [INFO] ✓ Saved best model: Val Acc=0.4953 at epoch 1
2026-08-24 22:10:02 [INFO] Epoch 002 | Train Loss: 1.6416 | Train Acc: 0.5199 | Val Loss: 1.4659 | Val Acc: 0.5705
2026-08-24 22:10:02 [INFO] ✓ Saved best model: Val Acc=0.5705 at epoch 2
2026-08-24 22:10:07 [INFO] Epoch 003 | Train Loss: 1.3485 | Train Acc: 0.6045 | Val Loss: 1.1567 | Val Acc: 0.6466
2026-08-24 22:10:07 [INFO] ✓ Saved best model: Val Acc=0.6466 at epoch 3
2026-08-24 22:10:10 [INFO] Epoch 004 | Train Loss: 1.0962 | Train Acc: 0.6927 | Val Loss: 0.8786 | Val Acc: 0.7491
2026-08-24 22:10:10 [INFO] ✓ Saved best model: Val Acc=0.7491 at epoch 4
2026-08-24 22:10:13 [INFO] Epoch 005 | Train Loss: 0.8973 | Train Acc: 0.7459 | Val Loss: 0.7502 | Val Acc: 0.8083
2026-08-24 22:10:13 [INFO] ✓ Saved best model: Val Acc=0.8083 at epoch 5
2026-08-24 22:10:16 [INFO] Epoch 006 | Train Loss: 0.7757 | Train Acc: 0.7745 | Val Loss: 0.6639 | Val Acc: 0.8092
2026-08-24 22:10:16 [INFO] ✓ Saved best model: Val Acc=0.8092 at epoch 6
2026-08-24 22:10:21 [INFO] Epoch 007 | Train Loss: 0.6697 | Train Acc: 0.8051 | Val Loss: 0.5593 | Val Acc: 0.8515
2026-08-24 22:10:21 [INFO] ✓ Saved best model: Val Acc=0.8515 at epoch 7
2026-08-24 22:10:24 [INFO] Epoch 008 | Train Loss: 0.5760 | Train Acc: 0.8337 | Val Loss: 0.4573 | Val Acc: 0.8703
2026-08-24 22:10:24 [INFO] ✓ Saved best model: Val Acc=0.8703 at epoch 8
2026-08-24 22:10:27 [INFO] Epoch 009 | Train Loss: 0.5153 | Train Acc: 0.8548 | Val Loss: 0.3972 | Val Acc: 0.8835
2026-08-24 22:10:27 [INFO] ✓ Saved best model: Val Acc=0.8835 at epoch 9
2026-08-24 22:10:30 [INFO] Epoch 010 | Train Loss: 0.4573 | Train Acc: 0.8617 | Val Loss: 0.3904 | Val Acc: 0.8929
2026-08-24 22:10:30 [INFO] ✓ Saved best model: Val Acc=0.8929 at epoch 10
2026-08-24 22:10:33 [INFO] Epoch 011 | Train Loss: 0.4192 | Train Acc: 0.8764 | Val Loss: 0.3520 | Val Acc: 0.9041
2026-08-24 22:10:33 [INFO] ✓ Saved best model: Val Acc=0.9041 at epoch 11
2026-08-24 22:10:37 [INFO] Epoch 012 | Train Loss: 0.4036 | Train Acc: 0.8721 | Val Loss: 0.2985 | Val Acc: 0.9201
2026-08-24 22:10:37 [INFO] ✓ Saved best model: Val Acc=0.9201 at epoch 12
2026-08-24 22:10:40 [INFO] Epoch 013 | Train Loss: 0.3487 | Train Acc: 0.8981 | Val Loss: 0.3354 | Val Acc: 0.9079
2026-08-24 22:10:43 [INFO] Epoch 014 | Train Loss: 0.3472 | Train Acc: 0.8933 | Val Loss: 0.3148 | Val Acc: 0.9004
2026-08-24 22:10:46 [INFO] Epoch 015 | Train Loss: 0.3236 | Train Acc: 0.9007 | Val Loss: 0.2231 | Val Acc: 0.9333
2026-08-24 22:10:46 [INFO] ✓ Saved best model: Val Acc=0.9333 at epoch 15
2026-08-24 22:10:51 [INFO] Epoch 016 | Train Loss: 0.3020 | Train Acc: 0.9110 | Val Loss: 0.2574 | Val Acc: 0.9154
2026-08-24 22:10:54 [INFO] Epoch 017 | Train Loss: 0.2602 | Train Acc: 0.9195 | Val Loss: 0.2133 | Val Acc: 0.9427
2026-08-24 22:10:54 [INFO] ✓ Saved best model: Val Acc=0.9427 at epoch 17
2026-08-24 22:10:57 [INFO] Epoch 018 | Train Loss: 0.2919 | Train Acc: 0.9058 | Val Loss: 0.2568 | Val Acc: 0.9173
2026-08-24 22:11:00 [INFO] Epoch 019 | Train Loss: 0.2534 | Train Acc: 0.9199 | Val Loss: 0.2306 | Val Acc: 0.9361
2026-08-24 22:11:03 [INFO] Epoch 020 | Train Loss: 0.2539 | Train Acc: 0.9209 | Val Loss: 0.1948 | Val Acc: 0.9445
2026-08-24 22:11:03 [INFO] ✓ Saved best model: Val Acc=0.9445 at epoch 20
2026-08-24 22:11:08 [INFO] Epoch 021 | Train Loss: 0.2231 | Train Acc: 0.9305 | Val Loss: 0.2086 | Val Acc: 0.9408
2026-08-24 22:11:11 [INFO] Epoch 022 | Train Loss: 0.2173 | Train Acc: 0.9346 | Val Loss: 0.2005 | Val Acc: 0.9436
2026-08-24 22:11:14 [INFO] Epoch 023 | Train Loss: 0.2087 | Train Acc: 0.9350 | Val Loss: 0.1420 | Val Acc: 0.9483
2026-08-24 22:11:14 [INFO] ✓ Saved best model: Val Acc=0.9483 at epoch 23
2026-08-24 22:11:17 [INFO] Epoch 024 | Train Loss: 0.1856 | Train Acc: 0.9438 | Val Loss: 0.1429 | Val Acc: 0.9530
2026-08-24 22:11:17 [INFO] ✓ Saved best model: Val Acc=0.9530 at epoch 24
2026-08-24 22:11:22 [INFO] Epoch 025 | Train Loss: 0.2074 | Train Acc: 0.9400 | Val Loss: 0.1602 | Val Acc: 0.9549
2026-08-24 22:11:22 [INFO] ✓ Saved best model: Val Acc=0.9549 at epoch 25
2026-08-24 22:11:24 [INFO] Epoch 026 | Train Loss: 0.1910 | Train Acc: 0.9454 | Val Loss: 0.1351 | Val Acc: 0.9671
2026-08-24 22:11:25 [INFO] ✓ Saved best model: Val Acc=0.9671 at epoch 26
2026-08-24 22:11:27 [INFO] Epoch 027 | Train Loss: 0.1885 | Train Acc: 0.9426 | Val Loss: 0.1927 | Val Acc: 0.9427
2026-08-24 22:11:30 [INFO] Epoch 028 | Train Loss: 0.1729 | Train Acc: 0.9499 | Val Loss: 0.1363 | Val Acc: 0.9605
2026-08-24 22:11:34 [INFO] Epoch 029 | Train Loss: 0.1646 | Train Acc: 0.9535 | Val Loss: 0.1479 | Val Acc: 0.9643
2026-08-24 22:11:38 [INFO] Epoch 030 | Train Loss: 0.1704 | Train Acc: 0.9466 | Val Loss: 0.1194 | Val Acc: 0.9652
2026-08-24 22:11:41 [INFO] Epoch 031 | Train Loss: 0.1609 | Train Acc: 0.9545 | Val Loss: 0.1384 | Val Acc: 0.9624
2026-08-24 22:11:44 [INFO] Epoch 032 | Train Loss: 0.1515 | Train Acc: 0.9531 | Val Loss: 0.1416 | Val Acc: 0.9624
2026-08-24 22:11:47 [INFO] Epoch 033 | Train Loss: 0.1435 | Train Acc: 0.9597 | Val Loss: 0.0810 | Val Acc: 0.9793
2026-08-24 22:11:47 [INFO] ✓ Saved best model: Val Acc=0.9793 at epoch 33
2026-08-24 22:11:52 [INFO] Epoch 034 | Train Loss: 0.1127 | Train Acc: 0.9700 | Val Loss: 0.1051 | Val Acc: 0.9727
2026-08-24 22:11:55 [INFO] Epoch 035 | Train Loss: 0.1310 | Train Acc: 0.9640 | Val Loss: 0.0831 | Val Acc: 0.9784
2026-08-24 22:11:58 [INFO] Epoch 036 | Train Loss: 0.1222 | Train Acc: 0.9656 | Val Loss: 0.0985 | Val Acc: 0.9793
2026-08-24 22:12:01 [INFO] Epoch 037 | Train Loss: 0.1238 | Train Acc: 0.9631 | Val Loss: 0.1287 | Val Acc: 0.9633
2026-08-24 22:12:06 [INFO] Epoch 038 | Train Loss: 0.1287 | Train Acc: 0.9615 | Val Loss: 0.1132 | Val Acc: 0.9765
2026-08-24 22:12:09 [INFO] Epoch 039 | Train Loss: 0.1203 | Train Acc: 0.9652 | Val Loss: 0.1171 | Val Acc: 0.9746
2026-08-24 22:12:12 [INFO] Epoch 040 | Train Loss: 0.0970 | Train Acc: 0.9730 | Val Loss: 0.0582 | Val Acc: 0.9868
2026-08-24 22:12:12 [INFO] ✓ Saved best model: Val Acc=0.9868 at epoch 40
2026-08-24 22:12:15 [INFO] Epoch 041 | Train Loss: 0.0729 | Train Acc: 0.9803 | Val Loss: 0.0552 | Val Acc: 0.9906
2026-08-24 22:12:15 [INFO] ✓ Saved best model: Val Acc=0.9906 at epoch 41
2026-08-24 22:12:19 [INFO] Epoch 042 | Train Loss: 0.0644 | Train Acc: 0.9833 | Val Loss: 0.0558 | Val Acc: 0.9897
2026-08-24 22:12:23 [INFO] Epoch 043 | Train Loss: 0.0628 | Train Acc: 0.9849 | Val Loss: 0.0513 | Val Acc: 0.9906
2026-08-24 22:12:26 [INFO] Epoch 044 | Train Loss: 0.0564 | Train Acc: 0.9865 | Val Loss: 0.0475 | Val Acc: 0.9925
2026-08-24 22:12:26 [INFO] ✓ Saved best model: Val Acc=0.9925 at epoch 44
2026-08-24 22:12:29 [INFO] Epoch 045 | Train Loss: 0.0650 | Train Acc: 0.9835 | Val Loss: 0.0508 | Val Acc: 0.9915
2026-08-24 22:12:32 [INFO] Epoch 046 | Train Loss: 0.0591 | Train Acc: 0.9845 | Val Loss: 0.0516 | Val Acc: 0.9915
2026-08-24 22:12:37 [INFO] Epoch 047 | Train Loss: 0.0482 | Train Acc: 0.9897 | Val Loss: 0.0489 | Val Acc: 0.9925
2026-08-24 22:12:40 [INFO] Epoch 048 | Train Loss: 0.0567 | Train Acc: 0.9849 | Val Loss: 0.0459 | Val Acc: 0.9906
2026-08-24 22:12:43 [INFO] Epoch 049 | Train Loss: 0.0480 | Train Acc: 0.9871 | Val Loss: 0.0469 | Val Acc: 0.9906
2026-08-24 22:12:46 [INFO] Epoch 050 | Train Loss: 0.0492 | Train Acc: 0.9871 | Val Loss: 0.0451 | Val Acc: 0.9925
2026-08-24 22:12:50 [INFO] Epoch 051 | Train Loss: 0.0478 | Train Acc: 0.9887 | Val Loss: 0.0451 | Val Acc: 0.9925
2026-08-24 22:12:54 [INFO] Epoch 052 | Train Loss: 0.0451 | Train Acc: 0.9881 | Val Loss: 0.0407 | Val Acc: 0.9925
2026-08-24 22:12:56 [INFO] Epoch 053 | Train Loss: 0.0426 | Train Acc: 0.9895 | Val Loss: 0.0481 | Val Acc: 0.9915
2026-08-24 22:12:59 [INFO] Epoch 054 | Train Loss: 0.0391 | Train Acc: 0.9889 | Val Loss: 0.0427 | Val Acc: 0.9915
2026-08-24 22:13:02 [INFO] Epoch 055 | Train Loss: 0.0431 | Train Acc: 0.9883 | Val Loss: 0.0457 | Val Acc: 0.9906
2026-08-24 22:13:07 [INFO] Epoch 056 | Train Loss: 0.0519 | Train Acc: 0.9857 | Val Loss: 0.0430 | Val Acc: 0.9915
2026-08-24 22:13:10 [INFO] Epoch 057 | Train Loss: 0.0438 | Train Acc: 0.9891 | Val Loss: 0.0441 | Val Acc: 0.9915
2026-08-24 22:13:13 [INFO] Epoch 058 | Train Loss: 0.0387 | Train Acc: 0.9913 | Val Loss: 0.0429 | Val Acc: 0.9906
2026-08-24 22:13:16 [INFO] Epoch 059 | Train Loss: 0.0397 | Train Acc: 0.9885 | Val Loss: 0.0433 | Val Acc: 0.9915
2026-08-24 22:13:21 [INFO] Epoch 060 | Train Loss: 0.0426 | Train Acc: 0.9905 | Val Loss: 0.0417 | Val Acc: 0.9906
2026-08-24 22:13:24 [INFO] Epoch 061 | Train Loss: 0.0413 | Train Acc: 0.9889 | Val Loss: 0.0493 | Val Acc: 0.9887
2026-08-24 22:13:27 [INFO] Epoch 062 | Train Loss: 0.0375 | Train Acc: 0.9911 | Val Loss: 0.0445 | Val Acc: 0.9915
2026-08-24 22:13:30 [INFO] Epoch 063 | Train Loss: 0.0443 | Train Acc: 0.9877 | Val Loss: 0.0453 | Val Acc: 0.9897
2026-08-24 22:13:33 [INFO] Epoch 064 | Train Loss: 0.0379 | Train Acc: 0.9911 | Val Loss: 0.0414 | Val Acc: 0.9906
2026-08-24 22:13:38 [INFO] Epoch 065 | Train Loss: 0.0346 | Train Acc: 0.9913 | Val Loss: 0.0400 | Val Acc: 0.9925
2026-08-24 22:13:41 [INFO] Epoch 066 | Train Loss: 0.0474 | Train Acc: 0.9887 | Val Loss: 0.0406 | Val Acc: 0.9915
2026-08-24 22:13:44 [INFO] Epoch 067 | Train Loss: 0.0396 | Train Acc: 0.9903 | Val Loss: 0.0405 | Val Acc: 0.9906
2026-08-24 22:13:46 [INFO] Epoch 068 | Train Loss: 0.0487 | Train Acc: 0.9879 | Val Loss: 0.0398 | Val Acc: 0.9906
2026-08-24 22:13:52 [INFO] Epoch 069 | Train Loss: 0.0410 | Train Acc: 0.9891 | Val Loss: 0.0438 | Val Acc: 0.9925
2026-08-24 22:13:54 [INFO] Epoch 070 | Train Loss: 0.0371 | Train Acc: 0.9921 | Val Loss: 0.0419 | Val Acc: 0.9934
2026-08-24 22:13:54 [INFO] ✓ Saved best model: Val Acc=0.9934 at epoch 70
2026-08-24 22:13:57 [INFO] Epoch 071 | Train Loss: 0.0305 | Train Acc: 0.9913 | Val Loss: 0.0409 | Val Acc: 0.9934
2026-08-24 22:14:00 [INFO] Epoch 072 | Train Loss: 0.0341 | Train Acc: 0.9925 | Val Loss: 0.0421 | Val Acc: 0.9925
2026-08-24 22:14:04 [INFO] Epoch 073 | Train Loss: 0.0338 | Train Acc: 0.9921 | Val Loss: 0.0414 | Val Acc: 0.9925
2026-08-24 22:14:08 [INFO] Epoch 074 | Train Loss: 0.0373 | Train Acc: 0.9919 | Val Loss: 0.0406 | Val Acc: 0.9925
2026-08-24 22:14:11 [INFO] Epoch 075 | Train Loss: 0.0269 | Train Acc: 0.9942 | Val Loss: 0.0408 | Val Acc: 0.9925
2026-08-24 22:14:14 [INFO] Epoch 076 | Train Loss: 0.0333 | Train Acc: 0.9923 | Val Loss: 0.0396 | Val Acc: 0.9925
2026-08-24 22:14:17 [INFO] Epoch 077 | Train Loss: 0.0299 | Train Acc: 0.9932 | Val Loss: 0.0398 | Val Acc: 0.9925
2026-08-24 22:14:22 [INFO] Epoch 078 | Train Loss: 0.0373 | Train Acc: 0.9911 | Val Loss: 0.0391 | Val Acc: 0.9925
2026-08-24 22:14:25 [INFO] Epoch 079 | Train Loss: 0.0369 | Train Acc: 0.9928 | Val Loss: 0.0387 | Val Acc: 0.9925
2026-08-24 22:14:28 [INFO] Epoch 080 | Train Loss: 0.0343 | Train Acc: 0.9915 | Val Loss: 0.0395 | Val Acc: 0.9925
2026-08-24 22:14:31 [INFO] Epoch 081 | Train Loss: 0.0374 | Train Acc: 0.9909 | Val Loss: 0.0399 | Val Acc: 0.9925
2026-08-24 22:14:36 [INFO] Epoch 082 | Train Loss: 0.0309 | Train Acc: 0.9932 | Val Loss: 0.0403 | Val Acc: 0.9925
2026-08-24 22:14:39 [INFO] Epoch 083 | Train Loss: 0.0326 | Train Acc: 0.9938 | Val Loss: 0.0397 | Val Acc: 0.9925
2026-08-24 22:14:42 [INFO] Epoch 084 | Train Loss: 0.0370 | Train Acc: 0.9911 | Val Loss: 0.0387 | Val Acc: 0.9925
2026-08-24 22:14:45 [INFO] Epoch 085 | Train Loss: 0.0349 | Train Acc: 0.9925 | Val Loss: 0.0400 | Val Acc: 0.9925
2026-08-24 22:14:49 [INFO] Epoch 086 | Train Loss: 0.0362 | Train Acc: 0.9907 | Val Loss: 0.0382 | Val Acc: 0.9934
2026-08-24 22:14:53 [INFO] Epoch 087 | Train Loss: 0.0337 | Train Acc: 0.9919 | Val Loss: 0.0387 | Val Acc: 0.9934
2026-08-24 22:14:56 [INFO] Epoch 088 | Train Loss: 0.0386 | Train Acc: 0.9919 | Val Loss: 0.0384 | Val Acc: 0.9934
2026-08-24 22:14:59 [INFO] Epoch 089 | Train Loss: 0.0276 | Train Acc: 0.9942 | Val Loss: 0.0378 | Val Acc: 0.9925
2026-08-24 22:15:02 [INFO] Epoch 090 | Train Loss: 0.0307 | Train Acc: 0.9917 | Val Loss: 0.0375 | Val Acc: 0.9925
2026-08-24 22:15:07 [INFO] Epoch 091 | Train Loss: 0.0334 | Train Acc: 0.9903 | Val Loss: 0.0381 | Val Acc: 0.9934
2026-08-24 22:15:10 [INFO] Epoch 092 | Train Loss: 0.0290 | Train Acc: 0.9928 | Val Loss: 0.0379 | Val Acc: 0.9934
2026-08-24 22:15:12 [INFO] Epoch 093 | Train Loss: 0.0332 | Train Acc: 0.9917 | Val Loss: 0.0370 | Val Acc: 0.9934
2026-08-24 22:15:15 [INFO] Epoch 094 | Train Loss: 0.0310 | Train Acc: 0.9928 | Val Loss: 0.0389 | Val Acc: 0.9934
2026-08-24 22:15:19 [INFO] Epoch 095 | Train Loss: 0.0303 | Train Acc: 0.9934 | Val Loss: 0.0381 | Val Acc: 0.9934
2026-08-24 22:15:23 [INFO] Epoch 096 | Train Loss: 0.0360 | Train Acc: 0.9917 | Val Loss: 0.0384 | Val Acc: 0.9934
2026-08-24 22:15:26 [INFO] Epoch 097 | Train Loss: 0.0327 | Train Acc: 0.9921 | Val Loss: 0.0367 | Val Acc: 0.9934
2026-08-24 22:15:29 [INFO] Epoch 098 | Train Loss: 0.0290 | Train Acc: 0.9936 | Val Loss: 0.0378 | Val Acc: 0.9925
2026-08-24 22:15:32 [INFO] Epoch 099 | Train Loss: 0.0320 | Train Acc: 0.9930 | Val Loss: 0.0375 | Val Acc: 0.9925
2026-08-24 22:15:32 [INFO] Evaluating Best Model on TEST Set...
2026-08-24 22:15:32 [INFO] 
[RESUME] Đang nạp checkpoint từ: /home/biu-linux/DeepLearning_Projects/DoAnNganh/HybricMamba/Ressult/TFJ/SUPER_MAMBA_DEPT_4/Belgium/SUPER_MAMBA_DEPT_4_best.pth
2026-08-24 22:15:33 [INFO] 🎯 [TEST RESULT] Test Acc: 0.9915 | F1-Macro: 0.9913 | F1-Weighted: 0.9914
