2026-08-24 21:50:35 [INFO] Dataset: Belgium | Số nhãn (classes): 62 | Tổng số ảnh: 7095
2026-08-24 21:50:35 [INFO] Dữ liệu đã chia -> Train (70%): 4966 | Val (15%): 1064 | Test (15%): 1065
2026-08-24 21:50:35 [INFO] 
🔍 Kiểm tra phân bố class trong batch:
2026-08-24 21:50:37 [INFO]   Batch 0: 25 classes (first 5: [0, 1, 13, 17, 18])
2026-08-24 21:50:37 [INFO]   Batch 1: 32 classes (first 5: [0, 1, 3, 6, 7])
2026-08-24 21:50:37 [INFO]   Batch 2: 28 classes (first 5: [0, 2, 7, 13, 14])
2026-08-24 21:50:37 [INFO]   Batch 3: 30 classes (first 5: [1, 14, 17, 18, 19])
2026-08-24 21:50:37 [INFO]   Batch 4: 28 classes (first 5: [3, 6, 7, 8, 12])
2026-08-24 21:50:37 [INFO] ✅ Shuffle tốt! Trung bình 28.6 classes/batch
2026-08-24 21:50:37 [INFO] ============================================================
2026-08-24 21:50:37 [INFO] Starting training: LIGHT_HYBRIC_MAMBA
2026-08-24 21:50:37 [INFO] Dataset: Belgium | Path: /home/biu-linux/DeepLearning_Projects/DoAnNganh/data/Belgium_TFS
2026-08-24 21:50:37 [INFO] Device: cuda
2026-08-24 21:50:37 [INFO] GPU: NVIDIA GeForce RTX 3050 Laptop GPU
2026-08-24 21:50:37 [INFO] ============================================================
2026-08-24 21:50:42 [INFO] Epoch 000 | Train Loss: 5.1653 | Train Acc: 0.2284 | Val Loss: 2.4200 | Val Acc: 0.3647
2026-08-24 21:50:42 [INFO] ✓ Saved best model: Val Acc=0.3647 at epoch 0
2026-08-24 21:52:47 [INFO] Dataset: Belgium | Số nhãn (classes): 62 | Tổng số ảnh: 7095
2026-08-24 21:52:47 [INFO] Dữ liệu đã chia -> Train (70%): 4966 | Val (15%): 1064 | Test (15%): 1065
2026-08-24 21:52:47 [INFO] 
🔍 Kiểm tra phân bố class trong batch:
2026-08-24 21:52:49 [INFO]   Batch 0: 27 classes (first 5: [3, 7, 10, 13, 17])
2026-08-24 21:52:49 [INFO]   Batch 1: 32 classes (first 5: [1, 6, 7, 8, 13])
2026-08-24 21:52:49 [INFO]   Batch 2: 33 classes (first 5: [7, 8, 10, 11, 12])
2026-08-24 21:52:49 [INFO]   Batch 3: 30 classes (first 5: [6, 12, 14, 17, 18])
2026-08-24 21:52:49 [INFO]   Batch 4: 30 classes (first 5: [1, 2, 7, 12, 13])
2026-08-24 21:52:49 [INFO] ✅ Shuffle tốt! Trung bình 30.4 classes/batch
2026-08-24 21:52:49 [INFO] ============================================================
2026-08-24 21:52:49 [INFO] Starting training: LIGHT_HYBRIC_MAMBA
2026-08-24 21:52:49 [INFO] Dataset: Belgium | Path: /home/biu-linux/DeepLearning_Projects/DoAnNganh/data/Belgium_TFS
2026-08-24 21:52:49 [INFO] Device: cuda
2026-08-24 21:52:49 [INFO] GPU: NVIDIA GeForce RTX 3050 Laptop GPU
2026-08-24 21:52:49 [INFO] ============================================================
2026-08-24 21:52:55 [INFO] Epoch 000 | Train Loss: 5.1405 | Train Acc: 0.2253 | Val Loss: 2.3498 | Val Acc: 0.4023
2026-08-24 21:52:55 [INFO] ✓ Saved best model: Val Acc=0.4023 at epoch 0
2026-08-24 21:52:58 [INFO] Epoch 001 | Train Loss: 3.6273 | Train Acc: 0.4736 | Val Loss: 1.4278 | Val Acc: 0.5949
2026-08-24 21:52:58 [INFO] ✓ Saved best model: Val Acc=0.5949 at epoch 1
2026-08-24 21:53:00 [INFO] Epoch 002 | Train Loss: 2.8197 | Train Acc: 0.6144 | Val Loss: 1.0266 | Val Acc: 0.7143
2026-08-24 21:53:00 [INFO] ✓ Saved best model: Val Acc=0.7143 at epoch 2
2026-08-24 21:53:02 [INFO] Epoch 003 | Train Loss: 2.4038 | Train Acc: 0.6911 | Val Loss: 0.7300 | Val Acc: 0.8092
2026-08-24 21:53:02 [INFO] ✓ Saved best model: Val Acc=0.8092 at epoch 3
2026-08-24 21:53:04 [INFO] Epoch 004 | Train Loss: 2.1135 | Train Acc: 0.7475 | Val Loss: 0.5789 | Val Acc: 0.8412
2026-08-24 21:53:04 [INFO] ✓ Saved best model: Val Acc=0.8412 at epoch 4
2026-08-24 21:53:05 [INFO] Epoch 005 | Train Loss: 1.8389 | Train Acc: 0.7912 | Val Loss: 0.4643 | Val Acc: 0.8712
2026-08-24 21:53:05 [INFO] ✓ Saved best model: Val Acc=0.8712 at epoch 5
2026-08-24 21:53:07 [INFO] Epoch 006 | Train Loss: 1.6359 | Train Acc: 0.8218 | Val Loss: 0.3892 | Val Acc: 0.8872
2026-08-24 21:53:07 [INFO] ✓ Saved best model: Val Acc=0.8872 at epoch 6
2026-08-24 21:53:08 [INFO] Epoch 007 | Train Loss: 1.4744 | Train Acc: 0.8449 | Val Loss: 0.3220 | Val Acc: 0.9098
2026-08-24 21:53:08 [INFO] ✓ Saved best model: Val Acc=0.9098 at epoch 7
2026-08-24 21:53:10 [INFO] Epoch 008 | Train Loss: 1.3589 | Train Acc: 0.8488 | Val Loss: 0.2964 | Val Acc: 0.9135
2026-08-24 21:53:10 [INFO] ✓ Saved best model: Val Acc=0.9135 at epoch 8
2026-08-24 21:53:13 [INFO] Epoch 009 | Train Loss: 1.2283 | Train Acc: 0.8739 | Val Loss: 0.2435 | Val Acc: 0.9352
2026-08-24 21:53:14 [INFO] ✓ Saved best model: Val Acc=0.9352 at epoch 9
2026-08-24 21:53:15 [INFO] Epoch 010 | Train Loss: 1.1291 | Train Acc: 0.8796 | Val Loss: 0.2377 | Val Acc: 0.9201
2026-08-24 21:53:17 [INFO] Epoch 011 | Train Loss: 1.0269 | Train Acc: 0.8925 | Val Loss: 0.2020 | Val Acc: 0.9502
2026-08-24 21:53:17 [INFO] ✓ Saved best model: Val Acc=0.9502 at epoch 11
2026-08-24 21:53:19 [INFO] Epoch 012 | Train Loss: 0.9585 | Train Acc: 0.8997 | Val Loss: 0.1811 | Val Acc: 0.9558
2026-08-24 21:53:19 [INFO] ✓ Saved best model: Val Acc=0.9558 at epoch 12
2026-08-24 21:53:20 [INFO] Epoch 013 | Train Loss: 0.8888 | Train Acc: 0.9056 | Val Loss: 0.1604 | Val Acc: 0.9633
2026-08-24 21:53:20 [INFO] ✓ Saved best model: Val Acc=0.9633 at epoch 13
2026-08-24 21:53:22 [INFO] Epoch 014 | Train Loss: 0.8187 | Train Acc: 0.9190 | Val Loss: 0.1569 | Val Acc: 0.9586
2026-08-24 21:53:23 [INFO] Epoch 015 | Train Loss: 0.7516 | Train Acc: 0.9203 | Val Loss: 0.1531 | Val Acc: 0.9633
2026-08-24 21:53:25 [INFO] Epoch 016 | Train Loss: 0.7373 | Train Acc: 0.9186 | Val Loss: 0.1655 | Val Acc: 0.9568
2026-08-24 21:53:28 [INFO] Epoch 017 | Train Loss: 0.6933 | Train Acc: 0.9267 | Val Loss: 0.1402 | Val Acc: 0.9680
2026-08-24 21:53:28 [INFO] ✓ Saved best model: Val Acc=0.9680 at epoch 17
2026-08-24 21:53:30 [INFO] Epoch 018 | Train Loss: 0.6580 | Train Acc: 0.9301 | Val Loss: 0.1318 | Val Acc: 0.9643
2026-08-24 21:53:32 [INFO] Epoch 019 | Train Loss: 0.6111 | Train Acc: 0.9291 | Val Loss: 0.1326 | Val Acc: 0.9709
2026-08-24 21:53:32 [INFO] ✓ Saved best model: Val Acc=0.9709 at epoch 19
2026-08-24 21:53:34 [INFO] Epoch 020 | Train Loss: 0.5646 | Train Acc: 0.9440 | Val Loss: 0.1264 | Val Acc: 0.9662
2026-08-24 21:53:35 [INFO] Epoch 021 | Train Loss: 0.5602 | Train Acc: 0.9402 | Val Loss: 0.1224 | Val Acc: 0.9690
2026-08-24 21:53:37 [INFO] Epoch 022 | Train Loss: 0.5330 | Train Acc: 0.9460 | Val Loss: 0.1258 | Val Acc: 0.9718
2026-08-24 21:53:37 [INFO] ✓ Saved best model: Val Acc=0.9718 at epoch 22
2026-08-24 21:53:39 [INFO] Epoch 023 | Train Loss: 0.5255 | Train Acc: 0.9410 | Val Loss: 0.1274 | Val Acc: 0.9699
2026-08-24 21:53:40 [INFO] Epoch 024 | Train Loss: 0.4939 | Train Acc: 0.9474 | Val Loss: 0.1182 | Val Acc: 0.9643
2026-08-24 21:53:44 [INFO] Epoch 025 | Train Loss: 0.4891 | Train Acc: 0.9458 | Val Loss: 0.0999 | Val Acc: 0.9803
2026-08-24 21:53:44 [INFO] ✓ Saved best model: Val Acc=0.9803 at epoch 25
2026-08-24 21:53:46 [INFO] Epoch 026 | Train Loss: 0.4624 | Train Acc: 0.9480 | Val Loss: 0.1152 | Val Acc: 0.9727
2026-08-24 21:53:47 [INFO] Epoch 027 | Train Loss: 0.4438 | Train Acc: 0.9531 | Val Loss: 0.1089 | Val Acc: 0.9784
2026-08-24 21:53:49 [INFO] Epoch 028 | Train Loss: 0.4207 | Train Acc: 0.9509 | Val Loss: 0.1141 | Val Acc: 0.9699
2026-08-24 21:53:51 [INFO] Epoch 029 | Train Loss: 0.4226 | Train Acc: 0.9553 | Val Loss: 0.1143 | Val Acc: 0.9727
2026-08-24 21:53:52 [INFO] Epoch 030 | Train Loss: 0.4051 | Train Acc: 0.9565 | Val Loss: 0.1051 | Val Acc: 0.9737
2026-08-24 21:53:54 [INFO] Epoch 031 | Train Loss: 0.3861 | Train Acc: 0.9553 | Val Loss: 0.1031 | Val Acc: 0.9756
2026-08-24 21:53:55 [INFO] Epoch 032 | Train Loss: 0.3963 | Train Acc: 0.9581 | Val Loss: 0.0974 | Val Acc: 0.9774
2026-08-24 21:53:59 [INFO] Epoch 033 | Train Loss: 0.3771 | Train Acc: 0.9583 | Val Loss: 0.1160 | Val Acc: 0.9709
2026-08-24 21:54:01 [INFO] Epoch 034 | Train Loss: 0.3586 | Train Acc: 0.9625 | Val Loss: 0.1049 | Val Acc: 0.9709
2026-08-24 21:54:03 [INFO] Epoch 035 | Train Loss: 0.3478 | Train Acc: 0.9646 | Val Loss: 0.1084 | Val Acc: 0.9746
2026-08-24 21:54:04 [INFO] Epoch 036 | Train Loss: 0.3462 | Train Acc: 0.9609 | Val Loss: 0.1034 | Val Acc: 0.9774
2026-08-24 21:54:06 [INFO] Epoch 037 | Train Loss: 0.3415 | Train Acc: 0.9617 | Val Loss: 0.0919 | Val Acc: 0.9793
2026-08-24 21:54:08 [INFO] Epoch 038 | Train Loss: 0.3294 | Train Acc: 0.9634 | Val Loss: 0.0912 | Val Acc: 0.9774
2026-08-24 21:54:09 [INFO] Epoch 039 | Train Loss: 0.3416 | Train Acc: 0.9609 | Val Loss: 0.0893 | Val Acc: 0.9756
2026-08-24 21:54:11 [INFO] Epoch 040 | Train Loss: 0.2971 | Train Acc: 0.9696 | Val Loss: 0.0781 | Val Acc: 0.9803
2026-08-24 21:54:15 [INFO] Epoch 041 | Train Loss: 0.2789 | Train Acc: 0.9706 | Val Loss: 0.0749 | Val Acc: 0.9840
2026-08-24 21:54:15 [INFO] ✓ Saved best model: Val Acc=0.9840 at epoch 41
2026-08-24 21:54:38 [INFO] Dataset: Belgium | Số nhãn (classes): 62 | Tổng số ảnh: 7095
2026-08-24 21:54:38 [INFO] Dữ liệu đã chia -> Train (70%): 4966 | Val (15%): 1064 | Test (15%): 1065
2026-08-24 21:54:38 [INFO] 
🔍 Kiểm tra phân bố class trong batch:
2026-08-24 21:54:40 [INFO]   Batch 0: 29 classes (first 5: [3, 6, 7, 9, 16])
2026-08-24 21:54:40 [INFO]   Batch 1: 29 classes (first 5: [1, 2, 4, 6, 7])
2026-08-24 21:54:40 [INFO]   Batch 2: 28 classes (first 5: [1, 7, 9, 13, 14])
2026-08-24 21:54:40 [INFO]   Batch 3: 24 classes (first 5: [1, 2, 5, 7, 10])
2026-08-24 21:54:40 [INFO]   Batch 4: 28 classes (first 5: [0, 7, 13, 15, 17])
2026-08-24 21:54:40 [INFO] ✅ Shuffle tốt! Trung bình 27.6 classes/batch
2026-08-24 21:54:40 [INFO] ============================================================
2026-08-24 21:54:40 [INFO] Starting training: LIGHT_HYBRIC_MAMBA
2026-08-24 21:54:40 [INFO] Dataset: Belgium | Path: /home/biu-linux/DeepLearning_Projects/DoAnNganh/data/Belgium_TFS
2026-08-24 21:54:40 [INFO] Device: cuda
2026-08-24 21:54:40 [INFO] GPU: NVIDIA GeForce RTX 3050 Laptop GPU
2026-08-24 21:54:40 [INFO] ============================================================
2026-08-24 21:54:40 [INFO] 
[RESUME] Đang nạp checkpoint từ: /home/biu-linux/DeepLearning_Projects/DoAnNganh/HybricMamba/Ressult/TFJ/LIGHT_HYBRIC_MAMBA/Belgium/LIGHT_HYBRIC_MAMBA_best.pth
2026-08-24 21:54:44 [INFO] Epoch 042 | Train Loss: 0.2906 | Train Acc: 0.9696 | Val Loss: 0.0215 | Val Acc: 0.9934
2026-08-24 21:54:44 [INFO] ✓ Saved best model: Val Acc=0.9934 at epoch 42
2026-08-24 21:54:46 [INFO] Epoch 043 | Train Loss: 0.2841 | Train Acc: 0.9688 | Val Loss: 0.0219 | Val Acc: 0.9934
2026-08-24 21:54:49 [INFO] Epoch 044 | Train Loss: 0.2926 | Train Acc: 0.9662 | Val Loss: 0.0197 | Val Acc: 0.9944
2026-08-24 21:54:49 [INFO] ✓ Saved best model: Val Acc=0.9944 at epoch 44
2026-08-24 21:54:51 [INFO] Epoch 045 | Train Loss: 0.2827 | Train Acc: 0.9720 | Val Loss: 0.0217 | Val Acc: 0.9934
2026-08-24 21:54:53 [INFO] Epoch 046 | Train Loss: 0.2815 | Train Acc: 0.9734 | Val Loss: 0.0214 | Val Acc: 0.9953
2026-08-24 21:54:53 [INFO] ✓ Saved best model: Val Acc=0.9953 at epoch 46
2026-08-24 21:54:55 [INFO] Epoch 047 | Train Loss: 0.2817 | Train Acc: 0.9726 | Val Loss: 0.0211 | Val Acc: 0.9953
2026-08-24 21:54:56 [INFO] Epoch 048 | Train Loss: 0.2824 | Train Acc: 0.9694 | Val Loss: 0.0202 | Val Acc: 0.9934
2026-08-24 21:54:58 [INFO] Epoch 049 | Train Loss: 0.2713 | Train Acc: 0.9738 | Val Loss: 0.0190 | Val Acc: 0.9944
2026-08-24 21:55:00 [INFO] Epoch 050 | Train Loss: 0.2693 | Train Acc: 0.9728 | Val Loss: 0.0194 | Val Acc: 0.9934
2026-08-24 21:55:02 [INFO] Epoch 051 | Train Loss: 0.2835 | Train Acc: 0.9718 | Val Loss: 0.0192 | Val Acc: 0.9934
2026-08-24 21:55:05 [INFO] Epoch 052 | Train Loss: 0.2680 | Train Acc: 0.9712 | Val Loss: 0.0190 | Val Acc: 0.9934
2026-08-24 21:55:07 [INFO] Epoch 053 | Train Loss: 0.2698 | Train Acc: 0.9752 | Val Loss: 0.0191 | Val Acc: 0.9962
2026-08-24 21:55:07 [INFO] ✓ Saved best model: Val Acc=0.9962 at epoch 53
2026-08-24 21:55:09 [INFO] Epoch 054 | Train Loss: 0.2722 | Train Acc: 0.9712 | Val Loss: 0.0209 | Val Acc: 0.9934
2026-08-24 21:55:10 [INFO] Epoch 055 | Train Loss: 0.2602 | Train Acc: 0.9799 | Val Loss: 0.0184 | Val Acc: 0.9953
2026-08-24 21:55:12 [INFO] Epoch 056 | Train Loss: 0.2638 | Train Acc: 0.9742 | Val Loss: 0.0190 | Val Acc: 0.9953
2026-08-24 21:55:14 [INFO] Epoch 057 | Train Loss: 0.2723 | Train Acc: 0.9686 | Val Loss: 0.0199 | Val Acc: 0.9944
2026-08-24 21:55:15 [INFO] Epoch 058 | Train Loss: 0.2545 | Train Acc: 0.9766 | Val Loss: 0.0193 | Val Acc: 0.9953
2026-08-24 21:55:17 [INFO] Epoch 059 | Train Loss: 0.2532 | Train Acc: 0.9762 | Val Loss: 0.0177 | Val Acc: 0.9944
2026-08-24 21:55:21 [INFO] Epoch 060 | Train Loss: 0.2705 | Train Acc: 0.9714 | Val Loss: 0.0199 | Val Acc: 0.9944
2026-08-24 21:55:23 [INFO] Epoch 061 | Train Loss: 0.2505 | Train Acc: 0.9756 | Val Loss: 0.0182 | Val Acc: 0.9944
2026-08-24 21:55:25 [INFO] Epoch 062 | Train Loss: 0.2480 | Train Acc: 0.9787 | Val Loss: 0.0188 | Val Acc: 0.9944
2026-08-24 21:55:26 [INFO] Epoch 063 | Train Loss: 0.2409 | Train Acc: 0.9772 | Val Loss: 0.0181 | Val Acc: 0.9944
2026-08-24 21:55:28 [INFO] Epoch 064 | Train Loss: 0.2570 | Train Acc: 0.9716 | Val Loss: 0.0184 | Val Acc: 0.9944
2026-08-24 21:55:30 [INFO] Epoch 065 | Train Loss: 0.2490 | Train Acc: 0.9776 | Val Loss: 0.0182 | Val Acc: 0.9944
2026-08-24 21:55:32 [INFO] Epoch 066 | Train Loss: 0.2638 | Train Acc: 0.9720 | Val Loss: 0.0186 | Val Acc: 0.9934
2026-08-24 21:55:36 [INFO] Epoch 067 | Train Loss: 0.2560 | Train Acc: 0.9734 | Val Loss: 0.0174 | Val Acc: 0.9944
2026-08-24 21:55:37 [INFO] Epoch 068 | Train Loss: 0.2555 | Train Acc: 0.9752 | Val Loss: 0.0186 | Val Acc: 0.9944
2026-08-24 21:55:39 [INFO] Epoch 069 | Train Loss: 0.2358 | Train Acc: 0.9797 | Val Loss: 0.0182 | Val Acc: 0.9944
2026-08-24 21:55:41 [INFO] Epoch 070 | Train Loss: 0.2425 | Train Acc: 0.9766 | Val Loss: 0.0179 | Val Acc: 0.9953
2026-08-24 21:55:42 [INFO] Epoch 071 | Train Loss: 0.2378 | Train Acc: 0.9785 | Val Loss: 0.0175 | Val Acc: 0.9953
2026-08-24 21:55:44 [INFO] Epoch 072 | Train Loss: 0.2543 | Train Acc: 0.9742 | Val Loss: 0.0179 | Val Acc: 0.9944
2026-08-24 21:55:46 [INFO] Epoch 073 | Train Loss: 0.2326 | Train Acc: 0.9774 | Val Loss: 0.0173 | Val Acc: 0.9944
2026-08-24 21:55:49 [INFO] Epoch 074 | Train Loss: 0.2430 | Train Acc: 0.9768 | Val Loss: 0.0173 | Val Acc: 0.9953
2026-08-24 21:55:51 [INFO] Epoch 075 | Train Loss: 0.2426 | Train Acc: 0.9744 | Val Loss: 0.0175 | Val Acc: 0.9953
2026-08-24 21:55:53 [INFO] Epoch 076 | Train Loss: 0.2419 | Train Acc: 0.9774 | Val Loss: 0.0185 | Val Acc: 0.9944
2026-08-24 21:55:55 [INFO] Epoch 077 | Train Loss: 0.2377 | Train Acc: 0.9801 | Val Loss: 0.0180 | Val Acc: 0.9953
2026-08-24 21:55:57 [INFO] Epoch 078 | Train Loss: 0.2423 | Train Acc: 0.9762 | Val Loss: 0.0174 | Val Acc: 0.9953
2026-08-24 21:55:58 [INFO] Epoch 079 | Train Loss: 0.2306 | Train Acc: 0.9791 | Val Loss: 0.0176 | Val Acc: 0.9953
2026-08-24 21:56:00 [INFO] Epoch 080 | Train Loss: 0.2307 | Train Acc: 0.9787 | Val Loss: 0.0182 | Val Acc: 0.9944
2026-08-24 21:56:02 [INFO] Epoch 081 | Train Loss: 0.2300 | Train Acc: 0.9795 | Val Loss: 0.0181 | Val Acc: 0.9962
2026-08-24 21:56:06 [INFO] Epoch 082 | Train Loss: 0.2377 | Train Acc: 0.9793 | Val Loss: 0.0178 | Val Acc: 0.9953
2026-08-24 21:56:08 [INFO] Epoch 083 | Train Loss: 0.2461 | Train Acc: 0.9762 | Val Loss: 0.0179 | Val Acc: 0.9953
2026-08-24 21:56:09 [INFO] Epoch 084 | Train Loss: 0.2452 | Train Acc: 0.9754 | Val Loss: 0.0171 | Val Acc: 0.9962
2026-08-24 21:56:11 [INFO] Epoch 085 | Train Loss: 0.2476 | Train Acc: 0.9764 | Val Loss: 0.0175 | Val Acc: 0.9944
2026-08-24 21:56:13 [INFO] Epoch 086 | Train Loss: 0.2252 | Train Acc: 0.9809 | Val Loss: 0.0174 | Val Acc: 0.9962
2026-08-24 21:56:15 [INFO] Epoch 087 | Train Loss: 0.2374 | Train Acc: 0.9795 | Val Loss: 0.0169 | Val Acc: 0.9953
2026-08-24 21:56:16 [INFO] Epoch 088 | Train Loss: 0.2343 | Train Acc: 0.9787 | Val Loss: 0.0175 | Val Acc: 0.9944
2026-08-24 21:56:20 [INFO] Epoch 089 | Train Loss: 0.2170 | Train Acc: 0.9817 | Val Loss: 0.0174 | Val Acc: 0.9953
2026-08-24 21:56:22 [INFO] Epoch 090 | Train Loss: 0.2365 | Train Acc: 0.9785 | Val Loss: 0.0171 | Val Acc: 0.9953
2026-08-24 21:56:24 [INFO] Epoch 091 | Train Loss: 0.2133 | Train Acc: 0.9831 | Val Loss: 0.0170 | Val Acc: 0.9953
2026-08-24 21:56:25 [INFO] Epoch 092 | Train Loss: 0.2270 | Train Acc: 0.9791 | Val Loss: 0.0172 | Val Acc: 0.9944
2026-08-24 21:56:27 [INFO] Epoch 093 | Train Loss: 0.2362 | Train Acc: 0.9774 | Val Loss: 0.0174 | Val Acc: 0.9953
2026-08-24 21:56:29 [INFO] Epoch 094 | Train Loss: 0.2352 | Train Acc: 0.9760 | Val Loss: 0.0171 | Val Acc: 0.9953
2026-08-24 21:56:30 [INFO] Epoch 095 | Train Loss: 0.2401 | Train Acc: 0.9776 | Val Loss: 0.0172 | Val Acc: 0.9944
2026-08-24 21:56:32 [INFO] Epoch 096 | Train Loss: 0.2320 | Train Acc: 0.9823 | Val Loss: 0.0173 | Val Acc: 0.9944
2026-08-24 21:56:36 [INFO] Epoch 097 | Train Loss: 0.2317 | Train Acc: 0.9805 | Val Loss: 0.0172 | Val Acc: 0.9953
2026-08-24 21:56:38 [INFO] Epoch 098 | Train Loss: 0.2419 | Train Acc: 0.9760 | Val Loss: 0.0183 | Val Acc: 0.9953
2026-08-24 21:56:40 [INFO] Epoch 099 | Train Loss: 0.2319 | Train Acc: 0.9795 | Val Loss: 0.0179 | Val Acc: 0.9944
2026-08-24 21:56:40 [INFO] Evaluating Best Model on TEST Set...
2026-08-24 21:56:40 [INFO] 
[RESUME] Đang nạp checkpoint từ: /home/biu-linux/DeepLearning_Projects/DoAnNganh/HybricMamba/Ressult/TFJ/LIGHT_HYBRIC_MAMBA/Belgium/LIGHT_HYBRIC_MAMBA_best.pth
2026-08-24 21:56:40 [INFO] 🎯 [TEST RESULT] Test Acc: 0.9944 | F1-Macro: 0.9748 | F1-Weighted: 0.9938
2026-08-24 21:56:43 [INFO] Dataset: Belgium | Số nhãn (classes): 62 | Tổng số ảnh: 7095
2026-08-24 21:56:43 [INFO] Dữ liệu đã chia -> Train (70%): 4966 | Val (15%): 1064 | Test (15%): 1065
2026-08-24 21:56:43 [INFO] 
🔍 Kiểm tra phân bố class trong batch:
2026-08-24 21:56:43 [INFO]   Batch 0: 30 classes (first 5: [1, 2, 7, 14, 15])
2026-08-24 21:56:43 [INFO]   Batch 1: 33 classes (first 5: [1, 4, 5, 6, 7])
2026-08-24 21:56:43 [INFO]   Batch 2: 31 classes (first 5: [2, 7, 13, 17, 18])
2026-08-24 21:56:43 [INFO]   Batch 3: 31 classes (first 5: [7, 10, 13, 17, 18])
2026-08-24 21:56:43 [INFO]   Batch 4: 26 classes (first 5: [7, 14, 17, 18, 19])
2026-08-24 21:56:43 [INFO] ✅ Shuffle tốt! Trung bình 30.2 classes/batch
2026-08-24 21:56:43 [INFO] ============================================================
2026-08-24 21:56:43 [INFO] Starting training: MEDIUM_HYBRIC_MAMBA
2026-08-24 21:56:43 [INFO] Dataset: Belgium | Path: /home/biu-linux/DeepLearning_Projects/DoAnNganh/data/Belgium_TFS
2026-08-24 21:56:43 [INFO] Device: cuda
2026-08-24 21:56:43 [INFO] GPU: NVIDIA GeForce RTX 3050 Laptop GPU
2026-08-24 21:56:43 [INFO] ============================================================
2026-08-24 21:56:49 [INFO] Epoch 000 | Train Loss: 5.2821 | Train Acc: 0.1927 | Val Loss: 2.4100 | Val Acc: 0.3816
2026-08-24 21:56:49 [INFO] ✓ Saved best model: Val Acc=0.3816 at epoch 0
2026-08-24 21:56:53 [INFO] Epoch 001 | Train Loss: 3.5790 | Train Acc: 0.4621 | Val Loss: 1.4127 | Val Acc: 0.6184
2026-08-24 21:56:53 [INFO] ✓ Saved best model: Val Acc=0.6184 at epoch 1
2026-08-24 21:56:55 [INFO] Epoch 002 | Train Loss: 2.5976 | Train Acc: 0.6257 | Val Loss: 0.9102 | Val Acc: 0.7462
2026-08-24 21:56:55 [INFO] ✓ Saved best model: Val Acc=0.7462 at epoch 2
2026-08-24 21:56:58 [INFO] Epoch 003 | Train Loss: 2.0357 | Train Acc: 0.7372 | Val Loss: 0.5903 | Val Acc: 0.8336
2026-08-24 21:56:58 [INFO] ✓ Saved best model: Val Acc=0.8336 at epoch 3
2026-08-24 21:57:00 [INFO] Epoch 004 | Train Loss: 1.6253 | Train Acc: 0.8037 | Val Loss: 0.4103 | Val Acc: 0.8694
2026-08-24 21:57:00 [INFO] ✓ Saved best model: Val Acc=0.8694 at epoch 4
2026-08-24 21:57:03 [INFO] Epoch 005 | Train Loss: 1.3461 | Train Acc: 0.8472 | Val Loss: 0.3328 | Val Acc: 0.8882
2026-08-24 21:57:03 [INFO] ✓ Saved best model: Val Acc=0.8882 at epoch 5
2026-08-24 21:57:07 [INFO] Epoch 006 | Train Loss: 1.1405 | Train Acc: 0.8683 | Val Loss: 0.2781 | Val Acc: 0.9060
2026-08-24 21:57:07 [INFO] ✓ Saved best model: Val Acc=0.9060 at epoch 6
2026-08-24 21:57:10 [INFO] Epoch 007 | Train Loss: 0.9556 | Train Acc: 0.8880 | Val Loss: 0.2567 | Val Acc: 0.9248
2026-08-24 21:57:10 [INFO] ✓ Saved best model: Val Acc=0.9248 at epoch 7
2026-08-24 21:57:12 [INFO] Epoch 008 | Train Loss: 0.8281 | Train Acc: 0.9027 | Val Loss: 0.2199 | Val Acc: 0.9229
2026-08-24 21:57:14 [INFO] Epoch 009 | Train Loss: 0.7198 | Train Acc: 0.9168 | Val Loss: 0.1928 | Val Acc: 0.9408
2026-08-24 21:57:14 [INFO] ✓ Saved best model: Val Acc=0.9408 at epoch 9
2026-08-24 21:57:17 [INFO] Epoch 010 | Train Loss: 0.6548 | Train Acc: 0.9195 | Val Loss: 0.1623 | Val Acc: 0.9521
2026-08-24 21:57:17 [INFO] ✓ Saved best model: Val Acc=0.9521 at epoch 10
2026-08-24 21:57:21 [INFO] Epoch 011 | Train Loss: 0.5788 | Train Acc: 0.9291 | Val Loss: 0.1642 | Val Acc: 0.9530
2026-08-24 21:57:21 [INFO] ✓ Saved best model: Val Acc=0.9530 at epoch 11
2026-08-24 21:57:24 [INFO] Epoch 012 | Train Loss: 0.4983 | Train Acc: 0.9400 | Val Loss: 0.1385 | Val Acc: 0.9521
2026-08-24 21:57:26 [INFO] Epoch 013 | Train Loss: 0.4763 | Train Acc: 0.9386 | Val Loss: 0.1206 | Val Acc: 0.9568
2026-08-24 21:57:26 [INFO] ✓ Saved best model: Val Acc=0.9568 at epoch 13
2026-08-24 21:57:29 [INFO] Epoch 014 | Train Loss: 0.4548 | Train Acc: 0.9400 | Val Loss: 0.1167 | Val Acc: 0.9652
2026-08-24 21:57:29 [INFO] ✓ Saved best model: Val Acc=0.9652 at epoch 14
2026-08-24 21:57:31 [INFO] Epoch 015 | Train Loss: 0.4237 | Train Acc: 0.9448 | Val Loss: 0.1170 | Val Acc: 0.9577
2026-08-24 21:57:36 [INFO] Epoch 016 | Train Loss: 0.4017 | Train Acc: 0.9489 | Val Loss: 0.1117 | Val Acc: 0.9605
2026-08-24 21:57:38 [INFO] Epoch 017 | Train Loss: 0.3765 | Train Acc: 0.9531 | Val Loss: 0.0918 | Val Acc: 0.9727
2026-08-24 21:57:38 [INFO] ✓ Saved best model: Val Acc=0.9727 at epoch 17
2026-08-24 21:57:41 [INFO] Epoch 018 | Train Loss: 0.3533 | Train Acc: 0.9531 | Val Loss: 0.0793 | Val Acc: 0.9718
2026-08-24 21:57:43 [INFO] Epoch 019 | Train Loss: 0.3300 | Train Acc: 0.9603 | Val Loss: 0.0828 | Val Acc: 0.9737
2026-08-24 21:57:43 [INFO] ✓ Saved best model: Val Acc=0.9737 at epoch 19
2026-08-24 21:57:45 [INFO] Epoch 020 | Train Loss: 0.3159 | Train Acc: 0.9575 | Val Loss: 0.0780 | Val Acc: 0.9727
2026-08-24 21:57:49 [INFO] Epoch 021 | Train Loss: 0.2814 | Train Acc: 0.9627 | Val Loss: 0.0762 | Val Acc: 0.9793
2026-08-24 21:57:49 [INFO] ✓ Saved best model: Val Acc=0.9793 at epoch 21
2026-08-24 21:57:52 [INFO] Epoch 022 | Train Loss: 0.2709 | Train Acc: 0.9672 | Val Loss: 0.0793 | Val Acc: 0.9746
2026-08-24 21:57:55 [INFO] Epoch 023 | Train Loss: 0.2583 | Train Acc: 0.9700 | Val Loss: 0.0689 | Val Acc: 0.9803
2026-08-24 21:57:55 [INFO] ✓ Saved best model: Val Acc=0.9803 at epoch 23
2026-08-24 21:57:57 [INFO] Epoch 024 | Train Loss: 0.2292 | Train Acc: 0.9720 | Val Loss: 0.0703 | Val Acc: 0.9765
2026-08-24 21:58:00 [INFO] Epoch 025 | Train Loss: 0.2368 | Train Acc: 0.9698 | Val Loss: 0.0750 | Val Acc: 0.9774
2026-08-24 21:58:02 [INFO] Epoch 026 | Train Loss: 0.2298 | Train Acc: 0.9722 | Val Loss: 0.0712 | Val Acc: 0.9784
2026-08-24 21:58:07 [INFO] Epoch 027 | Train Loss: 0.2189 | Train Acc: 0.9720 | Val Loss: 0.0801 | Val Acc: 0.9793
2026-08-24 21:58:09 [INFO] Epoch 028 | Train Loss: 0.2310 | Train Acc: 0.9684 | Val Loss: 0.0932 | Val Acc: 0.9774
2026-08-24 21:58:11 [INFO] Epoch 029 | Train Loss: 0.2076 | Train Acc: 0.9736 | Val Loss: 0.1147 | Val Acc: 0.9718
2026-08-24 21:58:14 [INFO] Epoch 030 | Train Loss: 0.2177 | Train Acc: 0.9714 | Val Loss: 0.0816 | Val Acc: 0.9756
2026-08-24 21:58:16 [INFO] Epoch 031 | Train Loss: 0.2033 | Train Acc: 0.9748 | Val Loss: 0.0807 | Val Acc: 0.9756
2026-08-24 21:58:21 [INFO] Epoch 032 | Train Loss: 0.2026 | Train Acc: 0.9752 | Val Loss: 0.0765 | Val Acc: 0.9784
2026-08-24 21:58:23 [INFO] Epoch 033 | Train Loss: 0.1796 | Train Acc: 0.9772 | Val Loss: 0.0634 | Val Acc: 0.9850
2026-08-24 21:58:23 [INFO] ✓ Saved best model: Val Acc=0.9850 at epoch 33
2026-08-24 21:58:26 [INFO] Epoch 034 | Train Loss: 0.1678 | Train Acc: 0.9781 | Val Loss: 0.0537 | Val Acc: 0.9887
2026-08-24 21:58:26 [INFO] ✓ Saved best model: Val Acc=0.9887 at epoch 34
2026-08-24 21:58:28 [INFO] Epoch 035 | Train Loss: 0.1701 | Train Acc: 0.9783 | Val Loss: 0.0602 | Val Acc: 0.9831
2026-08-24 21:58:30 [INFO] Epoch 036 | Train Loss: 0.1825 | Train Acc: 0.9736 | Val Loss: 0.0597 | Val Acc: 0.9831
2026-08-24 21:58:34 [INFO] Epoch 037 | Train Loss: 0.1880 | Train Acc: 0.9732 | Val Loss: 0.0651 | Val Acc: 0.9840
2026-08-24 21:58:38 [INFO] Epoch 038 | Train Loss: 0.1751 | Train Acc: 0.9783 | Val Loss: 0.0481 | Val Acc: 0.9850
2026-08-24 21:58:40 [INFO] Epoch 039 | Train Loss: 0.1765 | Train Acc: 0.9768 | Val Loss: 0.0465 | Val Acc: 0.9906
2026-08-24 21:58:40 [INFO] ✓ Saved best model: Val Acc=0.9906 at epoch 39
2026-08-24 21:58:42 [INFO] Epoch 040 | Train Loss: 0.1387 | Train Acc: 0.9819 | Val Loss: 0.0405 | Val Acc: 0.9915
2026-08-24 21:58:42 [INFO] ✓ Saved best model: Val Acc=0.9915 at epoch 40
2026-08-24 21:58:45 [INFO] Epoch 041 | Train Loss: 0.1274 | Train Acc: 0.9853 | Val Loss: 0.0406 | Val Acc: 0.9897
2026-08-24 21:58:47 [INFO] Epoch 042 | Train Loss: 0.1108 | Train Acc: 0.9863 | Val Loss: 0.0382 | Val Acc: 0.9897
2026-08-24 21:58:52 [INFO] Epoch 043 | Train Loss: 0.1130 | Train Acc: 0.9863 | Val Loss: 0.0340 | Val Acc: 0.9915
2026-08-24 21:58:54 [INFO] Epoch 044 | Train Loss: 0.1127 | Train Acc: 0.9847 | Val Loss: 0.0350 | Val Acc: 0.9915
2026-08-24 21:58:56 [INFO] Epoch 045 | Train Loss: 0.1164 | Train Acc: 0.9875 | Val Loss: 0.0360 | Val Acc: 0.9915
2026-08-24 21:58:59 [INFO] Epoch 046 | Train Loss: 0.1155 | Train Acc: 0.9857 | Val Loss: 0.0352 | Val Acc: 0.9915
2026-08-24 21:59:01 [INFO] Epoch 047 | Train Loss: 0.1076 | Train Acc: 0.9877 | Val Loss: 0.0384 | Val Acc: 0.9906
2026-08-24 21:59:06 [INFO] Epoch 048 | Train Loss: 0.1167 | Train Acc: 0.9863 | Val Loss: 0.0384 | Val Acc: 0.9887
2026-08-24 21:59:08 [INFO] Epoch 049 | Train Loss: 0.1005 | Train Acc: 0.9881 | Val Loss: 0.0395 | Val Acc: 0.9897
2026-08-24 21:59:11 [INFO] Epoch 050 | Train Loss: 0.1027 | Train Acc: 0.9859 | Val Loss: 0.0362 | Val Acc: 0.9906
2026-08-24 21:59:13 [INFO] Epoch 051 | Train Loss: 0.0936 | Train Acc: 0.9889 | Val Loss: 0.0395 | Val Acc: 0.9897
2026-08-24 21:59:15 [INFO] Epoch 052 | Train Loss: 0.0899 | Train Acc: 0.9911 | Val Loss: 0.0369 | Val Acc: 0.9906
2026-08-24 21:59:18 [INFO] Epoch 053 | Train Loss: 0.0974 | Train Acc: 0.9903 | Val Loss: 0.0349 | Val Acc: 0.9915
2026-08-24 21:59:22 [INFO] Epoch 054 | Train Loss: 0.0937 | Train Acc: 0.9899 | Val Loss: 0.0363 | Val Acc: 0.9897
2026-08-24 21:59:24 [INFO] Epoch 055 | Train Loss: 0.0984 | Train Acc: 0.9893 | Val Loss: 0.0356 | Val Acc: 0.9906
2026-08-24 21:59:27 [INFO] Epoch 056 | Train Loss: 0.1008 | Train Acc: 0.9907 | Val Loss: 0.0389 | Val Acc: 0.9868
2026-08-24 21:59:29 [INFO] Epoch 057 | Train Loss: 0.0859 | Train Acc: 0.9919 | Val Loss: 0.0343 | Val Acc: 0.9897
2026-08-24 21:59:31 [INFO] Epoch 058 | Train Loss: 0.0911 | Train Acc: 0.9891 | Val Loss: 0.0322 | Val Acc: 0.9915
2026-08-24 21:59:36 [INFO] Epoch 059 | Train Loss: 0.0916 | Train Acc: 0.9901 | Val Loss: 0.0300 | Val Acc: 0.9915
2026-08-24 21:59:38 [INFO] Epoch 060 | Train Loss: 0.0869 | Train Acc: 0.9891 | Val Loss: 0.0312 | Val Acc: 0.9915
2026-08-24 21:59:41 [INFO] Epoch 061 | Train Loss: 0.0851 | Train Acc: 0.9928 | Val Loss: 0.0333 | Val Acc: 0.9925
2026-08-24 21:59:41 [INFO] ✓ Saved best model: Val Acc=0.9925 at epoch 61
2026-08-24 21:59:43 [INFO] Epoch 062 | Train Loss: 0.0856 | Train Acc: 0.9921 | Val Loss: 0.0326 | Val Acc: 0.9906
2026-08-24 21:59:45 [INFO] Epoch 063 | Train Loss: 0.0996 | Train Acc: 0.9899 | Val Loss: 0.0304 | Val Acc: 0.9915
2026-08-24 21:59:49 [INFO] Epoch 064 | Train Loss: 0.0819 | Train Acc: 0.9913 | Val Loss: 0.0310 | Val Acc: 0.9915
2026-08-24 21:59:52 [INFO] Epoch 065 | Train Loss: 0.0956 | Train Acc: 0.9899 | Val Loss: 0.0318 | Val Acc: 0.9915
2026-08-24 21:59:55 [INFO] Epoch 066 | Train Loss: 0.0929 | Train Acc: 0.9903 | Val Loss: 0.0347 | Val Acc: 0.9906
2026-08-24 21:59:57 [INFO] Epoch 067 | Train Loss: 0.0842 | Train Acc: 0.9909 | Val Loss: 0.0327 | Val Acc: 0.9915
2026-08-24 21:59:59 [INFO] Epoch 068 | Train Loss: 0.0871 | Train Acc: 0.9911 | Val Loss: 0.0315 | Val Acc: 0.9925
2026-08-24 22:00:02 [INFO] Epoch 069 | Train Loss: 0.0833 | Train Acc: 0.9925 | Val Loss: 0.0322 | Val Acc: 0.9915
2026-08-24 22:00:07 [INFO] Epoch 070 | Train Loss: 0.0909 | Train Acc: 0.9911 | Val Loss: 0.0314 | Val Acc: 0.9925
2026-08-24 22:00:09 [INFO] Epoch 071 | Train Loss: 0.0837 | Train Acc: 0.9917 | Val Loss: 0.0329 | Val Acc: 0.9925
2026-08-24 22:00:12 [INFO] Epoch 072 | Train Loss: 0.0800 | Train Acc: 0.9919 | Val Loss: 0.0310 | Val Acc: 0.9925
2026-08-24 22:00:14 [INFO] Epoch 073 | Train Loss: 0.0830 | Train Acc: 0.9917 | Val Loss: 0.0313 | Val Acc: 0.9915
2026-08-24 22:00:16 [INFO] Epoch 074 | Train Loss: 0.0920 | Train Acc: 0.9897 | Val Loss: 0.0306 | Val Acc: 0.9925
2026-08-24 22:00:21 [INFO] Epoch 075 | Train Loss: 0.0796 | Train Acc: 0.9928 | Val Loss: 0.0315 | Val Acc: 0.9925
2026-08-24 22:00:23 [INFO] Epoch 076 | Train Loss: 0.0796 | Train Acc: 0.9921 | Val Loss: 0.0313 | Val Acc: 0.9925
2026-08-24 22:00:25 [INFO] Epoch 077 | Train Loss: 0.0751 | Train Acc: 0.9934 | Val Loss: 0.0322 | Val Acc: 0.9934
2026-08-24 22:00:26 [INFO] ✓ Saved best model: Val Acc=0.9934 at epoch 77
2026-08-24 22:00:28 [INFO] Epoch 078 | Train Loss: 0.0803 | Train Acc: 0.9928 | Val Loss: 0.0320 | Val Acc: 0.9925
2026-08-24 22:00:30 [INFO] Epoch 079 | Train Loss: 0.0864 | Train Acc: 0.9901 | Val Loss: 0.0313 | Val Acc: 0.9915
2026-08-24 22:00:33 [INFO] Epoch 080 | Train Loss: 0.0791 | Train Acc: 0.9925 | Val Loss: 0.0328 | Val Acc: 0.9925
2026-08-24 22:00:37 [INFO] Epoch 081 | Train Loss: 0.0828 | Train Acc: 0.9917 | Val Loss: 0.0319 | Val Acc: 0.9925
2026-08-24 22:00:40 [INFO] Epoch 082 | Train Loss: 0.0776 | Train Acc: 0.9934 | Val Loss: 0.0325 | Val Acc: 0.9934
2026-08-24 22:00:42 [INFO] Epoch 083 | Train Loss: 0.0839 | Train Acc: 0.9913 | Val Loss: 0.0311 | Val Acc: 0.9934
2026-08-24 22:00:44 [INFO] Epoch 084 | Train Loss: 0.0857 | Train Acc: 0.9903 | Val Loss: 0.0322 | Val Acc: 0.9915
2026-08-24 22:00:47 [INFO] Epoch 085 | Train Loss: 0.0881 | Train Acc: 0.9915 | Val Loss: 0.0313 | Val Acc: 0.9934
2026-08-24 22:00:51 [INFO] Epoch 086 | Train Loss: 0.0875 | Train Acc: 0.9887 | Val Loss: 0.0305 | Val Acc: 0.9934
2026-08-24 22:00:54 [INFO] Epoch 087 | Train Loss: 0.0786 | Train Acc: 0.9915 | Val Loss: 0.0312 | Val Acc: 0.9934
2026-08-24 22:00:56 [INFO] Epoch 088 | Train Loss: 0.0788 | Train Acc: 0.9921 | Val Loss: 0.0314 | Val Acc: 0.9934
2026-08-24 22:00:58 [INFO] Epoch 089 | Train Loss: 0.0856 | Train Acc: 0.9942 | Val Loss: 0.0305 | Val Acc: 0.9934
2026-08-24 22:01:01 [INFO] Epoch 090 | Train Loss: 0.0751 | Train Acc: 0.9928 | Val Loss: 0.0321 | Val Acc: 0.9925
2026-08-24 22:01:05 [INFO] Epoch 091 | Train Loss: 0.0866 | Train Acc: 0.9925 | Val Loss: 0.0310 | Val Acc: 0.9934
2026-08-24 22:01:08 [INFO] Epoch 092 | Train Loss: 0.0804 | Train Acc: 0.9917 | Val Loss: 0.0305 | Val Acc: 0.9934
2026-08-24 22:01:10 [INFO] Epoch 093 | Train Loss: 0.0830 | Train Acc: 0.9909 | Val Loss: 0.0303 | Val Acc: 0.9934
2026-08-24 22:01:13 [INFO] Epoch 094 | Train Loss: 0.0816 | Train Acc: 0.9907 | Val Loss: 0.0321 | Val Acc: 0.9934
2026-08-24 22:01:15 [INFO] Epoch 095 | Train Loss: 0.0825 | Train Acc: 0.9923 | Val Loss: 0.0320 | Val Acc: 0.9934
2026-08-24 22:01:18 [INFO] Epoch 096 | Train Loss: 0.0806 | Train Acc: 0.9925 | Val Loss: 0.0314 | Val Acc: 0.9934
2026-08-24 22:01:22 [INFO] Epoch 097 | Train Loss: 0.0854 | Train Acc: 0.9907 | Val Loss: 0.0299 | Val Acc: 0.9934
2026-08-24 22:01:24 [INFO] Epoch 098 | Train Loss: 0.0924 | Train Acc: 0.9905 | Val Loss: 0.0303 | Val Acc: 0.9934
2026-08-24 22:01:27 [INFO] Epoch 099 | Train Loss: 0.0887 | Train Acc: 0.9897 | Val Loss: 0.0305 | Val Acc: 0.9934
2026-08-24 22:01:27 [INFO] Evaluating Best Model on TEST Set...
2026-08-24 22:01:27 [INFO] 
[RESUME] Đang nạp checkpoint từ: /home/biu-linux/DeepLearning_Projects/DoAnNganh/HybricMamba/Ressult/TFJ/MEDIUM_HYBRIC_MAMBA/Belgium/MEDIUM_HYBRIC_MAMBA_best.pth
2026-08-24 22:01:27 [INFO] 🎯 [TEST RESULT] Test Acc: 0.9953 | F1-Macro: 0.9912 | F1-Weighted: 0.9953
2026-08-24 22:01:30 [INFO] Dataset: Belgium | Số nhãn (classes): 62 | Tổng số ảnh: 7095
2026-08-24 22:01:30 [INFO] Dữ liệu đã chia -> Train (70%): 4966 | Val (15%): 1064 | Test (15%): 1065
2026-08-24 22:01:30 [INFO] 
🔍 Kiểm tra phân bố class trong batch:
2026-08-24 22:01:30 [INFO]   Batch 0: 32 classes (first 5: [4, 6, 7, 13, 14])
2026-08-24 22:01:30 [INFO]   Batch 1: 27 classes (first 5: [0, 1, 5, 7, 13])
2026-08-24 22:01:30 [INFO]   Batch 2: 29 classes (first 5: [7, 8, 9, 11, 14])
2026-08-24 22:01:30 [INFO]   Batch 3: 26 classes (first 5: [0, 7, 12, 14, 17])
2026-08-24 22:01:30 [INFO]   Batch 4: 29 classes (first 5: [1, 4, 7, 8, 13])
2026-08-24 22:01:30 [INFO] ✅ Shuffle tốt! Trung bình 28.6 classes/batch
2026-08-24 22:01:30 [INFO] ============================================================
2026-08-24 22:01:30 [INFO] Starting training: HEAVY_HYBRIC_MAMBA
2026-08-24 22:01:30 [INFO] Dataset: Belgium | Path: /home/biu-linux/DeepLearning_Projects/DoAnNganh/data/Belgium_TFS
2026-08-24 22:01:30 [INFO] Device: cuda
2026-08-24 22:01:30 [INFO] GPU: NVIDIA GeForce RTX 3050 Laptop GPU
2026-08-24 22:01:30 [INFO] ============================================================
2026-08-24 22:01:39 [INFO] Epoch 000 | Train Loss: 4.6639 | Train Acc: 0.2922 | Val Loss: 1.6999 | Val Acc: 0.5348
2026-08-24 22:01:39 [INFO] ✓ Saved best model: Val Acc=0.5348 at epoch 0
2026-08-24 22:01:44 [INFO] Epoch 001 | Train Loss: 2.7648 | Train Acc: 0.5973 | Val Loss: 0.8847 | Val Acc: 0.7603
2026-08-24 22:01:44 [INFO] ✓ Saved best model: Val Acc=0.7603 at epoch 1
2026-08-24 22:01:49 [INFO] Epoch 002 | Train Loss: 1.9372 | Train Acc: 0.7493 | Val Loss: 0.5000 | Val Acc: 0.8600
2026-08-24 22:01:49 [INFO] ✓ Saved best model: Val Acc=0.8600 at epoch 2
2026-08-24 22:01:54 [INFO] Epoch 003 | Train Loss: 1.4484 | Train Acc: 0.8347 | Val Loss: 0.3603 | Val Acc: 0.8882
2026-08-24 22:01:54 [INFO] ✓ Saved best model: Val Acc=0.8882 at epoch 3
2026-08-24 22:01:59 [INFO] Epoch 004 | Train Loss: 1.1214 | Train Acc: 0.8687 | Val Loss: 0.2656 | Val Acc: 0.9098
2026-08-24 22:01:59 [INFO] ✓ Saved best model: Val Acc=0.9098 at epoch 4
2026-08-24 22:02:04 [INFO] Epoch 005 | Train Loss: 0.8825 | Train Acc: 0.8911 | Val Loss: 0.2153 | Val Acc: 0.9258
2026-08-24 22:02:04 [INFO] ✓ Saved best model: Val Acc=0.9258 at epoch 5
2026-08-24 22:02:09 [INFO] Epoch 006 | Train Loss: 0.7312 | Train Acc: 0.9056 | Val Loss: 0.1869 | Val Acc: 0.9436
2026-08-24 22:02:09 [INFO] ✓ Saved best model: Val Acc=0.9436 at epoch 6
2026-08-24 22:02:13 [INFO] Epoch 007 | Train Loss: 0.5675 | Train Acc: 0.9237 | Val Loss: 0.1399 | Val Acc: 0.9605
2026-08-24 22:02:13 [INFO] ✓ Saved best model: Val Acc=0.9605 at epoch 7
2026-08-24 22:02:18 [INFO] Epoch 008 | Train Loss: 0.4646 | Train Acc: 0.9410 | Val Loss: 0.1214 | Val Acc: 0.9586
2026-08-24 22:02:24 [INFO] Epoch 009 | Train Loss: 0.3876 | Train Acc: 0.9493 | Val Loss: 0.0955 | Val Acc: 0.9699
2026-08-24 22:02:24 [INFO] ✓ Saved best model: Val Acc=0.9699 at epoch 9
2026-08-24 22:02:28 [INFO] Epoch 010 | Train Loss: 0.3275 | Train Acc: 0.9617 | Val Loss: 0.0820 | Val Acc: 0.9746
2026-08-24 22:02:28 [INFO] ✓ Saved best model: Val Acc=0.9746 at epoch 10
2026-08-24 22:02:33 [INFO] Epoch 011 | Train Loss: 0.3208 | Train Acc: 0.9567 | Val Loss: 0.0860 | Val Acc: 0.9793
2026-08-24 22:02:33 [INFO] ✓ Saved best model: Val Acc=0.9793 at epoch 11
2026-08-24 22:02:39 [INFO] Epoch 012 | Train Loss: 0.2876 | Train Acc: 0.9619 | Val Loss: 0.0844 | Val Acc: 0.9803
2026-08-24 22:02:39 [INFO] ✓ Saved best model: Val Acc=0.9803 at epoch 12
2026-08-24 22:02:43 [INFO] Epoch 013 | Train Loss: 0.2688 | Train Acc: 0.9623 | Val Loss: 0.0796 | Val Acc: 0.9765
2026-08-24 22:02:47 [INFO] Epoch 014 | Train Loss: 0.2390 | Train Acc: 0.9702 | Val Loss: 0.0671 | Val Acc: 0.9850
2026-08-24 22:02:47 [INFO] ✓ Saved best model: Val Acc=0.9850 at epoch 14
2026-08-24 22:02:53 [INFO] Epoch 015 | Train Loss: 0.2170 | Train Acc: 0.9684 | Val Loss: 0.0710 | Val Acc: 0.9821
2026-08-24 22:02:58 [INFO] Epoch 016 | Train Loss: 0.2175 | Train Acc: 0.9686 | Val Loss: 0.0661 | Val Acc: 0.9840
2026-08-24 22:03:02 [INFO] Epoch 017 | Train Loss: 0.1859 | Train Acc: 0.9730 | Val Loss: 0.0516 | Val Acc: 0.9897
2026-08-24 22:03:02 [INFO] ✓ Saved best model: Val Acc=0.9897 at epoch 17
2026-08-24 22:03:08 [INFO] Epoch 018 | Train Loss: 0.1754 | Train Acc: 0.9772 | Val Loss: 0.0583 | Val Acc: 0.9897
2026-08-24 22:03:12 [INFO] Epoch 019 | Train Loss: 0.1792 | Train Acc: 0.9742 | Val Loss: 0.0587 | Val Acc: 0.9878
2026-08-24 22:03:17 [INFO] Epoch 020 | Train Loss: 0.1520 | Train Acc: 0.9807 | Val Loss: 0.0463 | Val Acc: 0.9897
2026-08-24 22:03:23 [INFO] Epoch 021 | Train Loss: 0.1529 | Train Acc: 0.9801 | Val Loss: 0.0482 | Val Acc: 0.9915
2026-08-24 22:03:23 [INFO] ✓ Saved best model: Val Acc=0.9915 at epoch 21
2026-08-24 22:03:27 [INFO] Epoch 022 | Train Loss: 0.1287 | Train Acc: 0.9847 | Val Loss: 0.0595 | Val Acc: 0.9840
2026-08-24 22:03:32 [INFO] Epoch 023 | Train Loss: 0.1384 | Train Acc: 0.9815 | Val Loss: 0.0463 | Val Acc: 0.9925
2026-08-24 22:03:32 [INFO] ✓ Saved best model: Val Acc=0.9925 at epoch 23
2026-08-24 22:03:38 [INFO] Epoch 024 | Train Loss: 0.1280 | Train Acc: 0.9829 | Val Loss: 0.0423 | Val Acc: 0.9906
2026-08-24 22:03:42 [INFO] Epoch 025 | Train Loss: 0.1258 | Train Acc: 0.9837 | Val Loss: 0.0461 | Val Acc: 0.9934
2026-08-24 22:03:42 [INFO] ✓ Saved best model: Val Acc=0.9934 at epoch 25
2026-08-24 22:03:47 [INFO] Epoch 026 | Train Loss: 0.1279 | Train Acc: 0.9831 | Val Loss: 0.0570 | Val Acc: 0.9859
2026-08-24 22:03:53 [INFO] Epoch 027 | Train Loss: 0.1287 | Train Acc: 0.9835 | Val Loss: 0.0483 | Val Acc: 0.9897
2026-08-24 22:03:57 [INFO] Epoch 028 | Train Loss: 0.1150 | Train Acc: 0.9843 | Val Loss: 0.0484 | Val Acc: 0.9906
2026-08-24 22:04:02 [INFO] Epoch 029 | Train Loss: 0.1296 | Train Acc: 0.9827 | Val Loss: 0.0597 | Val Acc: 0.9859
2026-08-24 22:04:07 [INFO] Epoch 030 | Train Loss: 0.1197 | Train Acc: 0.9843 | Val Loss: 0.0491 | Val Acc: 0.9915
2026-08-24 22:04:12 [INFO] Epoch 031 | Train Loss: 0.1078 | Train Acc: 0.9843 | Val Loss: 0.0474 | Val Acc: 0.9906
2026-08-24 22:04:16 [INFO] Epoch 032 | Train Loss: 0.0909 | Train Acc: 0.9869 | Val Loss: 0.0528 | Val Acc: 0.9878
2026-08-24 22:04:22 [INFO] Epoch 033 | Train Loss: 0.0782 | Train Acc: 0.9913 | Val Loss: 0.0426 | Val Acc: 0.9906
2026-08-24 22:04:26 [INFO] Epoch 034 | Train Loss: 0.0777 | Train Acc: 0.9919 | Val Loss: 0.0439 | Val Acc: 0.9925
2026-08-24 22:04:30 [INFO] Epoch 035 | Train Loss: 0.1147 | Train Acc: 0.9835 | Val Loss: 0.0409 | Val Acc: 0.9906
2026-08-24 22:04:37 [INFO] Epoch 036 | Train Loss: 0.1067 | Train Acc: 0.9869 | Val Loss: 0.0485 | Val Acc: 0.9868
2026-08-24 22:04:41 [INFO] Epoch 037 | Train Loss: 0.1195 | Train Acc: 0.9823 | Val Loss: 0.0449 | Val Acc: 0.9915
2026-08-24 22:04:45 [INFO] Epoch 038 | Train Loss: 0.0817 | Train Acc: 0.9883 | Val Loss: 0.0524 | Val Acc: 0.9925
2026-08-24 22:04:51 [INFO] Epoch 039 | Train Loss: 0.0989 | Train Acc: 0.9847 | Val Loss: 0.0493 | Val Acc: 0.9934
2026-08-24 22:04:56 [INFO] Epoch 040 | Train Loss: 0.0782 | Train Acc: 0.9905 | Val Loss: 0.0397 | Val Acc: 0.9962
2026-08-24 22:04:56 [INFO] ✓ Saved best model: Val Acc=0.9962 at epoch 40
2026-08-24 22:05:00 [INFO] Epoch 041 | Train Loss: 0.0635 | Train Acc: 0.9921 | Val Loss: 0.0386 | Val Acc: 0.9962
2026-08-24 22:05:06 [INFO] Epoch 042 | Train Loss: 0.0529 | Train Acc: 0.9948 | Val Loss: 0.0369 | Val Acc: 0.9962
2026-08-24 22:05:10 [INFO] Epoch 043 | Train Loss: 0.0501 | Train Acc: 0.9925 | Val Loss: 0.0357 | Val Acc: 0.9962
2026-08-24 22:05:15 [INFO] Epoch 044 | Train Loss: 0.0516 | Train Acc: 0.9930 | Val Loss: 0.0365 | Val Acc: 0.9962
2026-08-24 22:05:20 [INFO] Epoch 045 | Train Loss: 0.0568 | Train Acc: 0.9917 | Val Loss: 0.0365 | Val Acc: 0.9962
2026-08-24 22:05:25 [INFO] Epoch 046 | Train Loss: 0.0532 | Train Acc: 0.9932 | Val Loss: 0.0378 | Val Acc: 0.9962
2026-08-24 22:05:29 [INFO] Epoch 047 | Train Loss: 0.0425 | Train Acc: 0.9944 | Val Loss: 0.0367 | Val Acc: 0.9962
2026-08-24 22:05:35 [INFO] Epoch 048 | Train Loss: 0.0460 | Train Acc: 0.9956 | Val Loss: 0.0389 | Val Acc: 0.9953
2026-08-24 22:05:40 [INFO] Epoch 049 | Train Loss: 0.0446 | Train Acc: 0.9928 | Val Loss: 0.0396 | Val Acc: 0.9962
2026-08-24 22:05:44 [INFO] Epoch 050 | Train Loss: 0.0394 | Train Acc: 0.9964 | Val Loss: 0.0383 | Val Acc: 0.9962
2026-08-24 22:05:49 [INFO] Epoch 051 | Train Loss: 0.0458 | Train Acc: 0.9946 | Val Loss: 0.0416 | Val Acc: 0.9953
2026-08-24 22:05:55 [INFO] Epoch 052 | Train Loss: 0.0343 | Train Acc: 0.9970 | Val Loss: 0.0396 | Val Acc: 0.9962
2026-08-24 22:05:59 [INFO] Epoch 053 | Train Loss: 0.0390 | Train Acc: 0.9950 | Val Loss: 0.0389 | Val Acc: 0.9962
2026-08-24 22:06:04 [INFO] Epoch 054 | Train Loss: 0.0317 | Train Acc: 0.9974 | Val Loss: 0.0394 | Val Acc: 0.9953
2026-08-24 22:06:09 [INFO] Epoch 055 | Train Loss: 0.0432 | Train Acc: 0.9954 | Val Loss: 0.0393 | Val Acc: 0.9944
2026-08-24 22:06:14 [INFO] Epoch 056 | Train Loss: 0.0415 | Train Acc: 0.9944 | Val Loss: 0.0374 | Val Acc: 0.9953
2026-08-24 22:06:19 [INFO] Epoch 057 | Train Loss: 0.0386 | Train Acc: 0.9956 | Val Loss: 0.0371 | Val Acc: 0.9962
2026-08-24 22:06:24 [INFO] Epoch 058 | Train Loss: 0.0355 | Train Acc: 0.9956 | Val Loss: 0.0376 | Val Acc: 0.9962
2026-08-24 22:06:29 [INFO] Epoch 059 | Train Loss: 0.0346 | Train Acc: 0.9964 | Val Loss: 0.0366 | Val Acc: 0.9944
2026-08-24 22:06:34 [INFO] Epoch 060 | Train Loss: 0.0333 | Train Acc: 0.9956 | Val Loss: 0.0366 | Val Acc: 0.9953
2026-08-24 22:06:39 [INFO] Epoch 061 | Train Loss: 0.0323 | Train Acc: 0.9954 | Val Loss: 0.0389 | Val Acc: 0.9934
2026-08-24 22:06:43 [INFO] Epoch 062 | Train Loss: 0.0280 | Train Acc: 0.9976 | Val Loss: 0.0381 | Val Acc: 0.9953
2026-08-24 22:06:48 [INFO] Epoch 063 | Train Loss: 0.0366 | Train Acc: 0.9958 | Val Loss: 0.0376 | Val Acc: 0.9934
2026-08-24 22:06:54 [INFO] Epoch 064 | Train Loss: 0.0322 | Train Acc: 0.9960 | Val Loss: 0.0369 | Val Acc: 0.9953
2026-08-24 22:06:58 [INFO] Epoch 065 | Train Loss: 0.0312 | Train Acc: 0.9966 | Val Loss: 0.0375 | Val Acc: 0.9934
2026-08-24 22:07:02 [INFO] Epoch 066 | Train Loss: 0.0387 | Train Acc: 0.9952 | Val Loss: 0.0384 | Val Acc: 0.9944
2026-08-24 22:07:08 [INFO] Epoch 067 | Train Loss: 0.0341 | Train Acc: 0.9970 | Val Loss: 0.0375 | Val Acc: 0.9953
2026-08-24 22:07:13 [INFO] Epoch 068 | Train Loss: 0.0342 | Train Acc: 0.9966 | Val Loss: 0.0366 | Val Acc: 0.9944
2026-08-24 22:07:17 [INFO] Epoch 069 | Train Loss: 0.0325 | Train Acc: 0.9960 | Val Loss: 0.0367 | Val Acc: 0.9953
2026-08-24 22:07:23 [INFO] Epoch 070 | Train Loss: 0.0293 | Train Acc: 0.9960 | Val Loss: 0.0362 | Val Acc: 0.9953
2026-08-24 22:07:28 [INFO] Epoch 071 | Train Loss: 0.0316 | Train Acc: 0.9966 | Val Loss: 0.0365 | Val Acc: 0.9944
2026-08-24 22:07:32 [INFO] Epoch 072 | Train Loss: 0.0307 | Train Acc: 0.9970 | Val Loss: 0.0361 | Val Acc: 0.9944
2026-08-24 22:07:38 [INFO] Epoch 073 | Train Loss: 0.0324 | Train Acc: 0.9972 | Val Loss: 0.0365 | Val Acc: 0.9944
2026-08-24 22:07:42 [INFO] Epoch 074 | Train Loss: 0.0359 | Train Acc: 0.9952 | Val Loss: 0.0371 | Val Acc: 0.9944
2026-08-24 22:07:47 [INFO] Epoch 075 | Train Loss: 0.0238 | Train Acc: 0.9976 | Val Loss: 0.0357 | Val Acc: 0.9953
2026-08-24 22:07:53 [INFO] Epoch 076 | Train Loss: 0.0322 | Train Acc: 0.9964 | Val Loss: 0.0364 | Val Acc: 0.9944
2026-08-24 22:07:57 [INFO] Epoch 077 | Train Loss: 0.0346 | Train Acc: 0.9972 | Val Loss: 0.0362 | Val Acc: 0.9944
2026-08-24 22:08:01 [INFO] Epoch 078 | Train Loss: 0.0308 | Train Acc: 0.9972 | Val Loss: 0.0362 | Val Acc: 0.9944
2026-08-24 22:08:08 [INFO] Epoch 079 | Train Loss: 0.0344 | Train Acc: 0.9962 | Val Loss: 0.0358 | Val Acc: 0.9953
2026-08-24 22:08:12 [INFO] Epoch 080 | Train Loss: 0.0313 | Train Acc: 0.9972 | Val Loss: 0.0363 | Val Acc: 0.9944
2026-08-24 22:08:16 [INFO] Epoch 081 | Train Loss: 0.0302 | Train Acc: 0.9966 | Val Loss: 0.0362 | Val Acc: 0.9944
2026-08-24 22:08:22 [INFO] Epoch 082 | Train Loss: 0.0340 | Train Acc: 0.9964 | Val Loss: 0.0364 | Val Acc: 0.9944
2026-08-24 22:08:27 [INFO] Epoch 083 | Train Loss: 0.0296 | Train Acc: 0.9974 | Val Loss: 0.0358 | Val Acc: 0.9944
2026-08-24 22:08:31 [INFO] Epoch 084 | Train Loss: 0.0292 | Train Acc: 0.9970 | Val Loss: 0.0367 | Val Acc: 0.9944
2026-08-24 22:08:37 [INFO] Epoch 085 | Train Loss: 0.0289 | Train Acc: 0.9964 | Val Loss: 0.0363 | Val Acc: 0.9944
2026-08-24 22:08:41 [INFO] Epoch 086 | Train Loss: 0.0346 | Train Acc: 0.9964 | Val Loss: 0.0359 | Val Acc: 0.9944
2026-08-24 22:08:45 [INFO] Epoch 087 | Train Loss: 0.0288 | Train Acc: 0.9966 | Val Loss: 0.0364 | Val Acc: 0.9944
2026-08-24 22:08:52 [INFO] Epoch 088 | Train Loss: 0.0325 | Train Acc: 0.9958 | Val Loss: 0.0364 | Val Acc: 0.9944
2026-08-24 22:08:56 [INFO] Epoch 089 | Train Loss: 0.0290 | Train Acc: 0.9972 | Val Loss: 0.0361 | Val Acc: 0.9944
2026-08-24 22:09:00 [INFO] Epoch 090 | Train Loss: 0.0283 | Train Acc: 0.9970 | Val Loss: 0.0367 | Val Acc: 0.9944
2026-08-24 22:09:06 [INFO] Epoch 091 | Train Loss: 0.0360 | Train Acc: 0.9964 | Val Loss: 0.0357 | Val Acc: 0.9953
2026-08-24 22:09:11 [INFO] Epoch 092 | Train Loss: 0.0266 | Train Acc: 0.9966 | Val Loss: 0.0357 | Val Acc: 0.9944
2026-08-24 22:09:15 [INFO] Epoch 093 | Train Loss: 0.0309 | Train Acc: 0.9956 | Val Loss: 0.0360 | Val Acc: 0.9953
2026-08-24 22:09:21 [INFO] Epoch 094 | Train Loss: 0.0316 | Train Acc: 0.9960 | Val Loss: 0.0365 | Val Acc: 0.9944
2026-08-24 22:09:25 [INFO] Epoch 095 | Train Loss: 0.0337 | Train Acc: 0.9956 | Val Loss: 0.0366 | Val Acc: 0.9944
2026-08-24 22:09:30 [INFO] Epoch 096 | Train Loss: 0.0341 | Train Acc: 0.9958 | Val Loss: 0.0362 | Val Acc: 0.9944
2026-08-24 22:09:36 [INFO] Epoch 097 | Train Loss: 0.0288 | Train Acc: 0.9978 | Val Loss: 0.0356 | Val Acc: 0.9953
2026-08-24 22:09:40 [INFO] Epoch 098 | Train Loss: 0.0317 | Train Acc: 0.9958 | Val Loss: 0.0363 | Val Acc: 0.9944
2026-08-24 22:09:45 [INFO] Epoch 099 | Train Loss: 0.0314 | Train Acc: 0.9962 | Val Loss: 0.0351 | Val Acc: 0.9953
2026-08-24 22:09:45 [INFO] Evaluating Best Model on TEST Set...
2026-08-24 22:09:45 [INFO] 
[RESUME] Đang nạp checkpoint từ: /home/biu-linux/DeepLearning_Projects/DoAnNganh/HybricMamba/Ressult/TFJ/HEAVY_HYBRIC_MAMBA/Belgium/HEAVY_HYBRIC_MAMBA_best.pth
2026-08-24 22:09:46 [INFO] 🎯 [TEST RESULT] Test Acc: 0.9981 | F1-Macro: 0.9981 | F1-Weighted: 0.9981
2026-08-24 22:09:50 [INFO] Dataset: Belgium | Số nhãn (classes): 62 | Tổng số ảnh: 7095
2026-08-24 22:09:50 [INFO] Dữ liệu đã chia -> Train (70%): 4966 | Val (15%): 1064 | Test (15%): 1065
2026-08-24 22:09:50 [INFO] 
🔍 Kiểm tra phân bố class trong batch:
2026-08-24 22:09:50 [INFO]   Batch 0: 32 classes (first 5: [4, 6, 7, 13, 14])
2026-08-24 22:09:50 [INFO]   Batch 1: 27 classes (first 5: [0, 1, 5, 7, 13])
2026-08-24 22:09:50 [INFO]   Batch 2: 29 classes (first 5: [7, 8, 9, 11, 14])
2026-08-24 22:09:50 [INFO]   Batch 3: 26 classes (first 5: [0, 7, 12, 14, 17])
2026-08-24 22:09:50 [INFO]   Batch 4: 29 classes (first 5: [1, 4, 7, 8, 13])
2026-08-24 22:09:50 [INFO] ✅ Shuffle tốt! Trung bình 28.6 classes/batch
2026-08-24 22:09:50 [INFO] ============================================================
2026-08-24 22:09:50 [INFO] Starting training: SUPER_MAMBA_DEPT_4
2026-08-24 22:09:50 [INFO] Dataset: Belgium | Path: /home/biu-linux/DeepLearning_Projects/DoAnNganh/data/Belgium_TFS
2026-08-24 22:09:50 [INFO] Device: cuda
2026-08-24 22:09:50 [INFO] GPU: NVIDIA GeForce RTX 3050 Laptop GPU
2026-08-24 22:09:50 [INFO] ============================================================
2026-08-24 22:09:56 [INFO] Epoch 000 | Train Loss: 3.2789 | Train Acc: 0.2177 | Val Loss: 2.6613 | Val Acc: 0.3553
2026-08-24 22:09:56 [INFO] ✓ Saved best model: Val Acc=0.3553 at epoch 0
2026-08-24 22:09:59 [INFO] Epoch 001 | Train Loss: 2.2543 | Train Acc: 0.4035 | Val Loss: 1.7793 | Val Acc: 0.4953
2026-08-24 22:09:59 [INFO] ✓ Saved best model: Val Acc=0.4953 at epoch 1
2026-08-24 22:10:02 [INFO] Epoch 002 | Train Loss: 1.6416 | Train Acc: 0.5199 | Val Loss: 1.4659 | Val Acc: 0.5705
2026-08-24 22:10:02 [INFO] ✓ Saved best model: Val Acc=0.5705 at epoch 2
2026-08-24 22:10:07 [INFO] Epoch 003 | Train Loss: 1.3485 | Train Acc: 0.6045 | Val Loss: 1.1567 | Val Acc: 0.6466
2026-08-24 22:10:07 [INFO] ✓ Saved best model: Val Acc=0.6466 at epoch 3
2026-08-24 22:10:10 [INFO] Epoch 004 | Train Loss: 1.0962 | Train Acc: 0.6927 | Val Loss: 0.8786 | Val Acc: 0.7491
2026-08-24 22:10:10 [INFO] ✓ Saved best model: Val Acc=0.7491 at epoch 4
2026-08-24 22:10:13 [INFO] Epoch 005 | Train Loss: 0.8973 | Train Acc: 0.7459 | Val Loss: 0.7502 | Val Acc: 0.8083
2026-08-24 22:10:13 [INFO] ✓ Saved best model: Val Acc=0.8083 at epoch 5
2026-08-24 22:10:16 [INFO] Epoch 006 | Train Loss: 0.7757 | Train Acc: 0.7745 | Val Loss: 0.6639 | Val Acc: 0.8092
2026-08-24 22:10:16 [INFO] ✓ Saved best model: Val Acc=0.8092 at epoch 6
2026-08-24 22:10:21 [INFO] Epoch 007 | Train Loss: 0.6697 | Train Acc: 0.8051 | Val Loss: 0.5593 | Val Acc: 0.8515
2026-08-24 22:10:21 [INFO] ✓ Saved best model: Val Acc=0.8515 at epoch 7
2026-08-24 22:10:24 [INFO] Epoch 008 | Train Loss: 0.5760 | Train Acc: 0.8337 | Val Loss: 0.4573 | Val Acc: 0.8703
2026-08-24 22:10:24 [INFO] ✓ Saved best model: Val Acc=0.8703 at epoch 8
2026-08-24 22:10:27 [INFO] Epoch 009 | Train Loss: 0.5153 | Train Acc: 0.8548 | Val Loss: 0.3972 | Val Acc: 0.8835
2026-08-24 22:10:27 [INFO] ✓ Saved best model: Val Acc=0.8835 at epoch 9
2026-08-24 22:10:30 [INFO] Epoch 010 | Train Loss: 0.4573 | Train Acc: 0.8617 | Val Loss: 0.3904 | Val Acc: 0.8929
2026-08-24 22:10:30 [INFO] ✓ Saved best model: Val Acc=0.8929 at epoch 10
2026-08-24 22:10:33 [INFO] Epoch 011 | Train Loss: 0.4192 | Train Acc: 0.8764 | Val Loss: 0.3520 | Val Acc: 0.9041
2026-08-24 22:10:33 [INFO] ✓ Saved best model: Val Acc=0.9041 at epoch 11
2026-08-24 22:10:37 [INFO] Epoch 012 | Train Loss: 0.4036 | Train Acc: 0.8721 | Val Loss: 0.2985 | Val Acc: 0.9201
2026-08-24 22:10:37 [INFO] ✓ Saved best model: Val Acc=0.9201 at epoch 12
2026-08-24 22:10:40 [INFO] Epoch 013 | Train Loss: 0.3487 | Train Acc: 0.8981 | Val Loss: 0.3354 | Val Acc: 0.9079
2026-08-24 22:10:43 [INFO] Epoch 014 | Train Loss: 0.3472 | Train Acc: 0.8933 | Val Loss: 0.3148 | Val Acc: 0.9004
2026-08-24 22:10:46 [INFO] Epoch 015 | Train Loss: 0.3236 | Train Acc: 0.9007 | Val Loss: 0.2231 | Val Acc: 0.9333
2026-08-24 22:10:46 [INFO] ✓ Saved best model: Val Acc=0.9333 at epoch 15
2026-08-24 22:10:51 [INFO] Epoch 016 | Train Loss: 0.3020 | Train Acc: 0.9110 | Val Loss: 0.2574 | Val Acc: 0.9154
2026-08-24 22:10:54 [INFO] Epoch 017 | Train Loss: 0.2602 | Train Acc: 0.9195 | Val Loss: 0.2133 | Val Acc: 0.9427
2026-08-24 22:10:54 [INFO] ✓ Saved best model: Val Acc=0.9427 at epoch 17
2026-08-24 22:10:57 [INFO] Epoch 018 | Train Loss: 0.2919 | Train Acc: 0.9058 | Val Loss: 0.2568 | Val Acc: 0.9173
2026-08-24 22:11:00 [INFO] Epoch 019 | Train Loss: 0.2534 | Train Acc: 0.9199 | Val Loss: 0.2306 | Val Acc: 0.9361
2026-08-24 22:11:03 [INFO] Epoch 020 | Train Loss: 0.2539 | Train Acc: 0.9209 | Val Loss: 0.1948 | Val Acc: 0.9445
2026-08-24 22:11:03 [INFO] ✓ Saved best model: Val Acc=0.9445 at epoch 20
2026-08-24 22:11:08 [INFO] Epoch 021 | Train Loss: 0.2231 | Train Acc: 0.9305 | Val Loss: 0.2086 | Val Acc: 0.9408
2026-08-24 22:11:11 [INFO] Epoch 022 | Train Loss: 0.2173 | Train Acc: 0.9346 | Val Loss: 0.2005 | Val Acc: 0.9436
2026-08-24 22:11:14 [INFO] Epoch 023 | Train Loss: 0.2087 | Train Acc: 0.9350 | Val Loss: 0.1420 | Val Acc: 0.9483
2026-08-24 22:11:14 [INFO] ✓ Saved best model: Val Acc=0.9483 at epoch 23
2026-08-24 22:11:17 [INFO] Epoch 024 | Train Loss: 0.1856 | Train Acc: 0.9438 | Val Loss: 0.1429 | Val Acc: 0.9530
2026-08-24 22:11:17 [INFO] ✓ Saved best model: Val Acc=0.9530 at epoch 24
2026-08-24 22:11:22 [INFO] Epoch 025 | Train Loss: 0.2074 | Train Acc: 0.9400 | Val Loss: 0.1602 | Val Acc: 0.9549
2026-08-24 22:11:22 [INFO] ✓ Saved best model: Val Acc=0.9549 at epoch 25
2026-08-24 22:11:24 [INFO] Epoch 026 | Train Loss: 0.1910 | Train Acc: 0.9454 | Val Loss: 0.1351 | Val Acc: 0.9671
2026-08-24 22:11:25 [INFO] ✓ Saved best model: Val Acc=0.9671 at epoch 26
2026-08-24 22:11:27 [INFO] Epoch 027 | Train Loss: 0.1885 | Train Acc: 0.9426 | Val Loss: 0.1927 | Val Acc: 0.9427
2026-08-24 22:11:30 [INFO] Epoch 028 | Train Loss: 0.1729 | Train Acc: 0.9499 | Val Loss: 0.1363 | Val Acc: 0.9605
2026-08-24 22:11:34 [INFO] Epoch 029 | Train Loss: 0.1646 | Train Acc: 0.9535 | Val Loss: 0.1479 | Val Acc: 0.9643
2026-08-24 22:11:38 [INFO] Epoch 030 | Train Loss: 0.1704 | Train Acc: 0.9466 | Val Loss: 0.1194 | Val Acc: 0.9652
2026-08-24 22:11:41 [INFO] Epoch 031 | Train Loss: 0.1609 | Train Acc: 0.9545 | Val Loss: 0.1384 | Val Acc: 0.9624
2026-08-24 22:11:44 [INFO] Epoch 032 | Train Loss: 0.1515 | Train Acc: 0.9531 | Val Loss: 0.1416 | Val Acc: 0.9624
2026-08-24 22:11:47 [INFO] Epoch 033 | Train Loss: 0.1435 | Train Acc: 0.9597 | Val Loss: 0.0810 | Val Acc: 0.9793
2026-08-24 22:11:47 [INFO] ✓ Saved best model: Val Acc=0.9793 at epoch 33
2026-08-24 22:11:52 [INFO] Epoch 034 | Train Loss: 0.1127 | Train Acc: 0.9700 | Val Loss: 0.1051 | Val Acc: 0.9727
2026-08-24 22:11:55 [INFO] Epoch 035 | Train Loss: 0.1310 | Train Acc: 0.9640 | Val Loss: 0.0831 | Val Acc: 0.9784
2026-08-24 22:11:58 [INFO] Epoch 036 | Train Loss: 0.1222 | Train Acc: 0.9656 | Val Loss: 0.0985 | Val Acc: 0.9793
2026-08-24 22:12:01 [INFO] Epoch 037 | Train Loss: 0.1238 | Train Acc: 0.9631 | Val Loss: 0.1287 | Val Acc: 0.9633
2026-08-24 22:12:06 [INFO] Epoch 038 | Train Loss: 0.1287 | Train Acc: 0.9615 | Val Loss: 0.1132 | Val Acc: 0.9765
2026-08-24 22:12:09 [INFO] Epoch 039 | Train Loss: 0.1203 | Train Acc: 0.9652 | Val Loss: 0.1171 | Val Acc: 0.9746
2026-08-24 22:12:12 [INFO] Epoch 040 | Train Loss: 0.0970 | Train Acc: 0.9730 | Val Loss: 0.0582 | Val Acc: 0.9868
2026-08-24 22:12:12 [INFO] ✓ Saved best model: Val Acc=0.9868 at epoch 40
2026-08-24 22:12:15 [INFO] Epoch 041 | Train Loss: 0.0729 | Train Acc: 0.9803 | Val Loss: 0.0552 | Val Acc: 0.9906
2026-08-24 22:12:15 [INFO] ✓ Saved best model: Val Acc=0.9906 at epoch 41
2026-08-24 22:12:19 [INFO] Epoch 042 | Train Loss: 0.0644 | Train Acc: 0.9833 | Val Loss: 0.0558 | Val Acc: 0.9897
2026-08-24 22:12:23 [INFO] Epoch 043 | Train Loss: 0.0628 | Train Acc: 0.9849 | Val Loss: 0.0513 | Val Acc: 0.9906
2026-08-24 22:12:26 [INFO] Epoch 044 | Train Loss: 0.0564 | Train Acc: 0.9865 | Val Loss: 0.0475 | Val Acc: 0.9925
2026-08-24 22:12:26 [INFO] ✓ Saved best model: Val Acc=0.9925 at epoch 44
2026-08-24 22:12:29 [INFO] Epoch 045 | Train Loss: 0.0650 | Train Acc: 0.9835 | Val Loss: 0.0508 | Val Acc: 0.9915
2026-08-24 22:12:32 [INFO] Epoch 046 | Train Loss: 0.0591 | Train Acc: 0.9845 | Val Loss: 0.0516 | Val Acc: 0.9915
2026-08-24 22:12:37 [INFO] Epoch 047 | Train Loss: 0.0482 | Train Acc: 0.9897 | Val Loss: 0.0489 | Val Acc: 0.9925
2026-08-24 22:12:40 [INFO] Epoch 048 | Train Loss: 0.0567 | Train Acc: 0.9849 | Val Loss: 0.0459 | Val Acc: 0.9906
2026-08-24 22:12:43 [INFO] Epoch 049 | Train Loss: 0.0480 | Train Acc: 0.9871 | Val Loss: 0.0469 | Val Acc: 0.9906
2026-08-24 22:12:46 [INFO] Epoch 050 | Train Loss: 0.0492 | Train Acc: 0.9871 | Val Loss: 0.0451 | Val Acc: 0.9925
2026-08-24 22:12:50 [INFO] Epoch 051 | Train Loss: 0.0478 | Train Acc: 0.9887 | Val Loss: 0.0451 | Val Acc: 0.9925
2026-08-24 22:12:54 [INFO] Epoch 052 | Train Loss: 0.0451 | Train Acc: 0.9881 | Val Loss: 0.0407 | Val Acc: 0.9925
2026-08-24 22:12:56 [INFO] Epoch 053 | Train Loss: 0.0426 | Train Acc: 0.9895 | Val Loss: 0.0481 | Val Acc: 0.9915
2026-08-24 22:12:59 [INFO] Epoch 054 | Train Loss: 0.0391 | Train Acc: 0.9889 | Val Loss: 0.0427 | Val Acc: 0.9915
2026-08-24 22:13:02 [INFO] Epoch 055 | Train Loss: 0.0431 | Train Acc: 0.9883 | Val Loss: 0.0457 | Val Acc: 0.9906
2026-08-24 22:13:07 [INFO] Epoch 056 | Train Loss: 0.0519 | Train Acc: 0.9857 | Val Loss: 0.0430 | Val Acc: 0.9915
2026-08-24 22:13:10 [INFO] Epoch 057 | Train Loss: 0.0438 | Train Acc: 0.9891 | Val Loss: 0.0441 | Val Acc: 0.9915
2026-08-24 22:13:13 [INFO] Epoch 058 | Train Loss: 0.0387 | Train Acc: 0.9913 | Val Loss: 0.0429 | Val Acc: 0.9906
2026-08-24 22:13:16 [INFO] Epoch 059 | Train Loss: 0.0397 | Train Acc: 0.9885 | Val Loss: 0.0433 | Val Acc: 0.9915
2026-08-24 22:13:21 [INFO] Epoch 060 | Train Loss: 0.0426 | Train Acc: 0.9905 | Val Loss: 0.0417 | Val Acc: 0.9906
2026-08-24 22:13:24 [INFO] Epoch 061 | Train Loss: 0.0413 | Train Acc: 0.9889 | Val Loss: 0.0493 | Val Acc: 0.9887
2026-08-24 22:13:27 [INFO] Epoch 062 | Train Loss: 0.0375 | Train Acc: 0.9911 | Val Loss: 0.0445 | Val Acc: 0.9915
2026-08-24 22:13:30 [INFO] Epoch 063 | Train Loss: 0.0443 | Train Acc: 0.9877 | Val Loss: 0.0453 | Val Acc: 0.9897
2026-08-24 22:13:33 [INFO] Epoch 064 | Train Loss: 0.0379 | Train Acc: 0.9911 | Val Loss: 0.0414 | Val Acc: 0.9906
2026-08-24 22:13:38 [INFO] Epoch 065 | Train Loss: 0.0346 | Train Acc: 0.9913 | Val Loss: 0.0400 | Val Acc: 0.9925
2026-08-24 22:13:41 [INFO] Epoch 066 | Train Loss: 0.0474 | Train Acc: 0.9887 | Val Loss: 0.0406 | Val Acc: 0.9915
2026-08-24 22:13:44 [INFO] Epoch 067 | Train Loss: 0.0396 | Train Acc: 0.9903 | Val Loss: 0.0405 | Val Acc: 0.9906
2026-08-24 22:13:46 [INFO] Epoch 068 | Train Loss: 0.0487 | Train Acc: 0.9879 | Val Loss: 0.0398 | Val Acc: 0.9906
2026-08-24 22:13:52 [INFO] Epoch 069 | Train Loss: 0.0410 | Train Acc: 0.9891 | Val Loss: 0.0438 | Val Acc: 0.9925
2026-08-24 22:13:54 [INFO] Epoch 070 | Train Loss: 0.0371 | Train Acc: 0.9921 | Val Loss: 0.0419 | Val Acc: 0.9934
2026-08-24 22:13:54 [INFO] ✓ Saved best model: Val Acc=0.9934 at epoch 70
2026-08-24 22:13:57 [INFO] Epoch 071 | Train Loss: 0.0305 | Train Acc: 0.9913 | Val Loss: 0.0409 | Val Acc: 0.9934
2026-08-24 22:14:00 [INFO] Epoch 072 | Train Loss: 0.0341 | Train Acc: 0.9925 | Val Loss: 0.0421 | Val Acc: 0.9925
2026-08-24 22:14:04 [INFO] Epoch 073 | Train Loss: 0.0338 | Train Acc: 0.9921 | Val Loss: 0.0414 | Val Acc: 0.9925
2026-08-24 22:14:08 [INFO] Epoch 074 | Train Loss: 0.0373 | Train Acc: 0.9919 | Val Loss: 0.0406 | Val Acc: 0.9925
2026-08-24 22:14:11 [INFO] Epoch 075 | Train Loss: 0.0269 | Train Acc: 0.9942 | Val Loss: 0.0408 | Val Acc: 0.9925
2026-08-24 22:14:14 [INFO] Epoch 076 | Train Loss: 0.0333 | Train Acc: 0.9923 | Val Loss: 0.0396 | Val Acc: 0.9925
2026-08-24 22:14:17 [INFO] Epoch 077 | Train Loss: 0.0299 | Train Acc: 0.9932 | Val Loss: 0.0398 | Val Acc: 0.9925
2026-08-24 22:14:22 [INFO] Epoch 078 | Train Loss: 0.0373 | Train Acc: 0.9911 | Val Loss: 0.0391 | Val Acc: 0.9925
2026-08-24 22:14:25 [INFO] Epoch 079 | Train Loss: 0.0369 | Train Acc: 0.9928 | Val Loss: 0.0387 | Val Acc: 0.9925
2026-08-24 22:14:28 [INFO] Epoch 080 | Train Loss: 0.0343 | Train Acc: 0.9915 | Val Loss: 0.0395 | Val Acc: 0.9925
2026-08-24 22:14:31 [INFO] Epoch 081 | Train Loss: 0.0374 | Train Acc: 0.9909 | Val Loss: 0.0399 | Val Acc: 0.9925
2026-08-24 22:14:36 [INFO] Epoch 082 | Train Loss: 0.0309 | Train Acc: 0.9932 | Val Loss: 0.0403 | Val Acc: 0.9925
2026-08-24 22:14:39 [INFO] Epoch 083 | Train Loss: 0.0326 | Train Acc: 0.9938 | Val Loss: 0.0397 | Val Acc: 0.9925
2026-08-24 22:14:42 [INFO] Epoch 084 | Train Loss: 0.0370 | Train Acc: 0.9911 | Val Loss: 0.0387 | Val Acc: 0.9925
2026-08-24 22:14:45 [INFO] Epoch 085 | Train Loss: 0.0349 | Train Acc: 0.9925 | Val Loss: 0.0400 | Val Acc: 0.9925
2026-08-24 22:14:49 [INFO] Epoch 086 | Train Loss: 0.0362 | Train Acc: 0.9907 | Val Loss: 0.0382 | Val Acc: 0.9934
2026-08-24 22:14:53 [INFO] Epoch 087 | Train Loss: 0.0337 | Train Acc: 0.9919 | Val Loss: 0.0387 | Val Acc: 0.9934
2026-08-24 22:14:56 [INFO] Epoch 088 | Train Loss: 0.0386 | Train Acc: 0.9919 | Val Loss: 0.0384 | Val Acc: 0.9934
2026-08-24 22:14:59 [INFO] Epoch 089 | Train Loss: 0.0276 | Train Acc: 0.9942 | Val Loss: 0.0378 | Val Acc: 0.9925
2026-08-24 22:15:02 [INFO] Epoch 090 | Train Loss: 0.0307 | Train Acc: 0.9917 | Val Loss: 0.0375 | Val Acc: 0.9925
2026-08-24 22:15:07 [INFO] Epoch 091 | Train Loss: 0.0334 | Train Acc: 0.9903 | Val Loss: 0.0381 | Val Acc: 0.9934
2026-08-24 22:15:10 [INFO] Epoch 092 | Train Loss: 0.0290 | Train Acc: 0.9928 | Val Loss: 0.0379 | Val Acc: 0.9934
2026-08-24 22:15:12 [INFO] Epoch 093 | Train Loss: 0.0332 | Train Acc: 0.9917 | Val Loss: 0.0370 | Val Acc: 0.9934
2026-08-24 22:15:15 [INFO] Epoch 094 | Train Loss: 0.0310 | Train Acc: 0.9928 | Val Loss: 0.0389 | Val Acc: 0.9934
2026-08-24 22:15:19 [INFO] Epoch 095 | Train Loss: 0.0303 | Train Acc: 0.9934 | Val Loss: 0.0381 | Val Acc: 0.9934
2026-08-24 22:15:23 [INFO] Epoch 096 | Train Loss: 0.0360 | Train Acc: 0.9917 | Val Loss: 0.0384 | Val Acc: 0.9934
2026-08-24 22:15:26 [INFO] Epoch 097 | Train Loss: 0.0327 | Train Acc: 0.9921 | Val Loss: 0.0367 | Val Acc: 0.9934
2026-08-24 22:15:29 [INFO] Epoch 098 | Train Loss: 0.0290 | Train Acc: 0.9936 | Val Loss: 0.0378 | Val Acc: 0.9925
2026-08-24 22:15:32 [INFO] Epoch 099 | Train Loss: 0.0320 | Train Acc: 0.9930 | Val Loss: 0.0375 | Val Acc: 0.9925
2026-08-24 22:15:32 [INFO] Evaluating Best Model on TEST Set...
2026-08-24 22:15:32 [INFO] 
[RESUME] Đang nạp checkpoint từ: /home/biu-linux/DeepLearning_Projects/DoAnNganh/HybricMamba/Ressult/TFJ/SUPER_MAMBA_DEPT_4/Belgium/SUPER_MAMBA_DEPT_4_best.pth
2026-08-24 22:15:33 [INFO] 🎯 [TEST RESULT] Test Acc: 0.9915 | F1-Macro: 0.9913 | F1-Weighted: 0.9914
2026-08-24 22:15:37 [INFO] Dataset: Belgium | Số nhãn (classes): 62 | Tổng số ảnh: 7095
2026-08-24 22:15:37 [INFO] Dữ liệu đã chia -> Train (70%): 4966 | Val (15%): 1064 | Test (15%): 1065
2026-08-24 22:15:37 [INFO] 
🔍 Kiểm tra phân bố class trong batch:
2026-08-24 22:15:38 [INFO]   Batch 0: 32 classes (first 5: [4, 6, 7, 13, 14])
2026-08-24 22:15:38 [INFO]   Batch 1: 27 classes (first 5: [0, 1, 5, 7, 13])
2026-08-24 22:15:38 [INFO]   Batch 2: 29 classes (first 5: [7, 8, 9, 11, 14])
2026-08-24 22:15:38 [INFO]   Batch 3: 26 classes (first 5: [0, 7, 12, 14, 17])
2026-08-24 22:15:38 [INFO]   Batch 4: 29 classes (first 5: [1, 4, 7, 8, 13])
2026-08-24 22:15:38 [INFO] ✅ Shuffle tốt! Trung bình 28.6 classes/batch
2026-08-24 22:15:39 [INFO] ============================================================
2026-08-24 22:15:39 [INFO] Starting training: VGG16
2026-08-24 22:15:39 [INFO] Dataset: Belgium | Path: /home/biu-linux/DeepLearning_Projects/DoAnNganh/data/Belgium_TFS
2026-08-24 22:15:39 [INFO] Device: cuda
2026-08-24 22:15:39 [INFO] GPU: NVIDIA GeForce RTX 3050 Laptop GPU
2026-08-24 22:15:39 [INFO] ============================================================
2026-08-24 22:15:54 [INFO] Epoch 000 | Train Loss: 17.3085 | Train Acc: 0.0856 | Val Loss: 3.6419 | Val Acc: 0.1043
2026-08-24 22:15:56 [INFO] ✓ Saved best model: Val Acc=0.1043 at epoch 0
2026-08-24 22:16:12 [INFO] Epoch 001 | Train Loss: 3.5943 | Train Acc: 0.1039 | Val Loss: 3.5925 | Val Acc: 0.1043
2026-08-24 22:16:28 [INFO] Epoch 002 | Train Loss: 3.5831 | Train Acc: 0.1039 | Val Loss: 3.5796 | Val Acc: 0.1043
2026-08-24 22:16:45 [INFO] Epoch 003 | Train Loss: 3.5733 | Train Acc: 0.1039 | Val Loss: 3.5808 | Val Acc: 0.1043
2026-08-24 22:17:01 [INFO] Epoch 004 | Train Loss: 3.5734 | Train Acc: 0.1039 | Val Loss: 3.5763 | Val Acc: 0.1043
2026-08-24 22:17:17 [INFO] Epoch 005 | Train Loss: 3.5714 | Train Acc: 0.1039 | Val Loss: 3.5824 | Val Acc: 0.1043
2026-08-24 22:17:34 [INFO] Epoch 006 | Train Loss: 3.5715 | Train Acc: 0.1039 | Val Loss: 3.5785 | Val Acc: 0.1043
2026-08-24 22:17:50 [INFO] Epoch 007 | Train Loss: 3.5697 | Train Acc: 0.1039 | Val Loss: 3.5760 | Val Acc: 0.1043
2026-08-24 22:18:07 [INFO] Epoch 008 | Train Loss: 3.5665 | Train Acc: 0.1039 | Val Loss: 3.5838 | Val Acc: 0.1043
2026-08-24 22:18:23 [INFO] Epoch 009 | Train Loss: 3.5701 | Train Acc: 0.1039 | Val Loss: 3.5742 | Val Acc: 0.1043
2026-08-24 22:18:40 [INFO] Epoch 010 | Train Loss: 3.5665 | Train Acc: 0.1039 | Val Loss: 3.5772 | Val Acc: 0.1043
